Charm++> Running on MPI library: Open MPI v4.1.5a1, package: Open MPI software@d001.sol.rc.asu.edu Distribution, ident: 4.1.5a1, repo rev: v4.1.4-32-g5abd86cc8c, Unreleased developer copy (MPI standard: 3.1)
Charm++> Level of thread support used: MPI_THREAD_FUNNELED (desired: MPI_THREAD_FUNNELED)
Charm++> Running in SMP mode: 1 processes, 45 worker threads (PEs) + 1 comm threads per process, 45 PEs total
Charm++> The comm. thread both sends and receives messages
Charm++> Using recursive bisection (scheme 3) for topology aware partitions
Converse/Charm++ Commit ID: v8.0.1-devel-35-gf310838d5
Charm++ communication thread will sleep due to single-process run.
CharmLB> Load balancer assumes all CPUs are same.
Charm++> cpu affinity enabled. 
Charm++> Running on 1 hosts (2 sockets x 24 cores x 1 PUs = 48-way SMP)
Charm++> cpu topology info is gathered in 0.003 seconds.
Info: Built with CUDA version 12090
Pe 4 physical rank 4 will use CUDA device of pe 32
Pe 1 physical rank 1 will use CUDA device of pe 32
Pe 3 physical rank 3 will use CUDA device of pe 32
Pe 5 physical rank 5 will use CUDA device of pe 32
Pe 2 physical rank 2 will use CUDA device of pe 32
Pe 0 physical rank 0 will use CUDA device of pe 32
Pe 36 physical rank 36 will use CUDA device of pe 32
Pe 37 physical rank 37 will use CUDA device of pe 32
Pe 39 physical rank 39 will use CUDA device of pe 32
Pe 38 physical rank 38 will use CUDA device of pe 32
Pe 35 physical rank 35 will use CUDA device of pe 32
Pe 31 physical rank 31 will use CUDA device of pe 32
Pe 29 physical rank 29 will use CUDA device of pe 32
Pe 33 physical rank 33 will use CUDA device of pe 32
Pe 34 physical rank 34 will use CUDA device of pe 32
Pe 30 physical rank 30 will use CUDA device of pe 32
Pe 26 physical rank 26 will use CUDA device of pe 32
Pe 28 physical rank 28 will use CUDA device of pe 32
Pe 23 physical rank 23 will use CUDA device of pe 32
Pe 18 physical rank 18 will use CUDA device of pe 32
Pe 25 physical rank 25 will use CUDA device of pe 32
Pe 24 physical rank 24 will use CUDA device of pe 32
Pe 27 physical rank 27 will use CUDA device of pe 32
Pe 6 physical rank 6 will use CUDA device of pe 32
Pe 43 physical rank 43 will use CUDA device of pe 32
Pe 44 physical rank 44 will use CUDA device of pe 32
Pe 41 physical rank 41 will use CUDA device of pe 32
Pe 40 physical rank 40 will use CUDA device of pe 32
Pe 16 physical rank 16 will use CUDA device of pe 32
Pe 17 physical rank 17 will use CUDA device of pe 32
Pe 13 physical rank 13 will use CUDA device of pe 32
Pe 42 physical rank 42 will use CUDA device of pe 32
Pe 11 physical rank 11 will use CUDA device of pe 32
Pe 8 physical rank 8 will use CUDA device of pe 32
Pe 9 physical rank 9 will use CUDA device of pe 32
Pe 32 physical rank 32 binding to CUDA device 0 on sg030: 'NVIDIA A100-SXM4-80GB'  Mem: 81152MB  Rev: 8.0  PCI: 0:1:0
Pe 14 physical rank 14 will use CUDA device of pe 32
Pe 12 physical rank 12 will use CUDA device of pe 32
Pe 21 physical rank 21 will use CUDA device of pe 32
Pe 15 physical rank 15 will use CUDA device of pe 32
Pe 22 physical rank 22 will use CUDA device of pe 32
Pe 7 physical rank 7 will use CUDA device of pe 32
Pe 19 physical rank 19 will use CUDA device of pe 32
Pe 20 physical rank 20 will use CUDA device of pe 32
Pe 10 physical rank 10 will use CUDA device of pe 32
CharmLB> Load balancing instrumentation for communication is off.
Info: NAMD 3.1alpha4pre for Linux-x86_64-MPI-smp-CUDA
Info: 
Info: Please visit http://www.ks.uiuc.edu/Research/namd/
Info: for updates, documentation, and support information.
Info: 
Info: Please cite Phillips et al., J. Chem. Phys. 153:044130 (2020) doi:10.1063/5.0014475
Info: in all publications reporting results obtained with NAMD.
Info: 
Info: Based on Charm++/Converse 80001 for mpi-linux-x86_64
Info: Built Fri Apr 17 06:27:28 MST 2026 by athiru12 on sg013
Info: Source code at Git commit ID 0de8a9017a5e517ce3382a552ac4a3debb0beccb
Info: 1 NAMD  3.1alpha4pre  Linux-x86_64-MPI-smp-CUDA  45    sg030  athiru12
Info: Running on 45 processors, 1 nodes, 1 physical nodes.
Info: CPU topology information available.
Info: Charm++/Converse parallel runtime startup completed at 2.59816 s
CkLoopLib is used in SMP with simple dynamic scheduling (converse-level notification)
Info: 0 MB of memory in use based on /proc/self/stat
Info: Configuration file is input/step5_streaming_streaming_run_2.inp
Info: Changed directory to input
TCL: Suspending until startup complete.
Warning: Option "1-4scaling" has been deprecated. Instead use "oneFourScaling".
Info: EXTENDED SYSTEM FILE   ../output/vanilla/performance/equil/1-0-40/run-1/step4_equilibration.xsc
Info: Tuning parameters to improve GPU-resident performance
Info: Setting margin to 4
Warning: The Langevin gamma parameters differ over the particles,
Warning: requiring extra work per step to constrain rigid bonds.
Info: Enabling PMEOffload because PMEInterpOrder > 4.
Info: Running with GPU-resident mode
Warning: Always using force tables for GPU nonbonded kernel due to unsupported config parameters.
Info: SIMULATION PARAMETERS:
Info: TIMESTEP               2
Info: NUMBER OF STEPS        500000
Info: STEPS PER CYCLE        20
Info: PERIODIC CELL BASIS 1  69 0 0
Info: PERIODIC CELL BASIS 2  0 69 0
Info: PERIODIC CELL BASIS 3  0 0 69
Info: PERIODIC CELL CENTER   0 0 0
Info: WRAPPING WATERS AROUND PERIODIC BOUNDARIES ON OUTPUT.
Info: WRAPPING ALL CLUSTERS AROUND PERIODIC BOUNDARIES ON OUTPUT.
Info: LOAD BALANCER  Centralized
Info: LOAD BALANCING STRATEGY  New Load Balancers -- DEFAULT
Info: LDB PERIOD             4000 steps
Info: FIRST LDB TIMESTEP     100
Info: LAST LDB TIMESTEP     -1
Info: LDB BACKGROUND SCALING 1
Info: HOM BACKGROUND SCALING 1
Info: PME BACKGROUND SCALING 1
Warning: OVERRIDING NOPATCH SETTING. Not supported with GPUresident on
Info: MIN ATOMS PER PATCH    40
Info: EMPTY PATCH LOAD       40 ATOMS
Info: VELOCITY FILE          ../output/vanilla/performance/equil/1-0-40/run-1/step4_equilibration.vel
Info: CENTER OF MASS MOVING INITIALLY? NO
Info: DIELECTRIC             1
Info: EXCLUDE                SCALED ONE-FOUR
Info: 1-4 ELECTROSTATICS SCALED BY 1
Info: MODIFIED 1-4 VDW PARAMETERS WILL BE USED
Info: NO DCD TRAJECTORY OUTPUT
Info: NO EXTENDED SYSTEM TRAJECTORY OUTPUT
Info: NO VELOCITY DCD OUTPUT
Info: NO FORCE DCD OUTPUT
Info: OUTPUT FILENAME        ../output/streaming/performance/prod/1-1-45/frequency-1/run-2/step5_streaming
Info: BINARY OUTPUT FILES WILL BE USED
Info: NO RESTART FILE
Info: NAMD will save positions and velocities to ../output/streaming/performance/prod/1-1-45/frequency-1/run-2/step5_streaming.crash.csv when  atoms are moving too fast.
Info: SWITCHING ACTIVE
Info: VDW FORCE SWITCHING ACTIVE
Info: SWITCHING ON           10
Info: SWITCHING OFF          12
Info: PAIRLIST DISTANCE      16
Info: PAIRLIST SHRINK RATE   0.01
Info: PAIRLIST GROW RATE     0.01
Info: PAIRLIST TRIGGER       0.3
Info: PAIRLISTS PER CYCLE    2
Info: PAIRLISTS ENABLED
Info: MARGIN                 4
Info: HYDROGEN GROUP CUTOFF  2.5
Info: PATCH DIMENSION        22.5
Info: ENERGY OUTPUT STEPS    5000
Info: ENERGY EVALUATION STEPS    5000
Info: OUTPUT ENERGY PRECISION 4
Info: CROSSTERM ENERGY INCLUDED IN DIHEDRAL
Info: TIMING OUTPUT STEPS    5000
Info: INTERACTIVE MD ACTIVE
Info: INTERACTIVE MD VERSION    3
Info: INTERACTIVE MD PORT    8889
Info: INTERACTIVE MD FREQ    1
Info: WILL AWAIT INTERACTIVE MD CONNECTION
Info: INTERACTIVE MD WILL SEND THE FOLLOWING:
Info: WRAPPED COORDINATES
Info: LANGEVIN DYNAMICS ACTIVE
Info: LANGEVIN TEMPERATURE   303.15
Info: LANGEVIN USING BBK INTEGRATOR
Info: LANGEVIN DAMPING COEFFICIENT IS 1 INVERSE PS
Info: LANGEVIN DYNAMICS NOT APPLIED TO HYDROGENS
Info: LANGEVIN PISTON PRESSURE CONTROL ACTIVE
Info:        TARGET PRESSURE IS 1.01325 BAR
Info:     OSCILLATION PERIOD IS 50 FS
Info:             DECAY TIME IS 25 FS
Info:     PISTON TEMPERATURE IS 303.15 K
Info:       PRESSURE CONTROL IS GROUP-BASED
Info:    INITIAL STRAIN RATE IS 0 0 0
Info:       CELL FLUCTUATION IS ISOTROPIC
Info: PARTICLE MESH EWALD (PME) ACTIVE
Info: PME TOLERANCE               1e-06
Info: PME EWALD COEFFICIENT       0.257952
Info: PME INTERPOLATION ORDER     6
Info: PME GRID DIMENSIONS         72 72 72
Info: PME MAXIMUM GRID SPACING    1
Info: PME RECIPROCAL SUM OFFLOADED TO GPU
Info: PME CALCULATION WILL BE PERFORMED ON GPU
Info: FULL ELECTROSTATIC EVALUATION FREQUENCY      1
Info: USING VERLET I (r-RESPA) MTS SCHEME.
Info: C1 SPLITTING OF LONG RANGE ELECTROSTATICS
Info: PLACING ATOMS IN PATCHES BY HYDROGEN GROUPS
Info: RIGID BONDS TO HYDROGEN : ALL
Info:         ERROR TOLERANCE : 1e-08
Info:          MAX ITERATIONS : 100
Info: RIGID WATER USING SETTLE ALGORITHM
Info: RANDOM NUMBER SEED     1777140196
Info: USE HYDROGEN BONDS?    NO
Info: COORDINATE PDB         step3_input.pdb
Info: STRUCTURE FILE         step3_input.psf
Info: PARAMETER file: CHARMM format! 
Info: PARAMETERS             toppar/par_all36m_prot.prm
Info: PARAMETERS             toppar/par_all36_na.prm
Info: PARAMETERS             toppar/par_all36_carb.prm
Info: PARAMETERS             toppar/par_all36_lipid.prm
Info: PARAMETERS             toppar/par_all36_cgenff.prm
Info: PARAMETERS             toppar/par_interface.prm
Info: PARAMETERS             toppar/toppar_all36_moreions.str
Info: PARAMETERS             toppar/toppar_all36_nano_lig.str
Info: PARAMETERS             toppar/toppar_all36_nano_lig_patch.str
Info: PARAMETERS             toppar/toppar_all36_synthetic_polymer.str
Info: PARAMETERS             toppar/toppar_all36_synthetic_polymer_patch.str
Info: PARAMETERS             toppar/toppar_all36_polymer_solvent.str
Info: PARAMETERS             toppar/toppar_water_ions.str
Info: PARAMETERS             toppar/toppar_dum_noble_gases.str
Info: PARAMETERS             toppar/toppar_ions_won.str
Info: PARAMETERS             toppar/cam.str
Info: PARAMETERS             toppar/toppar_all36_prot_arg0.str
Info: PARAMETERS             toppar/toppar_all36_prot_c36m_d_aminoacids.str
Info: PARAMETERS             toppar/toppar_all36_prot_fluoro_alkanes.str
Info: PARAMETERS             toppar/toppar_all36_prot_heme.str
Info: PARAMETERS             toppar/toppar_all36_prot_na_combined.str
Info: PARAMETERS             toppar/toppar_all36_prot_retinol.str
Info: PARAMETERS             toppar/toppar_all36_prot_model.str
Info: PARAMETERS             toppar/toppar_all36_prot_modify_res.str
Info: PARAMETERS             toppar/toppar_all36_na_nad_ppi.str
Info: PARAMETERS             toppar/toppar_all36_na_rna_modified.str
Info: PARAMETERS             toppar/toppar_all36_lipid_sphingo.str
Info: PARAMETERS             toppar/toppar_all36_lipid_archaeal.str
Info: PARAMETERS             toppar/toppar_all36_lipid_bacterial.str
Info: PARAMETERS             toppar/toppar_all36_lipid_cardiolipin.str
Info: PARAMETERS             toppar/toppar_all36_lipid_cholesterol.str
Info: PARAMETERS             toppar/toppar_all36_lipid_dag.str
Info: PARAMETERS             toppar/toppar_all36_lipid_inositol.str
Info: PARAMETERS             toppar/toppar_all36_lipid_lnp.str
Info: PARAMETERS             toppar/toppar_all36_lipid_lps.str
Info: PARAMETERS             toppar/toppar_all36_lipid_mycobacterial.str
Info: PARAMETERS             toppar/toppar_all36_lipid_miscellaneous.str
Info: PARAMETERS             toppar/toppar_all36_lipid_model.str
Info: PARAMETERS             toppar/toppar_all36_lipid_prot.str
Info: PARAMETERS             toppar/toppar_all36_lipid_tag.str
Info: PARAMETERS             toppar/toppar_all36_lipid_yeast.str
Info: PARAMETERS             toppar/toppar_all36_lipid_hmmm.str
Info: PARAMETERS             toppar/toppar_all36_lipid_detergent.str
Info: PARAMETERS             toppar/toppar_all36_lipid_ether.str
Info: PARAMETERS             toppar/toppar_all36_lipid_oxidized.str
Info: PARAMETERS             toppar/toppar_all36_carb_glycolipid.str
Info: PARAMETERS             toppar/toppar_all36_carb_glycopeptide.str
Info: PARAMETERS             toppar/toppar_all36_carb_imlab.str
Info: PARAMETERS             toppar/toppar_all36_label_spin.str
Info: PARAMETERS             toppar/toppar_all36_label_fluorophore.str
Info: USING ARITHMETIC MEAN TO COMBINE L-J SIGMA PARAMETERS
Info: BINARY COORDINATES     ../output/vanilla/performance/equil/1-0-40/run-1/step4_equilibration.coor
Warning: SKIPPING PART OF PARAMETER FILE AFTER RETURN STATEMENT

Warning: DUPLICATE DIHEDRAL ENTRY FOR HAL1-CTO1-C-NHL
PREVIOUS VALUES MULTIPLICITY: 1
  k=0  n=1  delta=0INCREASING MULTIPLICITY TO: 2
  k=0  n=3  delta=0

Warning: DUPLICATE DIHEDRAL ENTRY FOR HAL1-CTO1-C-O
PREVIOUS VALUES MULTIPLICITY: 1
  k=0  n=1  delta=0INCREASING MULTIPLICITY TO: 2
  k=0  n=2  delta=3.14159
Warning: SKIPPING PART OF PARAMETER FILE AFTER RETURN STATEMENT

Warning: DUPLICATE DIHEDRAL ENTRY FOR CTL2-CG2O5-CTL1-CTL3
PREVIOUS VALUES MULTIPLICITY: 1
  k=0.75  n=1  delta=0  k=0.18  n=2  delta=3.14159INCREASING MULTIPLICITY TO: 3
  k=0.065  n=3  delta=0

Warning: DUPLICATE BOND ENTRY FOR CEL1-CL
PREVIOUS VALUES  k=440  x0=1.489
   USING VALUES  k=300  x0=1.48
Info: SUMMARY OF PARAMETERS:
Info: 1988 BONDS
Info: 6776 ANGLES
Info: 19939 DIHEDRAL
Info: 430 IMPROPER
Info: 28 CROSSTERM
Info: 751 VDW
Info: 122 VDW_PAIRS
Info: 0 NBTHOLE_PAIRS
Warning: Ignored 9467 bonds with zero force constants.
Warning: Will get H-H distance in rigid H2O from H-O-H angle.
Info: No lone pairs detected in waters
Info: TIME FOR READING PSF FILE: 0.236609
Info: Reading pdb file step3_input.pdb
Info: TIME FOR READING PDB FILE: 0.116853
Info: 
Info: ****************************
Info: STRUCTURE SUMMARY:
Info: 30423 ATOMS
Info: 20918 BONDS
Info: 13014 ANGLES
Info: 5187 DIHEDRALS
Info: 373 IMPROPERS
Info: 127 CROSSTERMS
Info: 0 EXCLUSIONS
Info: 29360 RIGID BONDS
Info: 61909 DEGREES OF FREEDOM
Info: 10530 HYDROGEN GROUPS
Info: 4 ATOMS IN LARGEST HYDROGEN GROUP
Info: 10530 MIGRATION GROUPS
Info: 4 ATOMS IN LARGEST MIGRATION GROUP
Info: TOTAL MASS = 186727 amu
Info: TOTAL CHARGE = 1.31875e-06 e
Info: MASS DENSITY = 0.943883 g/cm^3
Info: ATOM DENSITY = 0.0926093 atoms/A^3
Info: *****************************
Info: Reading from binary file ../output/vanilla/performance/equil/1-0-40/run-1/step4_equilibration.coor
Info: 
Info: Entering startup at 4.69905 s, 0 MB of memory in use
Info: Startup phase 0 took 0.000548544 s, 0 MB of memory in use
Info: ADDED 39038 IMPLICIT EXCLUSIONS
Info: Startup phase 1 took 0.0071754 s, 0 MB of memory in use
Info: NONBONDED TABLE R-SQUARED SPACING: 0.0625
Info: NONBONDED TABLE SIZE: 769 POINTS
Info: INCONSISTENCY IN FAST TABLE ENERGY VS FORCE: 0.000325096 AT 11.9556
Info: INCONSISTENCY IN SCOR TABLE ENERGY VS FORCE: 0.000324844 AT 11.9556
Info: INCONSISTENCY IN VDWA TABLE ENERGY VS FORCE: 0.0040507 AT 0.251946
Info: INCONSISTENCY IN VDWB TABLE ENERGY VS FORCE: 0.00150189 AT 0.251946
Info: Startup phase 2 took 0.0159791 s, 0 MB of memory in use
Info: Startup phase 3 took 0.000186762 s, 0 MB of memory in use
Info: Startup phase 4 took 0.0012188 s, 0 MB of memory in use
Info: Startup phase 5 took 0.00018529 s, 0 MB of memory in use
Info: REDUCING NUMBER OF PATCHES TO IMPROVE LOAD BALANCE
Info: PATCH GRID IS 5 (PERIODIC) BY 3 (PERIODIC) BY 3 (PERIODIC)
Info: PATCH GRID IS 2-AWAY BY 1-AWAY BY 1-AWAY
Info: Reading from binary file ../output/vanilla/performance/equil/1-0-40/run-1/step4_equilibration.vel
Info: REMOVING COM VELOCITY -0.0158458 -0.019888 0.00968242
Info: LARGEST PATCH (22) HAS 800 ATOMS
Info: TORUS A SIZE 1 USING 0
Info: TORUS B SIZE 1 USING 0
Info: TORUS C SIZE 1 USING 0
Info: TORUS MINIMAL MESH SIZE IS 1 BY 1 BY 1
Info: Placed 100% of base nodes on same physical node as patch
Info: Startup phase 6 took 0.260638 s, 0 MB of memory in use
Info: Use 3D box decompostion in PME FFT.
Info: PME using 1 x 1 x 1 pencil grid for FFT and reciprocal sum.
Info: Startup phase 7 took 0.00107822 s, 0 MB of memory in use
Info: Updated CUDA force table with 4096 elements.
Info: Updated CUDA LJ table with 751 x 751 elements.
Info: Startup phase 8 took 0.00673293 s, 0 MB of memory in use
Info: Startup phase 9 took 0.000195439 s, 0 MB of memory in use
Info: Startup phase 10 took 0.000253317 s, 0 MB of memory in use
Info: Startup phase 11 took 0.0131242 s, 0 MB of memory in use
LDB: Central LB being created...
Info: Startup phase 12 took 0.311396 s, 0 MB of memory in use
Info: Startup phase 13 took 0.000226397 s, 0 MB of memory in use
Info: Startup phase 14 took 0.00786318 s, 0 MB of memory in use
Info: Startup phase 15 took 0.00109477 s, 0 MB of memory in use
Info: CREATING 1755 COMPUTE OBJECTS
Info: Interactive MD listening on port 8889.
Info: Found 268 unique exclusion lists needing 4316 bytes
Info: useSync: 0 useProxySync: 0
Info: Startup phase 16 took 0.143126 s, 0 MB of memory in use
Info: Startup phase 17 took 0.000189477 s, 0 MB of memory in use
Info: Startup phase 18 took 4.6688e-05 s, 0 MB of memory in use
Info: Finished startup at 5.47031 s, 0 MB of memory in use

TCL: Original numsteps 500000 will be ignored.
TCL: Running for 500000 steps
Info: INTERACTIVE MD AWAITING CONNECTION
Warning: IMD protocol version 3 detected
Info: IMD connection opened
ETITLE:      TS           BOND          ANGLE          DIHED          IMPRP               ELECT            VDW       BOUNDARY           MISC        KINETIC               TOTAL           TEMP      POTENTIAL       TOTALAVG        TEMPAVG            PRESSURE      GPRESSURE         VOLUME       PRESSAVG      GPRESSAVG

ENERGY:       0       390.0165      1067.9379      1155.8548        69.8147        -111518.5693      9145.1384         0.0000         0.0000     18338.1923         -81351.6148       298.1214    -99689.8070    -81351.6148       298.1214          -1454.3549     -1453.0522    328509.0000     -1454.3549     -1453.0522

The last position output (seq=1) takes 0.001 seconds, 0.000 MB of memory in use
The last position output (seq=2) takes 0.001 seconds, 0.000 MB of memory in use
The last position output (seq=3) takes 0.001 seconds, 0.000 MB of memory in use
The last position output (seq=4) takes 0.001 seconds, 0.000 MB of memory in use
The last position output (seq=5) takes 0.001 seconds, 0.000 MB of memory in use
The last position output (seq=6) takes 0.001 seconds, 0.000 MB of memory in use
The last position output (seq=7) takes 0.001 seconds, 0.000 MB of memory in use
The last position output (seq=8) takes 0.025 seconds, 0.000 MB of memory in use
The last position output (seq=9) takes 0.001 seconds, 0.000 MB of memory in use
The last position output (seq=10) takes 0.001 seconds, 0.000 MB of memory in use
Info: Initial time: 45 CPUs 0.0128267 s/step 13.4719 ns/day 0 MB memory
Info: Initial time: 45 CPUs 0.00372901 s/step 46.3394 ns/day 0 MB memory
Info: Initial time: 45 CPUs 0.00370202 s/step 46.6772 ns/day 0 MB memory
Info: Benchmark time: 45 CPUs 0.00368621 s/step 46.8774 ns/day 0 MB memory
Info: Benchmark time: 45 CPUs 0.00371154 s/step 46.5575 ns/day 0 MB memory
Info: Benchmark time: 45 CPUs 0.0034087 s/step 50.6938 ns/day 0 MB memory
Info: Benchmark time: 45 CPUs 0.0023905 s/step 72.2863 ns/day 0 MB memory
Info: Benchmark time: 45 CPUs 0.0023733 s/step 72.81 ns/day 0 MB memory
Info: Benchmark time: 45 CPUs 0.00438949 s/step 39.3667 ns/day 0 MB memory
TIMING: 5000  CPU: 21.345, 0.00290558/step  Wall: 20.209, 0.00317474/step, 54.4297 ns/days, 0.436527 hours remaining, 0.000000 MB of memory in use.
PERFORMANCE: 5000  averaging 54.4297 ns/day, 0.00317474 sec/step with standard deviation 0
ENERGY:    5000       412.7246      1131.2496      1133.9852        77.1028        -114058.0418      9822.6736         0.0000         0.0000     18788.7504         -82691.5556       305.4460   -101480.3060    -82021.5852       301.7837            108.6620       110.3951    300657.7194      -672.8465      -671.3285

TIMING: 10000  CPU: 34.7233, 0.00267567/step  Wall: 34.561, 0.0028704/step, 60.2007 ns/days, 0.390693 hours remaining, 0.000000 MB of memory in use.
PERFORMANCE: 10000  averaging 57.1699 ns/day, 0.00302257 sec/step with standard deviation 0.000215201
ENERGY:   10000       450.4461      1133.1451      1133.6489        58.4922        -114007.7663      9759.4410         0.0000         0.0000     18544.3048         -82928.2882       301.4721   -101472.5930    -82323.8195       301.6798             64.1487        65.3021    299273.7602      -427.1814      -425.7850

TIMING: 15000  CPU: 48.5434, 0.002764/step  Wall: 49.1816, 0.00292413/step, 59.0946 ns/days, 0.393945 hours remaining, 0.000000 MB of memory in use.
PERFORMANCE: 15000  averaging 57.7974 ns/day, 0.00298975 sec/step with standard deviation 0.000162438
ENERGY:   15000       439.5290      1172.9557      1105.6063        84.9169        -113826.8069      9717.2617         0.0000         0.0000     18531.3411         -82775.1963       301.2614   -101306.5374    -82436.6637       301.5752             22.2606        26.8355    301472.8797      -314.8209      -312.6298

TIMING: 20000  CPU: 62.7242, 0.00283617/step  Wall: 64.2472, 0.00301312/step, 57.3492 ns/days, 0.401749 hours remaining, 0.000000 MB of memory in use.
PERFORMANCE: 20000  averaging 57.6847 ns/day, 0.0029956 sec/step with standard deviation 0.000133144
ENERGY:   20000       468.1016      1133.5970      1128.4926        77.2298        -114465.3184     10118.8056         0.0000         0.0000     18384.0038         -83155.0880       298.8661   -101539.0918    -82580.3486       301.0334            250.4119       248.9113    300632.1562      -201.7744      -200.3216

TIMING: 25000  CPU: 76.4655, 0.00274825/step  Wall: 78.8511, 0.00292077/step, 59.1624 ns/days, 0.38538 hours remaining, 0.000000 MB of memory in use.
PERFORMANCE: 25000  averaging 57.9743 ns/day, 0.00298063 sec/step with standard deviation 0.000120063
ENERGY:   25000       413.4203      1133.8386      1144.4757        67.0603        -114622.3032     10089.4307         0.0000         0.0000     18671.8390         -83102.2386       303.5454   -101774.0776    -82667.3303       301.4521            285.1053       281.0532    300482.6370      -120.6278      -120.0925

TIMING: 30000  CPU: 91.8105, 0.003069/step  Wall: 95.2646, 0.00328271/step, 52.6395 ns/days, 0.428575 hours remaining, 0.000000 MB of memory in use.
PERFORMANCE: 30000  averaging 57.0113 ns/day, 0.00303098 sec/step with standard deviation 0.000163525
ENERGY:   30000       439.3279      1125.4339      1118.6774        74.8240        -114291.2570      9965.4026         0.0000         0.0000     18535.3041         -83032.2870       301.3258   -101567.5912    -82719.4669       301.4340            146.8043       152.7016    301430.5399       -82.4232       -81.1219

TIMING: 35000  CPU: 107.892, 0.00321634/step  Wall: 112.577, 0.0034624/step, 49.9076 ns/days, 0.447227 hours remaining, 0.000000 MB of memory in use.
PERFORMANCE: 35000  averaging 55.8751 ns/day, 0.00309261 sec/step with standard deviation 0.000221073
ENERGY:   35000       455.1086      1112.4774      1142.7288        70.0053        -114065.5170      9711.9603         0.0000         0.0000     18477.3838         -83095.8528       300.3842   -101573.2366    -82766.5152       301.3028           -232.0523      -231.3823    300477.4944      -101.1268       -99.9044

TIMING: 40000  CPU: 122.36, 0.00289364/step  Wall: 128.023, 0.00308937/step, 55.9337 ns/days, 0.394753 hours remaining, 0.000000 MB of memory in use.
PERFORMANCE: 40000  averaging 55.8825 ns/day, 0.0030922 sec/step with standard deviation 0.000204677
ENERGY:   40000       418.9967      1162.6973      1114.9121        77.0149        -113679.2901      9599.2743         0.0000         0.0000     18580.1097         -82726.2851       302.0542   -101306.3947    -82762.0452       301.3863           -199.7617      -202.4055    302374.2907      -112.0862      -111.2934

TIMING: 45000  CPU: 136.943, 0.00291661/step  Wall: 143.595, 0.00311425/step, 55.4869 ns/days, 0.393607 hours remaining, 0.000000 MB of memory in use.
PERFORMANCE: 45000  averaging 55.8382 ns/day, 0.00309465 sec/step with standard deviation 0.000191599
ENERGY:   45000       413.9211      1125.2885      1111.7391        66.5632        -113844.0896      9698.4332         0.0000         0.0000     18609.2507         -82818.8939       302.5279   -101428.1446    -82767.7300       301.5005              0.6782         3.0116    300963.1319      -100.8098       -99.8629

TIMING: 50000  CPU: 150.333, 0.00267784/step  Wall: 157.81, 0.00284306/step, 60.7796 ns/days, 0.355382 hours remaining, 0.000000 MB of memory in use.
PERFORMANCE: 50000  averaging 56.2959 ns/day, 0.00306949 sec/step with standard deviation 0.000197386
ETITLE:      TS           BOND          ANGLE          DIHED          IMPRP               ELECT            VDW       BOUNDARY           MISC        KINETIC               TOTAL           TEMP      POTENTIAL       TOTALAVG        TEMPAVG            PRESSURE      GPRESSURE         VOLUME       PRESSAVG      GPRESSAVG

ENERGY:   50000       392.4765      1151.8312      1119.1387        71.7057        -113832.6653      9558.3667         0.0000         0.0000     18561.8727         -82977.2737       301.7577   -101539.1464    -82786.7795       301.5238            -19.0788       -24.1443    299762.0669       -93.3797       -92.9794

TIMING: 55000  CPU: 164.372, 0.00280785/step  Wall: 172.768, 0.00299151/step, 57.7635 ns/days, 0.369784 hours remaining, 0.000000 MB of memory in use.
PERFORMANCE: 55000  averaging 56.4262 ns/day, 0.00306241 sec/step with standard deviation 0.000188727
ENERGY:   55000       430.4988      1126.3472      1121.6275        64.3296        -113902.9664      9787.2765         0.0000         0.0000     18593.8907         -82778.9961       302.2782   -101372.8868    -82786.1308       301.5867            -19.1470       -17.9513    301374.9457       -87.1937       -86.7271

TIMING: 60000  CPU: 178.062, 0.00273804/step  Wall: 187.311, 0.00290873/step, 59.4073 ns/days, 0.355512 hours remaining, 0.000000 MB of memory in use.
PERFORMANCE: 60000  averaging 56.6632 ns/day, 0.0030496 sec/step with standard deviation 0.000185332
ENERGY:   60000       414.7794      1145.7195      1131.9352        69.1883        -114230.3720      9978.5528         0.0000         0.0000     18440.5127         -83049.6843       299.7848   -101490.1970    -82806.4042       301.4481            163.3382       161.6733    300866.3726       -67.9220       -67.6194

TIMING: 65000  CPU: 192.331, 0.00285369/step  Wall: 202.508, 0.00303943/step, 56.8528 ns/days, 0.367264 hours remaining, 0.000000 MB of memory in use.
PERFORMANCE: 65000  averaging 56.6777 ns/day, 0.00304882 sec/step with standard deviation 0.000177464
ENERGY:   65000       425.0791      1149.2206      1101.5116        75.7089        -114205.0364      9885.8408         0.0000         0.0000     18460.8034         -83106.8721       300.1146   -101567.6755    -82827.8662       301.3529            288.7447       284.5938    300190.4239       -42.4458       -42.4613

TIMING: 70000  CPU: 205.696, 0.00267314/step  Wall: 216.709, 0.00284008/step, 60.8434 ns/days, 0.339231 hours remaining, 0.000000 MB of memory in use.
PERFORMANCE: 70000  averaging 56.9563 ns/day, 0.00303391 sec/step with standard deviation 0.000179397
ENERGY:   70000       437.9537      1152.0624      1114.1198        76.7222        -114398.2533      9993.9302         0.0000         0.0000     18437.2883         -83186.1767       299.7324   -101623.4650    -82851.7535       301.2448             92.1200        94.7391    301593.8925       -33.4747       -33.3146

TIMING: 75000  CPU: 220.057, 0.00287214/step  Wall: 232.057, 0.0030697/step, 56.2922 ns/days, 0.362395 hours remaining, 0.000000 MB of memory in use.
PERFORMANCE: 75000  averaging 56.9115 ns/day, 0.00303629 sec/step with standard deviation 0.000173118
ENERGY:   75000       436.1124      1104.8949      1128.8819        73.8182        -113986.2101      9625.0059         0.0000         0.0000     18774.2748         -82843.2221       305.2107   -101617.4969    -82851.2203       301.4927           -241.9917      -244.5564    301227.5223       -46.5070       -46.5172

TIMING: 80000  CPU: 235.291, 0.00304685/step  Wall: 248.342, 0.00325697/step, 53.0554 ns/days, 0.37998 hours remaining, 0.000000 MB of memory in use.
PERFORMANCE: 80000  averaging 56.6542 ns/day, 0.00305008 sec/step with standard deviation 0.000176112
ENERGY:   80000       431.6605      1160.5529      1137.1905        75.9984        -113993.7999      9692.8312         0.0000         0.0000     18548.7466         -82946.8197       301.5443   -101495.5664    -82856.8438       301.4957            -55.3865       -56.8645    301560.6011       -47.0294       -47.1259

TIMING: 85000  CPU: 252.334, 0.00340862/step  Wall: 266.675, 0.00366668/step, 47.1272 ns/days, 0.422686 hours remaining, 0.000000 MB of memory in use.
PERFORMANCE: 85000  averaging 55.9884 ns/day, 0.00308635 sec/step with standard deviation 0.000226806
ENERGY:   85000       428.4656      1136.4429      1097.9341        66.8045        -113979.9236      9763.2215         0.0000         0.0000     18487.2230         -82999.8320       300.5441   -101487.0550    -82864.7876       301.4429            185.5168       184.5364    299534.7817       -34.1101       -34.2557

TIMING: 90000  CPU: 266.464, 0.00282589/step  Wall: 281.716, 0.00300801/step, 57.4466 ns/days, 0.342579 hours remaining, 0.000000 MB of memory in use.
PERFORMANCE: 90000  averaging 56.0674 ns/day, 0.003082 sec/step with standard deviation 0.000220807
ENERGY:   90000       438.3772      1100.6098      1107.8088        65.9888        -114110.4180      9794.1074         0.0000         0.0000     18740.4262         -82863.0998       304.6604   -101603.5260    -82864.6988       301.6122            -35.0993       -36.6273    300738.3522       -34.1622       -34.3806

TIMING: 95000  CPU: 279.924, 0.00269194/step  Wall: 296.01, 0.00285896/step, 60.4416 ns/days, 0.321633 hours remaining, 0.000000 MB of memory in use.
PERFORMANCE: 95000  averaging 56.2818 ns/day, 0.00307026 sec/step with standard deviation 0.000220603
ENERGY:   95000       425.7441      1129.6737      1113.0969        74.9486        -114544.3508     10035.2260         0.0000         0.0000     18516.3166         -83249.3449       301.0171   -101765.6615    -82883.9311       301.5825            203.6632       202.7885    300475.4168       -22.2709       -22.5221

TIMING: 100000  CPU: 293.116, 0.00263847/step  Wall: 310.014, 0.00280076/step, 61.6976 ns/days, 0.311195 hours remaining, 0.000000 MB of memory in use.
PERFORMANCE: 100000  averaging 56.5299 ns/day, 0.00305679 sec/step with standard deviation 0.000223016
ETITLE:      TS           BOND          ANGLE          DIHED          IMPRP               ELECT            VDW       BOUNDARY           MISC        KINETIC               TOTAL           TEMP      POTENTIAL       TOTALAVG        TEMPAVG            PRESSURE      GPRESSURE         VOLUME       PRESSAVG      GPRESSAVG

ENERGY:  100000       419.3848      1111.9899      1123.6015        80.0127        -114029.7959      9753.5690         0.0000         0.0000     18483.3248         -83057.9131       300.4808   -101541.2379    -82969.2460       301.7004           -170.1831      -168.6134    302737.5821        41.9377        41.6998

TIMING: 105000  CPU: 308.966, 0.00317006/step  Wall: 326.993, 0.00339583/step, 50.8859 ns/days, 0.372598 hours remaining, 0.000000 MB of memory in use.
PERFORMANCE: 105000  averaging 56.2329 ns/day, 0.00307293 sec/step with standard deviation 0.000229615
ENERGY:  105000       417.6040      1100.8064      1115.1403        75.4577        -113611.7200      9609.3744         0.0000         0.0000     18390.9552         -82902.3820       298.9791   -101293.3373    -82979.7873       301.3771            -91.7913       -91.7953    300980.7638        31.9150        31.5903

TIMING: 110000  CPU: 322.446, 0.00269589/step  Wall: 341.362, 0.00287375/step, 60.1304 ns/days, 0.311323 hours remaining, 0.000000 MB of memory in use.
PERFORMANCE: 110000  averaging 56.3991 ns/day, 0.00306388 sec/step with standard deviation 0.000228069
ENERGY:  110000       406.3185      1100.5587      1143.8126        76.8274        -114256.1831     10023.7564         0.0000         0.0000     18689.0132         -82815.8963       303.8246   -101504.9094    -82974.1677       301.4947            234.8894       235.4545    299755.9120        40.4520        40.0979

TIMING: 115000  CPU: 340.695, 0.00364984/step  Wall: 360.925, 0.00391268/step, 44.1641 ns/days, 0.418439 hours remaining, 0.000000 MB of memory in use.
PERFORMANCE: 115000  averaging 55.7278 ns/day, 0.00310078 sec/step with standard deviation 0.000284562
ENERGY:  115000       437.9998      1128.1450      1101.5331        76.2042        -114373.0379      9834.3271         0.0000         0.0000     18448.6647         -83346.1639       299.9173   -101794.8286    -83002.7161       301.4275           -207.4607      -205.0494    300215.9676        28.9660        28.5037

TIMING: 120000  CPU: 352.888, 0.00243854/step  Wall: 373.76, 0.00256688/step, 67.319 ns/days, 0.270949 hours remaining, 0.000000 MB of memory in use.
PERFORMANCE: 120000  averaging 56.1305 ns/day, 0.00307854 sec/step with standard deviation 0.000298885
ENERGY:  120000       414.7903      1139.1482      1128.7269        74.0068        -113978.5479      9687.9783         0.0000         0.0000     18624.6890         -82909.2084       302.7789   -101533.8974    -82990.4221       301.6231             90.1616        86.0171    300429.1589        20.9535        20.3590

TIMING: 125000  CPU: 366.219, 0.0026663/step  Wall: 387.934, 0.00283475/step, 60.9577 ns/days, 0.295287 hours remaining, 0.000000 MB of memory in use.
PERFORMANCE: 125000  averaging 56.3089 ns/day, 0.00306879 sec/step with standard deviation 0.000296626
ENERGY:  125000       437.8711      1149.9608      1123.9721        71.9049        -114334.0908      9892.0718         0.0000         0.0000     18713.0142         -82945.2960       304.2148   -101658.3102    -82982.5750       301.6566            133.2320       128.4774    299792.7931        13.3598        12.7302

TIMING: 130000  CPU: 381.54, 0.00306416/step  Wall: 404.409, 0.00329504/step, 52.4425 ns/days, 0.338657 hours remaining, 0.000000 MB of memory in use.
PERFORMANCE: 130000  averaging 56.1497 ns/day, 0.00307749 sec/step with standard deviation 0.000294001
ENERGY:  130000       432.2373      1087.6932      1127.1184        65.0482        -113837.5653      9662.0555         0.0000         0.0000     18705.5704         -82757.8423       304.0938   -101463.4127    -82968.8528       301.7950            -70.2726       -70.7029    299781.5211         2.5060         1.5600

TIMING: 135000  CPU: 396.257, 0.00294345/step  Wall: 420.15, 0.00314829/step, 54.887 ns/days, 0.319201 hours remaining, 0.000000 MB of memory in use.
PERFORMANCE: 135000  averaging 56.1019 ns/day, 0.00308011 sec/step with standard deviation 0.000288613
ENERGY:  135000       444.8557      1187.1670      1133.9094        72.3616        -113715.0208      9588.4846         0.0000         0.0000     18561.1868         -82727.0558       301.7466   -101288.2426    -82950.4129       301.8631           -231.0957      -236.0784    301875.5226         2.5538         1.3251

TIMING: 140000  CPU: 409.496, 0.00264777/step  Wall: 434.179, 0.0028058/step, 61.5868 ns/days, 0.28058 hours remaining, 0.000000 MB of memory in use.
PERFORMANCE: 140000  averaging 56.2809 ns/day, 0.00307031 sec/step with standard deviation 0.000287924
ENERGY:  140000       435.5901      1166.2543      1134.6475        66.7508        -114512.8071      9989.4712         0.0000         0.0000     18460.7377         -83259.3555       300.1136   -101720.0932    -82977.0664       301.7661             68.6308        69.1208    300624.3539        15.9734        14.9015

TIMING: 145000  CPU: 423.199, 0.00274063/step  Wall: 448.84, 0.00293212/step, 58.9334 ns/days, 0.28914 hours remaining, 0.000000 MB of memory in use.
PERFORMANCE: 145000  averaging 56.3684 ns/day, 0.00306555 sec/step with standard deviation 0.000283898
ENERGY:  145000       421.3158      1128.2549      1134.6519        77.6215        -114026.4359      9518.3962         0.0000         0.0000     18617.9794         -83128.2161       302.6698   -101746.1955    -82992.5325       301.7732           -177.8407      -177.2403    299489.0913         7.0475         5.8889

TIMING: 150000  CPU: 438.17, 0.00299418/step  Wall: 464.849, 0.00320177/step, 53.9701 ns/days, 0.311283 hours remaining, 0.000000 MB of memory in use.
PERFORMANCE: 150000  averaging 56.285 ns/day, 0.00307009 sec/step with standard deviation 0.000280066
ETITLE:      TS           BOND          ANGLE          DIHED          IMPRP               ELECT            VDW       BOUNDARY           MISC        KINETIC               TOTAL           TEMP      POTENTIAL       TOTALAVG        TEMPAVG            PRESSURE      GPRESSURE         VOLUME       PRESSAVG      GPRESSAVG

ENERGY:  150000       417.3101      1160.0978      1144.7359        77.2254        -114201.5104      9870.7780         0.0000         0.0000     18582.4850         -82948.8781       302.0928   -101531.3631    -82991.1128       301.7899              8.3685         7.9193    300846.1218         8.4198         7.4920

TIMING: 155000  CPU: 453.179, 0.00300185/step  Wall: 480.914, 0.00321303/step, 53.781 ns/days, 0.307915 hours remaining, 0.000000 MB of memory in use.
PERFORMANCE: 155000  averaging 56.2006 ns/day, 0.0030747 sec/step with standard deviation 0.000276553
ENERGY:  155000       443.3323      1106.9031      1142.8979        82.7973        -114099.6062      9693.9133         0.0000         0.0000     18623.8150         -83005.9475       302.7647   -101629.7624    -83002.4603       301.8143            -36.3648       -40.3596    300950.0165         7.5589         6.3716

TIMING: 160000  CPU: 467.29, 0.00282218/step  Wall: 495.961, 0.0030095/step, 57.4182 ns/days, 0.28423 hours remaining, 0.000000 MB of memory in use.
PERFORMANCE: 160000  averaging 56.2379 ns/day, 0.00307266 sec/step with standard deviation 0.0002723
ENERGY:  160000       427.7044      1134.0333      1126.4783        71.0339        -113510.6643      9514.0313         0.0000         0.0000     18606.8713         -82630.5119       302.4893   -101237.3832    -82981.5017       301.9495            -25.9393       -30.1290    299817.3582        -1.9049        -3.2185

TIMING: 165000  CPU: 481.826, 0.00290711/step  Wall: 511.473, 0.0031024/step, 55.6989 ns/days, 0.288695 hours remaining, 0.000000 MB of memory in use.
PERFORMANCE: 165000  averaging 56.2214 ns/day, 0.00307356 sec/step with standard deviation 0.000268062
ENERGY:  165000       443.3777      1145.3491      1111.4189        70.0004        -113868.8580      9506.1570         0.0000         0.0000     18343.2798         -83249.2751       298.2041   -101592.5549    -82988.6219       301.8540           -205.7549      -208.6755    299167.5203       -26.6299       -27.8820

TIMING: 170000  CPU: 496.648, 0.00296451/step  Wall: 527.393, 0.00318392/step, 54.2728 ns/days, 0.291859 hours remaining, 0.000000 MB of memory in use.
PERFORMANCE: 170000  averaging 56.1621 ns/day, 0.00307681 sec/step with standard deviation 0.000264647
ENERGY:  170000       429.4417      1164.3514      1105.1765        76.9005        -114029.1145      9850.7855         0.0000         0.0000     18387.7129         -83014.7461       298.9264   -101402.4590    -82980.0503       301.8137              6.0037         6.2453    300436.7938       -30.9357       -32.3066

TIMING: 175000  CPU: 510.203, 0.00271092/step  Wall: 541.966, 0.00291472/step, 59.2853 ns/days, 0.263134 hours remaining, 0.000000 MB of memory in use.
PERFORMANCE: 175000  averaging 56.2467 ns/day, 0.00307218 sec/step with standard deviation 0.000262161
ENERGY:  175000       422.6267      1126.5093      1135.1490        67.2184        -114634.7733     10059.0926         0.0000         0.0000     18541.2791         -83282.8982       301.4229   -101824.1773    -83002.0341       301.6243            134.7790       133.9823    300608.8638       -12.0972       -13.3797

TIMING: 180000  CPU: 522.628, 0.00248498/step  Wall: 555.192, 0.00264513/step, 65.3276 ns/days, 0.235123 hours remaining, 0.000000 MB of memory in use.
PERFORMANCE: 180000  averaging 56.4648 ns/day, 0.00306032 sec/step with standard deviation 0.000268012
ENERGY:  180000       427.5824      1103.4965      1144.7713        72.8674        -113965.2718      9884.9328         0.0000         0.0000     18668.3172         -82663.3042       303.4882   -101331.6214    -82987.8584       301.7215            261.1435       262.6451    300600.3022         3.7293         2.5958

TIMING: 185000  CPU: 538.01, 0.00307648/step  Wall: 571.773, 0.00331619/step, 52.108 ns/days, 0.290166 hours remaining, 0.000000 MB of memory in use.
PERFORMANCE: 185000  averaging 56.3375 ns/day, 0.00306723 sec/step with standard deviation 0.000267591
ENERGY:  185000       421.1630      1096.3016      1133.1732        64.9029        -114006.3166      9621.3070         0.0000         0.0000     18530.3285         -83139.1404       301.2449   -101669.4689    -82994.8238       301.7565           -273.2086      -275.3981    300804.0918       -19.2070       -20.4010

TIMING: 190000  CPU: 552.546, 0.00290714/step  Wall: 587.43, 0.00313143/step, 55.1824 ns/days, 0.269651 hours remaining, 0.000000 MB of memory in use.
PERFORMANCE: 190000  averaging 56.3064 ns/day, 0.00306892 sec/step with standard deviation 0.000264155
ENERGY:  190000       419.8057      1108.2854      1130.3483        73.3055        -114476.5367     10002.7197         0.0000         0.0000     18770.0759         -82971.9962       305.1424   -101742.0721    -83000.2686       301.7806            238.7500       239.7517    300450.8983        -5.5145        -6.5820

TIMING: 195000  CPU: 566.674, 0.00282567/step  Wall: 602.463, 0.00300656/step, 57.4743 ns/days, 0.254722 hours remaining, 0.000000 MB of memory in use.
PERFORMANCE: 195000  averaging 56.3358 ns/day, 0.00306732 sec/step with standard deviation 0.000260848
ENERGY:  195000       401.0062      1113.2634      1114.2261        69.7849        -113875.1272      9521.1883         0.0000         0.0000     18633.8051         -83021.8532       302.9271   -101655.6583    -82988.8940       301.8761           -202.5477      -201.2403    300595.1334       -25.8250       -26.7834

TIMING: 200000  CPU: 579.233, 0.00251175/step  Wall: 615.761, 0.00265968/step, 64.9703 ns/days, 0.22164 hours remaining, 0.000000 MB of memory in use.
PERFORMANCE: 200000  averaging 56.5236 ns/day, 0.00305713 sec/step with standard deviation 0.000265427
ETITLE:      TS           BOND          ANGLE          DIHED          IMPRP               ELECT            VDW       BOUNDARY           MISC        KINETIC               TOTAL           TEMP      POTENTIAL       TOTALAVG        TEMPAVG            PRESSURE      GPRESSURE         VOLUME       PRESSAVG      GPRESSAVG

ENERGY:  200000       410.2425      1129.8849      1135.2140        73.0494        -113713.1545      9653.7410         0.0000         0.0000     18662.2760         -82648.7466       303.3900   -101311.0227    -82968.4357       302.0216            -45.6669       -45.4849    300676.8783       -19.5992       -20.6270

TIMING: 205000  CPU: 592.198, 0.00259292/step  Wall: 629.488, 0.00274535/step, 62.9429 ns/days, 0.224966 hours remaining, 0.000000 MB of memory in use.
PERFORMANCE: 205000  averaging 56.6645 ns/day, 0.00304953 sec/step with standard deviation 0.000266573
ENERGY:  205000       441.5911      1122.2636      1107.9618        67.1437        -114320.7464     10017.7379         0.0000         0.0000     18699.2504         -82864.7980       303.9910   -101564.0484    -82966.5565       302.2722            231.0935       232.1851    299618.2797        -3.4550        -4.4280

TIMING: 210000  CPU: 607.273, 0.00301514/step  Wall: 645.755, 0.00325344/step, 53.1131 ns/days, 0.262082 hours remaining, 0.000000 MB of memory in use.
PERFORMANCE: 210000  averaging 56.5745 ns/day, 0.00305438 sec/step with standard deviation 0.000265175
ENERGY:  210000       445.6788      1111.5559      1119.0592        75.0579        -113808.2147      9772.6655         0.0000         0.0000     18631.7872         -82652.4102       302.8943   -101284.1974    -82958.3822       302.2256            101.4037       102.2299    301535.5886       -10.1293       -11.0892

TIMING: 215000  CPU: 623.173, 0.00317994/step  Wall: 663.02, 0.00345297/step, 50.0439 ns/days, 0.27336 hours remaining, 0.000000 MB of memory in use.
PERFORMANCE: 215000  averaging 56.4033 ns/day, 0.00306365 sec/step with standard deviation 0.000268957
ENERGY:  215000       423.8538      1108.3683      1126.3027        66.0005        -113969.5115      9808.9896         0.0000         0.0000     18448.4907         -82987.5059       299.9145   -101435.9966    -82940.4493       302.2255            163.6837       165.8782    299926.4643         8.4279         7.4571

TIMING: 220000  CPU: 635.96, 0.00255747/step  Wall: 676.671, 0.00273021/step, 63.2919 ns/days, 0.212349 hours remaining, 0.000000 MB of memory in use.
PERFORMANCE: 220000  averaging 56.5432 ns/day, 0.00305607 sec/step with standard deviation 0.000270523
ENERGY:  220000       436.1354      1182.5173      1113.1437        71.2521        -113924.8158      9764.1707         0.0000         0.0000     18566.1038         -82791.4928       301.8265   -101357.5966    -82934.5635       302.1779            -16.8082       -23.1336    300660.6700         3.0795         1.9996

TIMING: 225000  CPU: 649.283, 0.00266458/step  Wall: 690.861, 0.00283806/step, 60.8866 ns/days, 0.216796 hours remaining, 0.000000 MB of memory in use.
PERFORMANCE: 225000  averaging 56.6329 ns/day, 0.00305123 sec/step with standard deviation 0.000269399
ENERGY:  225000       459.0077      1165.5664      1134.7117        67.0690        -114075.2814      9748.4655         0.0000         0.0000     18385.9514         -83114.5096       298.8978   -101500.4611    -82943.0242       301.9120           -233.0009      -230.5829    300645.8558       -15.2322       -15.9534

TIMING: 230000  CPU: 663.097, 0.00276274/step  Wall: 705.634, 0.00295441/step, 58.4889 ns/days, 0.221581 hours remaining, 0.000000 MB of memory in use.
PERFORMANCE: 230000  averaging 56.672 ns/day, 0.00304912 sec/step with standard deviation 0.000266771
ENERGY:  230000       431.9303      1112.4453      1113.2613        67.9053        -113976.3487      9645.8840         0.0000         0.0000     18603.4187         -83001.5038       302.4331   -101604.9225    -82955.2073       301.8290           -277.8054      -278.6367    301357.4673       -25.6088       -26.3501

TIMING: 235000  CPU: 677.667, 0.00291406/step  Wall: 721.213, 0.00311596/step, 55.4565 ns/days, 0.229369 hours remaining, 0.000000 MB of memory in use.
PERFORMANCE: 235000  averaging 56.6456 ns/day, 0.00305054 sec/step with standard deviation 0.000264035
ENERGY:  235000       412.9543      1115.0275      1131.0952        75.1262        -114409.9323      9807.5225         0.0000         0.0000     18404.9856         -83463.2209       299.2072   -101868.2065    -82992.0155       301.7020             31.8762        32.2755    300111.7765       -12.4602       -12.9324

TIMING: 240000  CPU: 690.807, 0.0026279/step  Wall: 735.199, 0.00279708/step, 61.7787 ns/days, 0.202011 hours remaining, 0.000000 MB of memory in use.
PERFORMANCE: 240000  averaging 56.7438 ns/day, 0.00304526 sec/step with standard deviation 0.000263761
ENERGY:  240000       447.5979      1132.5052      1110.5658        80.4868        -114067.5771      9766.4134         0.0000         0.0000     18597.9206         -82932.0874       302.3437   -101530.0081    -82975.6521       301.8135            -21.3111       -23.2523    299820.0614       -16.9573       -17.5510

TIMING: 245000  CPU: 706.84, 0.00320669/step  Wall: 752.466, 0.00345348/step, 50.0365 ns/days, 0.244622 hours remaining, 0.000000 MB of memory in use.
PERFORMANCE: 245000  averaging 56.589 ns/day, 0.0030536 sec/step with standard deviation 0.000267435
ENERGY:  245000       450.5701      1086.8807      1096.9009        70.9431        -114376.1386     10027.7920         0.0000         0.0000     18698.9688         -82944.0829       303.9865   -101643.0518    -82966.4455       301.8794            351.1251       356.3636    299870.4213         9.4910         9.1292

TIMING: 250000  CPU: 720.531, 0.00273812/step  Wall: 767.021, 0.00291102/step, 59.3606 ns/days, 0.202154 hours remaining, 0.000000 MB of memory in use.
PERFORMANCE: 250000  averaging 56.6419 ns/day, 0.00305074 sec/step with standard deviation 0.000265458
ETITLE:      TS           BOND          ANGLE          DIHED          IMPRP               ELECT            VDW       BOUNDARY           MISC        KINETIC               TOTAL           TEMP      POTENTIAL       TOTALAVG        TEMPAVG            PRESSURE      GPRESSURE         VOLUME       PRESSAVG      GPRESSAVG

ENERGY:  250000       407.5890      1161.5770      1109.9687        71.6828        -114313.8645     10071.4792         0.0000         0.0000     18570.1316         -82921.4362       301.8920   -101491.5677    -82965.0734       301.8693            255.7213       255.5709    301545.0624        21.8586        21.5117

TIMING: 255000  CPU: 735.611, 0.00301612/step  Wall: 783.25, 0.00324577/step, 53.2385 ns/days, 0.220893 hours remaining, 0.000000 MB of memory in use.
PERFORMANCE: 255000  averaging 56.571 ns/day, 0.00305457 sec/step with standard deviation 0.000264206
ENERGY:  255000       426.8841      1104.8429      1123.9383        61.6428        -114076.0958      9637.3584         0.0000         0.0000     18541.7081         -83179.7211       301.4299   -101721.4293    -82973.7620       301.8026           -196.7776      -194.7417    300504.3858        13.8380        13.7926

TIMING: 260000  CPU: 750.518, 0.0029813/step  Wall: 799.232, 0.00319638/step, 54.0611 ns/days, 0.213092 hours remaining, 0.000000 MB of memory in use.
PERFORMANCE: 260000  averaging 56.5205 ns/day, 0.0030573 sec/step with standard deviation 0.000262341
ENERGY:  260000       445.8785      1166.7819      1115.2163        63.7912        -114197.6057      9804.9812         0.0000         0.0000     18509.3159         -83091.6405       300.9033   -101600.9564    -82996.8185       301.7233             -9.0384        -7.8143    299392.4901        14.6830        14.9084

TIMING: 265000  CPU: 767.281, 0.00335252/step  Wall: 817.298, 0.00361314/step, 47.8255 ns/days, 0.235858 hours remaining, 0.000000 MB of memory in use.
PERFORMANCE: 265000  averaging 56.3273 ns/day, 0.00306778 sec/step with standard deviation 0.000270793
ENERGY:  265000       435.9114      1138.2541      1117.9198        72.3717        -114143.4457      9722.7466         0.0000         0.0000     18616.4308         -83039.8114       302.6447   -101656.2422    -82986.3453       301.9453             35.1339        29.1891    300548.3708        26.7274        26.8016

TIMING: 270000  CPU: 784.496, 0.00344309/step  Wall: 835.832, 0.00370685/step, 46.6165 ns/days, 0.236826 hours remaining, 0.000000 MB of memory in use.
PERFORMANCE: 270000  averaging 56.1109 ns/day, 0.00307962 sec/step with standard deviation 0.000281972
ENERGY:  270000       431.7947      1115.9548      1134.7901        82.9035        -114192.2875      9926.5922         0.0000         0.0000     18263.4384         -83236.8138       296.9061   -101500.2522    -82997.4487       301.8443             96.8885        97.5270    299969.0836        31.2717        31.3657

TIMING: 275000  CPU: 800.646, 0.0032299/step  Wall: 852.882, 0.00341005/step, 50.6738 ns/days, 0.213128 hours remaining, 0.000000 MB of memory in use.
PERFORMANCE: 275000  averaging 56.0016 ns/day, 0.00308562 sec/step with standard deviation 0.000282879
ENERGY:  275000       417.5750      1136.7072      1107.6804        74.8875        -114067.0402      9778.7918         0.0000         0.0000     18651.0937         -82900.3045       303.2082   -101551.3982    -82978.3190       301.9336             70.9517        66.8862    299826.9992        28.0803        28.0109

TIMING: 280000  CPU: 814.363, 0.00274352/step  Wall: 867.473, 0.00291815/step, 59.2155 ns/days, 0.178332 hours remaining, 0.000000 MB of memory in use.
PERFORMANCE: 280000  averaging 56.0559 ns/day, 0.00308263 sec/step with standard deviation 0.000281188
ENERGY:  280000       444.6226      1117.4543      1127.6750        64.6287        -113848.4009      9621.2001         0.0000         0.0000     18582.2315         -82890.5885       302.0887   -101472.8201    -82989.6832       301.8636           -239.5259      -239.8619    300365.0080         3.0469         2.8855

TIMING: 285000  CPU: 831.124, 0.00335216/step  Wall: 885.489, 0.00360327/step, 47.9564 ns/days, 0.215195 hours remaining, 0.000000 MB of memory in use.
PERFORMANCE: 285000  averaging 55.8903 ns/day, 0.00309177 sec/step with standard deviation 0.000287072
ENERGY:  285000       443.5868      1139.7973      1108.0467        75.2102        -114176.4342      9763.5790         0.0000         0.0000     18538.5819         -83107.6324       301.3791   -101646.2143    -82988.1078       301.8703            -61.0298       -59.6019    299870.8984        13.6558        13.6753

TIMING: 290000  CPU: 845.986, 0.00297236/step  Wall: 901.416, 0.00318535/step, 54.2483 ns/days, 0.185812 hours remaining, 0.000000 MB of memory in use.
PERFORMANCE: 290000  averaging 55.8612 ns/day, 0.00309338 sec/step with standard deviation 0.000284808
ENERGY:  290000       421.4268      1140.4734      1134.7989        74.6042        -114429.6436      9956.3338         0.0000         0.0000     18736.7088         -82965.2976       304.6000   -101702.0065    -82987.7729       301.8432            261.2623       260.0253    299128.8228        14.7814        14.6890

TIMING: 295000  CPU: 862.448, 0.0032925/step  Wall: 918.99, 0.00351478/step, 49.1639 ns/days, 0.200147 hours remaining, 0.000000 MB of memory in use.
PERFORMANCE: 295000  averaging 55.7325 ns/day, 0.00310052 sec/step with standard deviation 0.000287622
ENERGY:  295000       426.6426      1142.7429      1092.5638        71.9877        -114136.1917      9795.4293         0.0000         0.0000     18594.2593         -83012.5660       302.2842   -101606.8253    -82987.3085       301.8110             -6.0424       -13.3743    300841.5637        24.6067        24.0823

TIMING: 300000  CPU: 876.03, 0.0027164/step  Wall: 933.426, 0.00288722/step, 59.8499 ns/days, 0.160401 hours remaining, 0.000000 MB of memory in use.
PERFORMANCE: 300000  averaging 55.7965 ns/day, 0.00309697 sec/step with standard deviation 0.000286501
ETITLE:      TS           BOND          ANGLE          DIHED          IMPRP               ELECT            VDW       BOUNDARY           MISC        KINETIC               TOTAL           TEMP      POTENTIAL       TOTALAVG        TEMPAVG            PRESSURE      GPRESSURE         VOLUME       PRESSAVG      GPRESSAVG

ENERGY:  300000       406.9338      1180.0615      1098.9705        71.2604        -114244.0546      9763.2305         0.0000         0.0000     18915.4143         -82808.1835       307.5052   -101723.5978    -82995.2804       302.0168            -33.3392       -27.8306    301233.2162        25.2231        24.9650

TIMING: 305000  CPU: 891.088, 0.0030115/step  Wall: 949.525, 0.00321974/step, 53.669 ns/days, 0.174402 hours remaining, 0.000000 MB of memory in use.
PERFORMANCE: 305000  averaging 55.7603 ns/day, 0.00309898 sec/step with standard deviation 0.000284538
ENERGY:  305000       451.8426      1164.4761      1107.7469        65.6545        -114317.8058     10012.7507         0.0000         0.0000     18529.7397         -82985.5954       301.2353   -101515.3351    -83001.3202       301.8790            -59.2318       -54.0020    301138.1561        10.7068        10.6557

TIMING: 310000  CPU: 907.451, 0.00327267/step  Wall: 967.156, 0.00352618/step, 49.0048 ns/days, 0.186104 hours remaining, 0.000000 MB of memory in use.
PERFORMANCE: 310000  averaging 55.6365 ns/day, 0.00310587 sec/step with standard deviation 0.000287364
ENERGY:  310000       420.4470      1102.5118      1103.2276        78.1375        -113780.2301      9646.1892         0.0000         0.0000     18741.1274         -82688.5896       304.6718   -101429.7170    -83003.1292       301.9679             76.3295        77.4174    300125.7795         9.4531         9.4150

TIMING: 315000  CPU: 921.399, 0.00278964/step  Wall: 982.01, 0.00297094/step, 58.1634 ns/days, 0.152673 hours remaining, 0.000000 MB of memory in use.
PERFORMANCE: 315000  averaging 55.6749 ns/day, 0.00310373 sec/step with standard deviation 0.000285544
ENERGY:  315000       413.2291      1114.8329      1125.2754        65.9366        -114343.7853      9841.9511         0.0000         0.0000     18862.1955         -82920.3646       306.6400   -101782.5601    -82999.7721       302.3042           -141.1409      -140.2177    300377.7980        -5.7881        -5.8898

TIMING: 320000  CPU: 935.538, 0.00282768/step  Wall: 997.117, 0.00302124/step, 57.195 ns/days, 0.151062 hours remaining, 0.000000 MB of memory in use.
PERFORMANCE: 320000  averaging 55.6981 ns/day, 0.00310244 sec/step with standard deviation 0.000283456
ENERGY:  320000       432.7943      1148.6906      1123.7585        75.2132        -113850.1316      9539.1998         0.0000         0.0000     18595.9138         -82934.5615       302.3111   -101530.4753    -83006.9256       302.3284           -421.5257      -421.2737    301417.7991       -26.0240       -25.7968

TIMING: 325000  CPU: 950.305, 0.0029534/step  Wall: 1012.87, 0.0031515/step, 54.831 ns/days, 0.153198 hours remaining, 0.000000 MB of memory in use.
PERFORMANCE: 325000  averaging 55.6845 ns/day, 0.0031032 sec/step with standard deviation 0.000281299
ENERGY:  325000       432.2875      1139.1893      1138.8529        72.5440        -113811.9598      9707.9591         0.0000         0.0000     18786.9959         -82534.1311       305.4175   -101321.1269    -82977.9066       302.6544             10.6825        15.9554    300882.6373       -13.8399       -13.4698

TIMING: 330000  CPU: 965.189, 0.00297683/step  Wall: 1028.85, 0.00319482/step, 54.0876 ns/days, 0.150866 hours remaining, 0.000000 MB of memory in use.
PERFORMANCE: 330000  averaging 55.6596 ns/day, 0.00310458 sec/step with standard deviation 0.000279354
ENERGY:  330000       418.2160      1131.6385      1131.3559        79.2368        -113650.7633      9472.1219         0.0000         0.0000     18578.4901         -82839.7040       302.0279   -101418.1941    -82969.8166       302.6341           -342.3616      -338.7805    301883.3984       -17.0677       -16.4770

TIMING: 335000  CPU: 981.45, 0.00325234/step  Wall: 1046.25, 0.00348063/step, 49.6462 ns/days, 0.159529 hours remaining, 0.000000 MB of memory in use.
PERFORMANCE: 335000  averaging 55.5592 ns/day, 0.0031102 sec/step with standard deviation 0.000281011
ENERGY:  335000       455.9325      1134.6034      1094.3514        74.9476        -113927.2067      9700.5496         0.0000         0.0000     18540.0551         -82926.7671       301.4030   -101466.8222    -82942.9940       302.7439           -282.6272      -282.2463    300925.5481       -32.7928       -32.2031

TIMING: 340000  CPU: 998.252, 0.00336035/step  Wall: 1064.49, 0.00364745/step, 47.3756 ns/days, 0.162109 hours remaining, 0.000000 MB of memory in use.
PERFORMANCE: 340000  averaging 55.4184 ns/day, 0.0031181 sec/step with standard deviation 0.000286414
ENERGY:  340000       433.7297      1159.1693      1141.0384        79.4062        -114156.5878      9749.1962         0.0000         0.0000     18600.9989         -82993.0491       302.3938   -101594.0480    -82946.0420       302.7464             55.1330        56.8288    299852.9055       -28.9706       -28.1991

TIMING: 345000  CPU: 1011.75, 0.00269952/step  Wall: 1078.81, 0.0028648/step, 60.3184 ns/days, 0.123346 hours remaining, 0.000000 MB of memory in use.
PERFORMANCE: 345000  averaging 55.4837 ns/day, 0.00311443 sec/step with standard deviation 0.000285931
ENERGY:  345000       430.5503      1117.2826      1125.2708        71.4872        -114457.1769      9870.9662         0.0000         0.0000     18655.7737         -83185.8462       303.2843   -101841.6199    -82958.1302       302.7113            122.5822       122.2820    300382.2591       -40.3978       -39.9031

TIMING: 350000  CPU: 1026.65, 0.0029795/step  Wall: 1094.76, 0.00318988/step, 54.1714 ns/days, 0.132912 hours remaining, 0.000000 MB of memory in use.
PERFORMANCE: 350000  averaging 55.4645 ns/day, 0.0031155 sec/step with standard deviation 0.000283995
ETITLE:      TS           BOND          ANGLE          DIHED          IMPRP               ELECT            VDW       BOUNDARY           MISC        KINETIC               TOTAL           TEMP      POTENTIAL       TOTALAVG        TEMPAVG            PRESSURE      GPRESSURE         VOLUME       PRESSAVG      GPRESSAVG

ENERGY:  350000       434.4485      1141.8328      1086.9946        70.5703        -113898.2556      9696.4067         0.0000         0.0000     18592.1247         -82875.8780       302.2495   -101468.0028    -82955.8523       302.7292            -67.1051       -61.9730    300382.8867       -56.5391       -55.7803

TIMING: 355000  CPU: 1041.01, 0.00287267/step  Wall: 1110.11, 0.00307007/step, 56.2854 ns/days, 0.123655 hours remaining, 0.000000 MB of memory in use.
PERFORMANCE: 355000  averaging 55.4759 ns/day, 0.00311486 sec/step with standard deviation 0.000282011
ENERGY:  355000       411.7748      1122.1236      1134.8338        83.6969        -113917.3579      9570.5865         0.0000         0.0000     18713.2281         -82881.1142       304.2183   -101594.3423    -82940.9219       302.8686           -204.9985      -202.7874    301375.3606       -56.9501       -56.1826

TIMING: 360000  CPU: 1057.23, 0.00324416/step  Wall: 1127.63, 0.00350335/step, 49.3242 ns/days, 0.136242 hours remaining, 0.000000 MB of memory in use.
PERFORMANCE: 360000  averaging 55.38 ns/day, 0.00312026 sec/step with standard deviation 0.000283736
ENERGY:  360000       442.8984      1074.6964      1093.5393        71.6844        -114365.6587     10076.0588         0.0000         0.0000     18733.1220         -82873.6594       304.5417   -101606.7814    -82930.0229       303.0505            107.2448       114.3103    301550.7442       -51.1360       -50.0764

TIMING: 365000  CPU: 1072.69, 0.00309109/step  Wall: 1144.33, 0.00334039/step, 51.7305 ns/days, 0.125265 hours remaining, 0.000000 MB of memory in use.
PERFORMANCE: 365000  averaging 55.3265 ns/day, 0.00312328 sec/step with standard deviation 0.000282934
ENERGY:  365000       434.0510      1092.9346      1112.6003        67.1645        -113825.4227      9673.1710         0.0000         0.0000     18704.5529         -82740.9484       304.0772   -101445.5013    -82915.0797       303.1221            -60.8518       -61.4870    300573.4385       -55.9353       -54.6102

TIMING: 370000  CPU: 1086.35, 0.00273327/step  Wall: 1159, 0.00293331/step, 58.9095 ns/days, 0.105925 hours remaining, 0.000000 MB of memory in use.
PERFORMANCE: 370000  averaging 55.372 ns/day, 0.00312071 sec/step with standard deviation 0.000281856
ENERGY:  370000       464.3071      1163.4227      1102.2937        66.2364        -113912.5236      9644.7788         0.0000         0.0000     18547.5644         -82923.9205       301.5251   -101471.4849    -82899.4351       303.3531           -214.1873      -215.8226    300708.3756       -71.4891       -70.2777

TIMING: 375000  CPU: 1101.41, 0.00301203/step  Wall: 1175.12, 0.00322401/step, 53.5979 ns/days, 0.111945 hours remaining, 0.000000 MB of memory in use.
PERFORMANCE: 375000  averaging 55.3476 ns/day, 0.00312209 sec/step with standard deviation 0.000280199
ENERGY:  375000       443.5726      1169.0807      1129.6655        73.1905        -114046.7647      9732.5576         0.0000         0.0000     18559.5457         -82939.1522       301.7199   -101498.6979    -82901.3775       303.2787            -79.3081       -81.7488    300596.5350       -79.0020       -77.7094

TIMING: 380000  CPU: 1116.35, 0.00298655/step  Wall: 1191.19, 0.00321419/step, 53.7616 ns/days, 0.10714 hours remaining, 0.000000 MB of memory in use.
PERFORMANCE: 380000  averaging 55.3261 ns/day, 0.0031233 sec/step with standard deviation 0.000278525
ENERGY:  380000       420.2240      1143.3453      1134.2922        79.2044        -113775.9016      9637.3476         0.0000         0.0000     18602.3629         -82759.1253       302.4160   -101361.4882    -82894.8043       303.2950           -179.6039      -179.5755    301054.5058       -76.0059       -74.6951

TIMING: 385000  CPU: 1130.89, 0.00290975/step  Wall: 1206.73, 0.00310783/step, 55.6015 ns/days, 0.0992779 hours remaining, 0.000000 MB of memory in use.
PERFORMANCE: 385000  averaging 55.3297 ns/day, 0.0031231 sec/step with standard deviation 0.000276692
ENERGY:  385000       439.1928      1139.0592      1137.3567        77.0421        -113598.3175      9450.8481         0.0000         0.0000     18681.3906         -82673.4280       303.7007   -101354.8186    -82873.0941       303.4111           -306.1349      -305.5531    300967.9180       -88.2612       -86.9927

TIMING: 390000  CPU: 1145.08, 0.00283608/step  Wall: 1221.82, 0.00301821/step, 57.2524 ns/days, 0.0922231 hours remaining, 0.000000 MB of memory in use.
PERFORMANCE: 390000  averaging 55.3535 ns/day, 0.00312175 sec/step with standard deviation 0.000275146
ENERGY:  390000       430.1442      1124.2668      1127.2326        72.6863        -113933.7816      9663.4943         0.0000         0.0000     18651.2401         -82864.7174       303.2105   -101515.9575    -82868.0651       303.3417           -120.9520      -122.1041    302474.9844      -107.3719      -106.0991

TIMING: 395000  CPU: 1160.01, 0.00298672/step  Wall: 1237.83, 0.00320278/step, 53.9532 ns/days, 0.0934143 hours remaining, 0.000000 MB of memory in use.
PERFORMANCE: 395000  averaging 55.3353 ns/day, 0.00312278 sec/step with standard deviation 0.000273528
ENERGY:  395000       428.1702      1128.6824      1108.1528        70.8643        -114043.9299      9682.1866         0.0000         0.0000     18820.3945         -82805.4791       305.9605   -101625.8736    -82857.7107       303.5255            107.4724       103.4062    300011.3131      -101.6962      -100.2601

TIMING: 400000  CPU: 1174.71, 0.00294085/step  Wall: 1253.55, 0.00314319/step, 54.976 ns/days, 0.0873108 hours remaining, 0.000000 MB of memory in use.
PERFORMANCE: 400000  averaging 55.3308 ns/day, 0.00312303 sec/step with standard deviation 0.000271801
ETITLE:      TS           BOND          ANGLE          DIHED          IMPRP               ELECT            VDW       BOUNDARY           MISC        KINETIC               TOTAL           TEMP      POTENTIAL       TOTALAVG        TEMPAVG            PRESSURE      GPRESSURE         VOLUME       PRESSAVG      GPRESSAVG

ENERGY:  400000       433.8981      1155.9201      1126.6859        83.4506        -113695.7563      9685.3363         0.0000         0.0000     18512.1011         -82698.3642       300.9486   -101210.4653    -82852.2198       303.1976            -80.7371       -81.7085    301838.1645      -104.0661      -102.9540

TIMING: 405000  CPU: 1188.99, 0.00285621/step  Wall: 1268.79, 0.00304807/step, 56.6917 ns/days, 0.0804351 hours remaining, 0.000000 MB of memory in use.
PERFORMANCE: 405000  averaging 55.3472 ns/day, 0.00312211 sec/step with standard deviation 0.000270226
ENERGY:  405000       446.9585      1124.9181      1095.5422        74.0522        -114053.0765      9886.1727         0.0000         0.0000     18507.4541         -82917.9787       300.8730   -101425.4328    -82848.8389       303.1795            198.4430       201.1452    300436.8287       -91.1823       -90.1966

TIMING: 410000  CPU: 1213.11, 0.00482413/step  Wall: 1293.92, 0.00502654/step, 34.3775 ns/days, 0.125663 hours remaining, 0.000000 MB of memory in use.
PERFORMANCE: 410000  averaging 54.9385 ns/day, 0.00314533 sec/step with standard deviation 0.000341102
ENERGY:  410000       431.5097      1104.2000      1113.3134        73.8824        -114032.4013      9855.5830         0.0000         0.0000     18555.9602         -82897.9525       301.6616   -101453.9127    -82859.3071       303.0290             44.4550        48.2319    301426.5886       -92.7760       -91.6559

TIMING: 415000  CPU: 1228.07, 0.00299117/step  Wall: 1310, 0.00321601/step, 53.7312 ns/days, 0.0759336 hours remaining, 0.000000 MB of memory in use.
PERFORMANCE: 415000  averaging 54.9237 ns/day, 0.00314618 sec/step with standard deviation 0.000339104
ENERGY:  415000       434.6406      1182.9707      1085.5455        73.0895        -114024.3989      9724.0280         0.0000         0.0000     18557.8330         -82966.2915       301.6920   -101524.1245    -82861.6034       302.7816           -109.4295      -107.7841    301646.6604       -91.1905       -90.0342

TIMING: 420000  CPU: 1240.78, 0.00254197/step  Wall: 1323.59, 0.00271817/step, 63.5723 ns/days, 0.0604037 hours remaining, 0.000000 MB of memory in use.
PERFORMANCE: 420000  averaging 55.0128 ns/day, 0.00314109 sec/step with standard deviation 0.000340275
ENERGY:  420000       414.9671      1127.0818      1120.4984        72.5463        -114005.8799      9638.9821         0.0000         0.0000     18573.1134         -83058.6909       301.9405   -101631.8042    -82867.8099       302.7631           -147.2880      -147.8813    300925.5537       -77.4786       -76.3646

TIMING: 425000  CPU: 1254.25, 0.00269469/step  Wall: 1337.93, 0.0028679/step, 60.2532 ns/days, 0.0597479 hours remaining, 0.000000 MB of memory in use.
PERFORMANCE: 425000  averaging 55.0691 ns/day, 0.00313787 sec/step with standard deviation 0.000339539
ENERGY:  425000       422.9916      1123.4618      1089.1621        71.5296        -114004.3142      9865.7710         0.0000         0.0000     18605.4374         -82825.9608       302.4659   -101431.3981    -82882.4014       302.6155            -13.4799       -12.8002    301406.6852       -78.6867       -77.8024

TIMING: 430000  CPU: 1267.98, 0.00274487/step  Wall: 1352.51, 0.00291546/step, 59.2703 ns/days, 0.0566895 hours remaining, 0.000000 MB of memory in use.
PERFORMANCE: 430000  averaging 55.1145 ns/day, 0.00313529 sec/step with standard deviation 0.000338387
ENERGY:  430000       407.4145      1075.8083      1132.6914        75.8433        -114259.5378      9924.2804         0.0000         0.0000     18543.2057         -83100.2944       301.4542   -101643.5001    -82895.4309       302.5868            117.4545       115.7748    301422.8124       -55.6959       -55.0746

TIMING: 435000  CPU: 1282.28, 0.00286093/step  Wall: 1367.77, 0.00305138/step, 56.6302 ns/days, 0.0550943 hours remaining, 0.000000 MB of memory in use.
PERFORMANCE: 435000  averaging 55.1315 ns/day, 0.00313432 sec/step with standard deviation 0.000336534
ENERGY:  435000       414.8223      1139.4760      1112.8263        76.7271        -114457.4040      9901.6967         0.0000         0.0000     18773.4082         -83038.4473       305.1966   -101811.8555    -82901.0149       302.7765            -45.3894       -41.4491    300647.0537       -43.8340       -43.0348

TIMING: 440000  CPU: 1298.3, 0.00320419/step  Wall: 1384.94, 0.00343484/step, 50.3081 ns/days, 0.0572473 hours remaining, 0.000000 MB of memory in use.
PERFORMANCE: 440000  averaging 55.0715 ns/day, 0.00313774 sec/step with standard deviation 0.000336124
ENERGY:  440000       417.6434      1145.9346      1121.3929        70.4457        -114399.1180      9964.8572         0.0000         0.0000     18668.6314         -83010.2128       303.4933   -101678.8443    -82901.8731       302.8315            214.6123       211.1476    300646.6394       -35.8601       -35.3188

TIMING: 445000  CPU: 1313.38, 0.0030157/step  Wall: 1401.16, 0.00324444/step, 53.2604 ns/days, 0.0495678 hours remaining, 0.000000 MB of memory in use.
PERFORMANCE: 445000  averaging 55.0505 ns/day, 0.00313894 sec/step with standard deviation 0.0003344
ENERGY:  445000       415.3784      1138.4874      1109.8283        73.0545        -114324.9498      9802.2359         0.0000         0.0000     18790.6762         -82995.2892       305.4773   -101785.9654    -82892.3452       302.9411            -21.8019       -22.0738    300046.1633       -43.0793       -42.5366

TIMING: 450000  CPU: 1327.71, 0.00286496/step  Wall: 1416.44, 0.00305619/step, 56.5411 ns/days, 0.042447 hours remaining, 0.000000 MB of memory in use.
PERFORMANCE: 450000  averaging 55.0666 ns/day, 0.00313802 sec/step with standard deviation 0.000332631
ETITLE:      TS           BOND          ANGLE          DIHED          IMPRP               ELECT            VDW       BOUNDARY           MISC        KINETIC               TOTAL           TEMP      POTENTIAL       TOTALAVG        TEMPAVG            PRESSURE      GPRESSURE         VOLUME       PRESSAVG      GPRESSAVG

ENERGY:  450000       443.8584      1143.1634      1122.3527        67.5755        -113727.2737      9448.0958         0.0000         0.0000     18612.4330         -82889.7950       302.5797   -101502.2280    -82893.0411       302.9576           -373.4877      -373.3378    301632.9038       -58.3984       -58.1049

TIMING: 455000  CPU: 1341.45, 0.002749/step  Wall: 1431.08, 0.00292639/step, 59.0489 ns/days, 0.0365799 hours remaining, 0.000000 MB of memory in use.
PERFORMANCE: 455000  averaging 55.1074 ns/day, 0.00313569 sec/step with standard deviation 0.000331521
ENERGY:  455000       447.3617      1100.9225      1130.9172        71.3478        -114197.2636      9771.1864         0.0000         0.0000     18870.2774         -82805.2505       306.7714   -101675.5280    -82889.2479       303.0853             84.0924        86.8051    300302.4998       -43.9438       -43.6252

TIMING: 460000  CPU: 1355.2, 0.00275001/step  Wall: 1445.7, 0.00292517/step, 59.0734 ns/days, 0.0325019 hours remaining, 0.000000 MB of memory in use.
PERFORMANCE: 460000  averaging 55.1477 ns/day, 0.0031334 sec/step with standard deviation 0.000330424
ENERGY:  460000       428.1930      1123.5724      1105.1692        63.9100        -114157.2892      9688.2460         0.0000         0.0000     18521.2993         -83226.8992       301.0981   -101748.1985    -82906.9099       302.9131             21.5486        21.5094    299554.4654       -48.2287       -48.2653

TIMING: 465000  CPU: 1369.94, 0.0029474/step  Wall: 1461.53, 0.00316532/step, 54.5917 ns/days, 0.0307739 hours remaining, 0.000000 MB of memory in use.
PERFORMANCE: 465000  averaging 55.1416 ns/day, 0.00313375 sec/step with standard deviation 0.00032864
ENERGY:  465000       428.1565      1132.2872      1107.5455        69.1826        -113990.7245      9726.4584         0.0000         0.0000     18579.9174         -82947.1769       302.0511   -101527.0943    -82917.2213       302.8118           -183.8829      -179.4155    301902.8429       -54.3802       -54.1617

TIMING: 470000  CPU: 1384, 0.00281158/step  Wall: 1476.52, 0.00299823/step, 57.634 ns/days, 0.0249852 hours remaining, 0.000000 MB of memory in use.
PERFORMANCE: 470000  averaging 55.167 ns/day, 0.00313231 sec/step with standard deviation 0.000327167
ENERGY:  470000       451.7382      1184.5584      1102.4507        83.9647        -114318.8829      9883.6082         0.0000         0.0000     18510.4781         -83102.0847       300.9222   -101612.5628    -82926.1295       302.7817            -84.5956       -85.3777    300368.6347       -47.9006       -47.6395

TIMING: 475000  CPU: 1399.04, 0.0030093/step  Wall: 1492.66, 0.00322801/step, 53.5314 ns/days, 0.0224168 hours remaining, 0.000000 MB of memory in use.
PERFORMANCE: 475000  averaging 55.1493 ns/day, 0.00313331 sec/step with standard deviation 0.00032557
ENERGY:  475000       427.6669      1112.4120      1126.1962        75.7544        -114335.1251      9927.3063         0.0000         0.0000     18660.4233         -83005.3659       303.3598   -101665.7893    -82929.4402       302.8637            162.5998       161.0057    301583.2375       -35.8052       -35.5017

TIMING: 480000  CPU: 1413.45, 0.00288134/step  Wall: 1508.04, 0.00307593/step, 56.1781 ns/days, 0.0170885 hours remaining, 0.000000 MB of memory in use.
PERFORMANCE: 480000  averaging 55.1598 ns/day, 0.00313272 sec/step with standard deviation 0.000323905
ENERGY:  480000       425.7039      1155.8709      1119.3564        66.1452        -113940.6068      9583.3109         0.0000         0.0000     18511.5270         -83078.6924       300.9393   -101590.2195    -82945.4186       302.7898           -169.2802      -170.4747    299823.2759       -35.2890       -35.0467

TIMING: 485000  CPU: 1429.63, 0.00323688/step  Wall: 1525.43, 0.00347774/step, 49.6874 ns/days, 0.0144906 hours remaining, 0.000000 MB of memory in use.
PERFORMANCE: 485000  averaging 55.0973 ns/day, 0.00313627 sec/step with standard deviation 0.000324113
ENERGY:  485000       439.7233      1184.0450      1124.4105        71.8607        -114037.3714      9679.2878         0.0000         0.0000     18664.2695         -82873.7746       303.4224   -101538.0441    -82955.4359       302.7759            107.7148       104.0121    299162.3979       -14.5966       -14.5684

TIMING: 490000  CPU: 1445.14, 0.00310121/step  Wall: 1542.11, 0.0033356/step, 51.8048 ns/days, 0.00926555 hours remaining, 0.000000 MB of memory in use.
PERFORMANCE: 490000  averaging 55.0615 ns/day, 0.00313831 sec/step with standard deviation 0.000323066
ENERGY:  490000       397.5516      1142.3442      1107.7649        68.8103        -113855.6579      9550.1184         0.0000         0.0000     18741.5375         -82847.5310       304.6785   -101589.0684    -82954.5766       302.8493            -76.5552       -72.3665    300345.3751       -12.3767       -12.0816

TIMING: 495000  CPU: 1458.69, 0.00271072/step  Wall: 1556.54, 0.00288613/step, 59.8726 ns/days, 0.00400851 hours remaining, 0.000000 MB of memory in use.
PERFORMANCE: 495000  averaging 55.1063 ns/day, 0.00313576 sec/step with standard deviation 0.000322411
ENERGY:  495000       439.0469      1157.9829      1149.0926        76.2682        -114016.2908      9745.7358         0.0000         0.0000     18764.7770         -82683.3873       305.0563   -101448.1643    -82948.4720       302.8041            -14.4060       -14.9297    301217.5892       -18.4706       -17.9984

TIMING: 500000  CPU: 1472.58, 0.00277791/step  Wall: 1571.3, 0.00295297/step, 58.5173 ns/days, 0 hours remaining, 0.000000 MB of memory in use.
PERFORMANCE: 500000  averaging 55.1384 ns/day, 0.00313393 sec/step with standard deviation 0.000321299
ETITLE:      TS           BOND          ANGLE          DIHED          IMPRP               ELECT            VDW       BOUNDARY           MISC        KINETIC               TOTAL           TEMP      POTENTIAL       TOTALAVG        TEMPAVG            PRESSURE      GPRESSURE         VOLUME       PRESSAVG      GPRESSAVG

ENERGY:  500000       405.3142      1080.7397      1106.6301        68.9764        -114329.6418      9993.2630         0.0000         0.0000     18732.1730         -82942.5454       304.5263   -101674.7184    -82960.6811       302.9830             59.1388        60.3826    299752.1477       -11.4769       -10.8938

WRITING EXTENDED SYSTEM TO OUTPUT FILE AT STEP 500000
WRITING COORDINATES TO OUTPUT FILE AT STEP 500000
WRITING VELOCITIES TO OUTPUT FILE AT STEP 500000
The last velocity output (seq=-2) takes 0.098 seconds, 0.000 MB of memory in use
====================================================

WallClock: 1576.531372  CPUTime: 1420.508789  Memory: 0.000000 MB
[Partition 0][Node 0] End of program
