Charm++> Running on MPI library: Open MPI v4.1.5a1, package: Open MPI software@d001.sol.rc.asu.edu Distribution, ident: 4.1.5a1, repo rev: v4.1.4-32-g5abd86cc8c, Unreleased developer copy (MPI standard: 3.1)
Charm++> Level of thread support used: MPI_THREAD_FUNNELED (desired: MPI_THREAD_FUNNELED)
Charm++> Running in SMP mode: 1 processes, 45 worker threads (PEs) + 1 comm threads per process, 45 PEs total
Charm++> The comm. thread both sends and receives messages
Charm++> Using recursive bisection (scheme 3) for topology aware partitions
Converse/Charm++ Commit ID: v8.0.1-devel-35-gf310838d5
Charm++ communication thread will sleep due to single-process run.
CharmLB> Load balancer assumes all CPUs are same.
Charm++> cpu affinity enabled. 
Charm++> Running on 1 hosts (2 sockets x 24 cores x 1 PUs = 48-way SMP)
Charm++> cpu topology info is gathered in 0.003 seconds.
Info: Built with CUDA version 12090
Pe 2 physical rank 2 will use CUDA device of pe 32
Pe 4 physical rank 4 will use CUDA device of pe 32
Pe 1 physical rank 1 will use CUDA device of pe 32
Pe 5 physical rank 5 will use CUDA device of pe 32
Pe 3 physical rank 3 will use CUDA device of pe 32
Pe 7 physical rank 7 will use CUDA device of pe 32
Pe 6 physical rank 6 will use CUDA device of pe 32
Pe 9 physical rank 9 will use CUDA device of pe 32
Pe 10 physical rank 10 will use CUDA device of pe 32
Pe 11 physical rank 11 will use CUDA device of pe 32
Pe 8 physical rank 8 will use CUDA device of pe 32
Pe 44 physical rank 44 will use CUDA device of pe 32
Pe 28 physical rank 28 will use CUDA device of pe 32
Pe 27 physical rank 27 will use CUDA device of pe 32
Pe 24 physical rank 24 will use CUDA device of pe 32
Pe 26 physical rank 26 will use CUDA device of pe 32
Pe 0 physical rank 0 will use CUDA device of pe 32
Pe 40 physical rank 40 will use CUDA device of pe 32
Pe 43 physical rank 43 will use CUDA device of pe 32
Pe 41 physical rank 41 will use CUDA device of pe 32
Pe 42 physical rank 42 will use CUDA device of pe 32
Pe 17 physical rank 17 will use CUDA device of pe 32
Pe 19 physical rank 19 will use CUDA device of pe 32
Pe 15 physical rank 15 will use CUDA device of pe 32
Pe 16 physical rank 16 will use CUDA device of pe 32
Pe 18 physical rank 18 will use CUDA device of pe 32
Pe 21 physical rank 21 will use CUDA device of pe 32
Pe 22 physical rank 22 will use CUDA device of pe 32
Pe 20 physical rank 20 will use CUDA device of pe 32
Pe 13 physical rank 13 will use CUDA device of pe 32
Pe 12 physical rank 12 will use CUDA device of pe 32
Pe 14 physical rank 14 will use CUDA device of pe 32
Pe 30 physical rank 30 will use CUDA device of pe 32
Pe 34 physical rank 34 will use CUDA device of pe 32
Pe 31 physical rank 31 will use CUDA device of pe 32
Pe 32 physical rank 32 binding to CUDA device 0 on sg044: 'NVIDIA A100-SXM4-80GB'  Mem: 81152MB  Rev: 8.0  PCI: 0:1:0
Pe 29 physical rank 29 will use CUDA device of pe 32
Pe 33 physical rank 33 will use CUDA device of pe 32
Pe 37 physical rank 37 will use CUDA device of pe 32
Pe 35 physical rank 35 will use CUDA device of pe 32
Pe 36 physical rank 36 will use CUDA device of pe 32
Pe 25 physical rank 25 will use CUDA device of pe 32
Pe 38 physical rank 38 will use CUDA device of pe 32
Pe 39 physical rank 39 will use CUDA device of pe 32
Pe 23 physical rank 23 will use CUDA device of pe 32
CharmLB> Load balancing instrumentation for communication is off.
Info: NAMD 3.1alpha4pre for Linux-x86_64-MPI-smp-CUDA
Info: 
Info: Please visit http://www.ks.uiuc.edu/Research/namd/
Info: for updates, documentation, and support information.
Info: 
Info: Please cite Phillips et al., J. Chem. Phys. 153:044130 (2020) doi:10.1063/5.0014475
Info: in all publications reporting results obtained with NAMD.
Info: 
Info: Based on Charm++/Converse 80001 for mpi-linux-x86_64
Info: Built Fri Apr 17 06:27:28 MST 2026 by athiru12 on sg013
Info: Source code at Git commit ID 0de8a9017a5e517ce3382a552ac4a3debb0beccb
Info: 1 NAMD  3.1alpha4pre  Linux-x86_64-MPI-smp-CUDA  45    sg044  athiru12
Info: Running on 45 processors, 1 nodes, 1 physical nodes.
Info: CPU topology information available.
Info: Charm++/Converse parallel runtime startup completed at 2.43649 s
CkLoopLib is used in SMP with simple dynamic scheduling (converse-level notification)
Info: 0 MB of memory in use based on /proc/self/stat
Info: Configuration file is input/step5_streaming_streaming-3_run_4.inp
Info: Changed directory to input
TCL: Suspending until startup complete.
Warning: Option "1-4scaling" has been deprecated. Instead use "oneFourScaling".
Info: EXTENDED SYSTEM FILE   ../output/vanilla/performance/equil/1-0-40/run-1/step4_equilibration.xsc
Info: Tuning parameters to improve GPU-resident performance
Info: Setting margin to 4
Warning: The Langevin gamma parameters differ over the particles,
Warning: requiring extra work per step to constrain rigid bonds.
Info: Enabling PMEOffload because PMEInterpOrder > 4.
Info: Running with GPU-resident mode
Warning: Always using force tables for GPU nonbonded kernel due to unsupported config parameters.
Info: SIMULATION PARAMETERS:
Info: TIMESTEP               2
Info: NUMBER OF STEPS        500000
Info: STEPS PER CYCLE        20
Info: PERIODIC CELL BASIS 1  69 0 0
Info: PERIODIC CELL BASIS 2  0 69 0
Info: PERIODIC CELL BASIS 3  0 0 69
Info: PERIODIC CELL CENTER   0 0 0
Info: WRAPPING WATERS AROUND PERIODIC BOUNDARIES ON OUTPUT.
Info: WRAPPING ALL CLUSTERS AROUND PERIODIC BOUNDARIES ON OUTPUT.
Info: LOAD BALANCER  Centralized
Info: LOAD BALANCING STRATEGY  New Load Balancers -- DEFAULT
Info: LDB PERIOD             4000 steps
Info: FIRST LDB TIMESTEP     100
Info: LAST LDB TIMESTEP     -1
Info: LDB BACKGROUND SCALING 1
Info: HOM BACKGROUND SCALING 1
Info: PME BACKGROUND SCALING 1
Warning: OVERRIDING NOPATCH SETTING. Not supported with GPUresident on
Info: MIN ATOMS PER PATCH    40
Info: EMPTY PATCH LOAD       40 ATOMS
Info: VELOCITY FILE          ../output/vanilla/performance/equil/1-0-40/run-1/step4_equilibration.vel
Info: CENTER OF MASS MOVING INITIALLY? NO
Info: DIELECTRIC             1
Info: EXCLUDE                SCALED ONE-FOUR
Info: 1-4 ELECTROSTATICS SCALED BY 1
Info: MODIFIED 1-4 VDW PARAMETERS WILL BE USED
Info: NO DCD TRAJECTORY OUTPUT
Info: NO EXTENDED SYSTEM TRAJECTORY OUTPUT
Info: NO VELOCITY DCD OUTPUT
Info: NO FORCE DCD OUTPUT
Info: OUTPUT FILENAME        ../output/streaming-3/performance/prod/1-1-45/frequency-50/run-4/step5_streaming
Info: BINARY OUTPUT FILES WILL BE USED
Info: NO RESTART FILE
Info: NAMD will save positions and velocities to ../output/streaming-3/performance/prod/1-1-45/frequency-50/run-4/step5_streaming.crash.csv when  atoms are moving too fast.
Info: SWITCHING ACTIVE
Info: VDW FORCE SWITCHING ACTIVE
Info: SWITCHING ON           10
Info: SWITCHING OFF          12
Info: PAIRLIST DISTANCE      16
Info: PAIRLIST SHRINK RATE   0.01
Info: PAIRLIST GROW RATE     0.01
Info: PAIRLIST TRIGGER       0.3
Info: PAIRLISTS PER CYCLE    2
Info: PAIRLISTS ENABLED
Info: MARGIN                 4
Info: HYDROGEN GROUP CUTOFF  2.5
Info: PATCH DIMENSION        22.5
Info: ENERGY OUTPUT STEPS    5000
Info: ENERGY EVALUATION STEPS    5000
Info: OUTPUT ENERGY PRECISION 4
Info: CROSSTERM ENERGY INCLUDED IN DIHEDRAL
Info: TIMING OUTPUT STEPS    5000
Info: INTERACTIVE MD ACTIVE
Info: INTERACTIVE MD VERSION    3
Info: INTERACTIVE MD PORT    8889
Info: INTERACTIVE MD FREQ    50
Info: WILL AWAIT INTERACTIVE MD CONNECTION
Info: INTERACTIVE MD WILL SEND THE FOLLOWING:
Info: WRAPPED COORDINATES
Info: VELOCITIES
Info: FORCES
Info: LANGEVIN DYNAMICS ACTIVE
Info: LANGEVIN TEMPERATURE   303.15
Info: LANGEVIN USING BBK INTEGRATOR
Info: LANGEVIN DAMPING COEFFICIENT IS 1 INVERSE PS
Info: LANGEVIN DYNAMICS NOT APPLIED TO HYDROGENS
Info: LANGEVIN PISTON PRESSURE CONTROL ACTIVE
Info:        TARGET PRESSURE IS 1.01325 BAR
Info:     OSCILLATION PERIOD IS 50 FS
Info:             DECAY TIME IS 25 FS
Info:     PISTON TEMPERATURE IS 303.15 K
Info:       PRESSURE CONTROL IS GROUP-BASED
Info:    INITIAL STRAIN RATE IS 0 0 0
Info:       CELL FLUCTUATION IS ISOTROPIC
Info: PARTICLE MESH EWALD (PME) ACTIVE
Info: PME TOLERANCE               1e-06
Info: PME EWALD COEFFICIENT       0.257952
Info: PME INTERPOLATION ORDER     6
Info: PME GRID DIMENSIONS         72 72 72
Info: PME MAXIMUM GRID SPACING    1
Info: PME RECIPROCAL SUM OFFLOADED TO GPU
Info: PME CALCULATION WILL BE PERFORMED ON GPU
Info: FULL ELECTROSTATIC EVALUATION FREQUENCY      1
Info: USING VERLET I (r-RESPA) MTS SCHEME.
Info: C1 SPLITTING OF LONG RANGE ELECTROSTATICS
Info: PLACING ATOMS IN PATCHES BY HYDROGEN GROUPS
Info: RIGID BONDS TO HYDROGEN : ALL
Info:         ERROR TOLERANCE : 1e-08
Info:          MAX ITERATIONS : 100
Info: RIGID WATER USING SETTLE ALGORITHM
Info: RANDOM NUMBER SEED     1776764808
Info: USE HYDROGEN BONDS?    NO
Info: COORDINATE PDB         step3_input.pdb
Info: STRUCTURE FILE         step3_input.psf
Info: PARAMETER file: CHARMM format! 
Info: PARAMETERS             toppar/par_all36m_prot.prm
Info: PARAMETERS             toppar/par_all36_na.prm
Info: PARAMETERS             toppar/par_all36_carb.prm
Info: PARAMETERS             toppar/par_all36_lipid.prm
Info: PARAMETERS             toppar/par_all36_cgenff.prm
Info: PARAMETERS             toppar/par_interface.prm
Info: PARAMETERS             toppar/toppar_all36_moreions.str
Info: PARAMETERS             toppar/toppar_all36_nano_lig.str
Info: PARAMETERS             toppar/toppar_all36_nano_lig_patch.str
Info: PARAMETERS             toppar/toppar_all36_synthetic_polymer.str
Info: PARAMETERS             toppar/toppar_all36_synthetic_polymer_patch.str
Info: PARAMETERS             toppar/toppar_all36_polymer_solvent.str
Info: PARAMETERS             toppar/toppar_water_ions.str
Info: PARAMETERS             toppar/toppar_dum_noble_gases.str
Info: PARAMETERS             toppar/toppar_ions_won.str
Info: PARAMETERS             toppar/cam.str
Info: PARAMETERS             toppar/toppar_all36_prot_arg0.str
Info: PARAMETERS             toppar/toppar_all36_prot_c36m_d_aminoacids.str
Info: PARAMETERS             toppar/toppar_all36_prot_fluoro_alkanes.str
Info: PARAMETERS             toppar/toppar_all36_prot_heme.str
Info: PARAMETERS             toppar/toppar_all36_prot_na_combined.str
Info: PARAMETERS             toppar/toppar_all36_prot_retinol.str
Info: PARAMETERS             toppar/toppar_all36_prot_model.str
Info: PARAMETERS             toppar/toppar_all36_prot_modify_res.str
Info: PARAMETERS             toppar/toppar_all36_na_nad_ppi.str
Info: PARAMETERS             toppar/toppar_all36_na_rna_modified.str
Info: PARAMETERS             toppar/toppar_all36_lipid_sphingo.str
Info: PARAMETERS             toppar/toppar_all36_lipid_archaeal.str
Info: PARAMETERS             toppar/toppar_all36_lipid_bacterial.str
Info: PARAMETERS             toppar/toppar_all36_lipid_cardiolipin.str
Info: PARAMETERS             toppar/toppar_all36_lipid_cholesterol.str
Info: PARAMETERS             toppar/toppar_all36_lipid_dag.str
Info: PARAMETERS             toppar/toppar_all36_lipid_inositol.str
Info: PARAMETERS             toppar/toppar_all36_lipid_lnp.str
Info: PARAMETERS             toppar/toppar_all36_lipid_lps.str
Info: PARAMETERS             toppar/toppar_all36_lipid_mycobacterial.str
Info: PARAMETERS             toppar/toppar_all36_lipid_miscellaneous.str
Info: PARAMETERS             toppar/toppar_all36_lipid_model.str
Info: PARAMETERS             toppar/toppar_all36_lipid_prot.str
Info: PARAMETERS             toppar/toppar_all36_lipid_tag.str
Info: PARAMETERS             toppar/toppar_all36_lipid_yeast.str
Info: PARAMETERS             toppar/toppar_all36_lipid_hmmm.str
Info: PARAMETERS             toppar/toppar_all36_lipid_detergent.str
Info: PARAMETERS             toppar/toppar_all36_lipid_ether.str
Info: PARAMETERS             toppar/toppar_all36_lipid_oxidized.str
Info: PARAMETERS             toppar/toppar_all36_carb_glycolipid.str
Info: PARAMETERS             toppar/toppar_all36_carb_glycopeptide.str
Info: PARAMETERS             toppar/toppar_all36_carb_imlab.str
Info: PARAMETERS             toppar/toppar_all36_label_spin.str
Info: PARAMETERS             toppar/toppar_all36_label_fluorophore.str
Info: USING ARITHMETIC MEAN TO COMBINE L-J SIGMA PARAMETERS
Info: BINARY COORDINATES     ../output/vanilla/performance/equil/1-0-40/run-1/step4_equilibration.coor
Warning: SKIPPING PART OF PARAMETER FILE AFTER RETURN STATEMENT

Warning: DUPLICATE DIHEDRAL ENTRY FOR HAL1-CTO1-C-NHL
PREVIOUS VALUES MULTIPLICITY: 1
  k=0  n=1  delta=0INCREASING MULTIPLICITY TO: 2
  k=0  n=3  delta=0

Warning: DUPLICATE DIHEDRAL ENTRY FOR HAL1-CTO1-C-O
PREVIOUS VALUES MULTIPLICITY: 1
  k=0  n=1  delta=0INCREASING MULTIPLICITY TO: 2
  k=0  n=2  delta=3.14159
Warning: SKIPPING PART OF PARAMETER FILE AFTER RETURN STATEMENT

Warning: DUPLICATE DIHEDRAL ENTRY FOR CTL2-CG2O5-CTL1-CTL3
PREVIOUS VALUES MULTIPLICITY: 1
  k=0.75  n=1  delta=0  k=0.18  n=2  delta=3.14159INCREASING MULTIPLICITY TO: 3
  k=0.065  n=3  delta=0

Warning: DUPLICATE BOND ENTRY FOR CEL1-CL
PREVIOUS VALUES  k=440  x0=1.489
   USING VALUES  k=300  x0=1.48
Info: SUMMARY OF PARAMETERS:
Info: 1988 BONDS
Info: 6776 ANGLES
Info: 19939 DIHEDRAL
Info: 430 IMPROPER
Info: 28 CROSSTERM
Info: 751 VDW
Info: 122 VDW_PAIRS
Info: 0 NBTHOLE_PAIRS
Warning: Ignored 9467 bonds with zero force constants.
Warning: Will get H-H distance in rigid H2O from H-O-H angle.
Info: No lone pairs detected in waters
Info: TIME FOR READING PSF FILE: 0.0657999
Info: Reading pdb file step3_input.pdb
Info: TIME FOR READING PDB FILE: 0.0299188
Info: 
Info: ****************************
Info: STRUCTURE SUMMARY:
Info: 30423 ATOMS
Info: 20918 BONDS
Info: 13014 ANGLES
Info: 5187 DIHEDRALS
Info: 373 IMPROPERS
Info: 127 CROSSTERMS
Info: 0 EXCLUSIONS
Info: 29360 RIGID BONDS
Info: 61909 DEGREES OF FREEDOM
Info: 10530 HYDROGEN GROUPS
Info: 4 ATOMS IN LARGEST HYDROGEN GROUP
Info: 10530 MIGRATION GROUPS
Info: 4 ATOMS IN LARGEST MIGRATION GROUP
Info: TOTAL MASS = 186727 amu
Info: TOTAL CHARGE = 1.31875e-06 e
Info: MASS DENSITY = 0.943883 g/cm^3
Info: ATOM DENSITY = 0.0926093 atoms/A^3
Info: *****************************
Info: Reading from binary file ../output/vanilla/performance/equil/1-0-40/run-1/step4_equilibration.coor
Info: 
Info: Entering startup at 2.63024 s, 0 MB of memory in use
Info: Startup phase 0 took 0.000397752 s, 0 MB of memory in use
Info: ADDED 39038 IMPLICIT EXCLUSIONS
Info: Startup phase 1 took 0.00643197 s, 0 MB of memory in use
Info: NONBONDED TABLE R-SQUARED SPACING: 0.0625
Info: NONBONDED TABLE SIZE: 769 POINTS
Info: INCONSISTENCY IN FAST TABLE ENERGY VS FORCE: 0.000325096 AT 11.9556
Info: INCONSISTENCY IN SCOR TABLE ENERGY VS FORCE: 0.000324844 AT 11.9556
Info: INCONSISTENCY IN VDWA TABLE ENERGY VS FORCE: 0.0040507 AT 0.251946
Info: INCONSISTENCY IN VDWB TABLE ENERGY VS FORCE: 0.00150189 AT 0.251946
Info: Startup phase 2 took 0.0146994 s, 0 MB of memory in use
Info: Startup phase 3 took 0.000177225 s, 0 MB of memory in use
Info: Startup phase 4 took 0.000958241 s, 0 MB of memory in use
Info: Startup phase 5 took 0.000162978 s, 0 MB of memory in use
Info: REDUCING NUMBER OF PATCHES TO IMPROVE LOAD BALANCE
Info: PATCH GRID IS 5 (PERIODIC) BY 3 (PERIODIC) BY 3 (PERIODIC)
Info: PATCH GRID IS 2-AWAY BY 1-AWAY BY 1-AWAY
Info: Reading from binary file ../output/vanilla/performance/equil/1-0-40/run-1/step4_equilibration.vel
Info: REMOVING COM VELOCITY -0.0158458 -0.019888 0.00968242
Info: LARGEST PATCH (22) HAS 800 ATOMS
Info: TORUS A SIZE 1 USING 0
Info: TORUS B SIZE 1 USING 0
Info: TORUS C SIZE 1 USING 0
Info: TORUS MINIMAL MESH SIZE IS 1 BY 1 BY 1
Info: Placed 100% of base nodes on same physical node as patch
Info: Startup phase 6 took 0.0143145 s, 0 MB of memory in use
Info: Use 3D box decompostion in PME FFT.
Info: PME using 1 x 1 x 1 pencil grid for FFT and reciprocal sum.
Info: Startup phase 7 took 0.00109459 s, 0 MB of memory in use
Info: Updated CUDA force table with 4096 elements.
Info: Updated CUDA LJ table with 751 x 751 elements.
Info: Startup phase 8 took 0.00601949 s, 0 MB of memory in use
Info: Startup phase 9 took 0.000187725 s, 0 MB of memory in use
Info: Startup phase 10 took 0.000188506 s, 0 MB of memory in use
Info: Startup phase 11 took 0.0136942 s, 0 MB of memory in use
LDB: Central LB being created...
Info: Startup phase 12 took 0.080004 s, 0 MB of memory in use
Info: Startup phase 13 took 0.000187835 s, 0 MB of memory in use
Info: Startup phase 14 took 0.00267831 s, 0 MB of memory in use
Info: Startup phase 15 took 0.000174009 s, 0 MB of memory in use
Info: CREATING 1755 COMPUTE OBJECTS
Info: Interactive MD listening on port 8889.
Info: Found 268 unique exclusion lists needing 4316 bytes
Info: Startup phase 16 took 0.0782787 s, 0 MB of memory in use
Info: useSync: 0 useProxySync: 0
Info: Startup phase 17 took 0.0001907 s, 0 MB of memory in use
Info: Startup phase 18 took 6.1877e-05 s, 0 MB of memory in use
Info: Finished startup at 2.85014 s, 0 MB of memory in use

TCL: Original numsteps 500000 will be ignored.
TCL: Running for 500000 steps
Info: INTERACTIVE MD AWAITING CONNECTION
Warning: IMD protocol version 3 detected
Info: IMD connection opened
ETITLE:      TS           BOND          ANGLE          DIHED          IMPRP               ELECT            VDW       BOUNDARY           MISC        KINETIC               TOTAL           TEMP      POTENTIAL       TOTALAVG        TEMPAVG            PRESSURE      GPRESSURE         VOLUME       PRESSAVG      GPRESSAVG

ENERGY:       0       390.0165      1067.9379      1155.8548        69.8147        -111518.5693      9145.1384         0.0000         0.0000     18338.1923         -81351.6148       298.1214    -99689.8070    -81351.6148       298.1214          -1454.3548     -1453.0521    328509.0000     -1454.3548     -1453.0521

The last position output (seq=50) takes 0.001 seconds, 0.000 MB of memory in use
The last velocity output (seq=50) takes 0.000 seconds, 0.000 MB of memory in use
The last force output (seq=50) takes 0.000 seconds, 0.000 MB of memory in use
Info: Initial time: 45 CPUs 0.00146847 s/step 117.674 ns/day 0 MB memory
The last position output (seq=100) takes 0.001 seconds, 0.000 MB of memory in use
The last velocity output (seq=100) takes 0.000 seconds, 0.000 MB of memory in use
The last force output (seq=100) takes 0.000 seconds, 0.000 MB of memory in use
The last position output (seq=150) takes 0.001 seconds, 0.000 MB of memory in use
The last velocity output (seq=150) takes 0.000 seconds, 0.000 MB of memory in use
The last force output (seq=150) takes 0.213 seconds, 0.000 MB of memory in use
Info: Initial time: 45 CPUs 0.00336346 s/step 51.3757 ns/day 0 MB memory
The last position output (seq=200) takes 0.001 seconds, 0.000 MB of memory in use
The last velocity output (seq=200) takes 0.000 seconds, 0.000 MB of memory in use
The last force output (seq=200) takes 0.864 seconds, 0.000 MB of memory in use
The last position output (seq=250) takes 0.001 seconds, 0.000 MB of memory in use
The last velocity output (seq=250) takes 0.000 seconds, 0.000 MB of memory in use
The last force output (seq=250) takes 0.000 seconds, 0.000 MB of memory in use
Info: Initial time: 45 CPUs 0.00978521 s/step 17.6593 ns/day 0 MB memory
The last position output (seq=300) takes 0.001 seconds, 0.000 MB of memory in use
The last position output (seq=350) takes 0.001 seconds, 0.000 MB of memory in use
Info: Benchmark time: 45 CPUs 0.00113343 s/step 152.458 ns/day 0 MB memory
The last position output (seq=400) takes 0.001 seconds, 0.000 MB of memory in use
The last position output (seq=450) takes 0.001 seconds, 0.000 MB of memory in use
Info: Benchmark time: 45 CPUs 0.00115214 s/step 149.982 ns/day 0 MB memory
The last position output (seq=500) takes 0.001 seconds, 0.000 MB of memory in use
Info: Benchmark time: 45 CPUs 0.00113169 s/step 152.692 ns/day 0 MB memory
Info: Benchmark time: 45 CPUs 0.00115258 s/step 149.924 ns/day 0 MB memory
Info: Benchmark time: 45 CPUs 0.00113959 s/step 151.633 ns/day 0 MB memory
Info: Benchmark time: 45 CPUs 0.00126509 s/step 136.591 ns/day 0 MB memory
TIMING: 5000  CPU: 14.4331, 0.00131353/step  Wall: 14.715, 0.00136677/step, 126.43 ns/days, 0.18793 hours remaining, 0.000000 MB of memory in use.
PERFORMANCE: 5000  averaging 126.43 ns/day, 0.00136677 sec/step with standard deviation 0
ENERGY:    5000       415.7477      1165.4193      1149.4879        64.2782        -114166.3680      9936.7224         0.0000         0.0000     18658.8227         -82775.8899       303.3338   -101434.7126    -82063.7523       300.7276            318.6963       319.4733    299231.9085      -567.8292      -566.7894

TIMING: 10000  CPU: 20.1749, 0.00114836/step  Wall: 20.6858, 0.00119414/step, 144.706 ns/days, 0.162536 hours remaining, 0.000000 MB of memory in use.
PERFORMANCE: 10000  averaging 134.952 ns/day, 0.00128045 sec/step with standard deviation 0.000122063
ENERGY:   10000       450.6254      1105.8736      1142.4231        75.3046        -113590.3498      9666.8528         0.0000         0.0000     18529.8571         -82619.4131       301.2372   -101149.2703    -82248.9726       300.8975           -119.5956      -115.9607    301209.4792      -418.4180      -416.5132

TIMING: 15000  CPU: 25.7337, 0.00111176/step  Wall: 26.4479, 0.00115242/step, 149.945 ns/days, 0.155257 hours remaining, 0.000000 MB of memory in use.
PERFORMANCE: 15000  averaging 139.605 ns/day, 0.00123778 sec/step with standard deviation 0.000113639
ENERGY:   15000       421.5007      1109.0169      1127.3198        80.4711        -114470.3014     10026.4518         0.0000         0.0000     18428.0332         -83277.5079       299.5819   -101705.5411    -82506.1064       300.5686            175.7504       176.4554    300756.6575      -269.8759      -268.2710

TIMING: 20000  CPU: 31.3632, 0.0011259/step  Wall: 32.2832, 0.00116706/step, 148.064 ns/days, 0.155608 hours remaining, 0.000000 MB of memory in use.
PERFORMANCE: 20000  averaging 141.628 ns/day, 0.0012201 sec/step with standard deviation 9.92946e-05
ENERGY:   20000       399.3421      1121.4379      1117.2561        77.3077        -114247.2538      9877.5900         0.0000         0.0000     18629.1700         -83025.1500       302.8518   -101654.3200    -82609.9151       301.0252            -63.5286       -57.7374    300036.4880      -228.6065      -226.1643

TIMING: 25000  CPU: 37.1079, 0.00114895/step  Wall: 38.239, 0.00119117/step, 145.068 ns/days, 0.157168 hours remaining, 0.000000 MB of memory in use.
PERFORMANCE: 25000  averaging 142.303 ns/day, 0.00121431 sec/step with standard deviation 8.69596e-05
ENERGY:   25000       436.7796      1137.5216      1124.4564        69.0965        -113971.2471      9689.4328         0.0000         0.0000     18654.5660         -82859.3942       303.2646   -101513.9602    -82651.4950       301.3985           -187.8469      -190.7388    301722.5702      -221.8132      -220.2601

TIMING: 30000  CPU: 42.7334, 0.0011251/step  Wall: 44.0673, 0.00116567/step, 148.241 ns/days, 0.152185 hours remaining, 0.000000 MB of memory in use.
PERFORMANCE: 30000  averaging 143.259 ns/day, 0.0012062 sec/step with standard deviation 8.0274e-05
ENERGY:   30000       417.5195      1117.1828      1114.9534        72.4497        -114263.5206      9882.9841         0.0000         0.0000     18533.9367         -83124.4945       301.3036   -101658.4311    -82719.0663       301.3849            -64.0232       -63.2717    301562.2707      -199.2718      -197.8331

TIMING: 35000  CPU: 48.5114, 0.00115559/step  Wall: 50.054, 0.00119733/step, 144.321 ns/days, 0.154655 hours remaining, 0.000000 MB of memory in use.
PERFORMANCE: 35000  averaging 143.41 ns/day, 0.00120494 sec/step with standard deviation 7.33565e-05
ENERGY:   35000       425.5248      1149.9194      1120.8368        74.2316        -114374.5617      9902.7773         0.0000         0.0000     18439.4720         -83261.7998       299.7679   -101701.2718    -82786.9080       301.1828            -16.1106       -18.2106    301733.0638      -176.3766      -175.3803

TIMING: 40000  CPU: 54.0576, 0.00110925/step  Wall: 55.7967, 0.00114853/step, 150.453 ns/days, 0.146757 hours remaining, 0.000000 MB of memory in use.
PERFORMANCE: 40000  averaging 144.254 ns/day, 0.00119789 sec/step with standard deviation 7.07821e-05
ENERGY:   40000       429.7091      1125.4790      1114.7490        75.2392        -113629.0821      9624.6864         0.0000         0.0000     18545.2166         -82714.0028       301.4869   -101259.2194    -82778.8074       301.2166            -87.1157       -84.3922    302610.3424      -166.4587      -165.2705

TIMING: 45000  CPU: 59.5846, 0.0011054/step  Wall: 61.5273, 0.00114613/step, 150.768 ns/days, 0.144858 hours remaining, 0.000000 MB of memory in use.
PERFORMANCE: 45000  averaging 144.95 ns/day, 0.00119214 sec/step with standard deviation 6.84214e-05
ENERGY:   45000       411.4567      1147.6813      1118.8895        75.5597        -114072.2717      9860.0122         0.0000         0.0000     18493.2407         -82965.4314       300.6420   -101458.6722    -82797.4698       301.1591           -119.6232      -119.9168    300257.2263      -161.7752      -160.7352

TIMING: 50000  CPU: 65.3354, 0.00115016/step  Wall: 67.4814, 0.00119082/step, 145.11 ns/days, 0.148852 hours remaining, 0.000000 MB of memory in use.
PERFORMANCE: 50000  averaging 144.966 ns/day, 0.001192 sec/step with standard deviation 6.45096e-05
ETITLE:      TS           BOND          ANGLE          DIHED          IMPRP               ELECT            VDW       BOUNDARY           MISC        KINETIC               TOTAL           TEMP      POTENTIAL       TOTALAVG        TEMPAVG            PRESSURE      GPRESSURE         VOLUME       PRESSAVG      GPRESSAVG

ENERGY:   50000       440.3416      1145.3651      1112.0157        77.4601        -114349.3642      9994.3336         0.0000         0.0000     18660.1565         -82919.6915       303.3555   -101579.8481    -82808.5809       301.3588            111.8421       108.5128    301518.7836      -136.9009      -136.2581

TIMING: 55000  CPU: 70.8551, 0.00110394/step  Wall: 73.2483, 0.00115337/step, 149.822 ns/days, 0.142569 hours remaining, 0.000000 MB of memory in use.
PERFORMANCE: 55000  averaging 145.394 ns/day, 0.00118849 sec/step with standard deviation 6.22979e-05
ENERGY:   55000       440.9426      1133.7069      1093.1004        73.0936        -114032.8862      9761.7649         0.0000         0.0000     18643.1842         -82887.0936       303.0796   -101530.2778    -82815.1236       301.5022           -108.1822      -105.5943    301164.4422      -134.5077      -133.7028

TIMING: 60000  CPU: 76.6862, 0.00116622/step  Wall: 79.2825, 0.00120685/step, 143.183 ns/days, 0.147504 hours remaining, 0.000000 MB of memory in use.
PERFORMANCE: 60000  averaging 145.207 ns/day, 0.00119002 sec/step with standard deviation 5.96346e-05
ENERGY:   60000       407.2234      1114.0048      1121.1584        77.1360        -114139.4348      9781.6364         0.0000         0.0000     18628.1505         -83010.1253       302.8352   -101638.2758    -82830.1238       301.6047             72.2221        69.8298    301654.8098      -118.6054      -118.0464

TIMING: 65000  CPU: 82.2191, 0.00110657/step  Wall: 85.0332, 0.00115013/step, 150.244 ns/days, 0.138974 hours remaining, 0.000000 MB of memory in use.
PERFORMANCE: 65000  averaging 145.583 ns/day, 0.00118695 sec/step with standard deviation 5.81578e-05
ENERGY:   65000       411.0976      1118.3548      1125.1606        76.9203        -114177.7358      9827.0431         0.0000         0.0000     18480.0029         -83139.1565       300.4268   -101619.1594    -82852.1975       301.5206            172.2105       170.7085    301249.7831       -97.8328       -97.4211

TIMING: 70000  CPU: 87.7534, 0.00110686/step  Wall: 90.7737, 0.00114811/step, 150.508 ns/days, 0.137136 hours remaining, 0.000000 MB of memory in use.
PERFORMANCE: 70000  averaging 145.924 ns/day, 0.00118418 sec/step with standard deviation 5.68323e-05
ENERGY:   70000       457.0946      1134.6066      1101.0620        79.2079        -114295.1536      9975.8103         0.0000         0.0000     18613.4739         -82933.8983       302.5966   -101547.3722    -82857.6442       301.5923            172.2515       167.1901    300848.8845       -79.8272       -79.7803

TIMING: 75000  CPU: 93.6013, 0.00116959/step  Wall: 96.837, 0.00121266/step, 142.497 ns/days, 0.143161 hours remaining, 0.000000 MB of memory in use.
PERFORMANCE: 75000  averaging 145.69 ns/day, 0.00118608 sec/step with standard deviation 5.52564e-05
ENERGY:   75000       433.8131      1125.8252      1106.3976        65.2776        -113911.1009      9660.5557         0.0000         0.0000     18523.8514         -82995.3802       301.1396   -101519.2316    -82866.2527       301.5640           -155.0614      -155.0719    301618.2673       -84.5293       -84.4860

TIMING: 80000  CPU: 99.1435, 0.00110842/step  Wall: 102.587, 0.00114994/step, 150.269 ns/days, 0.13416 hours remaining, 0.000000 MB of memory in use.
PERFORMANCE: 80000  averaging 145.968 ns/day, 0.00118382 sec/step with standard deviation 5.41418e-05
ENERGY:   80000       422.2332      1113.6130      1136.0472        71.0156        -114321.1504      9880.6144         0.0000         0.0000     18733.8898         -82963.7372       304.5542   -101697.6270    -82871.9871       301.7399            149.5700       144.9492    300390.2184       -70.7588       -70.9899

TIMING: 85000  CPU: 104.843, 0.00113982/step  Wall: 108.495, 0.00118175/step, 146.224 ns/days, 0.13623 hours remaining, 0.000000 MB of memory in use.
PERFORMANCE: 85000  averaging 145.983 ns/day, 0.0011837 sec/step with standard deviation 5.2425e-05
ENERGY:   85000       435.1536      1095.3406      1143.3152        73.7423        -114331.7588      9764.4023         0.0000         0.0000     18696.4392         -83123.3655       303.9453   -101819.8047    -82885.9526       301.8624             31.2812        30.3949    299871.9490       -65.0899       -65.3574

TIMING: 90000  CPU: 110.494, 0.0011303/step  Wall: 114.349, 0.00117079/step, 147.593 ns/days, 0.13334 hours remaining, 0.000000 MB of memory in use.
PERFORMANCE: 90000  averaging 146.072 ns/day, 0.00118298 sec/step with standard deviation 5.09506e-05
ENERGY:   90000       411.1307      1124.0574      1119.9108        75.3147        -113767.6610      9551.4762         0.0000         0.0000     18577.6112         -82908.1601       302.0136   -101485.7713    -82887.1214       301.8704           -201.6589      -198.3549    301394.7434       -72.2777       -72.3572

TIMING: 95000  CPU: 116.084, 0.00111797/step  Wall: 120.143, 0.00115867/step, 149.136 ns/days, 0.130351 hours remaining, 0.000000 MB of memory in use.
PERFORMANCE: 95000  averaging 146.23 ns/day, 0.0011817 sec/step with standard deviation 4.98282e-05
ENERGY:   95000       440.4547      1100.7800      1127.5016        70.6902        -114269.5255      9723.0947         0.0000         0.0000     18753.6153         -83053.3890       304.8748   -101807.0044    -82895.4348       302.0206           -146.8535      -150.0610    300786.1546       -76.0065       -76.2424

TIMING: 100000  CPU: 122.132, 0.0012097/step  Wall: 126.409, 0.00125326/step, 137.881 ns/days, 0.139251 hours remaining, 0.000000 MB of memory in use.
PERFORMANCE: 100000  averaging 145.789 ns/day, 0.00118528 sec/step with standard deviation 5.10703e-05
ETITLE:      TS           BOND          ANGLE          DIHED          IMPRP               ELECT            VDW       BOUNDARY           MISC        KINETIC               TOTAL           TEMP      POTENTIAL       TOTALAVG        TEMPAVG            PRESSURE      GPRESSURE         VOLUME       PRESSAVG      GPRESSAVG

ENERGY:  100000       416.4370      1114.8933      1110.9231        72.3599        -113806.8881      9585.9216         0.0000         0.0000     18663.2077         -82843.1454       303.4051   -101506.3531    -82970.0113       302.2848            -11.0224       -10.5544    299506.1230        -3.8399        -4.1175

TIMING: 105000  CPU: 127.706, 0.00111477/step  Wall: 132.2, 0.00115824/step, 149.192 ns/days, 0.127085 hours remaining, 0.000000 MB of memory in use.
PERFORMANCE: 105000  averaging 145.947 ns/day, 0.00118399 sec/step with standard deviation 5.01256e-05
ENERGY:  105000       414.0062      1053.7682      1116.3141        70.4938        -113989.5002      9833.4933         0.0000         0.0000     18503.1321         -82998.2924       300.8028   -101501.4245    -82981.1314       302.1582            263.4359       260.5163    299944.2572        -6.6029        -7.0654

TIMING: 110000  CPU: 133.399, 0.00113863/step  Wall: 138.114, 0.00118274/step, 146.102 ns/days, 0.12813 hours remaining, 0.000000 MB of memory in use.
PERFORMANCE: 110000  averaging 145.954 ns/day, 0.00118393 sec/step with standard deviation 4.89183e-05
ENERGY:  110000       403.0881      1132.4265      1111.9774        74.5136        -114221.9509     10071.4207         0.0000         0.0000     18728.3617         -82700.1629       304.4643   -101428.5246    -82985.1689       302.3196            294.6312       291.4632    300229.0700        14.1084        13.3058

TIMING: 115000  CPU: 139.078, 0.00113572/step  Wall: 144.015, 0.00118026/step, 146.408 ns/days, 0.126222 hours remaining, 0.000000 MB of memory in use.
PERFORMANCE: 115000  averaging 145.974 ns/day, 0.00118377 sec/step with standard deviation 4.77998e-05
ENERGY:  115000       436.1251      1133.2585      1133.1901        75.2797        -113733.3946      9526.9103         0.0000         0.0000     18445.2675         -82983.3634       299.8621   -101428.6309    -82970.4617       302.3336           -210.2459      -209.4631    301249.0566        -5.1914        -5.9901

TIMING: 120000  CPU: 144.627, 0.00110983/step  Wall: 149.768, 0.00115049/step, 150.197 ns/days, 0.12144 hours remaining, 0.000000 MB of memory in use.
PERFORMANCE: 120000  averaging 146.145 ns/day, 0.00118239 sec/step with standard deviation 4.72403e-05
ENERGY:  120000       406.2184      1144.9914      1109.5789        71.0221        -113993.2162      9766.9510         0.0000         0.0000     18666.0145         -82828.4400       303.4507   -101494.4544    -82960.6262       302.3636             93.0378        92.3229    300959.1684         2.6369         1.5129

TIMING: 125000  CPU: 150.424, 0.00115926/step  Wall: 155.77, 0.00120057/step, 143.932 ns/days, 0.125059 hours remaining, 0.000000 MB of memory in use.
PERFORMANCE: 125000  averaging 146.055 ns/day, 0.00118311 sec/step with standard deviation 4.63884e-05
ENERGY:  125000       433.5630      1134.9072      1127.1013        74.0222        -114089.6247      9721.9366         0.0000         0.0000     18492.2940         -83105.8004       300.6266   -101598.0943    -82972.9465       302.2317           -109.2819      -115.0127    302188.1141         6.5652         5.2992

TIMING: 130000  CPU: 155.975, 0.00111021/step  Wall: 161.532, 0.00115233/step, 149.957 ns/days, 0.118434 hours remaining, 0.000000 MB of memory in use.
PERFORMANCE: 130000  averaging 146.202 ns/day, 0.00118193 sec/step with standard deviation 4.58503e-05
ENERGY:  130000       395.0573      1126.1377      1127.9343        75.9112        -114165.6941      9951.0718         0.0000         0.0000     18570.2415         -82919.3403       301.8938   -101489.5818    -82962.6888       302.2612            191.1877       192.7448    299827.2475        19.3257        18.1000

TIMING: 135000  CPU: 161.583, 0.0011217/step  Wall: 167.345, 0.00116248/step, 148.648 ns/days, 0.117862 hours remaining, 0.000000 MB of memory in use.
PERFORMANCE: 135000  averaging 146.291 ns/day, 0.00118121 sec/step with standard deviation 4.51155e-05
ENERGY:  135000       421.6876      1128.8514      1106.3386        71.0792        -114294.8495      9856.0845         0.0000         0.0000     18733.5419         -82977.2662       304.5485   -101710.8081    -82948.4621       302.5002             34.0991        32.5731    300691.7378        21.8362        20.6392

TIMING: 140000  CPU: 167.346, 0.00115254/step  Wall: 173.325, 0.001196/step, 144.482 ns/days, 0.1196 hours remaining, 0.000000 MB of memory in use.
PERFORMANCE: 140000  averaging 146.225 ns/day, 0.00118174 sec/step with standard deviation 4.43602e-05
ENERGY:  140000       432.2718      1134.3141      1137.4343        65.2187        -114423.1977      9908.3919         0.0000         0.0000     18635.0824         -83110.4845       302.9479   -101745.5670    -82968.2862       302.5732            101.0233        97.0786    299697.8282        31.2432        29.7128

TIMING: 145000  CPU: 172.893, 0.00110955/step  Wall: 179.081, 0.00115123/step, 150.1 ns/days, 0.113524 hours remaining, 0.000000 MB of memory in use.
PERFORMANCE: 145000  averaging 146.356 ns/day, 0.00118069 sec/step with standard deviation 4.39277e-05
ENERGY:  145000       429.2837      1108.5617      1104.0736        69.3402        -114127.7421      9899.4162         0.0000         0.0000     18578.6389         -82938.4278       302.0303   -101517.0667    -82966.9360       302.6427            276.9224       277.3972    300107.9360        51.0704        49.5785

TIMING: 150000  CPU: 178.71, 0.00116331/step  Wall: 185.105, 0.00120491/step, 143.413 ns/days, 0.117144 hours remaining, 0.000000 MB of memory in use.
PERFORMANCE: 150000  averaging 146.256 ns/day, 0.00118149 sec/step with standard deviation 4.33896e-05
ETITLE:      TS           BOND          ANGLE          DIHED          IMPRP               ELECT            VDW       BOUNDARY           MISC        KINETIC               TOTAL           TEMP      POTENTIAL       TOTALAVG        TEMPAVG            PRESSURE      GPRESSURE         VOLUME       PRESSAVG      GPRESSAVG

ENERGY:  150000       416.7912      1152.8159      1142.5043        80.8282        -114046.3271      9806.9859         0.0000         0.0000     18622.2950         -82824.1065       302.7400   -101446.4016    -82962.1568       302.6119            139.1106       136.1151    300550.1363        52.4339        50.9586

TIMING: 155000  CPU: 184.225, 0.00110299/step  Wall: 190.835, 0.00114597/step, 150.789 ns/days, 0.109823 hours remaining, 0.000000 MB of memory in use.
PERFORMANCE: 155000  averaging 146.398 ns/day, 0.00118035 sec/step with standard deviation 4.31347e-05
ENERGY:  155000       442.0272      1089.9639      1120.6455        73.5083        -113873.8074      9696.4582         0.0000         0.0000     18461.5688         -82989.6355       300.1271   -101451.2043    -82967.2839       302.4643            -36.1053       -38.5266    300157.9777        56.0377        54.3120

TIMING: 160000  CPU: 189.775, 0.00111003/step  Wall: 196.601, 0.00115312/step, 149.855 ns/days, 0.108905 hours remaining, 0.000000 MB of memory in use.
PERFORMANCE: 160000  averaging 146.503 ns/day, 0.0011795 sec/step with standard deviation 4.27055e-05
ENERGY:  160000       439.8990      1143.6223      1153.1026        72.9560        -114279.9918      9930.3819         0.0000         0.0000     18511.7861         -83028.2439       300.9435   -101540.0300    -82968.1898       302.3697            313.1779       310.7527    300085.5460        68.0855        66.3581

TIMING: 165000  CPU: 195.551, 0.00115527/step  Wall: 202.592, 0.00119836/step, 144.197 ns/days, 0.111514 hours remaining, 0.000000 MB of memory in use.
PERFORMANCE: 165000  averaging 146.432 ns/day, 0.00118007 sec/step with standard deviation 4.2161e-05
ENERGY:  165000       454.0572      1118.8153      1126.5304        68.9617        -113578.1940      9662.0200         0.0000         0.0000     18632.0333         -82515.7761       302.8983   -101147.8094    -82937.0208       302.4933            -99.2377       -98.1302    301664.7764        54.5131        52.9162

TIMING: 170000  CPU: 201.21, 0.00113181/step  Wall: 208.471, 0.00117563/step, 146.985 ns/days, 0.107766 hours remaining, 0.000000 MB of memory in use.
PERFORMANCE: 170000  averaging 146.448 ns/day, 0.00117994 sec/step with standard deviation 4.15243e-05
ENERGY:  170000       417.1172      1139.3732      1098.2947        78.0323        -114052.6359      9834.7672         0.0000         0.0000     18560.4657         -82924.5854       301.7348   -101485.0511    -82936.5551       302.4502            210.6504       211.1495    299918.0886        56.4330        55.1141

TIMING: 175000  CPU: 207.001, 0.00115811/step  Wall: 214.48, 0.0012018/step, 143.784 ns/days, 0.108496 hours remaining, 0.000000 MB of memory in use.
PERFORMANCE: 175000  averaging 146.371 ns/day, 0.00118056 sec/step with standard deviation 4.10757e-05
ENERGY:  175000       420.9731      1136.5378      1124.6692        73.0543        -114538.3140     10088.3587         0.0000         0.0000     18544.9440         -83149.7769       301.4825   -101694.7209    -82944.2750       302.4673            131.7625       134.3095    300232.0835        70.7742        69.5832

TIMING: 180000  CPU: 212.57, 0.00111377/step  Wall: 220.257, 0.00115557/step, 149.537 ns/days, 0.102717 hours remaining, 0.000000 MB of memory in use.
PERFORMANCE: 180000  averaging 146.457 ns/day, 0.00117987 sec/step with standard deviation 4.06984e-05
ENERGY:  180000       467.9718      1103.9402      1109.1342        80.5733        -113863.3432      9463.5211         0.0000         0.0000     18677.0258         -82961.1767       303.6297   -101638.2025    -82944.1470       302.4211           -469.5199      -468.9869    301240.4179        39.8197        38.8864

TIMING: 185000  CPU: 218.136, 0.00111322/step  Wall: 226.015, 0.00115148/step, 150.067 ns/days, 0.100755 hours remaining, 0.000000 MB of memory in use.
PERFORMANCE: 185000  averaging 146.552 ns/day, 0.0011791 sec/step with standard deviation 4.03996e-05
ENERGY:  185000       436.1693      1106.2966      1132.7489        72.5997        -114302.5754      9807.8656         0.0000         0.0000     18650.7907         -83096.1046       303.2032   -101746.8953    -82942.7839       302.3840           -103.2524      -101.0651    300603.5351        33.0931        32.3134

TIMING: 190000  CPU: 223.934, 0.00115952/step  Wall: 232.021, 0.00120123/step, 143.853 ns/days, 0.103439 hours remaining, 0.000000 MB of memory in use.
PERFORMANCE: 190000  averaging 146.48 ns/day, 0.00117968 sec/step with standard deviation 4.00112e-05
ENERGY:  190000       446.9873      1127.4863      1124.6900        77.2782        -113951.9451      9671.3972         0.0000         0.0000     18607.9035         -82896.2026       302.5060   -101504.1061    -82942.1860       302.4086            -71.0323       -72.5326    300802.2217        39.6244        38.6045

TIMING: 195000  CPU: 229.507, 0.00111472/step  Wall: 237.79, 0.00115383/step, 149.761 ns/days, 0.0977554 hours remaining, 0.000000 MB of memory in use.
PERFORMANCE: 195000  averaging 146.562 ns/day, 0.00117902 sec/step with standard deviation 3.96976e-05
ENERGY:  195000       406.8114      1159.5472      1129.5945        81.7649        -114023.4590      9735.3525         0.0000         0.0000     18427.7670         -83082.6214       299.5776   -101510.3884    -82943.6476       302.1437              6.5557         4.7915    301393.0179        47.2948        46.3471

TIMING: 200000  CPU: 235.258, 0.00115019/step  Wall: 243.754, 0.00119274/step, 144.877 ns/days, 0.0993947 hours remaining, 0.000000 MB of memory in use.
PERFORMANCE: 200000  averaging 146.52 ns/day, 0.00117936 sec/step with standard deviation 3.92454e-05
ETITLE:      TS           BOND          ANGLE          DIHED          IMPRP               ELECT            VDW       BOUNDARY           MISC        KINETIC               TOTAL           TEMP      POTENTIAL       TOTALAVG        TEMPAVG            PRESSURE      GPRESSURE         VOLUME       PRESSAVG      GPRESSAVG

ENERGY:  200000       440.9694      1114.7275      1116.9279        79.8169        -114175.3029      9721.4277         0.0000         0.0000     18311.5861         -83389.8474       297.6888   -101701.4335    -82970.9827       301.8579           -204.0552      -208.4527    300641.8713        37.6432        36.4522

TIMING: 205000  CPU: 240.898, 0.00112791/step  Wall: 249.607, 0.0011707/step, 147.604 ns/days, 0.0959326 hours remaining, 0.000000 MB of memory in use.
PERFORMANCE: 205000  averaging 146.546 ns/day, 0.00117915 sec/step with standard deviation 3.87753e-05
ENERGY:  205000       468.8242      1105.4460      1132.7803        62.4486        -114039.4859      9807.8682         0.0000         0.0000     18696.9694         -82765.1490       303.9540   -101462.1184    -82959.3256       302.0155             74.0333        77.6150    301019.6451        28.1731        27.3072

TIMING: 210000  CPU: 246.431, 0.00110669/step  Wall: 255.356, 0.00114969/step, 150.301 ns/days, 0.0926139 hours remaining, 0.000000 MB of memory in use.
PERFORMANCE: 210000  averaging 146.633 ns/day, 0.00117845 sec/step with standard deviation 3.85684e-05
ENERGY:  210000       440.2615      1097.7746      1103.4901        79.2858        -114177.3373      9748.8745         0.0000         0.0000     18819.7533         -82887.8975       305.9500   -101707.6508    -82968.7123       302.0898           -229.7864      -223.3804    300875.5221         1.9522         1.5650

TIMING: 215000  CPU: 252.231, 0.00115994/step  Wall: 261.371, 0.00120302/step, 143.639 ns/days, 0.0952387 hours remaining, 0.000000 MB of memory in use.
PERFORMANCE: 215000  averaging 146.562 ns/day, 0.00117902 sec/step with standard deviation 3.82901e-05
ENERGY:  215000       425.9456      1109.4637      1107.0211        78.5978        -113859.9420      9785.1716         0.0000         0.0000     18550.5563         -82803.1860       301.5737   -101353.7422    -82959.7034       302.1754            -82.1745       -83.8402    301959.6444         8.3558         7.8461

TIMING: 220000  CPU: 257.859, 0.00112555/step  Wall: 267.201, 0.00116609/step, 148.187 ns/days, 0.090696 hours remaining, 0.000000 MB of memory in use.
PERFORMANCE: 220000  averaging 146.599 ns/day, 0.00117873 sec/step with standard deviation 3.78925e-05
ENERGY:  220000       479.3407      1110.9850      1113.1256        94.2723        -113907.7691      9705.6800         0.0000         0.0000     18739.7102         -82664.6553       304.6488   -101404.3655    -82951.5142       302.2353            -29.7579       -28.3090    301319.6770         2.2160         1.8145

TIMING: 225000  CPU: 263.536, 0.00113556/step  Wall: 273.091, 0.00117795/step, 146.696 ns/days, 0.0899821 hours remaining, 0.000000 MB of memory in use.
PERFORMANCE: 225000  averaging 146.601 ns/day, 0.00117871 sec/step with standard deviation 3.74596e-05
ENERGY:  225000       422.5442      1137.4789      1128.3832        66.6998        -114479.2446      9842.5040         0.0000         0.0000     18486.7910         -83394.8434       300.5371   -101881.6344    -82965.9664       302.2308            119.2577       118.7146    299522.1141        13.6430        13.5009

TIMING: 230000  CPU: 269.218, 0.00113634/step  Wall: 278.99, 0.00117968/step, 146.481 ns/days, 0.0884757 hours remaining, 0.000000 MB of memory in use.
PERFORMANCE: 230000  averaging 146.598 ns/day, 0.00117873 sec/step with standard deviation 3.70413e-05
ENERGY:  230000       418.1992      1127.4020      1129.4619        72.7906        -114545.9613     10055.1629         0.0000         0.0000     18622.8294         -83120.1154       302.7487   -101742.9448    -82976.0051       302.2735            190.3943       191.5832    299672.5068        13.6033        13.4428

TIMING: 235000  CPU: 274.775, 0.00111146/step  Wall: 284.771, 0.00115626/step, 149.447 ns/days, 0.0851135 hours remaining, 0.000000 MB of memory in use.
PERFORMANCE: 235000  averaging 146.658 ns/day, 0.00117825 sec/step with standard deviation 3.67828e-05
ENERGY:  235000       419.7537      1125.7714      1102.0491        71.1482        -113953.8754      9731.0089         0.0000         0.0000     18621.4547         -82882.6895       302.7263   -101504.1442    -82971.2763       302.1824             58.8352        56.7697    301377.1969        14.8401        14.6526

TIMING: 240000  CPU: 280.512, 0.00114732/step  Wall: 290.709, 0.00118771/step, 145.49 ns/days, 0.0857792 hours remaining, 0.000000 MB of memory in use.
PERFORMANCE: 240000  averaging 146.633 ns/day, 0.00117845 sec/step with standard deviation 3.6415e-05
ENERGY:  240000       454.6661      1133.2718      1119.2347        85.2349        -113723.0354      9640.8236         0.0000         0.0000     18453.7549         -82836.0496       300.0001   -101289.8045    -82957.5545       302.0350           -233.7019      -232.2467    300513.6717        -1.8962        -1.8136

TIMING: 245000  CPU: 286.041, 0.00110578/step  Wall: 296.446, 0.0011473/step, 150.614 ns/days, 0.0812673 hours remaining, 0.000000 MB of memory in use.
PERFORMANCE: 245000  averaging 146.712 ns/day, 0.00117782 sec/step with standard deviation 3.63074e-05
ENERGY:  245000       429.5686      1124.7182      1125.6372        72.8479        -114270.3649      9734.9169         0.0000         0.0000     18578.7723         -83203.9038       302.0325   -101782.6761    -82970.8283       302.0351           -226.7615      -227.3562    300369.4784       -27.0804       -27.0513

TIMING: 250000  CPU: 291.648, 0.00112153/step  Wall: 302.25, 0.00116074/step, 148.87 ns/days, 0.0806071 hours remaining, 0.000000 MB of memory in use.
PERFORMANCE: 250000  averaging 146.755 ns/day, 0.00117747 sec/step with standard deviation 3.6016e-05
ETITLE:      TS           BOND          ANGLE          DIHED          IMPRP               ELECT            VDW       BOUNDARY           MISC        KINETIC               TOTAL           TEMP      POTENTIAL       TOTALAVG        TEMPAVG            PRESSURE      GPRESSURE         VOLUME       PRESSAVG      GPRESSAVG

ENERGY:  250000       438.1224      1142.8016      1079.5356        71.5936        -113855.7628      9704.8289         0.0000         0.0000     18452.1259         -82966.7547       299.9736   -101418.8806    -82977.9607       301.8968             65.0204        63.4590    300302.6657       -30.7849       -30.6841

TIMING: 255000  CPU: 297.429, 0.00115601/step  Wall: 308.232, 0.00119642/step, 144.431 ns/days, 0.0814231 hours remaining, 0.000000 MB of memory in use.
PERFORMANCE: 255000  averaging 146.709 ns/day, 0.00117785 sec/step with standard deviation 3.57526e-05
ENERGY:  255000       418.8770      1118.9012      1105.1354        71.2636        -114143.0466      9823.4084         0.0000         0.0000     18821.1786         -82784.2823       305.9732   -101605.4609    -82967.6931       302.1891            144.3192       139.4775    300589.1765       -21.7636       -21.7839

TIMING: 260000  CPU: 302.992, 0.00111269/step  Wall: 313.993, 0.00115217/step, 149.978 ns/days, 0.0768114 hours remaining, 0.000000 MB of memory in use.
PERFORMANCE: 260000  averaging 146.77 ns/day, 0.00117735 sec/step with standard deviation 3.55789e-05
ENERGY:  260000       428.1162      1142.7402      1142.2304        75.8588        -113986.2403      9880.3434         0.0000         0.0000     18737.2759         -82579.6754       304.6092   -101316.9512    -82945.2647       302.3724            244.2098       242.7643    300528.3842       -25.2120       -25.1833

TIMING: 265000  CPU: 308.781, 0.00115777/step  Wall: 320.004, 0.00120225/step, 143.731 ns/days, 0.0784799 hours remaining, 0.000000 MB of memory in use.
PERFORMANCE: 265000  averaging 146.712 ns/day, 0.00117782 sec/step with standard deviation 3.54007e-05
ENERGY:  265000       416.8536      1114.4554      1122.7842        72.0307        -114122.0356      9788.2471         0.0000         0.0000     18637.8295         -82969.8351       302.9925   -101607.6647    -82967.9676       302.3771             35.2074        40.2169    300710.9167       -18.4898       -18.2659

TIMING: 270000  CPU: 314.342, 0.00111231/step  Wall: 325.769, 0.00115305/step, 149.863 ns/days, 0.0736672 hours remaining, 0.000000 MB of memory in use.
PERFORMANCE: 270000  averaging 146.769 ns/day, 0.00117736 sec/step with standard deviation 3.52268e-05
ENERGY:  270000       456.5191      1130.8595      1127.0661        77.8267        -113982.8215      9715.3008         0.0000         0.0000     18565.9904         -82909.2590       301.8247   -101475.2494    -82967.2013       302.3816             99.6459       102.6691    300533.2100       -24.0400       -23.6900

TIMING: 275000  CPU: 319.904, 0.00111233/step  Wall: 331.535, 0.0011532/step, 149.843 ns/days, 0.0720752 hours remaining, 0.000000 MB of memory in use.
PERFORMANCE: 275000  averaging 146.824 ns/day, 0.00117692 sec/step with standard deviation 3.50508e-05
ENERGY:  275000       415.0152      1062.9629      1129.1570        70.8532        -114302.3309      9867.9829         0.0000         0.0000     18620.5672         -83135.7926       302.7119   -101756.3597    -82966.5021       302.4431            287.5018       287.1085    299135.0157       -16.2531       -16.0500

TIMING: 280000  CPU: 325.71, 0.00116122/step  Wall: 337.567, 0.00120632/step, 143.245 ns/days, 0.0737196 hours remaining, 0.000000 MB of memory in use.
PERFORMANCE: 280000  averaging 146.758 ns/day, 0.00117745 sec/step with standard deviation 3.49522e-05
ENERGY:  280000       436.5956      1137.2369      1101.0303        77.6615        -113865.4009      9689.7489         0.0000         0.0000     18707.6421         -82715.4855       304.1275   -101423.1276    -82954.2175       302.4680             27.0236        26.8573    299411.3557         8.5741         8.7422

TIMING: 285000  CPU: 331.263, 0.00111056/step  Wall: 343.323, 0.0011512/step, 150.104 ns/days, 0.0687525 hours remaining, 0.000000 MB of memory in use.
PERFORMANCE: 285000  averaging 146.815 ns/day, 0.00117699 sec/step with standard deviation 3.48127e-05
ENERGY:  285000       393.9704      1111.0154      1120.8911        78.8487        -114089.2263      9813.3030         0.0000         0.0000     18737.3366         -82833.8609       304.6102   -101571.1976    -82941.1053       302.5383             79.3351        79.2598    300802.8131        17.7035        17.7584

TIMING: 290000  CPU: 337.045, 0.00115633/step  Wall: 349.331, 0.00120176/step, 143.789 ns/days, 0.0701026 hours remaining, 0.000000 MB of memory in use.
PERFORMANCE: 290000  averaging 146.762 ns/day, 0.00117741 sec/step with standard deviation 3.46589e-05
ENERGY:  290000       429.2531      1112.8961      1117.2852        69.7038        -113751.4272      9656.5576         0.0000         0.0000     18528.1362         -82837.5951       301.2093   -101365.7313    -82938.1749       302.4735             -5.2791        -4.8259    301050.3314        20.9912        21.1438

TIMING: 295000  CPU: 342.583, 0.00110763/step  Wall: 355.081, 0.00114994/step, 150.269 ns/days, 0.0654826 hours remaining, 0.000000 MB of memory in use.
PERFORMANCE: 295000  averaging 146.82 ns/day, 0.00117695 sec/step with standard deviation 3.45445e-05
ENERGY:  295000       422.9013      1107.7105      1096.7956        94.9841        -114375.9007      9835.4259         0.0000         0.0000     18603.8551         -83214.2283       302.4402   -101818.0834    -82944.7553       302.6166           -116.0972      -115.2085    300508.2383        14.8585        15.1438

TIMING: 300000  CPU: 348.199, 0.00112334/step  Wall: 360.902, 0.0011641/step, 148.441 ns/days, 0.0646722 hours remaining, 0.000000 MB of memory in use.
PERFORMANCE: 300000  averaging 146.847 ns/day, 0.00117673 sec/step with standard deviation 3.42907e-05
ETITLE:      TS           BOND          ANGLE          DIHED          IMPRP               ELECT            VDW       BOUNDARY           MISC        KINETIC               TOTAL           TEMP      POTENTIAL       TOTALAVG        TEMPAVG            PRESSURE      GPRESSURE         VOLUME       PRESSAVG      GPRESSAVG

ENERGY:  300000       420.1201      1108.5818      1119.5895        70.4428        -114132.6623      9934.6292         0.0000         0.0000     18532.3933         -82946.9055       301.2785   -101479.2989    -82922.6082       302.7961            103.6187       110.4422    300882.7429        30.2422        31.0885

TIMING: 305000  CPU: 353.992, 0.00115859/step  Wall: 366.911, 0.0012018/step, 143.784 ns/days, 0.0650975 hours remaining, 0.000000 MB of memory in use.
PERFORMANCE: 305000  averaging 146.796 ns/day, 0.00117715 sec/step with standard deviation 3.41548e-05
ENERGY:  305000       456.2714      1176.5289      1134.6951        75.8627        -114337.0963      9828.1372         0.0000         0.0000     18623.9287         -83041.6723       302.7666   -101665.6010    -82936.4344       302.7367             46.7556        36.4618    300552.0815        28.8783        29.0309

TIMING: 310000  CPU: 359.598, 0.0011212/step  Wall: 372.724, 0.00116266/step, 148.624 ns/days, 0.0613629 hours remaining, 0.000000 MB of memory in use.
PERFORMANCE: 310000  averaging 146.825 ns/day, 0.00117691 sec/step with standard deviation 3.39236e-05
ENERGY:  310000       425.6908      1124.3370      1114.4681        74.6793        -113524.2409      9619.7271         0.0000         0.0000     18475.6762         -82689.6624       300.3564   -101165.3386    -82926.5226       302.4570            -42.9987       -39.6799    300701.3901        38.2177        38.2159

TIMING: 315000  CPU: 365.325, 0.00114533/step  Wall: 378.675, 0.0011901/step, 145.197 ns/days, 0.0611582 hours remaining, 0.000000 MB of memory in use.
PERFORMANCE: 315000  averaging 146.799 ns/day, 0.00117712 sec/step with standard deviation 3.36899e-05
ENERGY:  315000       397.3836      1071.8890      1103.0378        82.9626        -113751.5929      9807.2056         0.0000         0.0000     18665.4100         -82623.7042       303.4409   -101289.1142    -82917.5485       302.5504            297.7139       298.9374    301524.1797        57.2121        57.3548

TIMING: 320000  CPU: 370.989, 0.00113282/step  Wall: 384.539, 0.00117296/step, 147.32 ns/days, 0.058648 hours remaining, 0.000000 MB of memory in use.
PERFORMANCE: 320000  averaging 146.807 ns/day, 0.00117706 sec/step with standard deviation 3.34255e-05
ENERGY:  320000       429.5933      1143.8255      1125.6815        70.4280        -114214.1045      9838.6573         0.0000         0.0000     18560.3871         -83045.5318       301.7336   -101605.9189    -82936.5923       302.4046            152.6528       155.1788    301243.1616        66.3327        66.5292

TIMING: 325000  CPU: 376.598, 0.00112173/step  Wall: 390.348, 0.00116183/step, 148.731 ns/days, 0.056478 hours remaining, 0.000000 MB of memory in use.
PERFORMANCE: 325000  averaging 146.836 ns/day, 0.00117682 sec/step with standard deviation 3.32171e-05
ENERGY:  325000       428.9306      1068.5209      1120.8994        70.5987        -113970.5647      9790.1233         0.0000         0.0000     18640.2240         -82851.2678       303.0315   -101491.4918    -82909.4136       302.5294            169.1557       171.5690    299829.8795        68.8276        69.1719

TIMING: 330000  CPU: 382.323, 0.00114503/step  Wall: 396.284, 0.00118715/step, 145.559 ns/days, 0.0560599 hours remaining, 0.000000 MB of memory in use.
PERFORMANCE: 330000  averaging 146.817 ns/day, 0.00117698 sec/step with standard deviation 3.29851e-05
ENERGY:  330000       454.9936      1120.3210      1147.3506        73.0736        -114372.0811      9949.1622         0.0000         0.0000     18621.9634         -83005.2167       302.7346   -101627.1801    -82903.6686       302.5287             11.0876        12.0180    300083.0783        59.8622        60.1936

TIMING: 335000  CPU: 387.868, 0.00110896/step  Wall: 402.03, 0.00114914/step, 150.373 ns/days, 0.0526689 hours remaining, 0.000000 MB of memory in use.
PERFORMANCE: 335000  averaging 146.868 ns/day, 0.00117656 sec/step with standard deviation 3.29105e-05
ENERGY:  335000       419.3491      1162.9569      1097.7606        78.2301        -114198.8536      9961.6137         0.0000         0.0000     18523.1079         -82955.8353       301.1275   -101478.9432    -82907.3259       302.4487             11.0704        12.2460    301797.9240        57.4740        57.9674

TIMING: 340000  CPU: 393.563, 0.0011391/step  Wall: 407.92, 0.00117794/step, 146.696 ns/days, 0.0523531 hours remaining, 0.000000 MB of memory in use.
PERFORMANCE: 340000  averaging 146.866 ns/day, 0.00117658 sec/step with standard deviation 3.26644e-05
ENERGY:  340000       404.5240      1100.4753      1117.0960        71.3349        -114178.0855      9763.0171         0.0000         0.0000     18598.5896         -83123.0486       302.3546   -101721.6382    -82921.6759       302.5664            -37.2782       -37.0135    300029.1809        67.2952        67.7291

TIMING: 345000  CPU: 399.251, 0.00113746/step  Wall: 413.82, 0.00118016/step, 146.42 ns/days, 0.0508126 hours remaining, 0.000000 MB of memory in use.
PERFORMANCE: 345000  averaging 146.859 ns/day, 0.00117664 sec/step with standard deviation 3.24262e-05
ENERGY:  345000       434.6313      1134.0401      1099.3782        63.0185        -114122.2811      9799.2835         0.0000         0.0000     18609.7781         -82982.1514       302.5365   -101591.9294    -82910.5882       302.5916           -110.5145      -113.4276    300972.9661        73.1075        73.4255

TIMING: 350000  CPU: 404.796, 0.00110911/step  Wall: 419.565, 0.00114894/step, 150.399 ns/days, 0.0478727 hours remaining, 0.000000 MB of memory in use.
PERFORMANCE: 350000  averaging 146.909 ns/day, 0.00117624 sec/step with standard deviation 3.236e-05
ETITLE:      TS           BOND          ANGLE          DIHED          IMPRP               ELECT            VDW       BOUNDARY           MISC        KINETIC               TOTAL           TEMP      POTENTIAL       TOTALAVG        TEMPAVG            PRESSURE      GPRESSURE         VOLUME       PRESSAVG      GPRESSAVG

ENERGY:  350000       423.5826      1129.5187      1114.6223        64.1789        -113829.6850      9751.6182         0.0000         0.0000     18802.1190         -82544.0455       305.6634   -101346.1644    -82889.4528       302.8761             46.8169        47.8828    300668.3146        72.1973        72.6467

TIMING: 355000  CPU: 410.742, 0.00118925/step  Wall: 425.735, 0.00123388/step, 140.046 ns/days, 0.0496979 hours remaining, 0.000000 MB of memory in use.
PERFORMANCE: 355000  averaging 146.807 ns/day, 0.00117705 sec/step with standard deviation 3.28482e-05
ENERGY:  355000       427.3847      1160.2645      1106.0515        74.9097        -113902.0336      9678.8925         0.0000         0.0000     18570.1043         -82884.4264       301.8915   -101454.5307    -82894.4600       302.6721            164.5337       161.0766    300240.1956        73.2081        73.7267

TIMING: 360000  CPU: 416.278, 0.00110722/step  Wall: 431.477, 0.00114841/step, 150.469 ns/days, 0.0446604 hours remaining, 0.000000 MB of memory in use.
PERFORMANCE: 360000  averaging 146.857 ns/day, 0.00117665 sec/step with standard deviation 3.27902e-05
ENERGY:  360000       450.5079      1165.2092      1120.0099        71.3002        -114120.2276      9792.0391         0.0000         0.0000     18553.8525         -82967.3089       301.6273   -101521.1614    -82913.8417       302.5230            -73.3739       -76.6801    300958.2632        57.3289        57.7544

TIMING: 365000  CPU: 421.928, 0.00112992/step  Wall: 437.328, 0.00117028/step, 147.657 ns/days, 0.0438854 hours remaining, 0.000000 MB of memory in use.
PERFORMANCE: 365000  averaging 146.868 ns/day, 0.00117657 sec/step with standard deviation 3.25703e-05
ENERGY:  365000       436.1029      1143.2812      1132.6522        73.7693        -113599.1633      9438.6986         0.0000         0.0000     18758.6761         -82615.9829       304.9571   -101374.6590    -82896.1491       302.6212           -349.5465      -352.3931    301932.7875        38.0912        38.1239

TIMING: 370000  CPU: 427.827, 0.00117977/step  Wall: 443.447, 0.00122381/step, 141.199 ns/days, 0.044193 hours remaining, 0.000000 MB of memory in use.
PERFORMANCE: 370000  averaging 146.788 ns/day, 0.00117721 sec/step with standard deviation 3.28093e-05
ENERGY:  370000       437.7742      1145.3590      1114.6834        78.4662        -114004.8119      9889.4141         0.0000         0.0000     18581.1142         -82758.0007       302.0705   -101339.1149    -82888.5861       302.6335            141.6463       143.1440    301496.5344        40.1912        40.1477

TIMING: 375000  CPU: 433.403, 0.00111521/step  Wall: 449.245, 0.00115959/step, 149.018 ns/days, 0.0402637 hours remaining, 0.000000 MB of memory in use.
PERFORMANCE: 375000  averaging 146.818 ns/day, 0.00117697 sec/step with standard deviation 3.26502e-05
ENERGY:  375000       447.9781      1087.3485      1115.8216        67.5193        -114056.7168      9652.6022         0.0000         0.0000     18621.9945         -83063.4526       302.7351   -101685.4471    -82884.9691       302.6346             18.5347        18.7546    299402.6973        26.7428        26.7300

TIMING: 380000  CPU: 439.204, 0.00116018/step  Wall: 455.259, 0.00120286/step, 143.657 ns/days, 0.0400954 hours remaining, 0.000000 MB of memory in use.
PERFORMANCE: 380000  averaging 146.775 ns/day, 0.00117731 sec/step with standard deviation 3.25675e-05
ENERGY:  380000       460.9628      1142.2055      1104.5534        69.9202        -114273.2080      9867.4131         0.0000         0.0000     18446.6845         -83181.4686       299.8851   -101628.1530    -82908.2683       302.4225            -40.0214       -40.6626    301365.5798        23.3906        23.3540

TIMING: 385000  CPU: 444.761, 0.00111136/step  Wall: 461.018, 0.0011517/step, 150.039 ns/days, 0.0367904 hours remaining, 0.000000 MB of memory in use.
PERFORMANCE: 385000  averaging 146.817 ns/day, 0.00117698 sec/step with standard deviation 3.2484e-05
ENERGY:  385000       443.7103      1132.2221      1136.0820        67.0852        -114115.8843      9911.4296         0.0000         0.0000     18706.5993         -82718.7558       304.1105   -101425.3551    -82902.5130       302.3975            151.8367       151.9622    301096.6163        27.0157        26.9891

TIMING: 390000  CPU: 450.339, 0.00111564/step  Wall: 466.801, 0.00115664/step, 149.399 ns/days, 0.0353417 hours remaining, 0.000000 MB of memory in use.
PERFORMANCE: 390000  averaging 146.849 ns/day, 0.00117672 sec/step with standard deviation 3.23544e-05
ENERGY:  390000       412.7635      1141.8622      1122.6109        80.5803        -114102.8252      9814.9721         0.0000         0.0000     18607.0614         -82922.9748       302.4923   -101530.0362    -82906.7820       302.4617             63.9274        60.3710    301166.5187        30.4760        30.2490

TIMING: 395000  CPU: 456.146, 0.00116143/step  Wall: 472.814, 0.00120269/step, 143.678 ns/days, 0.0350784 hours remaining, 0.000000 MB of memory in use.
PERFORMANCE: 395000  averaging 146.808 ns/day, 0.00117705 sec/step with standard deviation 3.22789e-05
ENERGY:  395000       422.2570      1138.6289      1127.6759        70.3322        -114156.2497      9834.9508         0.0000         0.0000     18549.6241         -83012.7808       301.5586   -101562.4049    -82896.7097       302.4176            -80.0492       -83.0251    301024.9392        32.2784        31.8581

TIMING: 400000  CPU: 461.741, 0.001119/step  Wall: 478.615, 0.00116002/step, 148.963 ns/days, 0.0322227 hours remaining, 0.000000 MB of memory in use.
PERFORMANCE: 400000  averaging 146.835 ns/day, 0.00117683 sec/step with standard deviation 3.21304e-05
ETITLE:      TS           BOND          ANGLE          DIHED          IMPRP               ELECT            VDW       BOUNDARY           MISC        KINETIC               TOTAL           TEMP      POTENTIAL       TOTALAVG        TEMPAVG            PRESSURE      GPRESSURE         VOLUME       PRESSAVG      GPRESSAVG

ENERGY:  400000       420.9096      1107.3020      1139.7015        80.7278        -114291.6562      9952.0310         0.0000         0.0000     18837.2691         -82753.7151       306.2348   -101590.9843    -82887.0501       302.6654            182.2502       187.0538    300170.3810        36.2100        35.6887

TIMING: 405000  CPU: 467.538, 0.00115932/step  Wall: 484.639, 0.00120483/step, 143.423 ns/days, 0.031794 hours remaining, 0.000000 MB of memory in use.
PERFORMANCE: 405000  averaging 146.792 ns/day, 0.00117718 sec/step with standard deviation 3.20801e-05
ENERGY:  405000       461.8582      1163.4799      1130.8754        76.7341        -114271.4674      9803.1272         0.0000         0.0000     18669.1636         -82966.2291       303.5019   -101635.3926    -82883.2780       302.7022             15.9892        14.7749    299930.0798        34.6717        34.6044

TIMING: 410000  CPU: 473.112, 0.00111482/step  Wall: 490.415, 0.00115535/step, 149.565 ns/days, 0.0288837 hours remaining, 0.000000 MB of memory in use.
PERFORMANCE: 410000  averaging 146.825 ns/day, 0.00117691 sec/step with standard deviation 3.19725e-05
ENERGY:  410000       401.2050      1110.2075      1140.1321        74.5185        -114130.3696      9797.5309         0.0000         0.0000     18479.2956         -83127.4800       300.4153   -101606.7756    -82905.1689       302.7051             98.0017       101.6813    300689.5786        41.7217        41.6724

TIMING: 415000  CPU: 478.619, 0.00110136/step  Wall: 496.126, 0.0011421/step, 151.3 ns/days, 0.0269662 hours remaining, 0.000000 MB of memory in use.
PERFORMANCE: 415000  averaging 146.877 ns/day, 0.00117649 sec/step with standard deviation 3.20058e-05
ENERGY:  415000       453.4089      1127.0924      1124.8931        73.5554        -114436.1655     10011.3290         0.0000         0.0000     18564.8106         -83081.0761       301.8055   -101645.8868    -82928.0374       302.6234            131.6541       129.0474    300041.4013        33.4187        33.1779

TIMING: 420000  CPU: 484.411, 0.00115841/step  Wall: 502.14, 0.0012028/step, 143.665 ns/days, 0.0267289 hours remaining, 0.000000 MB of memory in use.
PERFORMANCE: 420000  averaging 146.838 ns/day, 0.00117681 sec/step with standard deviation 3.19417e-05
ENERGY:  420000       424.7896      1091.6461      1132.3101        86.1185        -114464.0472      9952.1768         0.0000         0.0000     18270.6572         -83506.3490       297.0235   -101777.0062    -82951.0783       302.3879            -21.9205       -19.8019    302230.7033        24.6900        24.4289

TIMING: 425000  CPU: 490.043, 0.00112657/step  Wall: 507.978, 0.00116758/step, 147.999 ns/days, 0.0243246 hours remaining, 0.000000 MB of memory in use.
PERFORMANCE: 425000  averaging 146.852 ns/day, 0.0011767 sec/step with standard deviation 3.17668e-05
ENERGY:  425000       412.6498      1141.3187      1122.4541        75.0827        -114341.6966      9957.3235         0.0000         0.0000     18655.0161         -82977.8517       303.2719   -101632.8678    -82957.4075       302.3999            235.4159       237.4589    299939.2910        28.0030        27.7234

TIMING: 430000  CPU: 495.738, 0.00113896/step  Wall: 513.88, 0.00118042/step, 146.389 ns/days, 0.0229526 hours remaining, 0.000000 MB of memory in use.
PERFORMANCE: 430000  averaging 146.846 ns/day, 0.00117674 sec/step with standard deviation 3.15819e-05
ENERGY:  430000       428.3556      1061.8300      1123.1201        79.7237        -114088.8701      9910.0835         0.0000         0.0000     18521.1039         -82964.6534       301.0949   -101485.7572    -82955.3793       302.3179            217.6301       215.3472    301236.1236        38.3302        37.8898

TIMING: 435000  CPU: 501.415, 0.00113536/step  Wall: 519.76, 0.00117598/step, 146.941 ns/days, 0.021233 hours remaining, 0.000000 MB of memory in use.
PERFORMANCE: 435000  averaging 146.847 ns/day, 0.00117673 sec/step with standard deviation 3.13978e-05
ENERGY:  435000       448.3257      1136.1647      1119.6900        66.9761        -114116.8425      9721.4118         0.0000         0.0000     18489.5587         -83134.7155       300.5821   -101624.2743    -82964.3233       302.2906           -134.8941      -133.1498    300971.2182        31.0319        30.6200

TIMING: 440000  CPU: 506.999, 0.00111671/step  Wall: 525.538, 0.00115572/step, 149.518 ns/days, 0.0192619 hours remaining, 0.000000 MB of memory in use.
PERFORMANCE: 440000  averaging 146.877 ns/day, 0.00117649 sec/step with standard deviation 3.12972e-05
ENERGY:  440000       454.4379      1127.3011      1124.3059        66.4220        -114079.2131      9776.8737         0.0000         0.0000     18648.8358         -82881.0366       303.1715   -101529.8724    -82952.2227       302.3315             28.8568        31.8619    300976.9956        34.3387        34.0638

TIMING: 445000  CPU: 512.847, 0.00116971/step  Wall: 531.588, 0.00120983/step, 142.83 ns/days, 0.0184836 hours remaining, 0.000000 MB of memory in use.
PERFORMANCE: 445000  averaging 146.83 ns/day, 0.00117687 sec/step with standard deviation 3.13188e-05
ENERGY:  445000       420.8105      1108.6672      1129.1344        67.9474        -113813.5780      9519.0160         0.0000         0.0000     18473.1484         -83094.8541       300.3153   -101568.0026    -82957.8579       302.2204           -151.9612      -152.6454    300092.6969        32.2663        32.1029

TIMING: 450000  CPU: 518.442, 0.00111888/step  Wall: 537.392, 0.00116089/step, 148.851 ns/days, 0.0161235 hours remaining, 0.000000 MB of memory in use.
PERFORMANCE: 450000  averaging 146.853 ns/day, 0.00117669 sec/step with standard deviation 3.11879e-05
ETITLE:      TS           BOND          ANGLE          DIHED          IMPRP               ELECT            VDW       BOUNDARY           MISC        KINETIC               TOTAL           TEMP      POTENTIAL       TOTALAVG        TEMPAVG            PRESSURE      GPRESSURE         VOLUME       PRESSAVG      GPRESSAVG

ENERGY:  450000       442.4939      1118.5299      1125.9688        66.8737        -114063.3514      9702.2109         0.0000         0.0000     18459.2135         -83148.0607       300.0888   -101607.2741    -82988.0586       301.9417             -2.6156         4.8541    300022.2749        29.7947        29.9515

TIMING: 455000  CPU: 524.174, 0.00114654/step  Wall: 543.341, 0.00118976/step, 145.239 ns/days, 0.014872 hours remaining, 0.000000 MB of memory in use.
PERFORMANCE: 455000  averaging 146.835 ns/day, 0.00117683 sec/step with standard deviation 3.10444e-05
ENERGY:  455000       428.2554      1138.7952      1112.7453        66.5681        -113995.9528      9855.7094         0.0000         0.0000     18688.9636         -82704.9158       303.8238   -101393.8794    -82979.0831       302.0383            199.3040       199.8078    300503.8936        31.5332        31.8880

TIMING: 460000  CPU: 529.868, 0.00113871/step  Wall: 549.243, 0.00118034/step, 146.399 ns/days, 0.0131148 hours remaining, 0.000000 MB of memory in use.
PERFORMANCE: 460000  averaging 146.83 ns/day, 0.00117687 sec/step with standard deviation 3.08755e-05
ENERGY:  460000       431.7087      1120.4993      1100.7045        65.5119        -114118.6704      9756.0749         0.0000         0.0000     18387.1735         -83256.9975       298.9177   -101644.1710    -82993.5675       301.9028             -7.4342        -8.9389    301732.8917        34.8302        35.2751

TIMING: 465000  CPU: 535.434, 0.00111331/step  Wall: 555.026, 0.00115678/step, 149.381 ns/days, 0.0112464 hours remaining, 0.000000 MB of memory in use.
PERFORMANCE: 465000  averaging 146.857 ns/day, 0.00117666 sec/step with standard deviation 3.07779e-05
ENERGY:  465000       426.5573      1134.8957      1124.7334        73.8592        -113674.4788      9499.1901         0.0000         0.0000     18606.3843         -82808.8587       302.4813   -101415.2431    -83003.2113       301.7790           -204.5803      -203.8895    300524.8435        42.0785        42.7003

TIMING: 470000  CPU: 541.251, 0.00116336/step  Wall: 561.055, 0.00120569/step, 143.321 ns/days, 0.0100474 hours remaining, 0.000000 MB of memory in use.
PERFORMANCE: 470000  averaging 146.818 ns/day, 0.00117697 sec/step with standard deviation 3.07581e-05
ENERGY:  470000       480.2459      1138.4484      1110.3880        73.9693        -113981.0570      9696.6025         0.0000         0.0000     18581.7490         -82899.6540       302.0808   -101481.4030    -83010.2940       301.7795           -136.1630      -136.1273    300355.1375        28.1881        28.7367

TIMING: 475000  CPU: 546.791, 0.00110799/step  Wall: 566.806, 0.0011502/step, 150.234 ns/days, 0.00798753 hours remaining, 0.000000 MB of memory in use.
PERFORMANCE: 475000  averaging 146.853 ns/day, 0.00117668 sec/step with standard deviation 3.0717e-05
ENERGY:  475000       437.2433      1145.0829      1129.7148        70.8827        -113706.1668      9559.3585         0.0000         0.0000     18623.5610         -82740.3237       302.7606   -101363.8847    -82994.1375       301.7808            -91.0595       -96.2454    300962.3952        22.7084        22.9867

TIMING: 480000  CPU: 552.307, 0.00110319/step  Wall: 572.533, 0.00114536/step, 150.87 ns/days, 0.00636311 hours remaining, 0.000000 MB of memory in use.
PERFORMANCE: 480000  averaging 146.894 ns/day, 0.00117636 sec/step with standard deviation 3.07217e-05
ENERGY:  480000       436.9435      1118.0939      1123.4664        72.1066        -113787.8976      9605.5923         0.0000         0.0000     18556.6265         -82875.0685       301.6724   -101431.6950    -82978.8175       301.8702           -190.7881      -191.1810    301218.2511        15.1700        15.4608

TIMING: 485000  CPU: 558.106, 0.0011598/step  Wall: 578.544, 0.00120235/step, 143.718 ns/days, 0.00500981 hours remaining, 0.000000 MB of memory in use.
PERFORMANCE: 485000  averaging 146.861 ns/day, 0.00117663 sec/step with standard deviation 3.0675e-05
ENERGY:  485000       397.2069      1177.1430      1108.5757        81.3486        -114042.0356      9745.6573         0.0000         0.0000     18714.6051         -82817.4990       304.2407   -101532.1041    -82983.7547       301.8767              4.8227         3.1629    300930.8745         7.8193         8.0208

TIMING: 490000  CPU: 563.624, 0.00110357/step  Wall: 584.267, 0.00114443/step, 150.993 ns/days, 0.00317896 hours remaining, 0.000000 MB of memory in use.
PERFORMANCE: 490000  averaging 146.902 ns/day, 0.0011763 sec/step with standard deviation 3.06893e-05
ENERGY:  490000       409.1154      1116.1394      1141.4581        67.8222        -114190.4324      9849.1838         0.0000         0.0000     18506.7293         -83099.9841       300.8613   -101606.7134    -82992.6052       301.7951             27.4211        26.6076    301300.4989         5.9940         6.3327

TIMING: 495000  CPU: 569.426, 0.00116034/step  Wall: 590.277, 0.00120216/step, 143.741 ns/days, 0.00166967 hours remaining, 0.000000 MB of memory in use.
PERFORMANCE: 495000  averaging 146.869 ns/day, 0.00117656 sec/step with standard deviation 3.06428e-05
ENERGY:  495000       448.9137      1142.9493      1127.8713        75.4836        -114342.3666      9900.2799         0.0000         0.0000     18514.1160         -83132.7529       300.9813   -101646.8689    -82998.6038       301.7663             59.2809        60.0335    300353.8025        12.9605        13.4856

TIMING: 500000  CPU: 574.968, 0.00110842/step  Wall: 596.029, 0.00115041/step, 150.207 ns/days, 0 hours remaining, 0.000000 MB of memory in use.
PERFORMANCE: 500000  averaging 146.902 ns/day, 0.0011763 sec/step with standard deviation 3.05996e-05
ETITLE:      TS           BOND          ANGLE          DIHED          IMPRP               ELECT            VDW       BOUNDARY           MISC        KINETIC               TOTAL           TEMP      POTENTIAL       TOTALAVG        TEMPAVG            PRESSURE      GPRESSURE         VOLUME       PRESSAVG      GPRESSAVG

ENERGY:  500000       462.2578      1105.1509      1124.9387        75.7298        -114110.2440      9803.3201         0.0000         0.0000     18482.2998         -83056.5468       300.4641   -101538.8466    -83013.7453       301.4777            -14.6187       -13.0092    299520.0618         3.1171         3.4825

WRITING EXTENDED SYSTEM TO OUTPUT FILE AT STEP 500000
WRITING COORDINATES TO OUTPUT FILE AT STEP 500000
WRITING VELOCITIES TO OUTPUT FILE AT STEP 500000
====================================================

WallClock: 598.557129  CPUTime: 560.066528  Memory: 0.000000 MB
[Partition 0][Node 0] End of program
