Charm++> Running on MPI library: Open MPI v4.1.5a1, package: Open MPI software@d001.sol.rc.asu.edu Distribution, ident: 4.1.5a1, repo rev: v4.1.4-32-g5abd86cc8c, Unreleased developer copy (MPI standard: 3.1)
Charm++> Level of thread support used: MPI_THREAD_FUNNELED (desired: MPI_THREAD_FUNNELED)
Charm++> Running in SMP mode: 1 processes, 45 worker threads (PEs) + 1 comm threads per process, 45 PEs total
Charm++> The comm. thread both sends and receives messages
Charm++> Using recursive bisection (scheme 3) for topology aware partitions
Converse/Charm++ Commit ID: v8.0.1-devel-35-gf310838d5
Charm++ communication thread will sleep due to single-process run.
CharmLB> Load balancer assumes all CPUs are same.
Charm++> cpu affinity enabled. 
Charm++> Running on 1 hosts (2 sockets x 23 cores x 1 PUs = 46-way SMP)
Charm++> cpu topology info is gathered in 0.003 seconds.
Info: Built with CUDA version 12090
Pe 17 physical rank 17 will use CUDA device of pe 32
Pe 12 physical rank 12 will use CUDA device of pe 32
Pe 16 physical rank 16 will use CUDA device of pe 32
Pe 13 physical rank 13 will use CUDA device of pe 32
Pe 29 physical rank 29 will use CUDA device of pe 32
Pe 14 physical rank 14 will use CUDA device of pe 32
Pe 15 physical rank 15 will use CUDA device of pe 32
Pe 3 physical rank 3 will use CUDA device of pe 32
Pe 2 physical rank 2 will use CUDA device of pe 32
Pe 1 physical rank 1 will use CUDA device of pe 32
Pe 5 physical rank 5 will use CUDA device of pe 32
Pe 25 physical rank 25 will use CUDA device of pe 32
Pe 24 physical rank 24 will use CUDA device of pe 32
Pe 28 physical rank 28 will use CUDA device of pe 32
Pe 26 physical rank 26 will use CUDA device of pe 32
Pe 27 physical rank 27 will use CUDA device of pe 32
Pe 4 physical rank 4 will use CUDA device of pe 32
Pe 23 physical rank 23 will use CUDA device of pe 32
Pe 19 physical rank 19 will use CUDA device of pe 32
Pe 20 physical rank 20 will use CUDA device of pe 32
Pe 18 physical rank 18 will use CUDA device of pe 32
Pe 21 physical rank 21 will use CUDA device of pe 32
Pe 22 physical rank 22 will use CUDA device of pe 32
Pe 30 physical rank 30 will use CUDA device of pe 32
Pe 33 physical rank 33 will use CUDA device of pe 32
Pe 31 physical rank 31 will use CUDA device of pe 32
Pe 34 physical rank 34 will use CUDA device of pe 32
Pe 35 physical rank 35 will use CUDA device of pe 32
Pe 39 physical rank 39 will use CUDA device of pe 32
Pe 36 physical rank 36 will use CUDA device of pe 32
Pe 40 physical rank 40 will use CUDA device of pe 32
Pe 38 physical rank 38 will use CUDA device of pe 32
Pe 37 physical rank 37 will use CUDA device of pe 32
Pe 0 physical rank 0 will use CUDA device of pe 32
Pe 43 physical rank 43 will use CUDA device of pe 32
Pe 44 physical rank 44 will use CUDA device of pe 32
Pe 41 physical rank 41 will use CUDA device of pe 32
Pe 42 physical rank 42 will use CUDA device of pe 32
Pe 11 physical rank 11 will use CUDA device of pe 32
Pe 6 physical rank 6 will use CUDA device of pe 32
Pe 10 physical rank 10 will use CUDA device of pe 32
Pe 8 physical rank 8 will use CUDA device of pe 32
Pe 7 physical rank 7 will use CUDA device of pe 32
Pe 9 physical rank 9 will use CUDA device of pe 32
Pe 32 physical rank 32 binding to CUDA device 0 on sg045: 'NVIDIA A100-SXM4-80GB'  Mem: 81152MB  Rev: 8.0  PCI: 0:1:0
CharmLB> Load balancing instrumentation for communication is off.
Info: NAMD 3.1alpha4pre for Linux-x86_64-MPI-smp-CUDA
Info: 
Info: Please visit http://www.ks.uiuc.edu/Research/namd/
Info: for updates, documentation, and support information.
Info: 
Info: Please cite Phillips et al., J. Chem. Phys. 153:044130 (2020) doi:10.1063/5.0014475
Info: in all publications reporting results obtained with NAMD.
Info: 
Info: Based on Charm++/Converse 80001 for mpi-linux-x86_64
Info: Built Tue Mar 10 15:59:42 MST 2026 by athiru12 on sg236
Info: Source code at Git commit ID 6669d58345b330ce455c3341de1e9ec803325dda
Info: 1 NAMD  3.1alpha4pre  Linux-x86_64-MPI-smp-CUDA  45    sg045  ljwoods2
Info: Running on 45 processors, 1 nodes, 1 physical nodes.
Info: CPU topology information available.
Info: Charm++/Converse parallel runtime startup completed at 0.201851 s
CkLoopLib is used in SMP with simple dynamic scheduling (converse-level notification)
Info: 0 MB of memory in use based on /proc/self/stat
Info: Configuration file is input/step5_fileio_fileio_run_3.inp
Info: Changed directory to input
TCL: Suspending until startup complete.
Warning: Option "1-4scaling" has been deprecated. Instead use "oneFourScaling".
Info: EXTENDED SYSTEM FILE   ../output/vanilla/performance/equil/1-0-40/run-1/step4_equilibration.xsc
Info: Tuning parameters to improve GPU-resident performance
Info: Setting margin to 4
Warning: The Langevin gamma parameters differ over the particles,
Warning: requiring extra work per step to constrain rigid bonds.
Info: Enabling PMEOffload because PMEInterpOrder > 4.
Info: Running with GPU-resident mode
Warning: Always using force tables for GPU nonbonded kernel due to unsupported config parameters.
Info: SIMULATION PARAMETERS:
Info: TIMESTEP               2
Info: NUMBER OF STEPS        500000
Info: STEPS PER CYCLE        20
Info: PERIODIC CELL BASIS 1  69 0 0
Info: PERIODIC CELL BASIS 2  0 69 0
Info: PERIODIC CELL BASIS 3  0 0 69
Info: PERIODIC CELL CENTER   0 0 0
Info: WRAPPING WATERS AROUND PERIODIC BOUNDARIES ON OUTPUT.
Info: WRAPPING ALL CLUSTERS AROUND PERIODIC BOUNDARIES ON OUTPUT.
Info: LOAD BALANCER  Centralized
Info: LOAD BALANCING STRATEGY  New Load Balancers -- DEFAULT
Info: LDB PERIOD             4000 steps
Info: FIRST LDB TIMESTEP     100
Info: LAST LDB TIMESTEP     -1
Info: LDB BACKGROUND SCALING 1
Info: HOM BACKGROUND SCALING 1
Info: PME BACKGROUND SCALING 1
Info: MIN ATOMS PER PATCH    40
Info: EMPTY PATCH LOAD       40 ATOMS
Info: VELOCITY FILE          ../output/vanilla/performance/equil/1-0-40/run-1/step4_equilibration.vel
Info: CENTER OF MASS MOVING INITIALLY? NO
Info: DIELECTRIC             1
Info: EXCLUDE                SCALED ONE-FOUR
Info: 1-4 ELECTROSTATICS SCALED BY 1
Info: MODIFIED 1-4 VDW PARAMETERS WILL BE USED
Info: DCD FILENAME           ../output/fileio/performance/prod/1-1-45/frequency-5000/run-3/step5_fileio.dcd
Info: DCD FREQUENCY          5000
Info: DCD FIRST STEP         5000
Info: DCD FILE WILL CONTAIN UNIT CELL DATA
Info: NO EXTENDED SYSTEM TRAJECTORY OUTPUT
Info: NO VELOCITY DCD OUTPUT
Info: NO FORCE DCD OUTPUT
Info: OUTPUT FILENAME        ../output/fileio/performance/prod/1-1-45/frequency-5000/run-3/step5_fileio
Info: BINARY OUTPUT FILES WILL BE USED
Info: NO RESTART FILE
Info: NAMD will save positions and velocities to ../output/fileio/performance/prod/1-1-45/frequency-5000/run-3/step5_fileio.crash.csv when  atoms are moving too fast.
Info: SWITCHING ACTIVE
Info: VDW FORCE SWITCHING ACTIVE
Info: SWITCHING ON           10
Info: SWITCHING OFF          12
Info: PAIRLIST DISTANCE      16
Info: PAIRLIST SHRINK RATE   0.01
Info: PAIRLIST GROW RATE     0.01
Info: PAIRLIST TRIGGER       0.3
Info: PAIRLISTS PER CYCLE    2
Info: PAIRLISTS ENABLED
Info: MARGIN                 4
Info: HYDROGEN GROUP CUTOFF  2.5
Info: PATCH DIMENSION        22.5
Info: ENERGY OUTPUT STEPS    5000
Info: ENERGY EVALUATION STEPS    5000
Info: OUTPUT ENERGY PRECISION 4
Info: CROSSTERM ENERGY INCLUDED IN DIHEDRAL
Info: TIMING OUTPUT STEPS    5000
Info: LANGEVIN DYNAMICS ACTIVE
Info: LANGEVIN TEMPERATURE   303.15
Info: LANGEVIN USING BBK INTEGRATOR
Info: LANGEVIN DAMPING COEFFICIENT IS 1 INVERSE PS
Info: LANGEVIN DYNAMICS NOT APPLIED TO HYDROGENS
Info: LANGEVIN PISTON PRESSURE CONTROL ACTIVE
Info:        TARGET PRESSURE IS 1.01325 BAR
Info:     OSCILLATION PERIOD IS 50 FS
Info:             DECAY TIME IS 25 FS
Info:     PISTON TEMPERATURE IS 303.15 K
Info:       PRESSURE CONTROL IS GROUP-BASED
Info:    INITIAL STRAIN RATE IS 0 0 0
Info:       CELL FLUCTUATION IS ISOTROPIC
Info: PARTICLE MESH EWALD (PME) ACTIVE
Info: PME TOLERANCE               1e-06
Info: PME EWALD COEFFICIENT       0.257952
Info: PME INTERPOLATION ORDER     6
Info: PME GRID DIMENSIONS         72 72 72
Info: PME MAXIMUM GRID SPACING    1
Info: PME RECIPROCAL SUM OFFLOADED TO GPU
Info: PME CALCULATION WILL BE PERFORMED ON GPU
Info: FULL ELECTROSTATIC EVALUATION FREQUENCY      1
Info: USING VERLET I (r-RESPA) MTS SCHEME.
Info: C1 SPLITTING OF LONG RANGE ELECTROSTATICS
Info: PLACING ATOMS IN PATCHES BY HYDROGEN GROUPS
Info: RIGID BONDS TO HYDROGEN : ALL
Info:         ERROR TOLERANCE : 1e-08
Info:          MAX ITERATIONS : 100
Info: RIGID WATER USING SETTLE ALGORITHM
Info: RANDOM NUMBER SEED     1774699333
Info: USE HYDROGEN BONDS?    NO
Info: COORDINATE PDB         step3_input.pdb
Info: STRUCTURE FILE         step3_input.psf
Info: PARAMETER file: CHARMM format! 
Info: PARAMETERS             toppar/par_all36m_prot.prm
Info: PARAMETERS             toppar/par_all36_na.prm
Info: PARAMETERS             toppar/par_all36_carb.prm
Info: PARAMETERS             toppar/par_all36_lipid.prm
Info: PARAMETERS             toppar/par_all36_cgenff.prm
Info: PARAMETERS             toppar/par_interface.prm
Info: PARAMETERS             toppar/toppar_all36_moreions.str
Info: PARAMETERS             toppar/toppar_all36_nano_lig.str
Info: PARAMETERS             toppar/toppar_all36_nano_lig_patch.str
Info: PARAMETERS             toppar/toppar_all36_synthetic_polymer.str
Info: PARAMETERS             toppar/toppar_all36_synthetic_polymer_patch.str
Info: PARAMETERS             toppar/toppar_all36_polymer_solvent.str
Info: PARAMETERS             toppar/toppar_water_ions.str
Info: PARAMETERS             toppar/toppar_dum_noble_gases.str
Info: PARAMETERS             toppar/toppar_ions_won.str
Info: PARAMETERS             toppar/cam.str
Info: PARAMETERS             toppar/toppar_all36_prot_arg0.str
Info: PARAMETERS             toppar/toppar_all36_prot_c36m_d_aminoacids.str
Info: PARAMETERS             toppar/toppar_all36_prot_fluoro_alkanes.str
Info: PARAMETERS             toppar/toppar_all36_prot_heme.str
Info: PARAMETERS             toppar/toppar_all36_prot_na_combined.str
Info: PARAMETERS             toppar/toppar_all36_prot_retinol.str
Info: PARAMETERS             toppar/toppar_all36_prot_model.str
Info: PARAMETERS             toppar/toppar_all36_prot_modify_res.str
Info: PARAMETERS             toppar/toppar_all36_na_nad_ppi.str
Info: PARAMETERS             toppar/toppar_all36_na_rna_modified.str
Info: PARAMETERS             toppar/toppar_all36_lipid_sphingo.str
Info: PARAMETERS             toppar/toppar_all36_lipid_archaeal.str
Info: PARAMETERS             toppar/toppar_all36_lipid_bacterial.str
Info: PARAMETERS             toppar/toppar_all36_lipid_cardiolipin.str
Info: PARAMETERS             toppar/toppar_all36_lipid_cholesterol.str
Info: PARAMETERS             toppar/toppar_all36_lipid_dag.str
Info: PARAMETERS             toppar/toppar_all36_lipid_inositol.str
Info: PARAMETERS             toppar/toppar_all36_lipid_lnp.str
Info: PARAMETERS             toppar/toppar_all36_lipid_lps.str
Info: PARAMETERS             toppar/toppar_all36_lipid_mycobacterial.str
Info: PARAMETERS             toppar/toppar_all36_lipid_miscellaneous.str
Info: PARAMETERS             toppar/toppar_all36_lipid_model.str
Info: PARAMETERS             toppar/toppar_all36_lipid_prot.str
Info: PARAMETERS             toppar/toppar_all36_lipid_tag.str
Info: PARAMETERS             toppar/toppar_all36_lipid_yeast.str
Info: PARAMETERS             toppar/toppar_all36_lipid_hmmm.str
Info: PARAMETERS             toppar/toppar_all36_lipid_detergent.str
Info: PARAMETERS             toppar/toppar_all36_lipid_ether.str
Info: PARAMETERS             toppar/toppar_all36_lipid_oxidized.str
Info: PARAMETERS             toppar/toppar_all36_carb_glycolipid.str
Info: PARAMETERS             toppar/toppar_all36_carb_glycopeptide.str
Info: PARAMETERS             toppar/toppar_all36_carb_imlab.str
Info: PARAMETERS             toppar/toppar_all36_label_spin.str
Info: PARAMETERS             toppar/toppar_all36_label_fluorophore.str
Info: USING ARITHMETIC MEAN TO COMBINE L-J SIGMA PARAMETERS
Info: BINARY COORDINATES     ../output/vanilla/performance/equil/1-0-40/run-1/step4_equilibration.coor
Warning: SKIPPING PART OF PARAMETER FILE AFTER RETURN STATEMENT

Warning: DUPLICATE DIHEDRAL ENTRY FOR HAL1-CTO1-C-NHL
PREVIOUS VALUES MULTIPLICITY: 1
  k=0  n=1  delta=0INCREASING MULTIPLICITY TO: 2
  k=0  n=3  delta=0

Warning: DUPLICATE DIHEDRAL ENTRY FOR HAL1-CTO1-C-O
PREVIOUS VALUES MULTIPLICITY: 1
  k=0  n=1  delta=0INCREASING MULTIPLICITY TO: 2
  k=0  n=2  delta=3.14159
Warning: SKIPPING PART OF PARAMETER FILE AFTER RETURN STATEMENT

Warning: DUPLICATE DIHEDRAL ENTRY FOR CTL2-CG2O5-CTL1-CTL3
PREVIOUS VALUES MULTIPLICITY: 1
  k=0.75  n=1  delta=0  k=0.18  n=2  delta=3.14159INCREASING MULTIPLICITY TO: 3
  k=0.065  n=3  delta=0

Warning: DUPLICATE BOND ENTRY FOR CEL1-CL
PREVIOUS VALUES  k=440  x0=1.489
   USING VALUES  k=300  x0=1.48
Info: SUMMARY OF PARAMETERS:
Info: 1988 BONDS
Info: 6776 ANGLES
Info: 19939 DIHEDRAL
Info: 430 IMPROPER
Info: 28 CROSSTERM
Info: 751 VDW
Info: 122 VDW_PAIRS
Info: 0 NBTHOLE_PAIRS
Warning: Ignored 9467 bonds with zero force constants.
Warning: Will get H-H distance in rigid H2O from H-O-H angle.
Info: No lone pairs detected in waters
Info: TIME FOR READING PSF FILE: 0.175348
Info: Reading pdb file step3_input.pdb
Info: TIME FOR READING PDB FILE: 0.130448
Info: 
Info: ****************************
Info: STRUCTURE SUMMARY:
Info: 30423 ATOMS
Info: 20918 BONDS
Info: 13014 ANGLES
Info: 5187 DIHEDRALS
Info: 373 IMPROPERS
Info: 127 CROSSTERMS
Info: 0 EXCLUSIONS
Info: 29360 RIGID BONDS
Info: 61909 DEGREES OF FREEDOM
Info: 10530 HYDROGEN GROUPS
Info: 4 ATOMS IN LARGEST HYDROGEN GROUP
Info: 10530 MIGRATION GROUPS
Info: 4 ATOMS IN LARGEST MIGRATION GROUP
Info: TOTAL MASS = 186727 amu
Info: TOTAL CHARGE = 1.31875e-06 e
Info: MASS DENSITY = 0.943883 g/cm^3
Info: ATOM DENSITY = 0.0926093 atoms/A^3
Info: *****************************
Info: Reading from binary file ../output/vanilla/performance/equil/1-0-40/run-1/step4_equilibration.coor
Info: 
Info: Entering startup at 1.3506 s, 0 MB of memory in use
Info: Startup phase 0 took 0.000555625 s, 0 MB of memory in use
Info: ADDED 39038 IMPLICIT EXCLUSIONS
Info: Startup phase 1 took 0.00660364 s, 0 MB of memory in use
Info: NONBONDED TABLE R-SQUARED SPACING: 0.0625
Info: NONBONDED TABLE SIZE: 769 POINTS
Info: INCONSISTENCY IN FAST TABLE ENERGY VS FORCE: 0.000325096 AT 11.9556
Info: INCONSISTENCY IN SCOR TABLE ENERGY VS FORCE: 0.000324844 AT 11.9556
Info: INCONSISTENCY IN VDWA TABLE ENERGY VS FORCE: 0.0040507 AT 0.251946
Info: INCONSISTENCY IN VDWB TABLE ENERGY VS FORCE: 0.00150189 AT 0.251946
Info: Startup phase 2 took 0.0156601 s, 0 MB of memory in use
Info: Startup phase 3 took 0.000181611 s, 0 MB of memory in use
Info: Startup phase 4 took 0.00117908 s, 0 MB of memory in use
Info: Startup phase 5 took 0.000173446 s, 0 MB of memory in use
Info: REDUCING NUMBER OF PATCHES TO IMPROVE LOAD BALANCE
Info: PATCH GRID IS 5 (PERIODIC) BY 3 (PERIODIC) BY 3 (PERIODIC)
Info: PATCH GRID IS 2-AWAY BY 1-AWAY BY 1-AWAY
Info: Reading from binary file ../output/vanilla/performance/equil/1-0-40/run-1/step4_equilibration.vel
Info: REMOVING COM VELOCITY -0.0158458 -0.019888 0.00968242
Info: LARGEST PATCH (22) HAS 800 ATOMS
Info: TORUS A SIZE 1 USING 0
Info: TORUS B SIZE 1 USING 0
Info: TORUS C SIZE 1 USING 0
Info: TORUS MINIMAL MESH SIZE IS 1 BY 1 BY 1
Info: Placed 100% of base nodes on same physical node as patch
Info: Startup phase 6 took 0.0427319 s, 0 MB of memory in use
Info: Use 3D box decompostion in PME FFT.
Info: PME using 1 x 1 x 1 pencil grid for FFT and reciprocal sum.
Info: Startup phase 7 took 0.00103255 s, 0 MB of memory in use
Info: Updated CUDA force table with 4096 elements.
Info: Updated CUDA LJ table with 751 x 751 elements.
Info: Startup phase 8 took 0.010005 s, 0 MB of memory in use
Info: Startup phase 9 took 0.000183615 s, 0 MB of memory in use
Info: Startup phase 10 took 0.000151846 s, 0 MB of memory in use
Info: Startup phase 11 took 0.0112569 s, 0 MB of memory in use
LDB: Central LB being created...
Info: Startup phase 12 took 0.21611 s, 0 MB of memory in use
Info: Startup phase 13 took 0.000227327 s, 0 MB of memory in use
Info: Startup phase 14 took 0.0214062 s, 0 MB of memory in use
Info: Startup phase 15 took 0.000188615 s, 0 MB of memory in use
Info: CREATING 1710 COMPUTE OBJECTS
Info: Found 268 unique exclusion lists needing 4316 bytes
Info: Startup phase 16 took 0.167017 s, 0 MB of memory in use
Info: useSync: 0 useProxySync: 0
Info: Startup phase 17 took 0.000195527 s, 0 MB of memory in use
Info: Startup phase 18 took 5.3781e-05 s, 0 MB of memory in use
Info: Finished startup at 1.84552 s, 0 MB of memory in use

TCL: Original numsteps 500000 will be ignored.
TCL: Running for 500000 steps
ETITLE:      TS           BOND          ANGLE          DIHED          IMPRP               ELECT            VDW       BOUNDARY           MISC        KINETIC               TOTAL           TEMP      POTENTIAL       TOTALAVG        TEMPAVG            PRESSURE      GPRESSURE         VOLUME       PRESSAVG      GPRESSAVG

ENERGY:       0       390.0165      1067.9379      1155.8548        69.8147        -111518.5693      9145.1384         0.0000         0.0000     18338.1923         -81351.6148       298.1214    -99689.8070    -81351.6148       298.1214          -1454.3550     -1453.0523    328509.0000     -1454.3550     -1453.0523

Info: Initial time: 45 CPUs 0.00498264 s/step 34.6804 ns/day 0 MB memory
Info: Initial time: 45 CPUs 0.000960365 s/step 179.932 ns/day 0 MB memory
Info: Initial time: 45 CPUs 0.000968286 s/step 178.46 ns/day 0 MB memory
Info: Benchmark time: 45 CPUs 0.000966785 s/step 178.737 ns/day 0 MB memory
Info: Benchmark time: 45 CPUs 0.0009834 s/step 175.717 ns/day 0 MB memory
Info: Benchmark time: 45 CPUs 0.000967834 s/step 178.543 ns/day 0 MB memory
Info: Benchmark time: 45 CPUs 0.000971276 s/step 177.91 ns/day 0 MB memory
Info: Benchmark time: 45 CPUs 0.000981148 s/step 176.12 ns/day 0 MB memory
Info: Benchmark time: 45 CPUs 0.00112777 s/step 153.223 ns/day 0 MB memory
TIMING: 5000  CPU: 6.23908, 0.000989002/step  Wall: 5.65963, 0.00107502/step, 160.741 ns/days, 0.147816 hours remaining, 0.000000 MB of memory in use.
PERFORMANCE: 5000  averaging 160.741 ns/day, 0.00107502 sec/step with standard deviation 0
ENERGY:    5000       431.4490      1154.5352      1130.3763        68.1052        -113948.8868      9697.2964         0.0000         0.0000     18560.7190         -82906.4057       301.7390   -101467.1247    -82129.0102       299.9302            -19.4910       -22.1604    301255.7893      -736.9230      -737.6063

OPENING COORDINATE DCD FILE
WRITING COORDINATES TO DCD FILE ../output/fileio/performance/prod/1-1-45/frequency-5000/run-3/step5_fileio.dcd AT STEP 5000
The last position output (seq=5000) takes 0.069 seconds, 0.000 MB of memory in use
TIMING: 10000  CPU: 11.1968, 0.000991555/step  Wall: 10.6468, 0.000997441/step, 173.243 ns/days, 0.135763 hours remaining, 0.000000 MB of memory in use.
PERFORMANCE: 10000  averaging 166.758 ns/day, 0.00103623 sec/step with standard deviation 5.4859e-05
ENERGY:   10000       401.7906      1133.8749      1117.6157        65.3912        -114010.0719      9662.7857         0.0000         0.0000     18625.0400         -83003.5738       302.7846   -101628.6138    -82420.5314       300.8817           -138.7767      -141.8504    300533.1972      -537.5409      -539.0210

WRITING COORDINATES TO DCD FILE ../output/fileio/performance/prod/1-1-45/frequency-5000/run-3/step5_fileio.dcd AT STEP 10000
The last position output (seq=10000) takes 0.012 seconds, 0.000 MB of memory in use
TIMING: 15000  CPU: 16.2021, 0.00100105/step  Wall: 15.6934, 0.00100931/step, 171.207 ns/days, 0.135976 hours remaining, 0.000000 MB of memory in use.
PERFORMANCE: 15000  averaging 168.215 ns/day, 0.00102726 sec/step with standard deviation 4.17905e-05
ENERGY:   15000       402.2999      1134.5891      1099.6923        61.5197        -114044.6340      9731.6380         0.0000         0.0000     18700.6136         -82914.2812       304.0132   -101614.8948    -82543.9689       301.6645             77.0817        77.4757    300567.4302      -383.8853      -384.8969

WRITING COORDINATES TO DCD FILE ../output/fileio/performance/prod/1-1-45/frequency-5000/run-3/step5_fileio.dcd AT STEP 15000
The last position output (seq=15000) takes 0.039 seconds, 0.000 MB of memory in use
TIMING: 20000  CPU: 21.1817, 0.000995912/step  Wall: 20.7004, 0.00100141/step, 172.556 ns/days, 0.133522 hours remaining, 0.000000 MB of memory in use.
PERFORMANCE: 20000  averaging 169.28 ns/day, 0.0010208 sec/step with standard deviation 3.64865e-05
ENERGY:   20000       443.4612      1078.8893      1125.9412        72.4625        -114030.3611      9781.5961         0.0000         0.0000     18579.6215         -82948.3893       302.0463   -101528.0109    -82624.8530       301.7409             99.9885       104.3728    300829.9167      -287.1105      -287.0429

WRITING COORDINATES TO DCD FILE ../output/fileio/performance/prod/1-1-45/frequency-5000/run-3/step5_fileio.dcd AT STEP 20000
The last position output (seq=20000) takes 0.002 seconds, 0.000 MB of memory in use
TIMING: 25000  CPU: 26.0777, 0.000979208/step  Wall: 25.6288, 0.000985672/step, 175.312 ns/days, 0.130054 hours remaining, 0.000000 MB of memory in use.
PERFORMANCE: 25000  averaging 170.453 ns/day, 0.00101377 sec/step with standard deviation 3.52873e-05
ENERGY:   25000       433.5600      1149.5294      1153.1052        70.2871        -114460.8280      9891.1302         0.0000         0.0000     18593.8708         -83169.3453       302.2779   -101763.2162    -82715.6017       301.8304             16.1542        18.5515    300313.3569      -236.5664      -236.1105

WRITING COORDINATES TO DCD FILE ../output/fileio/performance/prod/1-1-45/frequency-5000/run-3/step5_fileio.dcd AT STEP 25000
The last position output (seq=25000) takes 0.060 seconds, 0.000 MB of memory in use
TIMING: 30000  CPU: 31.0953, 0.00100352/step  Wall: 30.6808, 0.00101041/step, 171.02 ns/days, 0.131915 hours remaining, 0.000000 MB of memory in use.
PERFORMANCE: 30000  averaging 170.547 ns/day, 0.00101321 sec/step with standard deviation 3.15917e-05
ENERGY:   30000       413.7233      1147.2200      1112.8648        73.0680        -114460.4013     10021.0627         0.0000         0.0000     18635.1545         -83057.3080       302.9490   -101692.4625    -82764.4169       301.9902            172.2356       170.6827    300679.2070      -178.1661      -177.9972

WRITING COORDINATES TO DCD FILE ../output/fileio/performance/prod/1-1-45/frequency-5000/run-3/step5_fileio.dcd AT STEP 30000
The last position output (seq=30000) takes 0.003 seconds, 0.000 MB of memory in use
TIMING: 35000  CPU: 36.0289, 0.000986708/step  Wall: 35.6504, 0.000993909/step, 173.859 ns/days, 0.12838 hours remaining, 0.000000 MB of memory in use.
PERFORMANCE: 35000  averaging 171.012 ns/day, 0.00101045 sec/step with standard deviation 2.97476e-05
ENERGY:   35000       408.9638      1168.9919      1109.5743        79.8542        -114136.8617      9899.3882         0.0000         0.0000     18608.9088         -82861.1805       302.5224   -101470.0893    -82776.5123       302.0567            208.9840       211.1686    300595.1741      -129.7723      -129.3515

WRITING COORDINATES TO DCD FILE ../output/fileio/performance/prod/1-1-45/frequency-5000/run-3/step5_fileio.dcd AT STEP 35000
The last position output (seq=35000) takes 0.002 seconds, 0.000 MB of memory in use
TIMING: 40000  CPU: 40.885, 0.00097122/step  Wall: 40.5397, 0.00097787/step, 176.711 ns/days, 0.12495 hours remaining, 0.000000 MB of memory in use.
PERFORMANCE: 40000  averaging 171.704 ns/day, 0.00100638 sec/step with standard deviation 2.98532e-05
ENERGY:   40000       465.8264      1110.0468      1116.4439        77.2660        -113985.6251      9703.5512         0.0000         0.0000     18574.3684         -82938.1223       301.9609   -101512.4907    -82794.4690       302.0461           -272.8850      -274.8501    301025.8986      -145.6737      -145.5180

WRITING COORDINATES TO DCD FILE ../output/fileio/performance/prod/1-1-45/frequency-5000/run-3/step5_fileio.dcd AT STEP 40000
The last position output (seq=40000) takes 0.002 seconds, 0.000 MB of memory in use
TIMING: 45000  CPU: 45.8461, 0.000992227/step  Wall: 45.5339, 0.000998828/step, 173.003 ns/days, 0.126241 hours remaining, 0.000000 MB of memory in use.
PERFORMANCE: 45000  averaging 171.848 ns/day, 0.00100554 sec/step with standard deviation 2.80384e-05
ENERGY:   45000       419.7499      1123.8434      1106.5976        78.5345        -113963.3903      9656.1786         0.0000         0.0000     18635.7055         -82942.7807       302.9580   -101578.4862    -82809.3002       302.1373            -53.9366       -58.2915    300167.6160      -136.5000      -136.7953

WRITING COORDINATES TO DCD FILE ../output/fileio/performance/prod/1-1-45/frequency-5000/run-3/step5_fileio.dcd AT STEP 45000
The last position output (seq=45000) takes 0.002 seconds, 0.000 MB of memory in use
TIMING: 50000  CPU: 50.8559, 0.00100197/step  Wall: 50.5775, 0.00100872/step, 171.306 ns/days, 0.12609 hours remaining, 0.000000 MB of memory in use.
PERFORMANCE: 50000  averaging 171.793 ns/day, 0.00100586 sec/step with standard deviation 2.64539e-05
ETITLE:      TS           BOND          ANGLE          DIHED          IMPRP               ELECT            VDW       BOUNDARY           MISC        KINETIC               TOTAL           TEMP      POTENTIAL       TOTALAVG        TEMPAVG            PRESSURE      GPRESSURE         VOLUME       PRESSAVG      GPRESSAVG

ENERGY:   50000       425.3286      1142.6319      1108.6488        79.4829        -114301.7890      9906.1098         0.0000         0.0000     18586.7734         -83052.8136       302.1625   -101639.5870    -82831.4378       302.1396            268.7012       270.1199    300250.2374       -99.6636       -99.8030

WRITING COORDINATES TO DCD FILE ../output/fileio/performance/prod/1-1-45/frequency-5000/run-3/step5_fileio.dcd AT STEP 50000
The last position output (seq=50000) takes 0.002 seconds, 0.000 MB of memory in use
TIMING: 55000  CPU: 55.7116, 0.00097114/step  Wall: 55.4667, 0.000977848/step, 176.715 ns/days, 0.120873 hours remaining, 0.000000 MB of memory in use.
PERFORMANCE: 55000  averaging 172.229 ns/day, 0.00100331 sec/step with standard deviation 2.64794e-05
ENERGY:   55000       427.5151      1099.3750      1140.5852        75.3707        -113766.0829      9646.9405         0.0000         0.0000     18484.1187         -82892.1777       300.4937   -101376.2964    -82836.4994       302.0024           -139.6909      -137.5692    300701.8719      -102.9992      -102.9502

WRITING COORDINATES TO DCD FILE ../output/fileio/performance/prod/1-1-45/frequency-5000/run-3/step5_fileio.dcd AT STEP 55000
TIMING: 60000  CPU: 60.7053, 0.000998737/step  Wall: 60.4938, 0.00100541/step, 171.87 ns/days, 0.122884 hours remaining, 0.000000 MB of memory in use.
PERFORMANCE: 60000  averaging 172.199 ns/day, 0.00100349 sec/step with standard deviation 2.52544e-05
ENERGY:   60000       422.3741      1157.8574      1135.3538        74.3768        -113947.9154      9590.5047         0.0000         0.0000     18529.8528         -83037.5956       301.2372   -101567.4484    -82851.9684       301.9435            -78.1348       -77.3997    300282.0250      -101.0865      -100.9848

WRITING COORDINATES TO DCD FILE ../output/fileio/performance/prod/1-1-45/frequency-5000/run-3/step5_fileio.dcd AT STEP 60000
TIMING: 65000  CPU: 65.6225, 0.000983442/step  Wall: 65.4451, 0.000990266/step, 174.499 ns/days, 0.119657 hours remaining, 0.000000 MB of memory in use.
PERFORMANCE: 65000  averaging 172.374 ns/day, 0.00100247 sec/step with standard deviation 2.44558e-05
ENERGY:   65000       420.1672      1142.6308      1115.8404        64.5454        -114174.1013      9899.5961         0.0000         0.0000     18629.5865         -82901.7349       302.8585   -101531.3214    -82855.5231       302.0089              6.2850         5.0345    300801.9781       -93.4171       -93.4120

WRITING COORDINATES TO DCD FILE ../output/fileio/performance/prod/1-1-45/frequency-5000/run-3/step5_fileio.dcd AT STEP 65000
TIMING: 70000  CPU: 70.4703, 0.000969555/step  Wall: 70.3245, 0.000975885/step, 177.07 ns/days, 0.116564 hours remaining, 0.000000 MB of memory in use.
PERFORMANCE: 70000  averaging 172.701 ns/day, 0.00100057 sec/step with standard deviation 2.45471e-05
ENERGY:   70000       421.5392      1168.9879      1105.2125        72.5676        -114041.4945      9818.8460         0.0000         0.0000     18703.9363         -82750.4050       304.0672   -101454.3414    -82848.5152       302.1461            138.3828       143.1749    300441.7595       -77.9638       -77.6395

WRITING COORDINATES TO DCD FILE ../output/fileio/performance/prod/1-1-45/frequency-5000/run-3/step5_fileio.dcd AT STEP 70000
TIMING: 75000  CPU: 75.5134, 0.00100862/step  Wall: 75.403, 0.00101569/step, 170.13 ns/days, 0.119908 hours remaining, 0.000000 MB of memory in use.
PERFORMANCE: 75000  averaging 172.527 ns/day, 0.00100158 sec/step with standard deviation 2.39744e-05
ENERGY:   75000       433.1784      1123.8088      1131.3166        75.0882        -113679.6402      9617.4586         0.0000         0.0000     18553.1528         -82745.6369       301.6160   -101298.7898    -82842.0853       302.1130            -83.0771       -83.9620    300464.8070       -78.2834       -78.0347

WRITING COORDINATES TO DCD FILE ../output/fileio/performance/prod/1-1-45/frequency-5000/run-3/step5_fileio.dcd AT STEP 75000
TIMING: 80000  CPU: 80.4067, 0.000978667/step  Wall: 80.3293, 0.000985267/step, 175.384 ns/days, 0.114948 hours remaining, 0.000000 MB of memory in use.
PERFORMANCE: 80000  averaging 172.703 ns/day, 0.00100056 sec/step with standard deviation 2.35177e-05
ENERGY:   80000       434.9329      1181.2472      1114.6800        67.5631        -114306.2643      9900.6849         0.0000         0.0000     18770.3304         -82836.8257       305.1466   -101607.1562    -82841.7760       302.2914             84.5299        77.6832    300235.0650       -68.7061       -68.8748

WRITING COORDINATES TO DCD FILE ../output/fileio/performance/prod/1-1-45/frequency-5000/run-3/step5_fileio.dcd AT STEP 80000
TIMING: 85000  CPU: 85.2918, 0.000977014/step  Wall: 85.2478, 0.0009837/step, 175.663 ns/days, 0.113399 hours remaining, 0.000000 MB of memory in use.
PERFORMANCE: 85000  averaging 172.875 ns/day, 0.000999568 sec/step with standard deviation 2.31352e-05
ENERGY:   85000       424.1513      1140.4766      1119.7852        70.2484        -114150.0504      9625.3845         0.0000         0.0000     18670.4466         -83099.5577       303.5228   -101770.0044    -82856.0972       302.3598           -154.5142      -153.8175    299495.2691       -73.4732       -73.5938

WRITING COORDINATES TO DCD FILE ../output/fileio/performance/prod/1-1-45/frequency-5000/run-3/step5_fileio.dcd AT STEP 85000
TIMING: 90000  CPU: 90.3465, 0.00101095/step  Wall: 90.3369, 0.00101782/step, 169.775 ns/days, 0.115918 hours remaining, 0.000000 MB of memory in use.
PERFORMANCE: 90000  averaging 172.699 ns/day, 0.00100058 sec/step with standard deviation 2.2853e-05
ENERGY:   90000       419.3042      1166.6309      1125.8406        72.6346        -114211.7987      9837.7668         0.0000         0.0000     18596.3893         -82993.2323       302.3188   -101589.6215    -82863.3148       302.3577            128.5690       132.1372    300076.7362       -62.8394       -62.7659

WRITING COORDINATES TO DCD FILE ../output/fileio/performance/prod/1-1-45/frequency-5000/run-3/step5_fileio.dcd AT STEP 90000
TIMING: 95000  CPU: 95.2696, 0.000984615/step  Wall: 95.2961, 0.000991828/step, 174.224 ns/days, 0.111581 hours remaining, 0.000000 MB of memory in use.
PERFORMANCE: 95000  averaging 172.779 ns/day, 0.00100012 sec/step with standard deviation 2.22998e-05
ENERGY:   95000       413.0687      1116.4918      1147.7531        67.1669        -114301.6377      9883.7010         0.0000         0.0000     18614.7461         -83058.7101       302.6173   -101673.4562    -82873.0846       302.3707            116.3492       111.9453    300147.3643       -53.8800       -54.0303

WRITING COORDINATES TO DCD FILE ../output/fileio/performance/prod/1-1-45/frequency-5000/run-3/step5_fileio.dcd AT STEP 95000
TIMING: 100000  CPU: 100.132, 0.000972494/step  Wall: 100.192, 0.000979135/step, 176.482 ns/days, 0.108793 hours remaining, 0.000000 MB of memory in use.
PERFORMANCE: 100000  averaging 172.96 ns/day, 0.000999072 sec/step with standard deviation 2.22065e-05
ETITLE:      TS           BOND          ANGLE          DIHED          IMPRP               ELECT            VDW       BOUNDARY           MISC        KINETIC               TOTAL           TEMP      POTENTIAL       TOTALAVG        TEMPAVG            PRESSURE      GPRESSURE         VOLUME       PRESSAVG      GPRESSAVG

ENERGY:  100000       399.6870      1094.2710      1143.0836        74.1943        -114037.0221      9752.8921         0.0000         0.0000     18480.3999         -83092.4943       300.4332   -101572.8942    -82960.1285       302.4863             72.3704        75.4634    299723.9330        22.4563        22.3954

WRITING COORDINATES TO DCD FILE ../output/fileio/performance/prod/1-1-45/frequency-5000/run-3/step5_fileio.dcd AT STEP 100000
TIMING: 105000  CPU: 105.133, 0.00100009/step  Wall: 105.228, 0.00100716/step, 171.571 ns/days, 0.110508 hours remaining, 0.000000 MB of memory in use.
PERFORMANCE: 105000  averaging 172.894 ns/day, 0.000999458 sec/step with standard deviation 2.17161e-05
ENERGY:  105000       432.9970      1159.8908      1087.8381        67.6070        -114271.6529      9745.2727         0.0000         0.0000     18443.2062         -83334.8411       299.8286   -101778.0473    -82981.5503       302.3907             28.1808        27.5263    299587.5975        24.8399        24.8798

WRITING COORDINATES TO DCD FILE ../output/fileio/performance/prod/1-1-45/frequency-5000/run-3/step5_fileio.dcd AT STEP 105000
TIMING: 110000  CPU: 110.039, 0.000981366/step  Wall: 110.171, 0.000988716/step, 174.772 ns/days, 0.107111 hours remaining, 0.000000 MB of memory in use.
PERFORMANCE: 110000  averaging 172.978 ns/day, 0.000998969 sec/step with standard deviation 2.13161e-05
ENERGY:  110000       437.1812      1121.8711      1130.6168        76.2667        -114145.3399      9874.9521         0.0000         0.0000     18573.8462         -82930.6058       301.9524   -101504.4521    -82977.9019       302.3491             -4.8799         3.6998    299705.5058        31.5347        32.1573

WRITING COORDINATES TO DCD FILE ../output/fileio/performance/prod/1-1-45/frequency-5000/run-3/step5_fileio.dcd AT STEP 110000
TIMING: 115000  CPU: 114.902, 0.000972623/step  Wall: 115.069, 0.000979476/step, 176.421 ns/days, 0.104749 hours remaining, 0.000000 MB of memory in use.
PERFORMANCE: 115000  averaging 173.125 ns/day, 0.000998122 sec/step with standard deviation 2.1219e-05
ENERGY:  115000       447.0783      1147.4701      1122.6777        89.5031        -114330.1700      9840.9349         0.0000         0.0000     18543.8443         -83138.6616       301.4646   -101682.5059    -82989.1209       302.2217           -140.2152      -141.3240    300012.3488        20.6699        21.2173

WRITING COORDINATES TO DCD FILE ../output/fileio/performance/prod/1-1-45/frequency-5000/run-3/step5_fileio.dcd AT STEP 115000
TIMING: 120000  CPU: 119.911, 0.00100168/step  Wall: 120.111, 0.00100858/step, 171.329 ns/days, 0.106462 hours remaining, 0.000000 MB of memory in use.
PERFORMANCE: 120000  averaging 173.05 ns/day, 0.000998558 sec/step with standard deviation 2.08622e-05
ENERGY:  120000       435.6982      1147.2041      1144.7881        65.8745        -114174.9072      9801.8241         0.0000         0.0000     18541.4772         -83038.0410       301.4261   -101579.5182    -82993.6035       302.1907           -244.7224      -242.1403    301349.6827         3.4343         3.8916

WRITING COORDINATES TO DCD FILE ../output/fileio/performance/prod/1-1-45/frequency-5000/run-3/step5_fileio.dcd AT STEP 120000
TIMING: 125000  CPU: 124.798, 0.00097748/step  Wall: 125.035, 0.000984671/step, 175.49 ns/days, 0.10257 hours remaining, 0.000000 MB of memory in use.
PERFORMANCE: 125000  averaging 173.146 ns/day, 0.000998002 sec/step with standard deviation 2.06109e-05
ENERGY:  125000       444.6553      1117.3711      1106.1773        64.4657        -114301.1931      9897.4863         0.0000         0.0000     18734.6057         -82936.4318       304.5658   -101671.0374    -82981.9578       302.3051            128.3638       126.7608    299601.8735         9.0448         9.3021

WRITING COORDINATES TO DCD FILE ../output/fileio/performance/prod/1-1-45/frequency-5000/run-3/step5_fileio.dcd AT STEP 125000
TIMING: 130000  CPU: 129.653, 0.000971039/step  Wall: 129.923, 0.000977608/step, 176.758 ns/days, 0.100476 hours remaining, 0.000000 MB of memory in use.
PERFORMANCE: 130000  averaging 173.282 ns/day, 0.000997218 sec/step with standard deviation 2.05867e-05
ENERGY:  130000       450.4528      1111.7961      1137.7540        76.2779        -114092.3417      9762.8829         0.0000         0.0000     18518.2014         -83034.9766       301.0478   -101553.1780    -82980.8413       302.2100           -153.4154      -150.5737    300254.3373        -7.2378        -6.7607

WRITING COORDINATES TO DCD FILE ../output/fileio/performance/prod/1-1-45/frequency-5000/run-3/step5_fileio.dcd AT STEP 130000
TIMING: 135000  CPU: 134.534, 0.000976118/step  Wall: 134.838, 0.000983065/step, 175.777 ns/days, 0.0996719 hours remaining, 0.000000 MB of memory in use.
PERFORMANCE: 135000  averaging 173.373 ns/day, 0.000996694 sec/step with standard deviation 2.03699e-05
ENERGY:  135000       421.9228      1125.4199      1120.7444        67.2539        -114125.9803      9737.7486         0.0000         0.0000     18615.6514         -83037.2393       302.6320   -101652.8907    -82989.6442       302.2155            -95.2849       -94.3799    301555.7311       -22.4512       -22.0381

WRITING COORDINATES TO DCD FILE ../output/fileio/performance/prod/1-1-45/frequency-5000/run-3/step5_fileio.dcd AT STEP 135000
TIMING: 140000  CPU: 139.536, 0.00100033/step  Wall: 139.878, 0.00100804/step, 171.422 ns/days, 0.100804 hours remaining, 0.000000 MB of memory in use.
PERFORMANCE: 140000  averaging 173.303 ns/day, 0.000997099 sec/step with standard deviation 2.01038e-05
ENERGY:  140000       446.9575      1072.2765      1130.7731        69.2999        -113942.1510      9684.2689         0.0000         0.0000     18675.1010         -82863.4742       303.5985   -101538.5751    -82985.9118       302.2974              5.4691         6.2600    299787.0660        -8.5335        -7.9826

WRITING COORDINATES TO DCD FILE ../output/fileio/performance/prod/1-1-45/frequency-5000/run-3/step5_fileio.dcd AT STEP 140000
TIMING: 145000  CPU: 144.397, 0.000972172/step  Wall: 144.772, 0.00097879/step, 176.545 ns/days, 0.0965196 hours remaining, 0.000000 MB of memory in use.
PERFORMANCE: 145000  averaging 173.413 ns/day, 0.000996468 sec/step with standard deviation 2.00321e-05
ENERGY:  145000       412.6612      1111.4455      1138.7538        68.3450        -114051.1240      9733.9098         0.0000         0.0000     18599.4373         -82986.5714       302.3684   -101586.0086    -82988.1013       302.2679             -3.1493        -6.5372    300609.6296        -5.9941        -5.3949

WRITING COORDINATES TO DCD FILE ../output/fileio/performance/prod/1-1-45/frequency-5000/run-3/step5_fileio.dcd AT STEP 145000
TIMING: 150000  CPU: 149.288, 0.000978311/step  Wall: 149.698, 0.000985131/step, 175.408 ns/days, 0.0957767 hours remaining, 0.000000 MB of memory in use.
PERFORMANCE: 150000  averaging 173.478 ns/day, 0.00099609 sec/step with standard deviation 1.97923e-05
ETITLE:      TS           BOND          ANGLE          DIHED          IMPRP               ELECT            VDW       BOUNDARY           MISC        KINETIC               TOTAL           TEMP      POTENTIAL       TOTALAVG        TEMPAVG            PRESSURE      GPRESSURE         VOLUME       PRESSAVG      GPRESSAVG

ENERGY:  150000       449.9424      1136.7159      1122.5709        63.2779        -113853.6342      9580.6857         0.0000         0.0000     18735.3747         -82765.0666       304.5783   -101500.4414    -82973.7140       302.3887           -117.3676      -119.7031    300405.5501       -25.2976       -24.8861

WRITING COORDINATES TO DCD FILE ../output/fileio/performance/prod/1-1-45/frequency-5000/run-3/step5_fileio.dcd AT STEP 150000
TIMING: 155000  CPU: 154.27, 0.000996364/step  Wall: 154.717, 0.00100384/step, 172.139 ns/days, 0.0962014 hours remaining, 0.000000 MB of memory in use.
PERFORMANCE: 155000  averaging 173.435 ns/day, 0.00099634 sec/step with standard deviation 1.95093e-05
ENERGY:  155000       417.2337      1122.2828      1116.1230        72.9037        -114374.3833     10027.6665         0.0000         0.0000     18578.9446         -83039.2289       302.0353   -101618.1735    -82981.0665       302.4658            318.0663       325.2635    299702.6041        -2.4097        -1.7444

WRITING COORDINATES TO DCD FILE ../output/fileio/performance/prod/1-1-45/frequency-5000/run-3/step5_fileio.dcd AT STEP 155000
TIMING: 160000  CPU: 159.112, 0.000968353/step  Wall: 159.594, 0.000975317/step, 177.173 ns/days, 0.0921133 hours remaining, 0.000000 MB of memory in use.
PERFORMANCE: 160000  averaging 173.549 ns/day, 0.000995683 sec/step with standard deviation 1.95486e-05
ENERGY:  160000       421.0622      1071.6481      1111.7568        66.0932        -114398.0268      9994.2561         0.0000         0.0000     18701.2811         -83031.9292       304.0241   -101733.2103    -82980.7832       302.6051            298.1743       298.4697    298878.8022        16.4057        17.0490

WRITING COORDINATES TO DCD FILE ../output/fileio/performance/prod/1-1-45/frequency-5000/run-3/step5_fileio.dcd AT STEP 160000
TIMING: 165000  CPU: 164.009, 0.000979553/step  Wall: 164.525, 0.000986343/step, 175.193 ns/days, 0.0917847 hours remaining, 0.000000 MB of memory in use.
PERFORMANCE: 165000  averaging 173.599 ns/day, 0.0009954 sec/step with standard deviation 1.93093e-05
ENERGY:  165000       423.6271      1189.4923      1126.9748        67.8991        -113857.0922      9608.9826         0.0000         0.0000     18457.8763         -82982.2398       300.0671   -101440.1162    -82984.8085       302.4655           -186.0283      -188.7389    301080.9309         6.7901         7.3604

WRITING COORDINATES TO DCD FILE ../output/fileio/performance/prod/1-1-45/frequency-5000/run-3/step5_fileio.dcd AT STEP 165000
TIMING: 170000  CPU: 169.235, 0.00104503/step  Wall: 169.787, 0.00105232/step, 164.208 ns/days, 0.0964628 hours remaining, 0.000000 MB of memory in use.
PERFORMANCE: 170000  averaging 173.307 ns/day, 0.000997074 sec/step with standard deviation 2.13739e-05
ENERGY:  170000       428.0454      1133.7960      1117.1237        78.8755        -113950.6883      9726.2918         0.0000         0.0000     18567.8876         -82898.6684       301.8555   -101466.5559    -82992.2216       302.3549           -127.8191      -131.4313    300848.7214        -6.5200        -6.3699

WRITING COORDINATES TO DCD FILE ../output/fileio/performance/prod/1-1-45/frequency-5000/run-3/step5_fileio.dcd AT STEP 170000
TIMING: 175000  CPU: 174.074, 0.0009678/step  Wall: 174.659, 0.000974308/step, 177.357 ns/days, 0.0879584 hours remaining, 0.000000 MB of memory in use.
PERFORMANCE: 175000  averaging 173.42 ns/day, 0.000996423 sec/step with standard deviation 2.1406e-05
ENERGY:  175000       438.7280      1122.0363      1124.3838        68.3339        -114050.4759      9831.4335         0.0000         0.0000     18449.1048         -83016.4555       299.9245   -101465.5604    -83005.7626       302.2704            186.9814       184.4869    300018.5924         6.9829         7.0525

WRITING COORDINATES TO DCD FILE ../output/fileio/performance/prod/1-1-45/frequency-5000/run-3/step5_fileio.dcd AT STEP 175000
TIMING: 180000  CPU: 178.971, 0.000979507/step  Wall: 179.59, 0.000986366/step, 175.188 ns/days, 0.087677 hours remaining, 0.000000 MB of memory in use.
PERFORMANCE: 180000  averaging 173.469 ns/day, 0.000996144 sec/step with standard deviation 2.11644e-05
ENERGY:  180000       403.7329      1105.8837      1116.1730        73.6124        -114093.1582      9721.8552         0.0000         0.0000     18580.1332         -83091.7680       302.0546   -101671.9012    -83018.5097       302.1158             78.6680        75.4805    299510.2272         6.6898         6.9424

WRITING COORDINATES TO DCD FILE ../output/fileio/performance/prod/1-1-45/frequency-5000/run-3/step5_fileio.dcd AT STEP 180000
TIMING: 185000  CPU: 183.916, 0.000988916/step  Wall: 184.571, 0.000996025/step, 173.49 ns/days, 0.0871522 hours remaining, 0.000000 MB of memory in use.
PERFORMANCE: 185000  averaging 173.469 ns/day, 0.000996141 sec/step with standard deviation 2.08684e-05
ENERGY:  185000       457.2828      1183.7535      1115.0853        74.2794        -114403.7200      9907.4140         0.0000         0.0000     18595.4216         -83070.4834       302.3031   -101665.9050    -83017.0560       302.0548             40.8817        44.0479    300799.1732        16.4596        16.8356

WRITING COORDINATES TO DCD FILE ../output/fileio/performance/prod/1-1-45/frequency-5000/run-3/step5_fileio.dcd AT STEP 185000
TIMING: 190000  CPU: 188.772, 0.000971308/step  Wall: 189.461, 0.000978094/step, 176.67 ns/days, 0.0842248 hours remaining, 0.000000 MB of memory in use.
PERFORMANCE: 190000  averaging 173.552 ns/day, 0.000995666 sec/step with standard deviation 2.07916e-05
ENERGY:  190000       422.4723      1115.3616      1126.6967        80.3002        -114455.6797      9983.0710         0.0000         0.0000     18751.1286         -82976.6493       304.8344   -101727.7779    -83016.2268       302.1806            239.1210       242.9210    299728.7919        21.9872        22.3748

WRITING COORDINATES TO DCD FILE ../output/fileio/performance/prod/1-1-45/frequency-5000/run-3/step5_fileio.dcd AT STEP 190000
TIMING: 195000  CPU: 193.669, 0.000979266/step  Wall: 194.393, 0.000986311/step, 175.198 ns/days, 0.0835625 hours remaining, 0.000000 MB of memory in use.
PERFORMANCE: 195000  averaging 173.594 ns/day, 0.000995426 sec/step with standard deviation 2.05709e-05
ENERGY:  195000       420.2445      1162.7232      1112.8098        83.8647        -114266.7905      9846.8973         0.0000         0.0000     18494.9077         -83145.3432       300.6691   -101640.2510    -83020.5585       302.0832              5.7723         4.2088    300141.7008        16.4584        16.9880

WRITING COORDINATES TO DCD FILE ../output/fileio/performance/prod/1-1-45/frequency-5000/run-3/step5_fileio.dcd AT STEP 195000
TIMING: 200000  CPU: 198.667, 0.000999669/step  Wall: 199.426, 0.00100665/step, 171.658 ns/days, 0.0838876 hours remaining, 0.000000 MB of memory in use.
PERFORMANCE: 200000  averaging 173.545 ns/day, 0.000995707 sec/step with standard deviation 2.03828e-05
ETITLE:      TS           BOND          ANGLE          DIHED          IMPRP               ELECT            VDW       BOUNDARY           MISC        KINETIC               TOTAL           TEMP      POTENTIAL       TOTALAVG        TEMPAVG            PRESSURE      GPRESSURE         VOLUME       PRESSAVG      GPRESSAVG

ENERGY:  200000       411.8294      1153.0338      1128.6276        73.7524        -114076.9842      9786.3944         0.0000         0.0000     18610.9921         -82912.3545       302.5562   -101523.3466    -83011.5515       302.1893            -60.1047       -57.5506    302421.6812         9.8346        10.3373

WRITING COORDINATES TO DCD FILE ../output/fileio/performance/prod/1-1-45/frequency-5000/run-3/step5_fileio.dcd AT STEP 200000
TIMING: 205000  CPU: 203.55, 0.000976671/step  Wall: 204.342, 0.000983247/step, 175.744 ns/days, 0.0805716 hours remaining, 0.000000 MB of memory in use.
PERFORMANCE: 205000  averaging 173.598 ns/day, 0.000995403 sec/step with standard deviation 2.02203e-05
ENERGY:  205000       414.8402      1140.0162      1118.0700        72.9897        -114030.4815      9774.9927         0.0000         0.0000     18554.0851         -82955.4876       301.6311   -101509.5727    -82992.5838       302.2794            -61.6286       -57.7345    300474.2821         5.3441         6.0743

WRITING COORDINATES TO DCD FILE ../output/fileio/performance/prod/1-1-45/frequency-5000/run-3/step5_fileio.dcd AT STEP 205000
TIMING: 210000  CPU: 208.445, 0.000978857/step  Wall: 209.271, 0.000985707/step, 175.306 ns/days, 0.0794042 hours remaining, 0.000000 MB of memory in use.
PERFORMANCE: 210000  averaging 173.638 ns/day, 0.000995172 sec/step with standard deviation 2.00281e-05
ENERGY:  210000       428.2507      1163.4477      1112.4661        68.0691        -113787.5581      9440.4469         0.0000         0.0000     18583.1192         -82991.7585       302.1031   -101574.8777    -82995.6414       302.2870            -77.7500       -82.6715    298281.9741         1.7006         1.7557

WRITING COORDINATES TO DCD FILE ../output/fileio/performance/prod/1-1-45/frequency-5000/run-3/step5_fileio.dcd AT STEP 210000
TIMING: 215000  CPU: 213.438, 0.000998597/step  Wall: 214.3, 0.00100593/step, 171.781 ns/days, 0.0796362 hours remaining, 0.000000 MB of memory in use.
PERFORMANCE: 215000  averaging 173.595 ns/day, 0.000995422 sec/step with standard deviation 1.98562e-05
ENERGY:  215000       432.9000      1141.4146      1095.2972        87.7674        -114218.8320      9995.9184         0.0000         0.0000     18683.4955         -82782.0390       303.7349   -101465.5345    -82977.8103       302.4005            180.3846       179.6237    301065.1073        17.7306        17.8031

WRITING COORDINATES TO DCD FILE ../output/fileio/performance/prod/1-1-45/frequency-5000/run-3/step5_fileio.dcd AT STEP 215000
TIMING: 220000  CPU: 218.292, 0.000970855/step  Wall: 219.188, 0.000977525/step, 176.773 ns/days, 0.0760297 hours remaining, 0.000000 MB of memory in use.
PERFORMANCE: 220000  averaging 173.666 ns/day, 0.000995015 sec/step with standard deviation 1.98085e-05
ENERGY:  220000       443.5621      1127.7911      1121.9443        67.1764        -113876.5061      9618.8540         0.0000         0.0000     18596.5215         -82900.6568       302.3210   -101497.1783    -82970.9411       302.4452           -139.3476      -137.6729    300275.7074        22.9994        23.0265

WRITING COORDINATES TO DCD FILE ../output/fileio/performance/prod/1-1-45/frequency-5000/run-3/step5_fileio.dcd AT STEP 220000
TIMING: 225000  CPU: 223.16, 0.000973564/step  Wall: 224.089, 0.000980172/step, 176.296 ns/days, 0.0748742 hours remaining, 0.000000 MB of memory in use.
PERFORMANCE: 225000  averaging 173.723 ns/day, 0.000994686 sec/step with standard deviation 1.97068e-05
ENERGY:  225000       434.8784      1121.6573      1138.5044        72.6922        -114281.0139      9800.9696         0.0000         0.0000     18571.5160         -83140.7960       301.9145   -101712.3120    -82981.1593       302.3127           -141.5534      -141.3562    300069.1537         9.5035         9.6206

WRITING COORDINATES TO DCD FILE ../output/fileio/performance/prod/1-1-45/frequency-5000/run-3/step5_fileio.dcd AT STEP 225000
TIMING: 230000  CPU: 228.255, 0.00101909/step  Wall: 229.22, 0.00102632/step, 168.369 ns/days, 0.0769739 hours remaining, 0.000000 MB of memory in use.
PERFORMANCE: 230000  averaging 173.603 ns/day, 0.000995373 sec/step with standard deviation 2.0037e-05
ENERGY:  230000       419.9013      1119.1156      1128.2774        66.9735        -114223.9419      9910.2716         0.0000         0.0000     18437.8582         -83141.5443       299.7416   -101579.4025    -82986.4877       302.2474             16.0641        14.3388    300477.1577        17.9775        17.8662

WRITING COORDINATES TO DCD FILE ../output/fileio/performance/prod/1-1-45/frequency-5000/run-3/step5_fileio.dcd AT STEP 230000
TIMING: 235000  CPU: 233.1, 0.000969062/step  Wall: 234.098, 0.000975592/step, 177.123 ns/days, 0.0718144 hours remaining, 0.000000 MB of memory in use.
PERFORMANCE: 235000  averaging 173.677 ns/day, 0.000994952 sec/step with standard deviation 2.00269e-05
ENERGY:  235000       446.6440      1117.9692      1136.0814        69.4415        -114290.7441      9759.0850         0.0000         0.0000     18543.8962         -83217.6269       301.4655   -101761.5230    -82995.5071       302.1890             26.8703        25.0769    299264.7842        24.0852        23.8391

WRITING COORDINATES TO DCD FILE ../output/fileio/performance/prod/1-1-45/frequency-5000/run-3/step5_fileio.dcd AT STEP 235000
TIMING: 240000  CPU: 237.965, 0.000972882/step  Wall: 238.995, 0.000979295/step, 176.454 ns/days, 0.0707268 hours remaining, 0.000000 MB of memory in use.
PERFORMANCE: 240000  averaging 173.734 ns/day, 0.000994626 sec/step with standard deviation 1.99412e-05
ENERGY:  240000       439.5825      1082.9293      1113.5832        66.7018        -113872.1381      9710.7978         0.0000         0.0000     18488.4297         -82970.1139       300.5638   -101458.5436    -83000.8391       302.0373            -60.8082       -57.6157    300806.7398        20.7714        20.6453

WRITING COORDINATES TO DCD FILE ../output/fileio/performance/prod/1-1-45/frequency-5000/run-3/step5_fileio.dcd AT STEP 240000
TIMING: 245000  CPU: 243.072, 0.0010215/step  Wall: 244.138, 0.00102855/step, 168.003 ns/days, 0.0728557 hours remaining, 0.000000 MB of memory in use.
PERFORMANCE: 245000  averaging 173.613 ns/day, 0.000995319 sec/step with standard deviation 2.03189e-05
ENERGY:  245000       432.9052      1090.9538      1151.9785        77.0371        -113848.4450      9674.1548         0.0000         0.0000     18709.8415         -82711.5740       304.1632   -101421.4155    -82987.0892       302.1270             18.4059        21.5159    301285.6807        21.8491        22.0479

WRITING COORDINATES TO DCD FILE ../output/fileio/performance/prod/1-1-45/frequency-5000/run-3/step5_fileio.dcd AT STEP 245000
TIMING: 250000  CPU: 247.915, 0.000968464/step  Wall: 249.014, 0.000975242/step, 177.187 ns/days, 0.0677251 hours remaining, 0.000000 MB of memory in use.
PERFORMANCE: 250000  averaging 173.683 ns/day, 0.000994917 sec/step with standard deviation 2.03099e-05
ETITLE:      TS           BOND          ANGLE          DIHED          IMPRP               ELECT            VDW       BOUNDARY           MISC        KINETIC               TOTAL           TEMP      POTENTIAL       TOTALAVG        TEMPAVG            PRESSURE      GPRESSURE         VOLUME       PRESSAVG      GPRESSAVG

ENERGY:  250000       418.1168      1133.2487      1118.3532        68.6259        -113871.1796      9800.1538         0.0000         0.0000     18573.3587         -82759.3226       301.9444   -101332.6813    -82986.8020       301.9953             36.3495        32.4014    300382.7265        29.5350        29.6532

WRITING COORDINATES TO DCD FILE ../output/fileio/performance/prod/1-1-45/frequency-5000/run-3/step5_fileio.dcd AT STEP 250000
TIMING: 255000  CPU: 252.782, 0.000973404/step  Wall: 253.914, 0.000980023/step, 176.322 ns/days, 0.066696 hours remaining, 0.000000 MB of memory in use.
PERFORMANCE: 255000  averaging 173.734 ns/day, 0.000994625 sec/step with standard deviation 2.02137e-05
ENERGY:  255000       401.7325      1152.7169      1105.6771        75.1488        -114497.9821     10048.3232         0.0000         0.0000     18673.9320         -83040.4515       303.5794   -101714.3835    -82986.8631       302.0726            213.7864       209.7022    299376.3566        24.3210        23.8751

WRITING COORDINATES TO DCD FILE ../output/fileio/performance/prod/1-1-45/frequency-5000/run-3/step5_fileio.dcd AT STEP 255000
TIMING: 260000  CPU: 257.919, 0.0010275/step  Wall: 259.087, 0.00103461/step, 167.02 ns/days, 0.0689737 hours remaining, 0.000000 MB of memory in use.
PERFORMANCE: 260000  averaging 173.6 ns/day, 0.000995394 sec/step with standard deviation 2.07683e-05
ENERGY:  260000       404.7581      1140.2251      1126.0010        72.5028        -114038.8492      9897.5208         0.0000         0.0000     18571.9557         -82825.8858       301.9216   -101397.8414    -82976.5609       301.9674            162.1831       161.1860    301460.1718        17.5214        17.0109

WRITING COORDINATES TO DCD FILE ../output/fileio/performance/prod/1-1-45/frequency-5000/run-3/step5_fileio.dcd AT STEP 260000
TIMING: 265000  CPU: 262.768, 0.000969697/step  Wall: 263.969, 0.000976462/step, 176.965 ns/days, 0.0637413 hours remaining, 0.000000 MB of memory in use.
PERFORMANCE: 265000  averaging 173.662 ns/day, 0.000995037 sec/step with standard deviation 2.07313e-05
ENERGY:  265000       434.2859      1159.5559      1117.9762        78.0200        -114150.9000      9710.1501         0.0000         0.0000     18598.0750         -83052.8369       302.3463   -101650.9119    -82980.0908       302.0814              7.9017         8.4839    300581.3284        27.2179        26.8721

WRITING COORDINATES TO DCD FILE ../output/fileio/performance/prod/1-1-45/frequency-5000/run-3/step5_fileio.dcd AT STEP 265000
TIMING: 270000  CPU: 267.774, 0.00100122/step  Wall: 269.01, 0.00100806/step, 171.418 ns/days, 0.0644038 hours remaining, 0.000000 MB of memory in use.
PERFORMANCE: 270000  averaging 173.62 ns/day, 0.000995278 sec/step with standard deviation 2.06112e-05
ENERGY:  270000       426.5640      1083.1365      1126.6405        80.7070        -114173.3637      9844.0232         0.0000         0.0000     18574.4922         -83037.8002       301.9629   -101612.2925    -82987.0474       302.0868             58.1511        62.4035    300060.5410        36.5164        36.5638

WRITING COORDINATES TO DCD FILE ../output/fileio/performance/prod/1-1-45/frequency-5000/run-3/step5_fileio.dcd AT STEP 270000
TIMING: 275000  CPU: 272.794, 0.00100408/step  Wall: 274.065, 0.00101107/step, 170.907 ns/days, 0.0631921 hours remaining, 0.000000 MB of memory in use.
PERFORMANCE: 275000  averaging 173.57 ns/day, 0.000995565 sec/step with standard deviation 2.05302e-05
ENERGY:  275000       444.0708      1147.1264      1111.2372        67.7255        -113808.7500      9568.9745         0.0000         0.0000     18550.0358         -82919.5798       301.5653   -101469.6156    -82982.2036       302.1688           -134.3170      -131.1595    300005.5440        20.4515        20.7815

WRITING COORDINATES TO DCD FILE ../output/fileio/performance/prod/1-1-45/frequency-5000/run-3/step5_fileio.dcd AT STEP 275000
TIMING: 280000  CPU: 277.632, 0.000967575/step  Wall: 278.936, 0.000974287/step, 177.361 ns/days, 0.0595397 hours remaining, 0.000000 MB of memory in use.
PERFORMANCE: 280000  averaging 173.636 ns/day, 0.000995185 sec/step with standard deviation 2.05405e-05
ENERGY:  280000       436.5389      1103.5070      1118.7142        74.1520        -113989.0045      9807.3188         0.0000         0.0000     18428.3238         -83020.4498       299.5866   -101448.7736    -82978.6377       302.0454             13.2395         9.8429    300672.4225        17.1801        17.4996

WRITING COORDINATES TO DCD FILE ../output/fileio/performance/prod/1-1-45/frequency-5000/run-3/step5_fileio.dcd AT STEP 280000
TIMING: 285000  CPU: 282.667, 0.00100698/step  Wall: 284.005, 0.00101382/step, 170.444 ns/days, 0.0605477 hours remaining, 0.000000 MB of memory in use.
PERFORMANCE: 285000  averaging 173.579 ns/day, 0.000995512 sec/step with standard deviation 2.05054e-05
ENERGY:  285000       442.8793      1094.6457      1113.2372        65.1708        -114085.2893     10017.3995         0.0000         0.0000     18621.4148         -82730.5420       302.7257   -101351.9568    -82961.6406       302.0665            259.1196       258.7500    300011.7545        28.0920        28.2347

WRITING COORDINATES TO DCD FILE ../output/fileio/performance/prod/1-1-45/frequency-5000/run-3/step5_fileio.dcd AT STEP 285000
TIMING: 290000  CPU: 287.618, 0.000990162/step  Wall: 288.992, 0.000997319/step, 173.264 ns/days, 0.058177 hours remaining, 0.000000 MB of memory in use.
PERFORMANCE: 290000  averaging 173.574 ns/day, 0.000995543 sec/step with standard deviation 2.03261e-05
ENERGY:  290000       452.3052      1129.4357      1126.6029        65.1373        -114163.2818      9887.6662         0.0000         0.0000     18799.9523         -82702.1822       305.6281   -101502.1345    -82947.9173       302.1062            146.2957       146.6159    300783.7569        23.4507        23.4194

WRITING COORDINATES TO DCD FILE ../output/fileio/performance/prod/1-1-45/frequency-5000/run-3/step5_fileio.dcd AT STEP 290000
TIMING: 295000  CPU: 292.472, 0.00097095/step  Wall: 293.884, 0.000978314/step, 176.63 ns/days, 0.0557095 hours remaining, 0.000000 MB of memory in use.
PERFORMANCE: 295000  averaging 173.625 ns/day, 0.000995251 sec/step with standard deviation 2.02746e-05
ENERGY:  295000       432.1515      1096.1840      1131.4436        82.2872        -114079.4598      9751.2976         0.0000         0.0000     18519.3106         -83066.7854       301.0658   -101586.0959    -82943.9894       302.1261            -56.8807       -59.3445    299878.6475        20.3181        20.2418

WRITING COORDINATES TO DCD FILE ../output/fileio/performance/prod/1-1-45/frequency-5000/run-3/step5_fileio.dcd AT STEP 295000
TIMING: 300000  CPU: 297.334, 0.000972277/step  Wall: 298.779, 0.000979116/step, 176.486 ns/days, 0.0543953 hours remaining, 0.000000 MB of memory in use.
PERFORMANCE: 300000  averaging 173.671 ns/day, 0.000994982 sec/step with standard deviation 2.02097e-05
ETITLE:      TS           BOND          ANGLE          DIHED          IMPRP               ELECT            VDW       BOUNDARY           MISC        KINETIC               TOTAL           TEMP      POTENTIAL       TOTALAVG        TEMPAVG            PRESSURE      GPRESSURE         VOLUME       PRESSAVG      GPRESSAVG

ENERGY:  300000       449.0272      1121.7207      1110.3911        67.2804        -114064.1056      9680.4529         0.0000         0.0000     18625.4148         -83009.8185       302.7907   -101635.2333    -82948.8626       302.1378           -205.2995      -198.2036    300007.8589        13.0583        13.2091

WRITING COORDINATES TO DCD FILE ../output/fileio/performance/prod/1-1-45/frequency-5000/run-3/step5_fileio.dcd AT STEP 300000
TIMING: 305000  CPU: 302.314, 0.000996137/step  Wall: 303.795, 0.00100322/step, 172.245 ns/days, 0.0543411 hours remaining, 0.000000 MB of memory in use.
PERFORMANCE: 305000  averaging 173.648 ns/day, 0.000995117 sec/step with standard deviation 2.00683e-05
ENERGY:  305000       419.7603      1141.1886      1114.0873        72.4926        -114310.6632      9922.6194         0.0000         0.0000     18746.8444         -82893.6705       304.7648   -101640.5149    -82945.7717       302.2945             80.2009        82.3523    300613.1789        20.1498        20.2135

WRITING COORDINATES TO DCD FILE ../output/fileio/performance/prod/1-1-45/frequency-5000/run-3/step5_fileio.dcd AT STEP 305000
TIMING: 310000  CPU: 307.171, 0.000971351/step  Wall: 308.686, 0.000978224/step, 176.647 ns/days, 0.0516285 hours remaining, 0.000000 MB of memory in use.
PERFORMANCE: 310000  averaging 173.695 ns/day, 0.000994845 sec/step with standard deviation 2.00184e-05
ENERGY:  310000       455.5417      1133.6220      1132.0546        64.7548        -114260.3948      9728.8253         0.0000         0.0000     18894.7934         -82850.8031       307.1700   -101745.5965    -82938.7240       302.5478            -97.3908       -93.5370    300057.1799        19.1678        19.6702

WRITING COORDINATES TO DCD FILE ../output/fileio/performance/prod/1-1-45/frequency-5000/run-3/step5_fileio.dcd AT STEP 310000
TIMING: 315000  CPU: 312.047, 0.000975211/step  Wall: 313.596, 0.000981936/step, 175.979 ns/days, 0.0504606 hours remaining, 0.000000 MB of memory in use.
PERFORMANCE: 315000  averaging 173.731 ns/day, 0.00099464 sec/step with standard deviation 1.99228e-05
ENERGY:  315000       419.7800      1137.2955      1128.3778        68.3385        -114168.4051      9965.4112         0.0000         0.0000     18585.7442         -82863.4580       302.1458   -101449.2022    -82942.7949       302.4684            231.9998       235.7319    300578.9867        21.7485        22.4756

WRITING COORDINATES TO DCD FILE ../output/fileio/performance/prod/1-1-45/frequency-5000/run-3/step5_fileio.dcd AT STEP 315000
TIMING: 320000  CPU: 317.056, 0.00100178/step  Wall: 318.641, 0.00100903/step, 171.253 ns/days, 0.0504516 hours remaining, 0.000000 MB of memory in use.
PERFORMANCE: 320000  averaging 173.692 ns/day, 0.000994865 sec/step with standard deviation 1.98457e-05
ENERGY:  320000       420.9547      1171.3315      1120.2963        60.1880        -114177.8118      9630.3648         0.0000         0.0000     18384.2374         -83390.4391       298.8699   -101774.6765    -82967.2840       302.2958            -56.8852       -62.1872    300709.3157        25.8716        26.2499

WRITING COORDINATES TO DCD FILE ../output/fileio/performance/prod/1-1-45/frequency-5000/run-3/step5_fileio.dcd AT STEP 320000
TIMING: 325000  CPU: 321.911, 0.000971019/step  Wall: 323.53, 0.00097767/step, 176.747 ns/days, 0.0475256 hours remaining, 0.000000 MB of memory in use.
PERFORMANCE: 325000  averaging 173.738 ns/day, 0.0009946 sec/step with standard deviation 1.98053e-05
ENERGY:  325000       433.6257      1159.7396      1117.1036        66.8699        -114400.2257     10035.1011         0.0000         0.0000     18662.4146         -82925.3712       303.3922   -101587.7858    -82956.5128       302.3697            186.7592       184.8849    300651.9643        42.2873        42.5619

WRITING COORDINATES TO DCD FILE ../output/fileio/performance/prod/1-1-45/frequency-5000/run-3/step5_fileio.dcd AT STEP 325000
TIMING: 330000  CPU: 326.807, 0.000979138/step  Wall: 328.459, 0.000985789/step, 175.291 ns/days, 0.0465512 hours remaining, 0.000000 MB of memory in use.
PERFORMANCE: 330000  averaging 173.761 ns/day, 0.000994467 sec/step with standard deviation 1.96822e-05
ENERGY:  330000       412.9654      1136.8967      1134.4629        60.5826        -114267.9358      9941.8902         0.0000         0.0000     18715.6225         -82865.5155       304.2572   -101581.1380    -82942.7113       302.5955             61.4015        61.3922    300622.6166        44.5541        44.9146

WRITING COORDINATES TO DCD FILE ../output/fileio/performance/prod/1-1-45/frequency-5000/run-3/step5_fileio.dcd AT STEP 330000
TIMING: 335000  CPU: 331.809, 0.00100034/step  Wall: 333.532, 0.00101466/step, 170.303 ns/days, 0.0465053 hours remaining, 0.000000 MB of memory in use.
PERFORMANCE: 335000  averaging 173.709 ns/day, 0.000994768 sec/step with standard deviation 1.96877e-05
ENERGY:  335000       437.4045      1132.3777      1102.6013        65.2957        -114142.9727      9831.1650         0.0000         0.0000     18752.3696         -82821.7588       304.8546   -101574.1284    -82922.9179       302.7649             39.9215        36.7491    300544.5214        45.2067        45.4982

WRITING COORDINATES TO DCD FILE ../output/fileio/performance/prod/1-1-45/frequency-5000/run-3/step5_fileio.dcd AT STEP 335000
TIMING: 340000  CPU: 336.645, 0.000967314/step  Wall: 338.402, 0.000974046/step, 177.404 ns/days, 0.0432909 hours remaining, 0.000000 MB of memory in use.
PERFORMANCE: 340000  averaging 173.762 ns/day, 0.000994463 sec/step with standard deviation 1.97012e-05
ENERGY:  340000       425.3147      1123.2683      1109.3787        80.2385        -114243.4089      9862.0192         0.0000         0.0000     18638.1986         -83004.9909       302.9985   -101643.1895    -82924.6618       302.8867            144.2061       145.5028    299367.2185        55.4574        55.6542

WRITING COORDINATES TO DCD FILE ../output/fileio/performance/prod/1-1-45/frequency-5000/run-3/step5_fileio.dcd AT STEP 340000
TIMING: 345000  CPU: 341.643, 0.000999548/step  Wall: 343.433, 0.00100619/step, 171.736 ns/days, 0.0433222 hours remaining, 0.000000 MB of memory in use.
PERFORMANCE: 345000  averaging 173.732 ns/day, 0.000994633 sec/step with standard deviation 1.96067e-05
ENERGY:  345000       441.4794      1137.4528      1125.2221        76.8335        -113838.9847      9644.5573         0.0000         0.0000     18632.3373         -82781.1024       302.9032   -101413.4397    -82928.1382       302.8237           -191.8068      -197.9880    300174.7919        44.9468        44.6790

WRITING COORDINATES TO DCD FILE ../output/fileio/performance/prod/1-1-45/frequency-5000/run-3/step5_fileio.dcd AT STEP 345000
TIMING: 350000  CPU: 346.623, 0.000995991/step  Wall: 348.449, 0.00100317/step, 172.254 ns/days, 0.0417987 hours remaining, 0.000000 MB of memory in use.
PERFORMANCE: 350000  averaging 173.711 ns/day, 0.000994755 sec/step with standard deviation 1.94908e-05
ETITLE:      TS           BOND          ANGLE          DIHED          IMPRP               ELECT            VDW       BOUNDARY           MISC        KINETIC               TOTAL           TEMP      POTENTIAL       TOTALAVG        TEMPAVG            PRESSURE      GPRESSURE         VOLUME       PRESSAVG      GPRESSAVG

ENERGY:  350000       480.7509      1058.1121      1133.1716        73.2745        -114011.1129      9642.5881         0.0000         0.0000     18521.4477         -83101.7680       301.1005   -101623.2157    -82945.2605       302.7815           -194.5178      -192.5557    299953.3375        33.4034        33.4311

WRITING COORDINATES TO DCD FILE ../output/fileio/performance/prod/1-1-45/frequency-5000/run-3/step5_fileio.dcd AT STEP 350000
TIMING: 355000  CPU: 351.471, 0.000969568/step  Wall: 353.33, 0.000976145/step, 177.023 ns/days, 0.039317 hours remaining, 0.000000 MB of memory in use.
PERFORMANCE: 355000  averaging 173.757 ns/day, 0.000994493 sec/step with standard deviation 1.94767e-05
ENERGY:  355000       414.3485      1173.8333      1111.2191        65.3847        -114005.8051      9748.6767         0.0000         0.0000     18179.8586         -83312.4842       295.5474   -101492.3428    -82958.8621       302.3799             28.0774        22.4935    300576.7661        24.1180        24.0707

WRITING COORDINATES TO DCD FILE ../output/fileio/performance/prod/1-1-45/frequency-5000/run-3/step5_fileio.dcd AT STEP 355000
TIMING: 360000  CPU: 356.381, 0.000982037/step  Wall: 358.282, 0.000990558/step, 174.447 ns/days, 0.0385217 hours remaining, 0.000000 MB of memory in use.
PERFORMANCE: 360000  averaging 173.766 ns/day, 0.000994439 sec/step with standard deviation 1.93447e-05
ENERGY:  360000       402.1686      1175.4471      1098.3922        68.9735        -114080.9386      9748.7304         0.0000         0.0000     18600.8645         -82986.3623       302.3916   -101587.2268    -82966.8859       302.4034             28.1472        29.2984    300203.0237        17.4162        17.4763

WRITING COORDINATES TO DCD FILE ../output/fileio/performance/prod/1-1-45/frequency-5000/run-3/step5_fileio.dcd AT STEP 360000
TIMING: 365000  CPU: 361.319, 0.000987704/step  Wall: 363.254, 0.000994419/step, 173.77 ns/days, 0.0372907 hours remaining, 0.000000 MB of memory in use.
PERFORMANCE: 365000  averaging 173.766 ns/day, 0.000994438 sec/step with standard deviation 1.92098e-05
ENERGY:  365000       410.4177      1109.9070      1116.3106        73.1358        -113744.9955      9667.8565         0.0000         0.0000     18550.1910         -82817.1769       301.5678   -101367.3679    -82955.1029       302.3644           -134.3742      -132.9779    301339.6926        10.3024        10.4032

WRITING COORDINATES TO DCD FILE ../output/fileio/performance/prod/1-1-45/frequency-5000/run-3/step5_fileio.dcd AT STEP 365000
TIMING: 370000  CPU: 366.147, 0.000965594/step  Wall: 368.115, 0.000972068/step, 177.765 ns/days, 0.0351024 hours remaining, 0.000000 MB of memory in use.
PERFORMANCE: 370000  averaging 173.819 ns/day, 0.000994136 sec/step with standard deviation 1.92542e-05
ENERGY:  370000       435.5981      1107.1106      1127.0015        80.4233        -114019.5980      9834.7127         0.0000         0.0000     18677.0292         -82757.7228       303.6298   -101434.7519    -82941.0991       302.4478            -39.2865       -38.6654    301552.4509         5.4305         5.3497

WRITING COORDINATES TO DCD FILE ../output/fileio/performance/prod/1-1-45/frequency-5000/run-3/step5_fileio.dcd AT STEP 370000
TIMING: 375000  CPU: 371.024, 0.000975259/step  Wall: 373.024, 0.000981933/step, 175.979 ns/days, 0.0340949 hours remaining, 0.000000 MB of memory in use.
PERFORMANCE: 375000  averaging 173.848 ns/day, 0.000993973 sec/step with standard deviation 1.91755e-05
ENERGY:  375000       413.6014      1148.7659      1123.6995        65.1188        -114135.2438      9728.0022         0.0000         0.0000     18520.8126         -83135.2435       301.0902   -101656.0561    -82951.8822       302.4240             35.6791        32.7678    300362.7853        13.9303        13.5461

WRITING COORDINATES TO DCD FILE ../output/fileio/performance/prod/1-1-45/frequency-5000/run-3/step5_fileio.dcd AT STEP 375000
TIMING: 380000  CPU: 376.024, 0.000999952/step  Wall: 378.06, 0.00100705/step, 171.59 ns/days, 0.0335683 hours remaining, 0.000000 MB of memory in use.
PERFORMANCE: 380000  averaging 173.818 ns/day, 0.000994145 sec/step with standard deviation 1.91063e-05
ENERGY:  380000       438.6571      1140.1185      1115.5982        72.1781        -114329.5888      9708.0889         0.0000         0.0000     18665.1182         -83189.8298       303.4362   -101854.9480    -82960.3512       302.6165           -111.7952      -104.8500    299157.3913         7.6786         7.8115

WRITING COORDINATES TO DCD FILE ../output/fileio/performance/prod/1-1-45/frequency-5000/run-3/step5_fileio.dcd AT STEP 380000
TIMING: 385000  CPU: 380.875, 0.000970273/step  Wall: 382.944, 0.000976806/step, 176.903 ns/days, 0.0312035 hours remaining, 0.000000 MB of memory in use.
PERFORMANCE: 385000  averaging 173.857 ns/day, 0.00099392 sec/step with standard deviation 1.90827e-05
ENERGY:  385000       385.0603      1160.3316      1131.2669        82.5830        -114254.0003      9788.8620         0.0000         0.0000     18596.5482         -83109.3483       302.3214   -101705.8965    -82979.2916       302.5963             56.3330        54.0267    299753.1213        -2.4608        -2.4247

WRITING COORDINATES TO DCD FILE ../output/fileio/performance/prod/1-1-45/frequency-5000/run-3/step5_fileio.dcd AT STEP 385000
TIMING: 390000  CPU: 385.736, 0.00097226/step  Wall: 387.838, 0.000978824/step, 176.538 ns/days, 0.0299085 hours remaining, 0.000000 MB of memory in use.
PERFORMANCE: 390000  averaging 173.891 ns/day, 0.000993727 sec/step with standard deviation 1.90353e-05
ENERGY:  390000       447.6323      1096.5742      1129.2712        67.8727        -114021.5313      9725.1806         0.0000         0.0000     18581.5418         -82973.4585       302.0775   -101555.0003    -82992.8554       302.4188            -36.0801       -33.6117    300191.4077       -11.5796       -11.4361

WRITING COORDINATES TO DCD FILE ../output/fileio/performance/prod/1-1-45/frequency-5000/run-3/step5_fileio.dcd AT STEP 390000
TIMING: 395000  CPU: 390.706, 0.000993967/step  Wall: 392.842, 0.00100073/step, 172.673 ns/days, 0.029188 hours remaining, 0.000000 MB of memory in use.
PERFORMANCE: 395000  averaging 173.875 ns/day, 0.000993815 sec/step with standard deviation 1.89293e-05
ENERGY:  395000       415.5665      1126.5357      1127.3478        62.2345        -114217.2690      9988.1871         0.0000         0.0000     18599.0697         -82898.3277       302.3624   -101497.3974    -82984.4325       302.4836            209.1573       208.3206    302051.8386         1.7223         1.9472

WRITING COORDINATES TO DCD FILE ../output/fileio/performance/prod/1-1-45/frequency-5000/run-3/step5_fileio.dcd AT STEP 395000
TIMING: 400000  CPU: 395.545, 0.000967812/step  Wall: 397.713, 0.000974379/step, 177.344 ns/days, 0.0270661 hours remaining, 0.000000 MB of memory in use.
PERFORMANCE: 400000  averaging 173.918 ns/day, 0.000993572 sec/step with standard deviation 1.89342e-05
ETITLE:      TS           BOND          ANGLE          DIHED          IMPRP               ELECT            VDW       BOUNDARY           MISC        KINETIC               TOTAL           TEMP      POTENTIAL       TOTALAVG        TEMPAVG            PRESSURE      GPRESSURE         VOLUME       PRESSAVG      GPRESSAVG

ENERGY:  400000       445.4718      1104.8969      1123.8872        69.9170        -114436.7218      9919.5853         0.0000         0.0000     18671.7822         -83101.1813       303.5445   -101772.9635    -82989.0006       302.5213             84.5563        85.4238    298794.3419        16.2151        16.1286

WRITING COORDINATES TO DCD FILE ../output/fileio/performance/prod/1-1-45/frequency-5000/run-3/step5_fileio.dcd AT STEP 400000
TIMING: 405000  CPU: 400.401, 0.000971148/step  Wall: 402.603, 0.00097795/step, 176.696 ns/days, 0.025807 hours remaining, 0.000000 MB of memory in use.
PERFORMANCE: 405000  averaging 173.952 ns/day, 0.000993379 sec/step with standard deviation 1.88954e-05
ENERGY:  405000       421.3475      1117.6092      1131.8064        81.8659        -114068.1509      9832.1398         0.0000         0.0000     18384.8494         -83098.5326       298.8799   -101483.3821    -82999.2437       302.2270            216.8229       213.2379    300671.9912        23.0462        22.6728

WRITING COORDINATES TO DCD FILE ../output/fileio/performance/prod/1-1-45/frequency-5000/run-3/step5_fileio.dcd AT STEP 405000
TIMING: 410000  CPU: 405.419, 0.00100361/step  Wall: 407.666, 0.0010126/step, 170.65 ns/days, 0.025315 hours remaining, 0.000000 MB of memory in use.
PERFORMANCE: 410000  averaging 173.911 ns/day, 0.000993614 sec/step with standard deviation 1.8898e-05
ENERGY:  410000       424.1486      1152.9405      1141.8030        72.0588        -114404.5512      9877.9288         0.0000         0.0000     18775.2537         -82960.4177       305.2266   -101735.6714    -83004.7245       302.1299            -18.2931       -18.3801    301407.1573        27.0011        26.4307

WRITING COORDINATES TO DCD FILE ../output/fileio/performance/prod/1-1-45/frequency-5000/run-3/step5_fileio.dcd AT STEP 410000
TIMING: 415000  CPU: 410.294, 0.000975073/step  Wall: 412.578, 0.000982327/step, 175.909 ns/days, 0.0231938 hours remaining, 0.000000 MB of memory in use.
PERFORMANCE: 415000  averaging 173.934 ns/day, 0.000993478 sec/step with standard deviation 1.88232e-05
ENERGY:  415000       427.8996      1130.6865      1119.1521        73.3104        -114224.4293      9815.3009         0.0000         0.0000     18493.3123         -83164.7674       300.6431   -101658.0798    -83019.7900       302.0547              5.7991         4.0031    300070.0623        15.6911        14.8442

WRITING COORDINATES TO DCD FILE ../output/fileio/performance/prod/1-1-45/frequency-5000/run-3/step5_fileio.dcd AT STEP 415000
TIMING: 420000  CPU: 415.171, 0.000975324/step  Wall: 417.487, 0.000981921/step, 175.982 ns/days, 0.0218205 hours remaining, 0.000000 MB of memory in use.
PERFORMANCE: 420000  averaging 173.959 ns/day, 0.00099334 sec/step with standard deviation 1.87519e-05
ENERGY:  420000       434.8361      1081.9253      1099.1604        72.9200        -114131.0266      9858.3560         0.0000         0.0000     18587.4524         -82996.3764       302.1736   -101583.8287    -83000.0868       302.2199            344.2106       346.7488    299951.6951        35.7459        35.2910

WRITING COORDINATES TO DCD FILE ../output/fileio/performance/prod/1-1-45/frequency-5000/run-3/step5_fileio.dcd AT STEP 420000
TIMING: 425000  CPU: 420.188, 0.00100352/step  Wall: 422.54, 0.00101048/step, 171.008 ns/days, 0.0210516 hours remaining, 0.000000 MB of memory in use.
PERFORMANCE: 425000  averaging 173.923 ns/day, 0.000993542 sec/step with standard deviation 1.87324e-05
ENERGY:  425000       415.1407      1086.1701      1106.4045        74.9237        -114347.9884      9990.3883         0.0000         0.0000     18518.0275         -83156.9335       301.0449   -101674.9610    -83011.6649       302.1026            203.1805       210.0098    301004.4308        36.5669        36.5473

WRITING COORDINATES TO DCD FILE ../output/fileio/performance/prod/1-1-45/frequency-5000/run-3/step5_fileio.dcd AT STEP 425000
TIMING: 430000  CPU: 425.083, 0.000978917/step  Wall: 427.471, 0.000986292/step, 175.202 ns/days, 0.0191779 hours remaining, 0.000000 MB of memory in use.
PERFORMANCE: 430000  averaging 173.938 ns/day, 0.000993458 sec/step with standard deviation 1.86383e-05
ENERGY:  430000       401.1028      1139.3733      1122.2731        74.7283        -114405.7569      9899.4698         0.0000         0.0000     18674.7442         -83094.0654       303.5927   -101768.8096    -83023.0924       302.0693            138.5705       137.9303    300029.5117        40.4254        40.3742

WRITING COORDINATES TO DCD FILE ../output/fileio/performance/prod/1-1-45/frequency-5000/run-3/step5_fileio.dcd AT STEP 430000
TIMING: 435000  CPU: 429.954, 0.000974237/step  Wall: 432.376, 0.000980851/step, 176.174 ns/days, 0.0177098 hours remaining, 0.000000 MB of memory in use.
PERFORMANCE: 435000  averaging 173.963 ns/day, 0.000993313 sec/step with standard deviation 1.85789e-05
ENERGY:  435000       407.7408      1074.9344      1125.0560        74.7742        -114256.9917      9843.9305         0.0000         0.0000     18715.0349         -83015.5208       304.2477   -101730.5557    -83032.7805       302.0390            156.7761       154.1724    300711.6966        46.2681        46.2454

WRITING COORDINATES TO DCD FILE ../output/fileio/performance/prod/1-1-45/frequency-5000/run-3/step5_fileio.dcd AT STEP 435000
TIMING: 440000  CPU: 434.926, 0.000994277/step  Wall: 437.384, 0.00100172/step, 172.504 ns/days, 0.0166953 hours remaining, 0.000000 MB of memory in use.
PERFORMANCE: 440000  averaging 173.947 ns/day, 0.000993408 sec/step with standard deviation 1.84935e-05
ENERGY:  440000       427.4646      1125.6008      1117.5542        74.2990        -114003.9346      9798.1312         0.0000         0.0000     18686.6088         -82774.2759       303.7855   -101460.8847    -83021.2448       302.0783            173.1397       177.4438    299480.8213        47.7148        47.8424

WRITING COORDINATES TO DCD FILE ../output/fileio/performance/prod/1-1-45/frequency-5000/run-3/step5_fileio.dcd AT STEP 440000
TIMING: 445000  CPU: 439.803, 0.000975428/step  Wall: 442.296, 0.000982427/step, 175.891 ns/days, 0.0150093 hours remaining, 0.000000 MB of memory in use.
PERFORMANCE: 445000  averaging 173.968 ns/day, 0.000993285 sec/step with standard deviation 1.84249e-05
ENERGY:  445000       412.9445      1150.0882      1132.0863        77.3539        -113828.5088      9755.6591         0.0000         0.0000     18587.8069         -82712.5698       302.1793   -101300.3768    -83017.8182       302.0421             65.9151        66.2251    301203.1211        60.6009        61.0531

WRITING COORDINATES TO DCD FILE ../output/fileio/performance/prod/1-1-45/frequency-5000/run-3/step5_fileio.dcd AT STEP 445000
TIMING: 450000  CPU: 444.662, 0.000971947/step  Wall: 447.188, 0.00097844/step, 176.608 ns/days, 0.0135894 hours remaining, 0.000000 MB of memory in use.
PERFORMANCE: 450000  averaging 173.997 ns/day, 0.00099312 sec/step with standard deviation 1.83878e-05
ETITLE:      TS           BOND          ANGLE          DIHED          IMPRP               ELECT            VDW       BOUNDARY           MISC        KINETIC               TOTAL           TEMP      POTENTIAL       TOTALAVG        TEMPAVG            PRESSURE      GPRESSURE         VOLUME       PRESSAVG      GPRESSAVG

ENERGY:  450000       454.0385      1166.6839      1111.2399        72.7895        -114000.1669      9696.6475         0.0000         0.0000     18639.6382         -82859.1293       303.0219   -101498.7675    -83005.6862       302.1382           -235.3672      -236.6031    300314.9710        58.5584        58.8507

WRITING COORDINATES TO DCD FILE ../output/fileio/performance/prod/1-1-45/frequency-5000/run-3/step5_fileio.dcd AT STEP 450000
TIMING: 455000  CPU: 449.761, 0.0010198/step  Wall: 452.327, 0.00102779/step, 168.127 ns/days, 0.0128474 hours remaining, 0.000000 MB of memory in use.
PERFORMANCE: 455000  averaging 173.93 ns/day, 0.000993501 sec/step with standard deviation 1.86431e-05
ENERGY:  455000       427.7617      1110.9634      1111.0772        63.7724        -114480.1167      9949.0967         0.0000         0.0000     18558.2702         -83259.1751       301.6992   -101817.4453    -83003.0208       302.4458            230.3163       231.2245    299809.9426        68.6704        69.2872

WRITING COORDINATES TO DCD FILE ../output/fileio/performance/prod/1-1-45/frequency-5000/run-3/step5_fileio.dcd AT STEP 455000
TIMING: 460000  CPU: 454.625, 0.000972655/step  Wall: 457.225, 0.000979428/step, 176.43 ns/days, 0.0108825 hours remaining, 0.000000 MB of memory in use.
PERFORMANCE: 460000  averaging 173.957 ns/day, 0.000993348 sec/step with standard deviation 1.85984e-05
ENERGY:  460000       410.2718      1171.6239      1148.4357        72.4421        -114558.6104     10041.3498         0.0000         0.0000     18489.1706         -83225.3165       300.5758   -101714.4871    -83014.9685       302.3550            222.4815       225.1003    300525.2144        78.3871        79.0773

WRITING COORDINATES TO DCD FILE ../output/fileio/performance/prod/1-1-45/frequency-5000/run-3/step5_fileio.dcd AT STEP 460000
TIMING: 465000  CPU: 459.484, 0.000971833/step  Wall: 462.118, 0.000978721/step, 176.557 ns/days, 0.00951535 hours remaining, 0.000000 MB of memory in use.
PERFORMANCE: 465000  averaging 173.985 ns/day, 0.000993191 sec/step with standard deviation 1.85591e-05
ENERGY:  465000       424.0755      1111.2939      1115.6707        70.3434        -114033.7565      9607.9332         0.0000         0.0000     18515.5147         -83188.9250       301.0041   -101704.4397    -83033.5559       302.3268           -138.1213      -139.4941    301642.5711        78.1997        78.7515

WRITING COORDINATES TO DCD FILE ../output/fileio/performance/prod/1-1-45/frequency-5000/run-3/step5_fileio.dcd AT STEP 465000
TIMING: 470000  CPU: 464.524, 0.00100794/step  Wall: 467.198, 0.00101599/step, 170.081 ns/days, 0.00846654 hours remaining, 0.000000 MB of memory in use.
PERFORMANCE: 470000  averaging 173.942 ns/day, 0.000993433 sec/step with standard deviation 1.86082e-05
ENERGY:  470000       463.7159      1144.5595      1120.5430        71.1864        -114176.1207      9619.8988         0.0000         0.0000     18404.3839         -83351.8333       299.1974   -101756.2172    -83063.2614       302.1052           -332.7537      -330.0448    300543.8063        63.5264        64.1826

WRITING COORDINATES TO DCD FILE ../output/fileio/performance/prod/1-1-45/frequency-5000/run-3/step5_fileio.dcd AT STEP 470000
TIMING: 475000  CPU: 469.418, 0.000978843/step  Wall: 472.126, 0.000985482/step, 175.346 ns/days, 0.00684363 hours remaining, 0.000000 MB of memory in use.
PERFORMANCE: 475000  averaging 173.957 ns/day, 0.000993349 sec/step with standard deviation 1.85269e-05
ENERGY:  475000       403.7015      1131.5137      1126.2521        74.2711        -114124.4685     10129.9097         0.0000         0.0000     18510.7529         -82748.0676       300.9267   -101258.8205    -83043.9026       302.0970            368.1158       365.4034    300749.3411        80.1482        80.8143

WRITING COORDINATES TO DCD FILE ../output/fileio/performance/prod/1-1-45/frequency-5000/run-3/step5_fileio.dcd AT STEP 475000
TIMING: 480000  CPU: 474.306, 0.000977661/step  Wall: 477.048, 0.000984411/step, 175.537 ns/days, 0.00546895 hours remaining, 0.000000 MB of memory in use.
PERFORMANCE: 480000  averaging 173.973 ns/day, 0.000993256 sec/step with standard deviation 1.84517e-05
ENERGY:  480000       435.3211      1124.2078      1116.2950        72.0178        -113702.3484      9436.1594         0.0000         0.0000     18589.9944         -82928.3531       302.2149   -101518.3474    -83030.8288       302.0360           -384.6267      -383.6838    300388.5734        66.5066        66.8727

WRITING COORDINATES TO DCD FILE ../output/fileio/performance/prod/1-1-45/frequency-5000/run-3/step5_fileio.dcd AT STEP 480000
TIMING: 485000  CPU: 479.395, 0.00101782/step  Wall: 482.17, 0.00102458/step, 168.654 ns/days, 0.0042691 hours remaining, 0.000000 MB of memory in use.
PERFORMANCE: 485000  averaging 173.917 ns/day, 0.000993579 sec/step with standard deviation 1.86289e-05
ENERGY:  485000       437.0511      1169.9896      1118.2314        75.1607        -114068.5054      9735.4865         0.0000         0.0000     18546.5624         -82986.0238       301.5088   -101532.5862    -83024.6625       301.9953           -169.9973      -170.4047    300891.8344        55.1901        55.6511

WRITING COORDINATES TO DCD FILE ../output/fileio/performance/prod/1-1-45/frequency-5000/run-3/step5_fileio.dcd AT STEP 485000
TIMING: 490000  CPU: 484.25, 0.000970953/step  Wall: 487.06, 0.000977808/step, 176.722 ns/days, 0.00271613 hours remaining, 0.000000 MB of memory in use.
PERFORMANCE: 490000  averaging 173.945 ns/day, 0.000993418 sec/step with standard deviation 1.8601e-05
ENERGY:  490000       420.4410      1123.5663      1122.5461        82.2518        -113990.0154      9734.4886         0.0000         0.0000     18833.5515         -82673.1702       306.1744   -101506.7217    -83009.6481       302.2002            -76.2726       -78.2853    301509.1999        53.1805        53.4174

WRITING COORDINATES TO DCD FILE ../output/fileio/performance/prod/1-1-45/frequency-5000/run-3/step5_fileio.dcd AT STEP 490000
TIMING: 495000  CPU: 489.087, 0.000967465/step  Wall: 491.932, 0.000974551/step, 177.312 ns/days, 0.00135354 hours remaining, 0.000000 MB of memory in use.
PERFORMANCE: 495000  averaging 173.978 ns/day, 0.000993228 sec/step with standard deviation 1.86027e-05
ENERGY:  495000       437.1520      1121.9386      1102.9505        69.8180        -114415.6943     10183.2326         0.0000         0.0000     18723.0243         -82777.5783       304.3775   -101500.6026    -83003.6107       302.3009            253.2650       251.5320    301145.0800        55.3859        55.5780

WRITING COORDINATES TO DCD FILE ../output/fileio/performance/prod/1-1-45/frequency-5000/run-3/step5_fileio.dcd AT STEP 495000
TIMING: 500000  CPU: 494.07, 0.000996636/step  Wall: 496.952, 0.00100388/step, 172.133 ns/days, 0 hours remaining, 0.000000 MB of memory in use.
PERFORMANCE: 500000  averaging 173.96 ns/day, 0.000993334 sec/step with standard deviation 1.85392e-05
ETITLE:      TS           BOND          ANGLE          DIHED          IMPRP               ELECT            VDW       BOUNDARY           MISC        KINETIC               TOTAL           TEMP      POTENTIAL       TOTALAVG        TEMPAVG            PRESSURE      GPRESSURE         VOLUME       PRESSAVG      GPRESSAVG

ENERGY:  500000       444.1721      1077.0529      1109.2239        63.4593        -114245.3012      9935.0486         0.0000         0.0000     18614.2000         -83002.1444       302.6084   -101616.3445    -82998.6588       302.2541            260.9904       261.8115    299659.3297        64.2076        64.3974

WRITING COORDINATES TO DCD FILE ../output/fileio/performance/prod/1-1-45/frequency-5000/run-3/step5_fileio.dcd AT STEP 500000
WRITING EXTENDED SYSTEM TO OUTPUT FILE AT STEP 500000
WRITING COORDINATES TO OUTPUT FILE AT STEP 500000
CLOSING COORDINATE DCD FILE ../output/fileio/performance/prod/1-1-45/frequency-5000/run-3/step5_fileio.dcd
WRITING VELOCITIES TO OUTPUT FILE AT STEP 500000
The last velocity output (seq=-2) takes 0.120 seconds, 0.000 MB of memory in use
====================================================

WallClock: 499.058136  CPUTime: 486.553802  Memory: 0.000000 MB
[Partition 0][Node 0] End of program
