Charm++> Running on MPI library: Open MPI v4.1.5a1, package: Open MPI software@d001.sol.rc.asu.edu Distribution, ident: 4.1.5a1, repo rev: v4.1.4-32-g5abd86cc8c, Unreleased developer copy (MPI standard: 3.1)
Charm++> Level of thread support used: MPI_THREAD_FUNNELED (desired: MPI_THREAD_FUNNELED)
Charm++> Running in SMP mode: 1 processes, 45 worker threads (PEs) + 1 comm threads per process, 45 PEs total
Charm++> The comm. thread both sends and receives messages
Charm++> Using recursive bisection (scheme 3) for topology aware partitions
Converse/Charm++ Commit ID: v8.0.1-devel-35-gf310838d5
Charm++ communication thread will sleep due to single-process run.
CharmLB> Load balancer assumes all CPUs are same.
Charm++> cpu affinity enabled. 
Charm++> Running on 1 hosts (2 sockets x 23 cores x 1 PUs = 46-way SMP)
Charm++> cpu topology info is gathered in 0.003 seconds.
Info: Built with CUDA version 12090
Pe 27 physical rank 27 will use CUDA device of pe 32
Pe 29 physical rank 29 will use CUDA device of pe 32
Pe 26 physical rank 26 will use CUDA device of pe 32
Pe 8 physical rank 8 will use CUDA device of pe 32
Pe 44 physical rank 44 will use CUDA device of pe 32
Pe 9 physical rank 9 will use CUDA device of pe 32
Pe 7 physical rank 7 will use CUDA device of pe 32
Pe 11 physical rank 11 will use CUDA device of pe 32
Pe 6 physical rank 6 will use CUDA device of pe 32
Pe 10 physical rank 10 will use CUDA device of pe 32
Pe 28 physical rank 28 will use CUDA device of pe 32
Pe 25 physical rank 25 will use CUDA device of pe 32
Pe 24 physical rank 24 will use CUDA device of pe 32
Pe 30 physical rank 30 will use CUDA device of pe 32
Pe 33 physical rank 33 will use CUDA device of pe 32
Pe 31 physical rank 31 will use CUDA device of pe 32
Pe 34 physical rank 34 will use CUDA device of pe 32
Pe 13 physical rank 13 will use CUDA device of pe 32
Pe 12 physical rank 12 will use CUDA device of pe 32
Pe 15 physical rank 15 will use CUDA device of pe 32
Pe 35 physical rank 35 will use CUDA device of pe 32
Pe 14 physical rank 14 will use CUDA device of pe 32
Pe 16 physical rank 16 will use CUDA device of pe 32
Pe 17 physical rank 17 will use CUDA device of pe 32
Pe 19 physical rank 19 will use CUDA device of pe 32
Pe 22 physical rank 22 will use CUDA device of pe 32
Pe 38 physical rank 38 will use CUDA device of pe 32
Pe 39 physical rank 39 will use CUDA device of pe 32
Pe 37 physical rank 37 will use CUDA device of pe 32
Pe 36 physical rank 36 will use CUDA device of pe 32
Pe 40 physical rank 40 will use CUDA device of pe 32
Pe 20 physical rank 20 will use CUDA device of pe 32
Pe 18 physical rank 18 will use CUDA device of pe 32
Pe 41 physical rank 41 will use CUDA device of pe 32
Pe 43 physical rank 43 will use CUDA device of pe 32
Pe 42 physical rank 42 will use CUDA device of pe 32
Pe 4 physical rank 4 will use CUDA device of pe 32
Pe 3 physical rank 3 will use CUDA device of pe 32
Pe 5 physical rank 5 will use CUDA device of pe 32
Pe 2 physical rank 2 will use CUDA device of pe 32
Pe 1 physical rank 1 will use CUDA device of pe 32
Pe 23 physical rank 23 will use CUDA device of pe 32
Pe 21 physical rank 21 will use CUDA device of pe 32
Pe 0 physical rank 0 will use CUDA device of pe 32
Pe 32 physical rank 32 binding to CUDA device 0 on sg045: 'NVIDIA A100-SXM4-80GB'  Mem: 81152MB  Rev: 8.0  PCI: 0:1:0
CharmLB> Load balancing instrumentation for communication is off.
Info: NAMD 3.1alpha4pre for Linux-x86_64-MPI-smp-CUDA
Info: 
Info: Please visit http://www.ks.uiuc.edu/Research/namd/
Info: for updates, documentation, and support information.
Info: 
Info: Please cite Phillips et al., J. Chem. Phys. 153:044130 (2020) doi:10.1063/5.0014475
Info: in all publications reporting results obtained with NAMD.
Info: 
Info: Based on Charm++/Converse 80001 for mpi-linux-x86_64
Info: Built Tue Mar 10 15:59:42 MST 2026 by athiru12 on sg236
Info: Source code at Git commit ID 6669d58345b330ce455c3341de1e9ec803325dda
Info: 1 NAMD  3.1alpha4pre  Linux-x86_64-MPI-smp-CUDA  45    sg045  ljwoods2
Info: Running on 45 processors, 1 nodes, 1 physical nodes.
Info: CPU topology information available.
Info: Charm++/Converse parallel runtime startup completed at 0.182552 s
CkLoopLib is used in SMP with simple dynamic scheduling (converse-level notification)
Info: 0 MB of memory in use based on /proc/self/stat
Info: Configuration file is input/step5_fileio_fileio_run_5.inp
Info: Changed directory to input
TCL: Suspending until startup complete.
Warning: Option "1-4scaling" has been deprecated. Instead use "oneFourScaling".
Info: EXTENDED SYSTEM FILE   ../output/vanilla/performance/equil/1-0-40/run-1/step4_equilibration.xsc
Info: Tuning parameters to improve GPU-resident performance
Info: Setting margin to 4
Warning: The Langevin gamma parameters differ over the particles,
Warning: requiring extra work per step to constrain rigid bonds.
Info: Enabling PMEOffload because PMEInterpOrder > 4.
Info: Running with GPU-resident mode
Warning: Always using force tables for GPU nonbonded kernel due to unsupported config parameters.
Info: SIMULATION PARAMETERS:
Info: TIMESTEP               2
Info: NUMBER OF STEPS        500000
Info: STEPS PER CYCLE        20
Info: PERIODIC CELL BASIS 1  69 0 0
Info: PERIODIC CELL BASIS 2  0 69 0
Info: PERIODIC CELL BASIS 3  0 0 69
Info: PERIODIC CELL CENTER   0 0 0
Info: WRAPPING WATERS AROUND PERIODIC BOUNDARIES ON OUTPUT.
Info: WRAPPING ALL CLUSTERS AROUND PERIODIC BOUNDARIES ON OUTPUT.
Info: LOAD BALANCER  Centralized
Info: LOAD BALANCING STRATEGY  New Load Balancers -- DEFAULT
Info: LDB PERIOD             4000 steps
Info: FIRST LDB TIMESTEP     100
Info: LAST LDB TIMESTEP     -1
Info: LDB BACKGROUND SCALING 1
Info: HOM BACKGROUND SCALING 1
Info: PME BACKGROUND SCALING 1
Info: MIN ATOMS PER PATCH    40
Info: EMPTY PATCH LOAD       40 ATOMS
Info: VELOCITY FILE          ../output/vanilla/performance/equil/1-0-40/run-1/step4_equilibration.vel
Info: CENTER OF MASS MOVING INITIALLY? NO
Info: DIELECTRIC             1
Info: EXCLUDE                SCALED ONE-FOUR
Info: 1-4 ELECTROSTATICS SCALED BY 1
Info: MODIFIED 1-4 VDW PARAMETERS WILL BE USED
Info: DCD FILENAME           ../output/fileio/performance/prod/1-1-45/frequency-5000/run-5/step5_fileio.dcd
Info: DCD FREQUENCY          5000
Info: DCD FIRST STEP         5000
Info: DCD FILE WILL CONTAIN UNIT CELL DATA
Info: NO EXTENDED SYSTEM TRAJECTORY OUTPUT
Info: NO VELOCITY DCD OUTPUT
Info: NO FORCE DCD OUTPUT
Info: OUTPUT FILENAME        ../output/fileio/performance/prod/1-1-45/frequency-5000/run-5/step5_fileio
Info: BINARY OUTPUT FILES WILL BE USED
Info: NO RESTART FILE
Info: NAMD will save positions and velocities to ../output/fileio/performance/prod/1-1-45/frequency-5000/run-5/step5_fileio.crash.csv when  atoms are moving too fast.
Info: SWITCHING ACTIVE
Info: VDW FORCE SWITCHING ACTIVE
Info: SWITCHING ON           10
Info: SWITCHING OFF          12
Info: PAIRLIST DISTANCE      16
Info: PAIRLIST SHRINK RATE   0.01
Info: PAIRLIST GROW RATE     0.01
Info: PAIRLIST TRIGGER       0.3
Info: PAIRLISTS PER CYCLE    2
Info: PAIRLISTS ENABLED
Info: MARGIN                 4
Info: HYDROGEN GROUP CUTOFF  2.5
Info: PATCH DIMENSION        22.5
Info: ENERGY OUTPUT STEPS    5000
Info: ENERGY EVALUATION STEPS    5000
Info: OUTPUT ENERGY PRECISION 4
Info: CROSSTERM ENERGY INCLUDED IN DIHEDRAL
Info: TIMING OUTPUT STEPS    5000
Info: LANGEVIN DYNAMICS ACTIVE
Info: LANGEVIN TEMPERATURE   303.15
Info: LANGEVIN USING BBK INTEGRATOR
Info: LANGEVIN DAMPING COEFFICIENT IS 1 INVERSE PS
Info: LANGEVIN DYNAMICS NOT APPLIED TO HYDROGENS
Info: LANGEVIN PISTON PRESSURE CONTROL ACTIVE
Info:        TARGET PRESSURE IS 1.01325 BAR
Info:     OSCILLATION PERIOD IS 50 FS
Info:             DECAY TIME IS 25 FS
Info:     PISTON TEMPERATURE IS 303.15 K
Info:       PRESSURE CONTROL IS GROUP-BASED
Info:    INITIAL STRAIN RATE IS 0 0 0
Info:       CELL FLUCTUATION IS ISOTROPIC
Info: PARTICLE MESH EWALD (PME) ACTIVE
Info: PME TOLERANCE               1e-06
Info: PME EWALD COEFFICIENT       0.257952
Info: PME INTERPOLATION ORDER     6
Info: PME GRID DIMENSIONS         72 72 72
Info: PME MAXIMUM GRID SPACING    1
Info: PME RECIPROCAL SUM OFFLOADED TO GPU
Info: PME CALCULATION WILL BE PERFORMED ON GPU
Info: FULL ELECTROSTATIC EVALUATION FREQUENCY      1
Info: USING VERLET I (r-RESPA) MTS SCHEME.
Info: C1 SPLITTING OF LONG RANGE ELECTROSTATICS
Info: PLACING ATOMS IN PATCHES BY HYDROGEN GROUPS
Info: RIGID BONDS TO HYDROGEN : ALL
Info:         ERROR TOLERANCE : 1e-08
Info:          MAX ITERATIONS : 100
Info: RIGID WATER USING SETTLE ALGORITHM
Info: RANDOM NUMBER SEED     1774700334
Info: USE HYDROGEN BONDS?    NO
Info: COORDINATE PDB         step3_input.pdb
Info: STRUCTURE FILE         step3_input.psf
Info: PARAMETER file: CHARMM format! 
Info: PARAMETERS             toppar/par_all36m_prot.prm
Info: PARAMETERS             toppar/par_all36_na.prm
Info: PARAMETERS             toppar/par_all36_carb.prm
Info: PARAMETERS             toppar/par_all36_lipid.prm
Info: PARAMETERS             toppar/par_all36_cgenff.prm
Info: PARAMETERS             toppar/par_interface.prm
Info: PARAMETERS             toppar/toppar_all36_moreions.str
Info: PARAMETERS             toppar/toppar_all36_nano_lig.str
Info: PARAMETERS             toppar/toppar_all36_nano_lig_patch.str
Info: PARAMETERS             toppar/toppar_all36_synthetic_polymer.str
Info: PARAMETERS             toppar/toppar_all36_synthetic_polymer_patch.str
Info: PARAMETERS             toppar/toppar_all36_polymer_solvent.str
Info: PARAMETERS             toppar/toppar_water_ions.str
Info: PARAMETERS             toppar/toppar_dum_noble_gases.str
Info: PARAMETERS             toppar/toppar_ions_won.str
Info: PARAMETERS             toppar/cam.str
Info: PARAMETERS             toppar/toppar_all36_prot_arg0.str
Info: PARAMETERS             toppar/toppar_all36_prot_c36m_d_aminoacids.str
Info: PARAMETERS             toppar/toppar_all36_prot_fluoro_alkanes.str
Info: PARAMETERS             toppar/toppar_all36_prot_heme.str
Info: PARAMETERS             toppar/toppar_all36_prot_na_combined.str
Info: PARAMETERS             toppar/toppar_all36_prot_retinol.str
Info: PARAMETERS             toppar/toppar_all36_prot_model.str
Info: PARAMETERS             toppar/toppar_all36_prot_modify_res.str
Info: PARAMETERS             toppar/toppar_all36_na_nad_ppi.str
Info: PARAMETERS             toppar/toppar_all36_na_rna_modified.str
Info: PARAMETERS             toppar/toppar_all36_lipid_sphingo.str
Info: PARAMETERS             toppar/toppar_all36_lipid_archaeal.str
Info: PARAMETERS             toppar/toppar_all36_lipid_bacterial.str
Info: PARAMETERS             toppar/toppar_all36_lipid_cardiolipin.str
Info: PARAMETERS             toppar/toppar_all36_lipid_cholesterol.str
Info: PARAMETERS             toppar/toppar_all36_lipid_dag.str
Info: PARAMETERS             toppar/toppar_all36_lipid_inositol.str
Info: PARAMETERS             toppar/toppar_all36_lipid_lnp.str
Info: PARAMETERS             toppar/toppar_all36_lipid_lps.str
Info: PARAMETERS             toppar/toppar_all36_lipid_mycobacterial.str
Info: PARAMETERS             toppar/toppar_all36_lipid_miscellaneous.str
Info: PARAMETERS             toppar/toppar_all36_lipid_model.str
Info: PARAMETERS             toppar/toppar_all36_lipid_prot.str
Info: PARAMETERS             toppar/toppar_all36_lipid_tag.str
Info: PARAMETERS             toppar/toppar_all36_lipid_yeast.str
Info: PARAMETERS             toppar/toppar_all36_lipid_hmmm.str
Info: PARAMETERS             toppar/toppar_all36_lipid_detergent.str
Info: PARAMETERS             toppar/toppar_all36_lipid_ether.str
Info: PARAMETERS             toppar/toppar_all36_lipid_oxidized.str
Info: PARAMETERS             toppar/toppar_all36_carb_glycolipid.str
Info: PARAMETERS             toppar/toppar_all36_carb_glycopeptide.str
Info: PARAMETERS             toppar/toppar_all36_carb_imlab.str
Info: PARAMETERS             toppar/toppar_all36_label_spin.str
Info: PARAMETERS             toppar/toppar_all36_label_fluorophore.str
Info: USING ARITHMETIC MEAN TO COMBINE L-J SIGMA PARAMETERS
Info: BINARY COORDINATES     ../output/vanilla/performance/equil/1-0-40/run-1/step4_equilibration.coor
Warning: SKIPPING PART OF PARAMETER FILE AFTER RETURN STATEMENT

Warning: DUPLICATE DIHEDRAL ENTRY FOR HAL1-CTO1-C-NHL
PREVIOUS VALUES MULTIPLICITY: 1
  k=0  n=1  delta=0INCREASING MULTIPLICITY TO: 2
  k=0  n=3  delta=0

Warning: DUPLICATE DIHEDRAL ENTRY FOR HAL1-CTO1-C-O
PREVIOUS VALUES MULTIPLICITY: 1
  k=0  n=1  delta=0INCREASING MULTIPLICITY TO: 2
  k=0  n=2  delta=3.14159
Warning: SKIPPING PART OF PARAMETER FILE AFTER RETURN STATEMENT

Warning: DUPLICATE DIHEDRAL ENTRY FOR CTL2-CG2O5-CTL1-CTL3
PREVIOUS VALUES MULTIPLICITY: 1
  k=0.75  n=1  delta=0  k=0.18  n=2  delta=3.14159INCREASING MULTIPLICITY TO: 3
  k=0.065  n=3  delta=0

Warning: DUPLICATE BOND ENTRY FOR CEL1-CL
PREVIOUS VALUES  k=440  x0=1.489
   USING VALUES  k=300  x0=1.48
Info: SUMMARY OF PARAMETERS:
Info: 1988 BONDS
Info: 6776 ANGLES
Info: 19939 DIHEDRAL
Info: 430 IMPROPER
Info: 28 CROSSTERM
Info: 751 VDW
Info: 122 VDW_PAIRS
Info: 0 NBTHOLE_PAIRS
Warning: Ignored 9467 bonds with zero force constants.
Warning: Will get H-H distance in rigid H2O from H-O-H angle.
Info: No lone pairs detected in waters
Info: TIME FOR READING PSF FILE: 0.162071
Info: Reading pdb file step3_input.pdb
Info: TIME FOR READING PDB FILE: 0.110486
Info: 
Info: ****************************
Info: STRUCTURE SUMMARY:
Info: 30423 ATOMS
Info: 20918 BONDS
Info: 13014 ANGLES
Info: 5187 DIHEDRALS
Info: 373 IMPROPERS
Info: 127 CROSSTERMS
Info: 0 EXCLUSIONS
Info: 29360 RIGID BONDS
Info: 61909 DEGREES OF FREEDOM
Info: 10530 HYDROGEN GROUPS
Info: 4 ATOMS IN LARGEST HYDROGEN GROUP
Info: 10530 MIGRATION GROUPS
Info: 4 ATOMS IN LARGEST MIGRATION GROUP
Info: TOTAL MASS = 186727 amu
Info: TOTAL CHARGE = 1.31875e-06 e
Info: MASS DENSITY = 0.943883 g/cm^3
Info: ATOM DENSITY = 0.0926093 atoms/A^3
Info: *****************************
Info: Reading from binary file ../output/vanilla/performance/equil/1-0-40/run-1/step4_equilibration.coor
Info: 
Info: Entering startup at 1.49055 s, 0 MB of memory in use
Info: Startup phase 0 took 0.000478359 s, 0 MB of memory in use
Info: ADDED 39038 IMPLICIT EXCLUSIONS
Info: Startup phase 1 took 0.00679571 s, 0 MB of memory in use
Info: NONBONDED TABLE R-SQUARED SPACING: 0.0625
Info: NONBONDED TABLE SIZE: 769 POINTS
Info: INCONSISTENCY IN FAST TABLE ENERGY VS FORCE: 0.000325096 AT 11.9556
Info: INCONSISTENCY IN SCOR TABLE ENERGY VS FORCE: 0.000324844 AT 11.9556
Info: INCONSISTENCY IN VDWA TABLE ENERGY VS FORCE: 0.0040507 AT 0.251946
Info: INCONSISTENCY IN VDWB TABLE ENERGY VS FORCE: 0.00150189 AT 0.251946
Info: Startup phase 2 took 0.0157415 s, 0 MB of memory in use
Info: Startup phase 3 took 0.000269977 s, 0 MB of memory in use
Info: Startup phase 4 took 0.00119629 s, 0 MB of memory in use
Info: Startup phase 5 took 0.000196339 s, 0 MB of memory in use
Info: REDUCING NUMBER OF PATCHES TO IMPROVE LOAD BALANCE
Info: PATCH GRID IS 5 (PERIODIC) BY 3 (PERIODIC) BY 3 (PERIODIC)
Info: PATCH GRID IS 2-AWAY BY 1-AWAY BY 1-AWAY
Info: Reading from binary file ../output/vanilla/performance/equil/1-0-40/run-1/step4_equilibration.vel
Info: REMOVING COM VELOCITY -0.0158458 -0.019888 0.00968242
Info: LARGEST PATCH (22) HAS 800 ATOMS
Info: TORUS A SIZE 1 USING 0
Info: TORUS B SIZE 1 USING 0
Info: TORUS C SIZE 1 USING 0
Info: TORUS MINIMAL MESH SIZE IS 1 BY 1 BY 1
Info: Placed 100% of base nodes on same physical node as patch
Info: Startup phase 6 took 0.0395208 s, 0 MB of memory in use
Info: Use 3D box decompostion in PME FFT.
Info: PME using 1 x 1 x 1 pencil grid for FFT and reciprocal sum.
Info: Startup phase 7 took 0.00124545 s, 0 MB of memory in use
Info: Updated CUDA force table with 4096 elements.
Info: Updated CUDA LJ table with 751 x 751 elements.
Info: Startup phase 8 took 0.0102113 s, 0 MB of memory in use
Info: Startup phase 9 took 0.000250201 s, 0 MB of memory in use
Info: Startup phase 10 took 0.000232417 s, 0 MB of memory in use
Info: Startup phase 11 took 0.0127596 s, 0 MB of memory in use
LDB: Central LB being created...
Info: Startup phase 12 took 0.209541 s, 0 MB of memory in use
Info: Startup phase 13 took 0.000214803 s, 0 MB of memory in use
Info: Startup phase 14 took 0.00258639 s, 0 MB of memory in use
Info: Startup phase 15 took 0.000197581 s, 0 MB of memory in use
Info: CREATING 1710 COMPUTE OBJECTS
Info: Found 268 unique exclusion lists needing 4316 bytes
Info: useSync: 0 useProxySync: 0
Info: Startup phase 16 took 0.158238 s, 0 MB of memory in use
Info: Startup phase 17 took 0.000232948 s, 0 MB of memory in use
Info: Startup phase 18 took 4.4093e-05 s, 0 MB of memory in use
Info: Finished startup at 1.9505 s, 0 MB of memory in use

TCL: Original numsteps 500000 will be ignored.
TCL: Running for 500000 steps
ETITLE:      TS           BOND          ANGLE          DIHED          IMPRP               ELECT            VDW       BOUNDARY           MISC        KINETIC               TOTAL           TEMP      POTENTIAL       TOTALAVG        TEMPAVG            PRESSURE      GPRESSURE         VOLUME       PRESSAVG      GPRESSAVG

ENERGY:       0       390.0165      1067.9379      1155.8548        69.8147        -111518.5693      9145.1384         0.0000         0.0000     18338.1923         -81351.6148       298.1214    -99689.8070    -81351.6148       298.1214          -1454.3548     -1453.0521    328509.0000     -1454.3548     -1453.0521

Info: Initial time: 45 CPUs 0.00389091 s/step 44.4113 ns/day 0 MB memory
Info: Initial time: 45 CPUs 0.000962821 s/step 179.473 ns/day 0 MB memory
Info: Initial time: 45 CPUs 0.000959321 s/step 180.127 ns/day 0 MB memory
Info: Benchmark time: 45 CPUs 0.00096836 s/step 178.446 ns/day 0 MB memory
Info: Benchmark time: 45 CPUs 0.00098456 s/step 175.51 ns/day 0 MB memory
Info: Benchmark time: 45 CPUs 0.000967981 s/step 178.516 ns/day 0 MB memory
Info: Benchmark time: 45 CPUs 0.000968589 s/step 178.404 ns/day 0 MB memory
Info: Benchmark time: 45 CPUs 0.000976077 s/step 177.035 ns/day 0 MB memory
Info: Benchmark time: 45 CPUs 0.000978825 s/step 176.538 ns/day 0 MB memory
TIMING: 5000  CPU: 6.56135, 0.00100372/step  Wall: 5.61344, 0.00106836/step, 161.743 ns/days, 0.1469 hours remaining, 0.000000 MB of memory in use.
PERFORMANCE: 5000  averaging 161.743 ns/day, 0.00106836 sec/step with standard deviation 0
ENERGY:    5000       437.0707      1154.6578      1140.6979        71.1664        -114125.7269      9789.9272         0.0000         0.0000     18624.5374         -82907.6696       302.7764   -101532.2070    -82129.6422       300.4489              7.7523        12.8998    300145.7990      -723.3013      -720.0762

OPENING COORDINATE DCD FILE
WRITING COORDINATES TO DCD FILE ../output/fileio/performance/prod/1-1-45/frequency-5000/run-5/step5_fileio.dcd AT STEP 5000
The last position output (seq=5000) takes 0.060 seconds, 0.000 MB of memory in use
TIMING: 10000  CPU: 11.5256, 0.000992858/step  Wall: 10.6096, 0.000999227/step, 172.934 ns/days, 0.136006 hours remaining, 0.000000 MB of memory in use.
PERFORMANCE: 10000  averaging 167.151 ns/day, 0.00103379 sec/step with standard deviation 4.88849e-05
ENERGY:   10000       443.5777      1111.1347      1117.5389        68.5415        -113949.3098      9823.1027         0.0000         0.0000     18572.9041         -82812.5101       301.9371   -101385.4143    -82357.2648       300.9450             85.3129        85.9070    300919.9761      -453.7632      -451.4151

WRITING COORDINATES TO DCD FILE ../output/fileio/performance/prod/1-1-45/frequency-5000/run-5/step5_fileio.dcd AT STEP 10000
The last position output (seq=10000) takes 0.047 seconds, 0.000 MB of memory in use
TIMING: 15000  CPU: 16.4407, 0.00098302/step  Wall: 15.5527, 0.000988624/step, 174.788 ns/days, 0.13319 hours remaining, 0.000000 MB of memory in use.
PERFORMANCE: 15000  averaging 169.622 ns/day, 0.00101874 sec/step with standard deviation 4.3301e-05
ENERGY:   15000       433.4475      1119.8207      1101.0013        65.2151        -114098.2435      9783.1419         0.0000         0.0000     18705.2735         -82890.3435       304.0890   -101595.6169    -82490.5345       301.7310            -62.2136       -59.3976    301372.1138      -355.8758      -353.4107

WRITING COORDINATES TO DCD FILE ../output/fileio/performance/prod/1-1-45/frequency-5000/run-5/step5_fileio.dcd AT STEP 15000
The last position output (seq=15000) takes 0.003 seconds, 0.000 MB of memory in use
TIMING: 20000  CPU: 21.5631, 0.00102448/step  Wall: 20.7101, 0.00103148/step, 167.526 ns/days, 0.137531 hours remaining, 0.000000 MB of memory in use.
PERFORMANCE: 20000  averaging 169.093 ns/day, 0.00102192 sec/step with standard deviation 3.59247e-05
ENERGY:   20000       414.3941      1134.2380      1117.7225        77.3019        -114116.7602      9856.4450         0.0000         0.0000     18643.2196         -82873.4390       303.0802   -101516.6586    -82567.1154       302.0008            132.5105       135.0964    301032.8711      -258.1985      -255.7093

WRITING COORDINATES TO DCD FILE ../output/fileio/performance/prod/1-1-45/frequency-5000/run-5/step5_fileio.dcd AT STEP 20000
The last position output (seq=20000) takes 0.002 seconds, 0.000 MB of memory in use
TIMING: 25000  CPU: 26.4418, 0.000975723/step  Wall: 25.6227, 0.000982522/step, 175.874 ns/days, 0.129638 hours remaining, 0.000000 MB of memory in use.
PERFORMANCE: 25000  averaging 170.407 ns/day, 0.00101404 sec/step with standard deviation 3.57552e-05
ENERGY:   25000       401.7372      1171.1601      1146.6013        70.0512        -114233.6643      9786.7844         0.0000         0.0000     18704.3301         -82953.0000       304.0736   -101657.3301    -82631.4295       302.3463            123.0679       119.4769    300467.1717      -194.6541      -193.1783

WRITING COORDINATES TO DCD FILE ../output/fileio/performance/prod/1-1-45/frequency-5000/run-5/step5_fileio.dcd AT STEP 25000
The last position output (seq=25000) takes 0.035 seconds, 0.000 MB of memory in use
TIMING: 30000  CPU: 31.3475, 0.000981149/step  Wall: 30.5628, 0.000988026/step, 174.894 ns/days, 0.128992 hours remaining, 0.000000 MB of memory in use.
PERFORMANCE: 30000  averaging 171.139 ns/day, 0.00100971 sec/step with standard deviation 3.3698e-05
ENERGY:   30000       427.2861      1138.3402      1117.0566        70.7131        -113727.2891      9704.0089         0.0000         0.0000     18718.1738         -82551.7103       304.2987   -101269.8842    -82620.0410       302.6252             24.5087        27.9698    300695.6640      -163.3451      -161.5857

WRITING COORDINATES TO DCD FILE ../output/fileio/performance/prod/1-1-45/frequency-5000/run-5/step5_fileio.dcd AT STEP 30000
The last position output (seq=30000) takes 0.002 seconds, 0.000 MB of memory in use
TIMING: 35000  CPU: 36.5156, 0.00103361/step  Wall: 35.7609, 0.00103961/step, 166.216 ns/days, 0.134283 hours remaining, 0.000000 MB of memory in use.
PERFORMANCE: 35000  averaging 170.418 ns/day, 0.00101398 sec/step with standard deviation 3.27727e-05
ENERGY:   35000       421.4479      1122.6969      1136.6060        72.6826        -114379.1155     10213.6034         0.0000         0.0000     18552.5613         -82859.5173       301.6063   -101412.0787    -82649.9756       302.4978            467.8267       470.0762    300434.5639       -84.4487       -82.6280

WRITING COORDINATES TO DCD FILE ../output/fileio/performance/prod/1-1-45/frequency-5000/run-5/step5_fileio.dcd AT STEP 35000
The last position output (seq=35000) takes 0.002 seconds, 0.000 MB of memory in use
TIMING: 40000  CPU: 41.4481, 0.000986509/step  Wall: 40.7231, 0.00099244/step, 174.116 ns/days, 0.126812 hours remaining, 0.000000 MB of memory in use.
PERFORMANCE: 40000  averaging 170.871 ns/day, 0.00101129 sec/step with standard deviation 3.12826e-05
ENERGY:   40000       429.4531      1132.6728      1119.2682        69.4892        -114151.1660      9794.9139         0.0000         0.0000     18561.2324         -83044.1364       301.7473   -101605.3688    -82693.7712       302.4144           -109.7765      -107.9174    301107.5118       -87.2629       -85.4379

WRITING COORDINATES TO DCD FILE ../output/fileio/performance/prod/1-1-45/frequency-5000/run-5/step5_fileio.dcd AT STEP 40000
The last position output (seq=40000) takes 0.003 seconds, 0.000 MB of memory in use
TIMING: 45000  CPU: 46.3444, 0.000979265/step  Wall: 45.6504, 0.000985466/step, 175.349 ns/days, 0.124552 hours remaining, 0.000000 MB of memory in use.
PERFORMANCE: 45000  averaging 171.358 ns/day, 0.00100842 sec/step with standard deviation 3.05017e-05
ENERGY:   45000       442.6760      1108.6511      1155.5294        67.0389        -113971.8037      9703.5403         0.0000         0.0000     18598.7645         -82895.6034       302.3575   -101494.3679    -82713.9544       302.4087            -26.1840       -22.5730    299584.5877       -81.1550       -79.1514

WRITING COORDINATES TO DCD FILE ../output/fileio/performance/prod/1-1-45/frequency-5000/run-5/step5_fileio.dcd AT STEP 45000
The last position output (seq=45000) takes 0.003 seconds, 0.000 MB of memory in use
TIMING: 50000  CPU: 51.3641, 0.00100392/step  Wall: 50.7033, 0.00101058/step, 170.992 ns/days, 0.126322 hours remaining, 0.000000 MB of memory in use.
PERFORMANCE: 50000  averaging 171.321 ns/day, 0.00100863 sec/step with standard deviation 2.87654e-05
ETITLE:      TS           BOND          ANGLE          DIHED          IMPRP               ELECT            VDW       BOUNDARY           MISC        KINETIC               TOTAL           TEMP      POTENTIAL       TOTALAVG        TEMPAVG            PRESSURE      GPRESSURE         VOLUME       PRESSAVG      GPRESSAVG

ENERGY:   50000       430.5467      1129.9860      1142.5129        78.8053        -114285.8562      9880.6992         0.0000         0.0000     18648.4905         -82974.8158       303.1658   -101623.3063    -82737.6691       302.4776            109.1568       103.8292    299349.2081       -63.8539       -62.5168

WRITING COORDINATES TO DCD FILE ../output/fileio/performance/prod/1-1-45/frequency-5000/run-5/step5_fileio.dcd AT STEP 50000
The last position output (seq=50000) takes 0.003 seconds, 0.000 MB of memory in use
TIMING: 55000  CPU: 56.2961, 0.000986403/step  Wall: 55.6654, 0.000992426/step, 174.119 ns/days, 0.122675 hours remaining, 0.000000 MB of memory in use.
PERFORMANCE: 55000  averaging 171.572 ns/day, 0.00100716 sec/step with standard deviation 2.77233e-05
ENERGY:   55000       446.5582      1126.2832      1111.9416        70.1987        -114300.9453      9934.9793         0.0000         0.0000     18663.1949         -82947.7894       303.4049   -101610.9843    -82755.1791       302.5548            144.2309       143.7022    299583.6233       -46.5135       -45.3319

WRITING COORDINATES TO DCD FILE ../output/fileio/performance/prod/1-1-45/frequency-5000/run-5/step5_fileio.dcd AT STEP 55000
TIMING: 60000  CPU: 61.2012, 0.000981031/step  Wall: 60.5994, 0.000986798/step, 175.112 ns/days, 0.120609 hours remaining, 0.000000 MB of memory in use.
PERFORMANCE: 60000  averaging 171.861 ns/day, 0.00100546 sec/step with standard deviation 2.70788e-05
ENERGY:   60000       438.8086      1138.5209      1112.6472        66.0540        -113969.8911      9752.9119         0.0000         0.0000     18539.4390         -82921.5095       301.3930   -101460.9485    -82767.9738       302.4655             73.1178        70.1114    300872.5682       -37.3111       -36.4516

WRITING COORDINATES TO DCD FILE ../output/fileio/performance/prod/1-1-45/frequency-5000/run-5/step5_fileio.dcd AT STEP 60000
TIMING: 65000  CPU: 66.2874, 0.00101723/step  Wall: 65.717, 0.00102351/step, 168.831 ns/days, 0.123674 hours remaining, 0.000000 MB of memory in use.
PERFORMANCE: 65000  averaging 171.624 ns/day, 0.00100685 sec/step with standard deviation 2.64048e-05
ENERGY:   65000       444.3053      1141.7547      1128.0523        69.9082        -114011.5197      9907.2352         0.0000         0.0000     18524.7479         -82795.5161       301.1542   -101320.2640    -82769.9411       302.3718            132.2998       139.3206    301614.7818       -25.1960       -23.8965

WRITING COORDINATES TO DCD FILE ../output/fileio/performance/prod/1-1-45/frequency-5000/run-5/step5_fileio.dcd AT STEP 65000
TIMING: 70000  CPU: 71.3055, 0.00100362/step  Wall: 70.7673, 0.00101007/step, 171.078 ns/days, 0.120647 hours remaining, 0.000000 MB of memory in use.
PERFORMANCE: 70000  averaging 171.585 ns/day, 0.00100708 sec/step with standard deviation 2.53835e-05
ENERGY:   70000       419.5063      1116.7287      1129.6037        73.8787        -113823.5671      9664.8867         0.0000         0.0000     18595.1531         -82823.8099       302.2988   -101418.9630    -82773.5323       302.3669           -132.9708      -139.9691    300606.8029       -32.3810       -31.6346

WRITING COORDINATES TO DCD FILE ../output/fileio/performance/prod/1-1-45/frequency-5000/run-5/step5_fileio.dcd AT STEP 70000
TIMING: 75000  CPU: 76.2093, 0.000980768/step  Wall: 75.7025, 0.000987032/step, 175.07 ns/days, 0.116525 hours remaining, 0.000000 MB of memory in use.
PERFORMANCE: 75000  averaging 171.813 ns/day, 0.00100574 sec/step with standard deviation 2.50019e-05
ENERGY:   75000       419.2743      1146.0466      1107.6958        69.9963        -114174.5677      9707.7496         0.0000         0.0000     18783.7226         -82940.0824       305.3643   -101723.8050    -82783.9417       302.5543           -244.1233      -241.8977    300339.2184       -45.6149       -44.7761

WRITING COORDINATES TO DCD FILE ../output/fileio/performance/prod/1-1-45/frequency-5000/run-5/step5_fileio.dcd AT STEP 75000
TIMING: 80000  CPU: 81.2001, 0.000998161/step  Wall: 80.7242, 0.00100435/step, 172.052 ns/days, 0.117174 hours remaining, 0.000000 MB of memory in use.
PERFORMANCE: 80000  averaging 171.828 ns/day, 0.00100566 sec/step with standard deviation 2.41566e-05
ENERGY:   80000       412.0856      1168.3287      1131.9323        62.7075        -113755.3060      9571.1906         0.0000         0.0000     18415.0546         -82994.0067       299.3709   -101409.0612    -82796.2985       302.3670           -197.6790      -192.3309    300705.0178       -54.5599       -53.4558

WRITING COORDINATES TO DCD FILE ../output/fileio/performance/prod/1-1-45/frequency-5000/run-5/step5_fileio.dcd AT STEP 80000
TIMING: 85000  CPU: 86.1153, 0.000983049/step  Wall: 85.6715, 0.000989454/step, 174.642 ns/days, 0.114062 hours remaining, 0.000000 MB of memory in use.
PERFORMANCE: 85000  averaging 171.991 ns/day, 0.0010047 sec/step with standard deviation 2.37174e-05
ENERGY:   85000       442.8174      1113.1900      1132.2900        77.2337        -114298.5249      9744.9806         0.0000         0.0000     18442.4628         -83345.5504       299.8165   -101788.0132    -82826.8125       302.2253           -262.9564      -262.2053    299979.5145       -66.1374       -65.0530

WRITING COORDINATES TO DCD FILE ../output/fileio/performance/prod/1-1-45/frequency-5000/run-5/step5_fileio.dcd AT STEP 85000
TIMING: 90000  CPU: 90.9883, 0.000974598/step  Wall: 90.5749, 0.000980677/step, 176.205 ns/days, 0.111688 hours remaining, 0.000000 MB of memory in use.
PERFORMANCE: 90000  averaging 172.22 ns/day, 0.00100337 sec/step with standard deviation 2.36959e-05
ENERGY:   90000       439.7457      1104.9793      1128.4388        80.7693        -114144.7280      9957.0757         0.0000         0.0000     18459.7201         -82973.9991       300.0970   -101433.7192    -82834.5591       302.1133            316.2821       317.2403    301931.6415       -46.0101       -44.9323

WRITING COORDINATES TO DCD FILE ../output/fileio/performance/prod/1-1-45/frequency-5000/run-5/step5_fileio.dcd AT STEP 90000
TIMING: 95000  CPU: 95.9841, 0.000999152/step  Wall: 95.6019, 0.00100541/step, 171.869 ns/days, 0.113109 hours remaining, 0.000000 MB of memory in use.
PERFORMANCE: 95000  averaging 172.201 ns/day, 0.00100348 sec/step with standard deviation 2.30331e-05
ENERGY:   95000       414.6896      1148.0039      1099.6894        62.1995        -114175.3898      9890.7333         0.0000         0.0000     18504.3080         -83055.7660       300.8219   -101560.0741    -82845.6195       302.0487            421.4332       418.2685    299023.0684       -22.6379       -21.7722

WRITING COORDINATES TO DCD FILE ../output/fileio/performance/prod/1-1-45/frequency-5000/run-5/step5_fileio.dcd AT STEP 95000
TIMING: 100000  CPU: 101.059, 0.00101499/step  Wall: 100.712, 0.00102196/step, 169.087 ns/days, 0.113551 hours remaining, 0.000000 MB of memory in use.
PERFORMANCE: 100000  averaging 172.043 ns/day, 0.0010044 sec/step with standard deviation 2.27964e-05
ETITLE:      TS           BOND          ANGLE          DIHED          IMPRP               ELECT            VDW       BOUNDARY           MISC        KINETIC               TOTAL           TEMP      POTENTIAL       TOTALAVG        TEMPAVG            PRESSURE      GPRESSURE         VOLUME       PRESSAVG      GPRESSAVG

ENERGY:  100000       448.0018      1120.4325      1132.2273        65.3950        -114123.9808      9787.5837         0.0000         0.0000     18639.9368         -82930.4038       303.0268   -101570.3406    -82924.5589       302.2940            -33.3132       -28.4197    300802.3421        48.4141        49.4594

WRITING COORDINATES TO DCD FILE ../output/fileio/performance/prod/1-1-45/frequency-5000/run-5/step5_fileio.dcd AT STEP 100000
TIMING: 105000  CPU: 105.951, 0.000978306/step  Wall: 105.634, 0.000984418/step, 175.535 ns/days, 0.108013 hours remaining, 0.000000 MB of memory in use.
PERFORMANCE: 105000  averaging 172.206 ns/day, 0.00100345 sec/step with standard deviation 2.26431e-05
ENERGY:  105000       412.6770      1129.5729      1119.5998        73.9620        -113859.1485      9666.0054         0.0000         0.0000     18574.0705         -82883.2608       301.9560   -101457.3314    -82923.3385       302.2530           -166.4574      -161.1882    301214.3513        39.7037        40.7550

WRITING COORDINATES TO DCD FILE ../output/fileio/performance/prod/1-1-45/frequency-5000/run-5/step5_fileio.dcd AT STEP 105000
TIMING: 110000  CPU: 110.928, 0.000995577/step  Wall: 110.643, 0.00100186/step, 172.479 ns/days, 0.108535 hours remaining, 0.000000 MB of memory in use.
PERFORMANCE: 110000  averaging 172.218 ns/day, 0.00100338 sec/step with standard deviation 2.21e-05
ENERGY:  110000       461.8726      1138.3828      1130.5098        66.4217        -113668.0992      9592.8398         0.0000         0.0000     18545.7689         -82732.3035       301.4959   -101278.0724    -82919.3282       302.2309           -291.5300      -296.0711    301912.6940        20.8615        21.6561

WRITING COORDINATES TO DCD FILE ../output/fileio/performance/prod/1-1-45/frequency-5000/run-5/step5_fileio.dcd AT STEP 110000
TIMING: 115000  CPU: 115.952, 0.00100473/step  Wall: 115.698, 0.00101108/step, 170.907 ns/days, 0.108129 hours remaining, 0.000000 MB of memory in use.
PERFORMANCE: 115000  averaging 172.161 ns/day, 0.00100371 sec/step with standard deviation 2.16515e-05
ENERGY:  115000       442.8483      1124.6341      1113.1173        75.9401        -114044.6412      9871.3636         0.0000         0.0000     18350.6889         -83066.0490       298.3245   -101416.7378    -82928.1134       301.9427            146.0266       148.2041    301325.1584        31.2735        32.0362

WRITING COORDINATES TO DCD FILE ../output/fileio/performance/prod/1-1-45/frequency-5000/run-5/step5_fileio.dcd AT STEP 115000
TIMING: 120000  CPU: 120.837, 0.000976903/step  Wall: 120.613, 0.000982892/step, 175.808 ns/days, 0.10375 hours remaining, 0.000000 MB of memory in use.
PERFORMANCE: 120000  averaging 172.31 ns/day, 0.00100284 sec/step with standard deviation 2.15978e-05
ENERGY:  120000       419.3083      1079.3252      1111.8826        61.7037        -114550.1516      9843.4803         0.0000         0.0000     18659.0481         -83375.4034       303.3375   -102034.4515    -82953.2117       301.9556            216.6405       220.1433    298948.0338        35.4800        36.2885

WRITING COORDINATES TO DCD FILE ../output/fileio/performance/prod/1-1-45/frequency-5000/run-5/step5_fileio.dcd AT STEP 120000
TIMING: 125000  CPU: 125.809, 0.000994514/step  Wall: 125.619, 0.00100116/step, 172.599 ns/days, 0.104288 hours remaining, 0.000000 MB of memory in use.
PERFORMANCE: 125000  averaging 172.321 ns/day, 0.00100278 sec/step with standard deviation 2.11458e-05
ENERGY:  125000       436.6749      1138.0321      1124.4400        63.1158        -113858.7121      9542.4069         0.0000         0.0000     18596.1425         -82957.8999       302.3148   -101554.0424    -82953.4567       301.8676           -259.8558      -262.8479    300889.8629        16.3338        17.1723

WRITING COORDINATES TO DCD FILE ../output/fileio/performance/prod/1-1-45/frequency-5000/run-5/step5_fileio.dcd AT STEP 125000
TIMING: 130000  CPU: 130.73, 0.000984105/step  Wall: 130.572, 0.000990639/step, 174.433 ns/days, 0.101816 hours remaining, 0.000000 MB of memory in use.
PERFORMANCE: 130000  averaging 172.402 ns/day, 0.00100231 sec/step with standard deviation 2.08548e-05
ENERGY:  130000       400.7526      1126.7118      1108.6490        67.5850        -113599.7646      9499.2750         0.0000         0.0000     18551.3467         -82845.4445       301.5866   -101396.7912    -82968.1434       301.7320           -316.7128      -315.5924    301282.2531        -0.7272        -0.0058

WRITING COORDINATES TO DCD FILE ../output/fileio/performance/prod/1-1-45/frequency-5000/run-5/step5_fileio.dcd AT STEP 130000
TIMING: 135000  CPU: 135.591, 0.000972333/step  Wall: 135.465, 0.000978546/step, 176.589 ns/days, 0.0992137 hours remaining, 0.000000 MB of memory in use.
PERFORMANCE: 135000  averaging 172.553 ns/day, 0.00100143 sec/step with standard deviation 2.0955e-05
ENERGY:  135000       437.4673      1127.2006      1133.7670        77.2051        -114325.0389      9973.2281         0.0000         0.0000     18704.8290         -82871.3418       304.0817   -101576.1709    -82968.7346       301.8558            197.9685       193.3867    299126.2173       -14.2202       -13.8403

WRITING COORDINATES TO DCD FILE ../output/fileio/performance/prod/1-1-45/frequency-5000/run-5/step5_fileio.dcd AT STEP 135000
TIMING: 140000  CPU: 140.59, 0.000999652/step  Wall: 140.495, 0.00100603/step, 171.764 ns/days, 0.100603 hours remaining, 0.000000 MB of memory in use.
PERFORMANCE: 140000  averaging 172.525 ns/day, 0.00100159 sec/step with standard deviation 2.05817e-05
ENERGY:  140000       453.5900      1152.8071      1106.9578        82.5061        -114138.5959      9889.4997         0.0000         0.0000     18591.9797         -82861.2555       302.2472   -101453.2352    -82959.5905       301.8808             37.3045        34.2454    301109.2783        -6.8661        -6.7322

WRITING COORDINATES TO DCD FILE ../output/fileio/performance/prod/1-1-45/frequency-5000/run-5/step5_fileio.dcd AT STEP 140000
TIMING: 145000  CPU: 145.509, 0.000983831/step  Wall: 145.445, 0.000990116/step, 174.525 ns/days, 0.0976364 hours remaining, 0.000000 MB of memory in use.
PERFORMANCE: 145000  averaging 172.593 ns/day, 0.0010012 sec/step with standard deviation 2.03229e-05
ENERGY:  145000       454.8312      1082.1090      1116.6374        72.8645        -114250.0260      9914.3421         0.0000         0.0000     18462.5816         -83146.6602       300.1436   -101609.2417    -82972.1434       301.7701             84.7788        81.6058    301235.0194        -1.3180        -1.5232

WRITING COORDINATES TO DCD FILE ../output/fileio/performance/prod/1-1-45/frequency-5000/run-5/step5_fileio.dcd AT STEP 145000
TIMING: 150000  CPU: 150.389, 0.000976041/step  Wall: 150.357, 0.00098239/step, 175.898 ns/days, 0.0955101 hours remaining, 0.000000 MB of memory in use.
PERFORMANCE: 150000  averaging 172.701 ns/day, 0.00100057 sec/step with standard deviation 2.02625e-05
ETITLE:      TS           BOND          ANGLE          DIHED          IMPRP               ELECT            VDW       BOUNDARY           MISC        KINETIC               TOTAL           TEMP      POTENTIAL       TOTALAVG        TEMPAVG            PRESSURE      GPRESSURE         VOLUME       PRESSAVG      GPRESSAVG

ENERGY:  150000       450.0246      1076.1321      1143.5921        81.3614        -114003.7903      9628.6699         0.0000         0.0000     18499.1519         -83124.8583       300.7381   -101624.0102    -82979.6455       301.6487           -168.2685      -172.9016    300584.1441       -15.1892       -15.3598

WRITING COORDINATES TO DCD FILE ../output/fileio/performance/prod/1-1-45/frequency-5000/run-5/step5_fileio.dcd AT STEP 150000
TIMING: 155000  CPU: 155.442, 0.0010105/step  Wall: 155.44, 0.00101644/step, 170.006 ns/days, 0.0974086 hours remaining, 0.000000 MB of memory in use.
PERFORMANCE: 155000  averaging 172.613 ns/day, 0.00100108 sec/step with standard deviation 2.01247e-05
ENERGY:  155000       419.3943      1140.7542      1132.9633        70.3814        -113913.2538      9649.3946         0.0000         0.0000     18554.8848         -82945.4812       301.6441   -101500.3661    -82979.5301       301.5607           -119.1507      -119.2278    300594.8239       -28.3583       -28.5063

WRITING COORDINATES TO DCD FILE ../output/fileio/performance/prod/1-1-45/frequency-5000/run-5/step5_fileio.dcd AT STEP 155000
TIMING: 160000  CPU: 160.375, 0.00098668/step  Wall: 160.42, 0.0009961/step, 173.477 ns/days, 0.0940761 hours remaining, 0.000000 MB of memory in use.
PERFORMANCE: 160000  averaging 172.64 ns/day, 0.00100093 sec/step with standard deviation 1.98171e-05
ENERGY:  160000       414.8543      1118.3765      1112.1552        72.3431        -114082.5504      9731.2960         0.0000         0.0000     18676.9688         -82956.5565       303.6288   -101633.5253    -82981.2825       301.6725            -53.4212       -56.6570    300209.5202       -34.6853       -34.8447

WRITING COORDINATES TO DCD FILE ../output/fileio/performance/prod/1-1-45/frequency-5000/run-5/step5_fileio.dcd AT STEP 160000
TIMING: 165000  CPU: 165.234, 0.000971877/step  Wall: 165.308, 0.000977626/step, 176.755 ns/days, 0.0909735 hours remaining, 0.000000 MB of memory in use.
PERFORMANCE: 165000  averaging 172.762 ns/day, 0.00100022 sec/step with standard deviation 1.99223e-05
ENERGY:  165000       418.1922      1092.9721      1111.5524        72.1752        -114134.1875      9741.4766         0.0000         0.0000     18646.7629         -83051.0561       303.1378   -101697.8189    -82994.0595       301.7716             38.7663        38.9421    299776.3074       -39.3619       -39.8636

WRITING COORDINATES TO DCD FILE ../output/fileio/performance/prod/1-1-45/frequency-5000/run-5/step5_fileio.dcd AT STEP 165000
TIMING: 170000  CPU: 170.182, 0.000989612/step  Wall: 170.284, 0.000995149/step, 173.642 ns/days, 0.091222 hours remaining, 0.000000 MB of memory in use.
PERFORMANCE: 170000  averaging 172.787 ns/day, 0.00100007 sec/step with standard deviation 1.96374e-05
ENERGY:  170000       443.8161      1158.2763      1136.4557        76.4669        -113788.5459      9691.9576         0.0000         0.0000     18327.0160         -82954.5573       297.9397   -101281.5733    -83000.5968       301.5537            -77.8445       -75.7855    301995.8115       -36.6056       -36.6544

WRITING COORDINATES TO DCD FILE ../output/fileio/performance/prod/1-1-45/frequency-5000/run-5/step5_fileio.dcd AT STEP 170000
TIMING: 175000  CPU: 175.222, 0.0010079/step  Wall: 175.352, 0.00101364/step, 170.475 ns/days, 0.0915088 hours remaining, 0.000000 MB of memory in use.
PERFORMANCE: 175000  averaging 172.721 ns/day, 0.00100046 sec/step with standard deviation 1.94818e-05
ENERGY:  175000       390.1132      1133.4581      1083.3734        71.7884        -113942.8278      9776.2149         0.0000         0.0000     18699.2953         -82788.5844       303.9918   -101487.8798    -82993.0219       301.4851             -6.2642        -6.7561    302289.6436       -24.7127       -24.8974

WRITING COORDINATES TO DCD FILE ../output/fileio/performance/prod/1-1-45/frequency-5000/run-5/step5_fileio.dcd AT STEP 175000
TIMING: 180000  CPU: 180.08, 0.000971689/step  Wall: 180.241, 0.00097787/step, 176.711 ns/days, 0.0869218 hours remaining, 0.000000 MB of memory in use.
PERFORMANCE: 180000  averaging 172.829 ns/day, 0.000999832 sec/step with standard deviation 1.95671e-05
ENERGY:  180000       450.2211      1083.4835      1110.2304        77.8552        -114266.6583      9785.1830         0.0000         0.0000     18441.8545         -83317.8307       299.8066   -101759.6852    -83009.2131       301.5068           -148.7247      -148.8025    300080.2944       -22.2650       -22.7210

WRITING COORDINATES TO DCD FILE ../output/fileio/performance/prod/1-1-45/frequency-5000/run-5/step5_fileio.dcd AT STEP 180000
TIMING: 185000  CPU: 185.139, 0.00101176/step  Wall: 185.33, 0.00101777/step, 169.783 ns/days, 0.089055 hours remaining, 0.000000 MB of memory in use.
PERFORMANCE: 185000  averaging 172.745 ns/day, 0.00100032 sec/step with standard deviation 1.95175e-05
ENERGY:  185000       443.2161      1095.0149      1101.6419        77.3582        -113963.4083      9752.4372         0.0000         0.0000     18504.1459         -82989.5941       300.8193   -101493.7400    -82991.4153       301.5570             32.7904        33.8334    300453.9292        -7.4776        -7.9190

WRITING COORDINATES TO DCD FILE ../output/fileio/performance/prod/1-1-45/frequency-5000/run-5/step5_fileio.dcd AT STEP 185000
TIMING: 190000  CPU: 190.08, 0.000988117/step  Wall: 190.307, 0.000995305/step, 173.615 ns/days, 0.0857068 hours remaining, 0.000000 MB of memory in use.
PERFORMANCE: 190000  averaging 172.768 ns/day, 0.00100019 sec/step with standard deviation 1.92691e-05
ENERGY:  190000       451.7084      1148.2751      1126.9466        78.6232        -113950.3020      9641.2948         0.0000         0.0000     18604.0771         -82899.3769       302.4438   -101503.4540    -82987.6842       301.6743           -221.5987      -222.9925    301171.6824       -34.3717       -34.9307

WRITING COORDINATES TO DCD FILE ../output/fileio/performance/prod/1-1-45/frequency-5000/run-5/step5_fileio.dcd AT STEP 190000
TIMING: 195000  CPU: 195.25, 0.00103403/step  Wall: 195.509, 0.00104051/step, 166.073 ns/days, 0.0881542 hours remaining, 0.000000 MB of memory in use.
PERFORMANCE: 195000  averaging 172.59 ns/day, 0.00100122 sec/step with standard deviation 2.00803e-05
ENERGY:  195000       434.3646      1151.0601      1126.0795        72.3986        -114518.2888      9970.4144         0.0000         0.0000     18427.6510         -83336.3208       299.5757   -101763.9717    -83001.7119       301.6120              1.9492         2.1531    299683.7935       -55.3458       -55.7364

WRITING COORDINATES TO DCD FILE ../output/fileio/performance/prod/1-1-45/frequency-5000/run-5/step5_fileio.dcd AT STEP 195000
TIMING: 200000  CPU: 200.191, 0.000988186/step  Wall: 200.481, 0.000994353/step, 173.781 ns/days, 0.0828627 hours remaining, 0.000000 MB of memory in use.
PERFORMANCE: 200000  averaging 172.619 ns/day, 0.00100105 sec/step with standard deviation 1.98509e-05
ETITLE:      TS           BOND          ANGLE          DIHED          IMPRP               ELECT            VDW       BOUNDARY           MISC        KINETIC               TOTAL           TEMP      POTENTIAL       TOTALAVG        TEMPAVG            PRESSURE      GPRESSURE         VOLUME       PRESSAVG      GPRESSAVG

ENERGY:  200000       421.1913      1167.0938      1124.1738        81.2293        -113987.6672      9765.4398         0.0000         0.0000     18531.0627         -82897.4765       301.2568   -101428.5392    -83000.0656       301.5235           -126.1326      -129.4662    300542.6764       -59.9868       -60.7888

WRITING COORDINATES TO DCD FILE ../output/fileio/performance/prod/1-1-45/frequency-5000/run-5/step5_fileio.dcd AT STEP 200000
TIMING: 205000  CPU: 205.111, 0.000984036/step  Wall: 205.434, 0.000990499/step, 174.457 ns/days, 0.0811659 hours remaining, 0.000000 MB of memory in use.
PERFORMANCE: 205000  averaging 172.664 ns/day, 0.00100079 sec/step with standard deviation 1.96703e-05
ENERGY:  205000       445.2300      1088.9681      1094.5116        72.4431        -114061.9296      9829.6804         0.0000         0.0000     18549.2880         -82981.8084       301.5531   -101531.0964    -83004.9929       301.5034             10.3068        15.6582    300341.1158       -51.1486       -51.9464

WRITING COORDINATES TO DCD FILE ../output/fileio/performance/prod/1-1-45/frequency-5000/run-5/step5_fileio.dcd AT STEP 205000
TIMING: 210000  CPU: 209.976, 0.000973072/step  Wall: 210.332, 0.000979677/step, 176.385 ns/days, 0.0789184 hours remaining, 0.000000 MB of memory in use.
PERFORMANCE: 210000  averaging 172.75 ns/day, 0.00100029 sec/step with standard deviation 1.97002e-05
ENERGY:  210000       424.8412      1110.7219      1110.7213        61.5232        -114139.6872      9673.6243         0.0000         0.0000     18489.0299         -83269.2255       300.5735   -101758.2554    -83031.8390       301.4573             41.3752        39.8795    299853.5487       -34.5034       -35.1489

WRITING COORDINATES TO DCD FILE ../output/fileio/performance/prod/1-1-45/frequency-5000/run-5/step5_fileio.dcd AT STEP 210000
TIMING: 215000  CPU: 214.991, 0.00100293/step  Wall: 215.378, 0.00100926/step, 171.214 ns/days, 0.0798998 hours remaining, 0.000000 MB of memory in use.
PERFORMANCE: 215000  averaging 172.714 ns/day, 0.0010005 sec/step with standard deviation 1.95123e-05
ENERGY:  215000       428.2998      1146.1545      1126.0017        81.5329        -113511.3942      9413.2930         0.0000         0.0000     18646.5056         -82669.6066       303.1336   -101316.1122    -83012.0169       301.6977           -179.3127      -175.9580    300843.8611       -50.7703       -51.3570

WRITING COORDINATES TO DCD FILE ../output/fileio/performance/prod/1-1-45/frequency-5000/run-5/step5_fileio.dcd AT STEP 215000
TIMING: 220000  CPU: 219.91, 0.000983837/step  Wall: 220.329, 0.000990074/step, 174.532 ns/days, 0.0770057 hours remaining, 0.000000 MB of memory in use.
PERFORMANCE: 220000  averaging 172.755 ns/day, 0.00100026 sec/step with standard deviation 1.9348e-05
ENERGY:  220000       416.6191      1104.3234      1108.2029        66.7951        -113811.4974      9590.6873         0.0000         0.0000     18553.2112         -82971.6583       301.6169   -101524.8695    -82991.8297       301.6117           -218.1771      -224.2587    301990.9148       -72.5112       -73.5771

WRITING COORDINATES TO DCD FILE ../output/fileio/performance/prod/1-1-45/frequency-5000/run-5/step5_fileio.dcd AT STEP 220000
TIMING: 225000  CPU: 224.808, 0.000979484/step  Wall: 225.258, 0.000985909/step, 175.27 ns/days, 0.0753125 hours remaining, 0.000000 MB of memory in use.
PERFORMANCE: 225000  averaging 172.81 ns/day, 0.00099994 sec/step with standard deviation 1.92461e-05
ENERGY:  225000       431.7950      1125.3002      1110.2104        79.6631        -113922.3019      9710.2615         0.0000         0.0000     18678.9157         -82786.1560       303.6605   -101465.0717    -82983.2425       301.6790            -82.9501       -78.1399    301120.2219       -63.6659       -64.3417

WRITING COORDINATES TO DCD FILE ../output/fileio/performance/prod/1-1-45/frequency-5000/run-5/step5_fileio.dcd AT STEP 225000
TIMING: 230000  CPU: 229.878, 0.00101412/step  Wall: 230.361, 0.0010206/step, 169.313 ns/days, 0.0765448 hours remaining, 0.000000 MB of memory in use.
PERFORMANCE: 230000  averaging 172.733 ns/day, 0.00100039 sec/step with standard deviation 1.92733e-05
ENERGY:  230000       440.4028      1084.5996      1120.0904        63.8062        -113828.9801      9613.8090         0.0000         0.0000     18699.8133         -82806.4589       304.0002   -101506.2721    -82981.2932       301.7996           -173.6573      -177.3877    301285.9221       -56.5131       -57.4315

WRITING COORDINATES TO DCD FILE ../output/fileio/performance/prod/1-1-45/frequency-5000/run-5/step5_fileio.dcd AT STEP 230000
TIMING: 235000  CPU: 234.929, 0.00101016/step  Wall: 235.443, 0.00101642/step, 170.008 ns/days, 0.07482 hours remaining, 0.000000 MB of memory in use.
PERFORMANCE: 235000  averaging 172.674 ns/day, 0.00100073 sec/step with standard deviation 1.92055e-05
ENERGY:  235000       431.1304      1146.8399      1137.8457        78.6864        -113948.5061      9675.6922         0.0000         0.0000     18535.9792         -82942.3323       301.3368   -101478.3115    -82984.8427       301.6624            -27.1103       -20.1053    300276.8378       -67.7671       -68.1061

WRITING COORDINATES TO DCD FILE ../output/fileio/performance/prod/1-1-45/frequency-5000/run-5/step5_fileio.dcd AT STEP 235000
TIMING: 240000  CPU: 239.795, 0.000973273/step  Wall: 240.34, 0.000979275/step, 176.457 ns/days, 0.0707254 hours remaining, 0.000000 MB of memory in use.
PERFORMANCE: 240000  averaging 172.751 ns/day, 0.00100028 sec/step with standard deviation 1.92508e-05
ENERGY:  240000       454.2011      1082.2471      1113.7227        86.9929        -113905.5002      9616.4093         0.0000         0.0000     18666.2149         -82885.7123       303.4540   -101551.9272    -82986.0656       301.7227           -131.0703      -130.4935    300785.3711       -76.1858       -76.3430

WRITING COORDINATES TO DCD FILE ../output/fileio/performance/prod/1-1-45/frequency-5000/run-5/step5_fileio.dcd AT STEP 240000
TIMING: 245000  CPU: 244.835, 0.00100799/step  Wall: 245.412, 0.00101441/step, 170.346 ns/days, 0.0718538 hours remaining, 0.000000 MB of memory in use.
PERFORMANCE: 245000  averaging 172.701 ns/day, 0.00100057 sec/step with standard deviation 1.91558e-05
ENERGY:  245000       414.4648      1107.8384      1125.5243        67.8256        -114077.9083      9659.5368         0.0000         0.0000     18723.5553         -82979.1632       304.3862   -101702.7185    -82977.6907       301.9349           -105.1498      -103.9292    300004.6895       -85.6822       -85.6198

WRITING COORDINATES TO DCD FILE ../output/fileio/performance/prod/1-1-45/frequency-5000/run-5/step5_fileio.dcd AT STEP 245000
TIMING: 250000  CPU: 249.792, 0.000991261/step  Wall: 250.407, 0.000999061/step, 172.962 ns/days, 0.0693792 hours remaining, 0.000000 MB of memory in use.
PERFORMANCE: 250000  averaging 172.706 ns/day, 0.00100054 sec/step with standard deviation 1.89605e-05
ETITLE:      TS           BOND          ANGLE          DIHED          IMPRP               ELECT            VDW       BOUNDARY           MISC        KINETIC               TOTAL           TEMP      POTENTIAL       TOTALAVG        TEMPAVG            PRESSURE      GPRESSURE         VOLUME       PRESSAVG      GPRESSAVG

ENERGY:  250000       401.4334      1186.9018      1110.9374        77.3614        -114189.9982      9770.1538         0.0000         0.0000     18490.8407         -83152.3697       300.6030   -101643.2104    -82979.0663       301.9281            -17.4497       -22.5346    301172.7400       -78.1413       -78.1014

WRITING COORDINATES TO DCD FILE ../output/fileio/performance/prod/1-1-45/frequency-5000/run-5/step5_fileio.dcd AT STEP 250000
TIMING: 255000  CPU: 254.654, 0.000972573/step  Wall: 255.3, 0.00097862/step, 176.575 ns/days, 0.0666005 hours remaining, 0.000000 MB of memory in use.
PERFORMANCE: 255000  averaging 172.781 ns/day, 0.00100011 sec/step with standard deviation 1.90193e-05
ENERGY:  255000       473.2014      1143.1259      1110.5666        71.6212        -113892.0235      9634.7894         0.0000         0.0000     18425.3013         -83033.4176       299.5375   -101458.7189    -82983.4631       301.8228           -304.7838      -302.7282    301522.3496       -87.4230       -87.2764

WRITING COORDINATES TO DCD FILE ../output/fileio/performance/prod/1-1-45/frequency-5000/run-5/step5_fileio.dcd AT STEP 255000
TIMING: 260000  CPU: 259.626, 0.000994261/step  Wall: 260.303, 0.0010006/step, 172.697 ns/days, 0.0667063 hours remaining, 0.000000 MB of memory in use.
PERFORMANCE: 260000  averaging 172.779 ns/day, 0.00100012 sec/step with standard deviation 1.88321e-05
ENERGY:  260000       406.5439      1114.3429      1093.6078        61.2866        -114015.6977      9719.5179         0.0000         0.0000     18523.8991         -83096.4996       301.1404   -101620.3987    -82990.4603       301.6984            -44.6250       -47.4551    300726.3053       -86.9831       -86.8163

WRITING COORDINATES TO DCD FILE ../output/fileio/performance/prod/1-1-45/frequency-5000/run-5/step5_fileio.dcd AT STEP 260000
TIMING: 265000  CPU: 264.502, 0.00097534/step  Wall: 265.212, 0.000981684/step, 176.024 ns/days, 0.0640821 hours remaining, 0.000000 MB of memory in use.
PERFORMANCE: 265000  averaging 172.839 ns/day, 0.000999773 sec/step with standard deviation 1.88213e-05
ENERGY:  265000       435.1024      1058.9604      1098.1269        69.8049        -114108.3478      9852.1495         0.0000         0.0000     18412.1098         -83182.0939       299.3230   -101594.2037    -82997.0121       301.5076             99.7105       104.1477    300528.6584       -83.9359       -83.5561

WRITING COORDINATES TO DCD FILE ../output/fileio/performance/prod/1-1-45/frequency-5000/run-5/step5_fileio.dcd AT STEP 265000
TIMING: 270000  CPU: 269.347, 0.000968891/step  Wall: 270.086, 0.000974802/step, 177.267 ns/days, 0.062279 hours remaining, 0.000000 MB of memory in use.
PERFORMANCE: 270000  averaging 172.919 ns/day, 0.000999311 sec/step with standard deviation 1.89501e-05
ENERGY:  270000       439.9907      1116.0972      1108.5001        72.8329        -113914.5484      9703.1852         0.0000         0.0000     18648.3655         -82825.5768       303.1638   -101473.9423    -82990.5631       301.7688            -23.6876       -20.6145    302305.9727       -81.2281       -80.7975

WRITING COORDINATES TO DCD FILE ../output/fileio/performance/prod/1-1-45/frequency-5000/run-5/step5_fileio.dcd AT STEP 270000
TIMING: 275000  CPU: 274.252, 0.000981055/step  Wall: 275.022, 0.00098731/step, 175.021 ns/days, 0.0617069 hours remaining, 0.000000 MB of memory in use.
PERFORMANCE: 275000  averaging 172.957 ns/day, 0.000999093 sec/step with standard deviation 1.88434e-05
ENERGY:  275000       421.8762      1125.8819      1114.7149        71.1305        -113859.7159      9688.8052         0.0000         0.0000     18589.0587         -82848.2485       302.1997   -101437.3072    -82993.5463       301.6792           -112.2318      -109.1856    300825.4188       -86.5265       -85.9190

WRITING COORDINATES TO DCD FILE ../output/fileio/performance/prod/1-1-45/frequency-5000/run-5/step5_fileio.dcd AT STEP 275000
TIMING: 280000  CPU: 279.145, 0.000978594/step  Wall: 279.946, 0.000984811/step, 175.465 ns/days, 0.0601829 hours remaining, 0.000000 MB of memory in use.
PERFORMANCE: 280000  averaging 173.001 ns/day, 0.000998838 sec/step with standard deviation 1.87686e-05
ENERGY:  280000       420.3790      1134.1173      1144.2187        63.1826        -114205.8833      9786.9072         0.0000         0.0000     18534.8088         -83122.2697       301.3177   -101657.0786    -82983.7683       301.7548           -156.9990      -151.0281    301252.6357       -86.9402       -86.0303

WRITING COORDINATES TO DCD FILE ../output/fileio/performance/prod/1-1-45/frequency-5000/run-5/step5_fileio.dcd AT STEP 280000
TIMING: 285000  CPU: 284.025, 0.00097593/step  Wall: 284.856, 0.000982012/step, 175.965 ns/days, 0.058648 hours remaining, 0.000000 MB of memory in use.
PERFORMANCE: 285000  averaging 173.052 ns/day, 0.000998542 sec/step with standard deviation 1.87333e-05
ENERGY:  285000       430.3188      1090.0623      1103.8591        71.0764        -114028.5216      9711.8199         0.0000         0.0000     18689.3577         -82932.0274       303.8302   -101621.3850    -82980.8899       301.9053            101.3376        99.1511    299117.1532       -83.5128       -82.7644

WRITING COORDINATES TO DCD FILE ../output/fileio/performance/prod/1-1-45/frequency-5000/run-5/step5_fileio.dcd AT STEP 285000
TIMING: 290000  CPU: 288.964, 0.0009879/step  Wall: 289.826, 0.00099392/step, 173.857 ns/days, 0.0579787 hours remaining, 0.000000 MB of memory in use.
PERFORMANCE: 290000  averaging 173.066 ns/day, 0.000998463 sec/step with standard deviation 1.85781e-05
ENERGY:  290000       432.9354      1088.1034      1129.9334        77.3263        -114385.5626     10027.5343         0.0000         0.0000     18477.0335         -83152.6963       300.3785   -101629.7298    -82993.5559       301.8021            201.8557       206.0682    301001.4745       -62.3401       -61.3113

WRITING COORDINATES TO DCD FILE ../output/fileio/performance/prod/1-1-45/frequency-5000/run-5/step5_fileio.dcd AT STEP 290000
TIMING: 295000  CPU: 293.878, 0.000982809/step  Wall: 294.769, 0.000988544/step, 174.803 ns/days, 0.0562921 hours remaining, 0.000000 MB of memory in use.
PERFORMANCE: 295000  averaging 173.095 ns/day, 0.000998295 sec/step with standard deviation 1.84625e-05
ENERGY:  295000       411.1270      1056.9383      1135.2920        64.2001        -114328.5066      9784.9204         0.0000         0.0000     18588.4177         -83287.6112       302.1893   -101876.0288    -82991.1204       301.9327            114.1187       111.2871    298773.6403       -56.7316       -55.8546

WRITING COORDINATES TO DCD FILE ../output/fileio/performance/prod/1-1-45/frequency-5000/run-5/step5_fileio.dcd AT STEP 295000
TIMING: 300000  CPU: 298.744, 0.000973082/step  Wall: 299.663, 0.000978814/step, 176.54 ns/days, 0.0543786 hours remaining, 0.000000 MB of memory in use.
PERFORMANCE: 300000  averaging 173.152 ns/day, 0.00099797 sec/step with standard deviation 1.84773e-05
ETITLE:      TS           BOND          ANGLE          DIHED          IMPRP               ELECT            VDW       BOUNDARY           MISC        KINETIC               TOTAL           TEMP      POTENTIAL       TOTALAVG        TEMPAVG            PRESSURE      GPRESSURE         VOLUME       PRESSAVG      GPRESSAVG

ENERGY:  300000       444.2734      1110.7364      1138.1894        80.5488        -114130.5694      9711.2075         0.0000         0.0000     18463.6279         -83181.9859       300.1606   -101645.6138    -83005.3459       301.8779           -120.4060      -115.4075    299930.6580       -56.4453       -55.1517

WRITING COORDINATES TO DCD FILE ../output/fileio/performance/prod/1-1-45/frequency-5000/run-5/step5_fileio.dcd AT STEP 300000
TIMING: 305000  CPU: 303.777, 0.0010066/step  Wall: 304.725, 0.00101243/step, 170.678 ns/days, 0.0548402 hours remaining, 0.000000 MB of memory in use.
PERFORMANCE: 305000  averaging 173.11 ns/day, 0.000998207 sec/step with standard deviation 1.8416e-05
ENERGY:  305000       416.5355      1098.2600      1123.8918        62.9443        -114021.6607      9767.9283         0.0000         0.0000     18691.6720         -82860.4289       303.8678   -101552.1008    -82999.2769       301.9937            152.3418       153.7626    300674.7943       -49.3436       -48.2465

WRITING COORDINATES TO DCD FILE ../output/fileio/performance/prod/1-1-45/frequency-5000/run-5/step5_fileio.dcd AT STEP 305000
TIMING: 310000  CPU: 308.711, 0.000986791/step  Wall: 309.688, 0.000992715/step, 174.068 ns/days, 0.0523933 hours remaining, 0.000000 MB of memory in use.
PERFORMANCE: 310000  averaging 173.126 ns/day, 0.000998118 sec/step with standard deviation 1.82778e-05
ENERGY:  310000       442.7457      1134.9958      1126.0295        75.3214        -113831.8653      9544.8905         0.0000         0.0000     18413.3308         -83094.5515       299.3429   -101507.8824    -82990.5432       301.9321            -63.3395       -62.3872    300286.4520       -54.5793       -53.3598

WRITING COORDINATES TO DCD FILE ../output/fileio/performance/prod/1-1-45/frequency-5000/run-5/step5_fileio.dcd AT STEP 310000
TIMING: 315000  CPU: 313.582, 0.000974356/step  Wall: 314.588, 0.00097995/step, 176.336 ns/days, 0.0503585 hours remaining, 0.000000 MB of memory in use.
PERFORMANCE: 315000  averaging 173.176 ns/day, 0.00099783 sec/step with standard deviation 1.82737e-05
ENERGY:  315000       464.6279      1154.6398      1142.3831        78.2917        -114702.5777     10053.6215         0.0000         0.0000     18618.4166         -83190.5971       302.6769   -101809.0137    -83016.5928       301.9093             33.5913        32.3150    300866.9545       -43.9341       -42.9462

WRITING COORDINATES TO DCD FILE ../output/fileio/performance/prod/1-1-45/frequency-5000/run-5/step5_fileio.dcd AT STEP 315000
TIMING: 320000  CPU: 318.475, 0.000978419/step  Wall: 319.508, 0.000984074/step, 175.597 ns/days, 0.0492037 hours remaining, 0.000000 MB of memory in use.
PERFORMANCE: 320000  averaging 173.213 ns/day, 0.000997615 sec/step with standard deviation 1.82095e-05
ENERGY:  320000       436.5623      1096.7397      1090.8639        72.2809        -113906.3633      9776.2245         0.0000         0.0000     18735.2871         -82698.4050       304.5769   -101433.6921    -83002.9301       302.0573            129.3386       125.5234    301363.9746       -26.5583       -25.4571

WRITING COORDINATES TO DCD FILE ../output/fileio/performance/prod/1-1-45/frequency-5000/run-5/step5_fileio.dcd AT STEP 320000
TIMING: 325000  CPU: 323.378, 0.000980647/step  Wall: 324.442, 0.000986618/step, 175.144 ns/days, 0.0479606 hours remaining, 0.000000 MB of memory in use.
PERFORMANCE: 325000  averaging 173.242 ns/day, 0.000997446 sec/step with standard deviation 1.81181e-05
ENERGY:  325000       453.3088      1106.1952      1125.7558        68.8584        -113793.7220      9679.4128         0.0000         0.0000     18574.7439         -82785.4471       301.9670   -101360.1910    -83002.8946       301.9726            -88.9563       -86.4354    301074.9189       -26.8586       -25.8718

WRITING COORDINATES TO DCD FILE ../output/fileio/performance/prod/1-1-45/frequency-5000/run-5/step5_fileio.dcd AT STEP 325000
TIMING: 330000  CPU: 328.246, 0.000973632/step  Wall: 329.341, 0.000979845/step, 176.354 ns/days, 0.0462705 hours remaining, 0.000000 MB of memory in use.
PERFORMANCE: 330000  averaging 173.289 ns/day, 0.000997179 sec/step with standard deviation 1.81082e-05
ENERGY:  330000       427.7242      1104.9607      1127.1763        66.6454        -114273.8889      9801.7945         0.0000         0.0000     18631.9609         -83113.6268       302.8971   -101745.5877    -83018.2530       301.9175            -50.4202       -48.7755    300675.9422       -20.6968       -19.4412

WRITING COORDINATES TO DCD FILE ../output/fileio/performance/prod/1-1-45/frequency-5000/run-5/step5_fileio.dcd AT STEP 330000
TIMING: 335000  CPU: 333.173, 0.000985461/step  Wall: 334.3, 0.000991855/step, 174.219 ns/days, 0.04546 hours remaining, 0.000000 MB of memory in use.
PERFORMANCE: 335000  averaging 173.303 ns/day, 0.0009971 sec/step with standard deviation 1.79823e-05
ENERGY:  335000       416.9244      1152.9908      1118.8925        77.3266        -113976.1298      9855.8691         0.0000         0.0000     18579.7719         -82774.3544       302.0487   -101354.1263    -83009.8541       301.9531            238.9402       236.3837    300476.0675        -7.3942        -6.6168

WRITING COORDINATES TO DCD FILE ../output/fileio/performance/prod/1-1-45/frequency-5000/run-5/step5_fileio.dcd AT STEP 335000
TIMING: 340000  CPU: 338.287, 0.00102284/step  Wall: 339.448, 0.00102957/step, 167.837 ns/days, 0.0457587 hours remaining, 0.000000 MB of memory in use.
PERFORMANCE: 340000  averaging 173.22 ns/day, 0.000997577 sec/step with standard deviation 1.82768e-05
ENERGY:  340000       410.2633      1088.4638      1122.7413        61.4048        -114159.7158      9788.5768         0.0000         0.0000     18579.6362         -83108.6296       302.0465   -101688.2658    -83021.0000       301.8827             69.8128        74.0910    299515.4699         2.6499         3.6124

WRITING COORDINATES TO DCD FILE ../output/fileio/performance/prod/1-1-45/frequency-5000/run-5/step5_fileio.dcd AT STEP 340000
TIMING: 345000  CPU: 343.145, 0.0009715/step  Wall: 344.335, 0.000977463/step, 176.784 ns/days, 0.0420852 hours remaining, 0.000000 MB of memory in use.
PERFORMANCE: 345000  averaging 173.27 ns/day, 0.000997286 sec/step with standard deviation 1.83028e-05
ENERGY:  345000       412.8548      1161.6872      1114.8259        73.1443        -114373.4828      9763.6863         0.0000         0.0000     18765.3325         -83081.9519       305.0653   -101847.2844    -83026.1394       301.9166             39.8343        44.5252    301302.7763         9.8991        11.0352

WRITING COORDINATES TO DCD FILE ../output/fileio/performance/prod/1-1-45/frequency-5000/run-5/step5_fileio.dcd AT STEP 345000
TIMING: 350000  CPU: 348.136, 0.000998161/step  Wall: 349.356, 0.00100405/step, 172.102 ns/days, 0.0418356 hours remaining, 0.000000 MB of memory in use.
PERFORMANCE: 350000  averaging 173.253 ns/day, 0.000997383 sec/step with standard deviation 1.81877e-05
ETITLE:      TS           BOND          ANGLE          DIHED          IMPRP               ELECT            VDW       BOUNDARY           MISC        KINETIC               TOTAL           TEMP      POTENTIAL       TOTALAVG        TEMPAVG            PRESSURE      GPRESSURE         VOLUME       PRESSAVG      GPRESSAVG

ENERGY:  350000       425.5933      1137.1736      1103.4073        76.1601        -114245.9088      9816.6833         0.0000         0.0000     18712.2578         -82974.6333       304.2025   -101686.8911    -83017.2526       302.0966             71.0131        69.5832    300971.7524        14.3223        15.6411

WRITING COORDINATES TO DCD FILE ../output/fileio/performance/prod/1-1-45/frequency-5000/run-5/step5_fileio.dcd AT STEP 350000
TIMING: 355000  CPU: 353.032, 0.000979309/step  Wall: 354.281, 0.00098517/step, 175.401 ns/days, 0.0396804 hours remaining, 0.000000 MB of memory in use.
PERFORMANCE: 355000  averaging 173.283 ns/day, 0.000997211 sec/step with standard deviation 1.81154e-05
ENERGY:  355000       409.3011      1095.3884      1129.5266        76.0941        -114226.4344      9782.4164         0.0000         0.0000     18709.8601         -83023.8477       304.1635   -101733.7077    -83016.7741       302.3279           -141.1439      -139.8942    300994.9427        22.5043        23.7828

WRITING COORDINATES TO DCD FILE ../output/fileio/performance/prod/1-1-45/frequency-5000/run-5/step5_fileio.dcd AT STEP 355000
TIMING: 360000  CPU: 357.921, 0.000977649/step  Wall: 359.198, 0.00098325/step, 175.744 ns/days, 0.0382375 hours remaining, 0.000000 MB of memory in use.
PERFORMANCE: 360000  averaging 173.317 ns/day, 0.000997017 sec/step with standard deviation 1.80625e-05
ENERGY:  360000       434.1112      1152.4854      1120.2448        72.8107        -114222.4230      9812.1107         0.0000         0.0000     18625.4465         -83005.2138       302.7912   -101630.6603    -83012.2098       302.4105             -7.2115        -7.4469    299692.0092        24.3749        25.7832

WRITING COORDINATES TO DCD FILE ../output/fileio/performance/prod/1-1-45/frequency-5000/run-5/step5_fileio.dcd AT STEP 360000
TIMING: 365000  CPU: 362.894, 0.000994664/step  Wall: 364.201, 0.0010007/step, 172.679 ns/days, 0.0375262 hours remaining, 0.000000 MB of memory in use.
PERFORMANCE: 365000  averaging 173.308 ns/day, 0.000997067 sec/step with standard deviation 1.79418e-05
ENERGY:  365000       418.0902      1116.1684      1118.9542        76.5694        -114162.0181      9647.7261         0.0000         0.0000     18630.6085         -83153.9014       302.8751   -101784.5099    -83010.8002       302.5881           -142.9740      -142.1208    301132.1297        12.2407        13.4697

WRITING COORDINATES TO DCD FILE ../output/fileio/performance/prod/1-1-45/frequency-5000/run-5/step5_fileio.dcd AT STEP 365000
TIMING: 370000  CPU: 367.771, 0.000975484/step  Wall: 369.111, 0.000981925/step, 175.981 ns/days, 0.0354584 hours remaining, 0.000000 MB of memory in use.
PERFORMANCE: 370000  averaging 173.344 ns/day, 0.000996862 sec/step with standard deviation 1.79052e-05
ENERGY:  370000       407.5976      1098.1595      1131.7380        71.5102        -114292.0129      9755.7814         0.0000         0.0000     18684.7919         -83142.4344       303.7560   -101827.2263    -83026.6431       302.6177             20.1470        24.5052    300060.6958        14.4324        15.7257

WRITING COORDINATES TO DCD FILE ../output/fileio/performance/prod/1-1-45/frequency-5000/run-5/step5_fileio.dcd AT STEP 370000
TIMING: 375000  CPU: 372.635, 0.000972665/step  Wall: 374.004, 0.000978603/step, 176.578 ns/days, 0.0339793 hours remaining, 0.000000 MB of memory in use.
PERFORMANCE: 375000  averaging 173.386 ns/day, 0.000996619 sec/step with standard deviation 1.79084e-05
ENERGY:  375000       459.5695      1181.0375      1109.0495        64.6949        -113687.7758      9547.9363         0.0000         0.0000     18611.1952         -82714.2929       302.5595   -101325.4881    -83019.9453       302.6357           -216.6431      -217.8939    301269.6747         9.2119        10.2903

WRITING COORDINATES TO DCD FILE ../output/fileio/performance/prod/1-1-45/frequency-5000/run-5/step5_fileio.dcd AT STEP 375000
TIMING: 380000  CPU: 377.522, 0.000977463/step  Wall: 378.924, 0.000983971/step, 175.615 ns/days, 0.032799 hours remaining, 0.000000 MB of memory in use.
PERFORMANCE: 380000  averaging 173.415 ns/day, 0.000996453 sec/step with standard deviation 1.78476e-05
ENERGY:  380000       407.3683      1106.7746      1109.4577        77.0170        -113914.9443      9729.4571         0.0000         0.0000     18617.5176         -82867.3519       302.6623   -101484.8696    -83007.1994       302.7029            -98.3439      -100.4672    301427.7116        12.1446        12.8184

WRITING COORDINATES TO DCD FILE ../output/fileio/performance/prod/1-1-45/frequency-5000/run-5/step5_fileio.dcd AT STEP 380000
TIMING: 385000  CPU: 382.436, 0.000982727/step  Wall: 383.869, 0.000988982/step, 174.725 ns/days, 0.0315925 hours remaining, 0.000000 MB of memory in use.
PERFORMANCE: 385000  averaging 173.432 ns/day, 0.000996356 sec/step with standard deviation 1.77503e-05
ENERGY:  385000       422.9462      1138.0050      1123.1506        67.7825        -114511.8375      9992.1940         0.0000         0.0000     18510.2728         -83257.4864       300.9189   -101767.7593    -83023.4724       302.5573             49.7655        51.5770    300315.2057         9.5660        10.4397

WRITING COORDINATES TO DCD FILE ../output/fileio/performance/prod/1-1-45/frequency-5000/run-5/step5_fileio.dcd AT STEP 385000
TIMING: 390000  CPU: 387.27, 0.000966882/step  Wall: 388.733, 0.000972856/step, 177.621 ns/days, 0.0297261 hours remaining, 0.000000 MB of memory in use.
PERFORMANCE: 390000  averaging 173.485 ns/day, 0.000996054 sec/step with standard deviation 1.78342e-05
ENERGY:  390000       422.1240      1123.8337      1134.5565        68.7761        -114094.6253      9661.6942         0.0000         0.0000     18421.1994         -83262.4414       299.4708   -101683.6408    -83028.9596       302.5119           -219.1533      -221.9670    300484.6369       -11.4844       -10.9621

WRITING COORDINATES TO DCD FILE ../output/fileio/performance/prod/1-1-45/frequency-5000/run-5/step5_fileio.dcd AT STEP 390000
TIMING: 395000  CPU: 392.321, 0.00101025/step  Wall: 393.821, 0.00101771/step, 169.793 ns/days, 0.0296832 hours remaining, 0.000000 MB of memory in use.
PERFORMANCE: 395000  averaging 173.437 ns/day, 0.000996328 sec/step with standard deviation 1.78863e-05
ENERGY:  395000       439.8306      1179.3122      1108.5144        65.5664        -114364.4253      9843.9350         0.0000         0.0000     18487.8605         -83239.4061       300.5545   -101727.2667    -83026.5494       302.4302            -71.8004       -72.2602    300689.9073       -20.7804       -20.1395

WRITING COORDINATES TO DCD FILE ../output/fileio/performance/prod/1-1-45/frequency-5000/run-5/step5_fileio.dcd AT STEP 395000
TIMING: 400000  CPU: 397.234, 0.000982502/step  Wall: 398.766, 0.000988969/step, 174.727 ns/days, 0.0274714 hours remaining, 0.000000 MB of memory in use.
PERFORMANCE: 400000  averaging 173.453 ns/day, 0.000996236 sec/step with standard deviation 1.77918e-05
ETITLE:      TS           BOND          ANGLE          DIHED          IMPRP               ELECT            VDW       BOUNDARY           MISC        KINETIC               TOTAL           TEMP      POTENTIAL       TOTALAVG        TEMPAVG            PRESSURE      GPRESSURE         VOLUME       PRESSAVG      GPRESSAVG

ENERGY:  400000       402.4392      1150.4903      1110.6809        61.0653        -114293.2400      9750.9032         0.0000         0.0000     18572.7799         -83244.8812       301.9350   -101817.6611    -83029.6941       302.5189            -71.0076       -71.4829    299584.8633       -18.3105       -17.9432

WRITING COORDINATES TO DCD FILE ../output/fileio/performance/prod/1-1-45/frequency-5000/run-5/step5_fileio.dcd AT STEP 400000
TIMING: 405000  CPU: 402.092, 0.000971749/step  Wall: 403.655, 0.000977711/step, 176.739 ns/days, 0.0258007 hours remaining, 0.000000 MB of memory in use.
PERFORMANCE: 405000  averaging 173.493 ns/day, 0.000996008 sec/step with standard deviation 1.77996e-05
ENERGY:  405000       409.8005      1123.2727      1116.9271        83.1221        -114101.1599      9998.3165         0.0000         0.0000     18516.2828         -82853.4381       301.0166   -101369.7209    -83029.3446       302.3764            359.4449       360.5854    300642.1070        -7.9553        -7.6021

WRITING COORDINATES TO DCD FILE ../output/fileio/performance/prod/1-1-45/frequency-5000/run-5/step5_fileio.dcd AT STEP 405000
TIMING: 410000  CPU: 407.103, 0.00100218/step  Wall: 408.698, 0.0010086/step, 171.326 ns/days, 0.025215 hours remaining, 0.000000 MB of memory in use.
PERFORMANCE: 410000  averaging 173.466 ns/day, 0.000996161 sec/step with standard deviation 1.7744e-05
ENERGY:  410000       449.2836      1138.8093      1129.5987        65.2858        -113599.6879      9558.8113         0.0000         0.0000     18523.3627         -82734.5365       301.1317   -101257.8992    -83011.3439       302.4658           -266.4237      -268.5496    301303.6620       -18.1095       -17.9102

WRITING COORDINATES TO DCD FILE ../output/fileio/performance/prod/1-1-45/frequency-5000/run-5/step5_fileio.dcd AT STEP 410000
TIMING: 415000  CPU: 412.111, 0.00100152/step  Wall: 413.739, 0.00100815/step, 171.403 ns/days, 0.0238036 hours remaining, 0.000000 MB of memory in use.
PERFORMANCE: 415000  averaging 173.441 ns/day, 0.000996306 sec/step with standard deviation 1.76845e-05
ENERGY:  415000       427.5519      1116.8635      1120.6249        70.4631        -113869.1205      9660.8211         0.0000         0.0000     18532.2986         -82940.4973       301.2769   -101472.7959    -82998.8389       302.3958           -164.6409      -163.7122    300762.3655       -28.0211       -27.7116

WRITING COORDINATES TO DCD FILE ../output/fileio/performance/prod/1-1-45/frequency-5000/run-5/step5_fileio.dcd AT STEP 415000
TIMING: 420000  CPU: 416.973, 0.000972427/step  Wall: 418.637, 0.000979651/step, 176.389 ns/days, 0.02177 hours remaining, 0.000000 MB of memory in use.
PERFORMANCE: 420000  averaging 173.475 ns/day, 0.000996107 sec/step with standard deviation 1.76713e-05
ENERGY:  420000       450.9603      1112.4380      1103.8148        76.2166        -114230.8458      9806.2209         0.0000         0.0000     18587.4348         -83093.7603       302.1733   -101681.1951    -83018.6066       302.2756            -91.0167       -89.4835    301044.4731       -39.0389       -38.4619

WRITING COORDINATES TO DCD FILE ../output/fileio/performance/prod/1-1-45/frequency-5000/run-5/step5_fileio.dcd AT STEP 420000
TIMING: 425000  CPU: 421.983, 0.00100204/step  Wall: 423.677, 0.00100806/step, 171.419 ns/days, 0.0210012 hours remaining, 0.000000 MB of memory in use.
PERFORMANCE: 425000  averaging 173.451 ns/day, 0.000996248 sec/step with standard deviation 1.76136e-05
ENERGY:  425000       432.9081      1166.2945      1092.5971        60.7706        -114238.4451      9641.2628         0.0000         0.0000     18640.0565         -83204.5556       303.0287   -101844.6121    -83039.5621       302.3287           -221.1938      -222.3143    299707.6600       -45.6508       -45.2559

WRITING COORDINATES TO DCD FILE ../output/fileio/performance/prod/1-1-45/frequency-5000/run-5/step5_fileio.dcd AT STEP 425000
TIMING: 430000  CPU: 427.009, 0.00100522/step  Wall: 428.733, 0.00101115/step, 170.894 ns/days, 0.0196613 hours remaining, 0.000000 MB of memory in use.
PERFORMANCE: 430000  averaging 173.421 ns/day, 0.000996421 sec/step with standard deviation 1.75833e-05
ENERGY:  430000       430.2936      1152.0280      1123.4732        74.5537        -114194.7510      9729.0284         0.0000         0.0000     18612.8379         -83072.5361       302.5863   -101685.3740    -83037.5075       302.3132           -179.5136      -180.6616    300999.4572       -52.1054       -51.8502

WRITING COORDINATES TO DCD FILE ../output/fileio/performance/prod/1-1-45/frequency-5000/run-5/step5_fileio.dcd AT STEP 430000
TIMING: 435000  CPU: 431.846, 0.000967273/step  Wall: 433.598, 0.000973045/step, 177.587 ns/days, 0.0175689 hours remaining, 0.000000 MB of memory in use.
PERFORMANCE: 435000  averaging 173.467 ns/day, 0.000996153 sec/step with standard deviation 1.76595e-05
ENERGY:  435000       407.5710      1092.4486      1126.2161        74.1786        -113640.8095      9673.3096         0.0000         0.0000     18631.3724         -82635.7133       302.8876   -101267.0857    -83030.5755       302.3551             22.0174        26.0264    301017.1016       -62.9516       -62.3680

WRITING COORDINATES TO DCD FILE ../output/fileio/performance/prod/1-1-45/frequency-5000/run-5/step5_fileio.dcd AT STEP 435000
TIMING: 440000  CPU: 436.731, 0.000976996/step  Wall: 438.513, 0.000983023/step, 175.784 ns/days, 0.0163837 hours remaining, 0.000000 MB of memory in use.
PERFORMANCE: 440000  averaging 173.493 ns/day, 0.000996004 sec/step with standard deviation 1.76134e-05
ENERGY:  440000       415.8787      1170.9008      1129.8394        71.1240        -114130.2439      9845.3058         0.0000         0.0000     18762.6683         -82734.5268       305.0220   -101497.1952    -83011.8703       302.5039            134.1139       136.9078    299922.4656       -59.7365       -59.2272

WRITING COORDINATES TO DCD FILE ../output/fileio/performance/prod/1-1-45/frequency-5000/run-5/step5_fileio.dcd AT STEP 440000
TIMING: 445000  CPU: 441.651, 0.000984139/step  Wall: 443.463, 0.000990011/step, 174.544 ns/days, 0.0151252 hours remaining, 0.000000 MB of memory in use.
PERFORMANCE: 445000  averaging 173.505 ns/day, 0.000995936 sec/step with standard deviation 1.75246e-05
ENERGY:  445000       426.0432      1092.8809      1109.4855        75.1937        -113865.7453      9743.8398         0.0000         0.0000     18423.1169         -82995.1853       299.5020   -101418.3023    -83007.5320       302.2257           -125.5778      -124.3022    300835.8383       -68.0071       -67.6686

WRITING COORDINATES TO DCD FILE ../output/fileio/performance/prod/1-1-45/frequency-5000/run-5/step5_fileio.dcd AT STEP 445000
TIMING: 450000  CPU: 446.49, 0.000967753/step  Wall: 448.329, 0.000973081/step, 177.58 ns/days, 0.013515 hours remaining, 0.000000 MB of memory in use.
PERFORMANCE: 450000  averaging 173.549 ns/day, 0.000995682 sec/step with standard deviation 1.75916e-05
ETITLE:      TS           BOND          ANGLE          DIHED          IMPRP               ELECT            VDW       BOUNDARY           MISC        KINETIC               TOTAL           TEMP      POTENTIAL       TOTALAVG        TEMPAVG            PRESSURE      GPRESSURE         VOLUME       PRESSAVG      GPRESSAVG

ENERGY:  450000       411.3197      1120.3766      1129.1245        71.2877        -113681.2693      9528.5795         0.0000         0.0000     18390.7169         -83029.8645       298.9753   -101420.5814    -83010.2936       301.9644           -200.0684      -206.1337    301135.8135       -81.5612       -81.4544

WRITING COORDINATES TO DCD FILE ../output/fileio/performance/prod/1-1-45/frequency-5000/run-5/step5_fileio.dcd AT STEP 450000
TIMING: 455000  CPU: 451.388, 0.000979596/step  Wall: 453.255, 0.000985197/step, 175.396 ns/days, 0.012315 hours remaining, 0.000000 MB of memory in use.
PERFORMANCE: 455000  averaging 173.569 ns/day, 0.000995567 sec/step with standard deviation 1.75281e-05
ENERGY:  455000       437.1911      1129.9416      1115.3988        70.2187        -113774.0380      9604.9961         0.0000         0.0000     18518.9477         -82897.3440       301.0599   -101416.2917    -83003.9684       301.8092           -190.9133      -188.0519    301286.4329       -84.0497       -83.8623

WRITING COORDINATES TO DCD FILE ../output/fileio/performance/prod/1-1-45/frequency-5000/run-5/step5_fileio.dcd AT STEP 455000
TIMING: 460000  CPU: 456.344, 0.00099109/step  Wall: 458.241, 0.000997353/step, 173.259 ns/days, 0.0110817 hours remaining, 0.000000 MB of memory in use.
PERFORMANCE: 460000  averaging 173.566 ns/day, 0.000995586 sec/step with standard deviation 1.74325e-05
ENERGY:  460000       430.9085      1147.2474      1134.5385        86.7006        -113768.6751      9755.1651         0.0000         0.0000     18449.7604         -82764.3546       299.9351   -101214.1150    -82991.9254       301.6664              8.8180        11.0946    301795.7315       -83.2482       -82.9352

WRITING COORDINATES TO DCD FILE ../output/fileio/performance/prod/1-1-45/frequency-5000/run-5/step5_fileio.dcd AT STEP 460000
TIMING: 465000  CPU: 461.221, 0.000975509/step  Wall: 463.146, 0.000980824/step, 176.178 ns/days, 0.00953579 hours remaining, 0.000000 MB of memory in use.
PERFORMANCE: 465000  averaging 173.594 ns/day, 0.000995428 sec/step with standard deviation 1.7405e-05
ENERGY:  465000       426.2608      1160.1684      1112.3347        78.0668        -114204.3069      9846.7189         0.0000         0.0000     18620.0616         -82960.6957       302.7037   -101580.7573    -82982.2651       301.6578            -96.6478       -99.3188    300710.5168       -80.9319       -80.7951

WRITING COORDINATES TO DCD FILE ../output/fileio/performance/prod/1-1-45/frequency-5000/run-5/step5_fileio.dcd AT STEP 465000
TIMING: 470000  CPU: 466.119, 0.000979611/step  Wall: 468.072, 0.00098524/step, 175.389 ns/days, 0.00821033 hours remaining, 0.000000 MB of memory in use.
PERFORMANCE: 470000  averaging 173.613 ns/day, 0.000995319 sec/step with standard deviation 1.7343e-05
ENERGY:  470000       432.8160      1136.6867      1104.4381        76.9433        -114018.1211      9953.1786         0.0000         0.0000     18694.9608         -82619.0975       303.9213   -101314.0583    -82956.0983       301.6661            196.7987       193.5664    300519.1713       -72.0993       -72.3421

WRITING COORDINATES TO DCD FILE ../output/fileio/performance/prod/1-1-45/frequency-5000/run-5/step5_fileio.dcd AT STEP 470000
TIMING: 475000  CPU: 471.094, 0.000994859/step  Wall: 473.076, 0.00100084/step, 172.656 ns/days, 0.00695025 hours remaining, 0.000000 MB of memory in use.
PERFORMANCE: 475000  averaging 173.602 ns/day, 0.000995377 sec/step with standard deviation 1.72598e-05
ENERGY:  475000       430.3955      1108.0021      1098.3202        80.0113        -113786.4956      9687.3144         0.0000         0.0000     18511.8442         -82870.6078       300.9444   -101382.4520    -82963.9140       301.5853            -87.5241       -88.0737    301863.9261       -65.6433       -65.8511

WRITING COORDINATES TO DCD FILE ../output/fileio/performance/prod/1-1-45/frequency-5000/run-5/step5_fileio.dcd AT STEP 475000
TIMING: 480000  CPU: 475.934, 0.000968072/step  Wall: 477.943, 0.000973325/step, 177.536 ns/days, 0.00540736 hours remaining, 0.000000 MB of memory in use.
PERFORMANCE: 480000  averaging 173.643 ns/day, 0.000995148 sec/step with standard deviation 1.73156e-05
ENERGY:  480000       411.5632      1147.7196      1122.9639        76.1970        -113903.8519      9882.4523         0.0000         0.0000     18446.9858         -82815.9701       299.8900   -101262.9559    -82961.3449       301.4467            206.2351       207.8641    301195.2267       -50.4144       -50.4345

WRITING COORDINATES TO DCD FILE ../output/fileio/performance/prod/1-1-45/frequency-5000/run-5/step5_fileio.dcd AT STEP 480000
TIMING: 485000  CPU: 480.842, 0.000981583/step  Wall: 482.878, 0.000987136/step, 175.052 ns/days, 0.00411307 hours remaining, 0.000000 MB of memory in use.
PERFORMANCE: 485000  averaging 173.657 ns/day, 0.000995065 sec/step with standard deviation 1.72444e-05
ENERGY:  485000       432.8410      1095.4775      1090.5906        70.8971        -114118.5544      9843.1044         0.0000         0.0000     18716.8496         -82868.7943       304.2772   -101585.6440    -82941.9103       301.6146             51.0120        51.4339    301775.3968       -50.3521       -50.4417

WRITING COORDINATES TO DCD FILE ../output/fileio/performance/prod/1-1-45/frequency-5000/run-5/step5_fileio.dcd AT STEP 485000
TIMING: 490000  CPU: 485.832, 0.000998117/step  Wall: 487.906, 0.00100564/step, 171.831 ns/days, 0.00279345 hours remaining, 0.000000 MB of memory in use.
PERFORMANCE: 490000  averaging 173.638 ns/day, 0.000995173 sec/step with standard deviation 1.71885e-05
ENERGY:  490000       432.4567      1102.9079      1103.5684        70.7495        -114096.3347      9692.7968         0.0000         0.0000     18521.9490         -83171.9065       301.1087   -101693.8555    -82937.3836       301.6965           -150.3741      -151.8924    300273.6112       -46.9131       -46.9379

WRITING COORDINATES TO DCD FILE ../output/fileio/performance/prod/1-1-45/frequency-5000/run-5/step5_fileio.dcd AT STEP 490000
TIMING: 495000  CPU: 490.7, 0.000973554/step  Wall: 492.805, 0.0009797/step, 176.381 ns/days, 0.00136069 hours remaining, 0.000000 MB of memory in use.
PERFORMANCE: 495000  averaging 173.665 ns/day, 0.000995017 sec/step with standard deviation 1.71711e-05
ENERGY:  495000       405.4164      1111.6134      1132.3804        77.0483        -114003.9031      9583.5272         0.0000         0.0000     18585.1881         -83108.7293       302.1368   -101693.9173    -82930.8497       301.7756           -133.7932      -133.9336    299835.5014       -50.0127       -50.0216

WRITING COORDINATES TO DCD FILE ../output/fileio/performance/prod/1-1-45/frequency-5000/run-5/step5_fileio.dcd AT STEP 495000
TIMING: 500000  CPU: 495.586, 0.000977208/step  Wall: 497.722, 0.000983441/step, 175.71 ns/days, 0 hours remaining, 0.000000 MB of memory in use.
PERFORMANCE: 500000  averaging 173.686 ns/day, 0.000994901 sec/step with standard deviation 1.71234e-05
ETITLE:      TS           BOND          ANGLE          DIHED          IMPRP               ELECT            VDW       BOUNDARY           MISC        KINETIC               TOTAL           TEMP      POTENTIAL       TOTALAVG        TEMPAVG            PRESSURE      GPRESSURE         VOLUME       PRESSAVG      GPRESSAVG

ENERGY:  500000       434.2477      1116.4608      1111.4232        75.7723        -114174.2242      9802.6551         0.0000         0.0000     18771.7880         -82861.8770       305.1703   -101633.6651    -82911.6995       301.9374              2.5534         3.2888    299686.6871       -46.3347       -46.2830

WRITING COORDINATES TO DCD FILE ../output/fileio/performance/prod/1-1-45/frequency-5000/run-5/step5_fileio.dcd AT STEP 500000
WRITING EXTENDED SYSTEM TO OUTPUT FILE AT STEP 500000
WRITING COORDINATES TO OUTPUT FILE AT STEP 500000
CLOSING COORDINATE DCD FILE ../output/fileio/performance/prod/1-1-45/frequency-5000/run-5/step5_fileio.dcd
WRITING VELOCITIES TO OUTPUT FILE AT STEP 500000
The last velocity output (seq=-2) takes 0.108 seconds, 0.000 MB of memory in use
====================================================

WallClock: 499.775299  CPUTime: 487.724304  Memory: 0.000000 MB
[Partition 0][Node 0] End of program
