Charm++> Running on MPI library: Open MPI v4.1.5a1, package: Open MPI software@d001.sol.rc.asu.edu Distribution, ident: 4.1.5a1, repo rev: v4.1.4-32-g5abd86cc8c, Unreleased developer copy (MPI standard: 3.1)
Charm++> Level of thread support used: MPI_THREAD_FUNNELED (desired: MPI_THREAD_FUNNELED)
Charm++> Running in SMP mode: 1 processes, 45 worker threads (PEs) + 1 comm threads per process, 45 PEs total
Charm++> The comm. thread both sends and receives messages
Charm++> Using recursive bisection (scheme 3) for topology aware partitions
Converse/Charm++ Commit ID: v8.0.1-devel-35-gf310838d5
Charm++ communication thread will sleep due to single-process run.
CharmLB> Load balancer assumes all CPUs are same.
Charm++> cpu affinity enabled. 
Charm++> Running on 1 hosts (2 sockets x 24 cores x 1 PUs = 48-way SMP)
Charm++> cpu topology info is gathered in 0.018 seconds.
Pe 37 physical rank 37 will use CUDA device of pe 32
Pe 38 physical rank 38 will use CUDA device of pe 32
Info: Built with CUDA version 12090
Pe 14 physical rank 14 will use CUDA device of pe 32
Pe 12 physical rank 12 will use CUDA device of pe 32
Pe 17 physical rank 17 will use CUDA device of pe 32
Pe 13 physical rank 13 will use CUDA device of pe 32
Pe 16 physical rank 16 will use CUDA device of pe 32
Pe 36 physical rank 36 will use CUDA device of pe 32
Pe 10 physical rank 10 will use CUDA device of pe 32
Pe 7 physical rank 7 will use CUDA device of pe 32
Pe 8 physical rank 8 will use CUDA device of pe 32
Pe 9 physical rank 9 will use CUDA device of pe 32
Pe 11 physical rank 11 will use CUDA device of pe 32
Pe 6 physical rank 6 will use CUDA device of pe 32
Pe 39 physical rank 39 will use CUDA device of pe 32
Pe 31 physical rank 31 will use CUDA device of pe 32
Pe 33 physical rank 33 will use CUDA device of pe 32
Pe 30 physical rank 30 will use CUDA device of pe 32
Pe 29 physical rank 29 will use CUDA device of pe 32
Pe 28 physical rank 28 will use CUDA device of pe 32
Pe 34 physical rank 34 will use CUDA device of pe 32
Pe 41 physical rank 41 will use CUDA device of pe 32
Pe 44 physical rank 44 will use CUDA device of pe 32
Pe 43 physical rank 43 will use CUDA device of pe 32
Pe 42 physical rank 42 will use CUDA device of pe 32
Pe 40 physical rank 40 will use CUDA device of pe 32
Pe 35 physical rank 35 will use CUDA device of pe 32
Pe 19 physical rank 19 will use CUDA device of pe 32
Pe 18 physical rank 18 will use CUDA device of pe 32
Pe 20 physical rank 20 will use CUDA device of pe 32
Pe 22 physical rank 22 will use CUDA device of pe 32
Pe 21 physical rank 21 will use CUDA device of pe 32
Pe 3 physical rank 3 will use CUDA device of pe 32
Pe 5 physical rank 5 will use CUDA device of pe 32
Pe 1 physical rank 1 will use CUDA device of pe 32
Pe 32 physical rank 32 binding to CUDA device 0 on sg044: 'NVIDIA A100-SXM4-80GB'  Mem: 81152MB  Rev: 8.0  PCI: 0:1:0
Pe 2 physical rank 2 will use CUDA device of pe 32
Pe 23 physical rank 23 will use CUDA device of pe 32
Pe 4 physical rank 4 will use CUDA device of pe 32
Pe 0 physical rank 0 will use CUDA device of pe 32
Pe 25 physical rank 25 will use CUDA device of pe 32
Pe 15 physical rank 15 will use CUDA device of pe 32
Pe 27 physical rank 27 will use CUDA device of pe 32
Pe 26 physical rank 26 will use CUDA device of pe 32
Pe 24 physical rank 24 will use CUDA device of pe 32
CharmLB> Load balancing instrumentation for communication is off.
Info: NAMD 3.1alpha4pre for Linux-x86_64-MPI-smp-CUDA
Info: 
Info: Please visit http://www.ks.uiuc.edu/Research/namd/
Info: for updates, documentation, and support information.
Info: 
Info: Please cite Phillips et al., J. Chem. Phys. 153:044130 (2020) doi:10.1063/5.0014475
Info: in all publications reporting results obtained with NAMD.
Info: 
Info: Based on Charm++/Converse 80001 for mpi-linux-x86_64
Info: Built Fri Apr 17 06:27:28 MST 2026 by athiru12 on sg013
Info: Source code at Git commit ID 0de8a9017a5e517ce3382a552ac4a3debb0beccb
Info: 1 NAMD  3.1alpha4pre  Linux-x86_64-MPI-smp-CUDA  45    sg044  athiru12
Info: Running on 45 processors, 1 nodes, 1 physical nodes.
Info: CPU topology information available.
Info: Charm++/Converse parallel runtime startup completed at 4.22213 s
CkLoopLib is used in SMP with simple dynamic scheduling (converse-level notification)
Info: 0 MB of memory in use based on /proc/self/stat
Info: Configuration file is input/step5_streaming_streaming_run_2.inp
Info: Changed directory to input
TCL: Suspending until startup complete.
Warning: Option "1-4scaling" has been deprecated. Instead use "oneFourScaling".
Info: EXTENDED SYSTEM FILE   ../output/vanilla/performance/equil/1-0-40/run-1/step4_equilibration.xsc
Info: Tuning parameters to improve GPU-resident performance
Info: Setting margin to 4
Warning: The Langevin gamma parameters differ over the particles,
Warning: requiring extra work per step to constrain rigid bonds.
Info: Enabling PMEOffload because PMEInterpOrder > 4.
Info: Running with GPU-resident mode
Warning: Always using force tables for GPU nonbonded kernel due to unsupported config parameters.
Info: SIMULATION PARAMETERS:
Info: TIMESTEP               2
Info: NUMBER OF STEPS        500000
Info: STEPS PER CYCLE        20
Info: PERIODIC CELL BASIS 1  69 0 0
Info: PERIODIC CELL BASIS 2  0 69 0
Info: PERIODIC CELL BASIS 3  0 0 69
Info: PERIODIC CELL CENTER   0 0 0
Info: WRAPPING WATERS AROUND PERIODIC BOUNDARIES ON OUTPUT.
Info: WRAPPING ALL CLUSTERS AROUND PERIODIC BOUNDARIES ON OUTPUT.
Info: LOAD BALANCER  Centralized
Info: LOAD BALANCING STRATEGY  New Load Balancers -- DEFAULT
Info: LDB PERIOD             4000 steps
Info: FIRST LDB TIMESTEP     100
Info: LAST LDB TIMESTEP     -1
Info: LDB BACKGROUND SCALING 1
Info: HOM BACKGROUND SCALING 1
Info: PME BACKGROUND SCALING 1
Warning: OVERRIDING NOPATCH SETTING. Not supported with GPUresident on
Info: MIN ATOMS PER PATCH    40
Info: EMPTY PATCH LOAD       40 ATOMS
Info: VELOCITY FILE          ../output/vanilla/performance/equil/1-0-40/run-1/step4_equilibration.vel
Info: CENTER OF MASS MOVING INITIALLY? NO
Info: DIELECTRIC             1
Info: EXCLUDE                SCALED ONE-FOUR
Info: 1-4 ELECTROSTATICS SCALED BY 1
Info: MODIFIED 1-4 VDW PARAMETERS WILL BE USED
Info: NO DCD TRAJECTORY OUTPUT
Info: NO EXTENDED SYSTEM TRAJECTORY OUTPUT
Info: NO VELOCITY DCD OUTPUT
Info: NO FORCE DCD OUTPUT
Info: OUTPUT FILENAME        ../output/streaming/performance/prod/1-1-45/frequency-500/run-2/step5_streaming
Info: BINARY OUTPUT FILES WILL BE USED
Info: NO RESTART FILE
Info: NAMD will save positions and velocities to ../output/streaming/performance/prod/1-1-45/frequency-500/run-2/step5_streaming.crash.csv when  atoms are moving too fast.
Info: SWITCHING ACTIVE
Info: VDW FORCE SWITCHING ACTIVE
Info: SWITCHING ON           10
Info: SWITCHING OFF          12
Info: PAIRLIST DISTANCE      16
Info: PAIRLIST SHRINK RATE   0.01
Info: PAIRLIST GROW RATE     0.01
Info: PAIRLIST TRIGGER       0.3
Info: PAIRLISTS PER CYCLE    2
Info: PAIRLISTS ENABLED
Info: MARGIN                 4
Info: HYDROGEN GROUP CUTOFF  2.5
Info: PATCH DIMENSION        22.5
Info: ENERGY OUTPUT STEPS    5000
Info: ENERGY EVALUATION STEPS    5000
Info: OUTPUT ENERGY PRECISION 4
Info: CROSSTERM ENERGY INCLUDED IN DIHEDRAL
Info: TIMING OUTPUT STEPS    5000
Info: INTERACTIVE MD ACTIVE
Info: INTERACTIVE MD VERSION    3
Info: INTERACTIVE MD PORT    8889
Info: INTERACTIVE MD FREQ    500
Info: WILL AWAIT INTERACTIVE MD CONNECTION
Info: INTERACTIVE MD WILL SEND THE FOLLOWING:
Info: WRAPPED COORDINATES
Info: LANGEVIN DYNAMICS ACTIVE
Info: LANGEVIN TEMPERATURE   303.15
Info: LANGEVIN USING BBK INTEGRATOR
Info: LANGEVIN DAMPING COEFFICIENT IS 1 INVERSE PS
Info: LANGEVIN DYNAMICS NOT APPLIED TO HYDROGENS
Info: LANGEVIN PISTON PRESSURE CONTROL ACTIVE
Info:        TARGET PRESSURE IS 1.01325 BAR
Info:     OSCILLATION PERIOD IS 50 FS
Info:             DECAY TIME IS 25 FS
Info:     PISTON TEMPERATURE IS 303.15 K
Info:       PRESSURE CONTROL IS GROUP-BASED
Info:    INITIAL STRAIN RATE IS 0 0 0
Info:       CELL FLUCTUATION IS ISOTROPIC
Info: PARTICLE MESH EWALD (PME) ACTIVE
Info: PME TOLERANCE               1e-06
Info: PME EWALD COEFFICIENT       0.257952
Info: PME INTERPOLATION ORDER     6
Info: PME GRID DIMENSIONS         72 72 72
Info: PME MAXIMUM GRID SPACING    1
Info: PME RECIPROCAL SUM OFFLOADED TO GPU
Info: PME CALCULATION WILL BE PERFORMED ON GPU
Info: FULL ELECTROSTATIC EVALUATION FREQUENCY      1
Info: USING VERLET I (r-RESPA) MTS SCHEME.
Info: C1 SPLITTING OF LONG RANGE ELECTROSTATICS
Info: PLACING ATOMS IN PATCHES BY HYDROGEN GROUPS
Info: RIGID BONDS TO HYDROGEN : ALL
Info:         ERROR TOLERANCE : 1e-08
Info:          MAX ITERATIONS : 100
Info: RIGID WATER USING SETTLE ALGORITHM
Info: RANDOM NUMBER SEED     1776755509
Info: USE HYDROGEN BONDS?    NO
Info: COORDINATE PDB         step3_input.pdb
Info: STRUCTURE FILE         step3_input.psf
Info: PARAMETER file: CHARMM format! 
Info: PARAMETERS             toppar/par_all36m_prot.prm
Info: PARAMETERS             toppar/par_all36_na.prm
Info: PARAMETERS             toppar/par_all36_carb.prm
Info: PARAMETERS             toppar/par_all36_lipid.prm
Info: PARAMETERS             toppar/par_all36_cgenff.prm
Info: PARAMETERS             toppar/par_interface.prm
Info: PARAMETERS             toppar/toppar_all36_moreions.str
Info: PARAMETERS             toppar/toppar_all36_nano_lig.str
Info: PARAMETERS             toppar/toppar_all36_nano_lig_patch.str
Info: PARAMETERS             toppar/toppar_all36_synthetic_polymer.str
Info: PARAMETERS             toppar/toppar_all36_synthetic_polymer_patch.str
Info: PARAMETERS             toppar/toppar_all36_polymer_solvent.str
Info: PARAMETERS             toppar/toppar_water_ions.str
Info: PARAMETERS             toppar/toppar_dum_noble_gases.str
Info: PARAMETERS             toppar/toppar_ions_won.str
Info: PARAMETERS             toppar/cam.str
Info: PARAMETERS             toppar/toppar_all36_prot_arg0.str
Info: PARAMETERS             toppar/toppar_all36_prot_c36m_d_aminoacids.str
Info: PARAMETERS             toppar/toppar_all36_prot_fluoro_alkanes.str
Info: PARAMETERS             toppar/toppar_all36_prot_heme.str
Info: PARAMETERS             toppar/toppar_all36_prot_na_combined.str
Info: PARAMETERS             toppar/toppar_all36_prot_retinol.str
Info: PARAMETERS             toppar/toppar_all36_prot_model.str
Info: PARAMETERS             toppar/toppar_all36_prot_modify_res.str
Info: PARAMETERS             toppar/toppar_all36_na_nad_ppi.str
Info: PARAMETERS             toppar/toppar_all36_na_rna_modified.str
Info: PARAMETERS             toppar/toppar_all36_lipid_sphingo.str
Info: PARAMETERS             toppar/toppar_all36_lipid_archaeal.str
Info: PARAMETERS             toppar/toppar_all36_lipid_bacterial.str
Info: PARAMETERS             toppar/toppar_all36_lipid_cardiolipin.str
Info: PARAMETERS             toppar/toppar_all36_lipid_cholesterol.str
Info: PARAMETERS             toppar/toppar_all36_lipid_dag.str
Info: PARAMETERS             toppar/toppar_all36_lipid_inositol.str
Info: PARAMETERS             toppar/toppar_all36_lipid_lnp.str
Info: PARAMETERS             toppar/toppar_all36_lipid_lps.str
Info: PARAMETERS             toppar/toppar_all36_lipid_mycobacterial.str
Info: PARAMETERS             toppar/toppar_all36_lipid_miscellaneous.str
Info: PARAMETERS             toppar/toppar_all36_lipid_model.str
Info: PARAMETERS             toppar/toppar_all36_lipid_prot.str
Info: PARAMETERS             toppar/toppar_all36_lipid_tag.str
Info: PARAMETERS             toppar/toppar_all36_lipid_yeast.str
Info: PARAMETERS             toppar/toppar_all36_lipid_hmmm.str
Info: PARAMETERS             toppar/toppar_all36_lipid_detergent.str
Info: PARAMETERS             toppar/toppar_all36_lipid_ether.str
Info: PARAMETERS             toppar/toppar_all36_lipid_oxidized.str
Info: PARAMETERS             toppar/toppar_all36_carb_glycolipid.str
Info: PARAMETERS             toppar/toppar_all36_carb_glycopeptide.str
Info: PARAMETERS             toppar/toppar_all36_carb_imlab.str
Info: PARAMETERS             toppar/toppar_all36_label_spin.str
Info: PARAMETERS             toppar/toppar_all36_label_fluorophore.str
Info: USING ARITHMETIC MEAN TO COMBINE L-J SIGMA PARAMETERS
Info: BINARY COORDINATES     ../output/vanilla/performance/equil/1-0-40/run-1/step4_equilibration.coor
Warning: SKIPPING PART OF PARAMETER FILE AFTER RETURN STATEMENT

Warning: DUPLICATE DIHEDRAL ENTRY FOR HAL1-CTO1-C-NHL
PREVIOUS VALUES MULTIPLICITY: 1
  k=0  n=1  delta=0INCREASING MULTIPLICITY TO: 2
  k=0  n=3  delta=0

Warning: DUPLICATE DIHEDRAL ENTRY FOR HAL1-CTO1-C-O
PREVIOUS VALUES MULTIPLICITY: 1
  k=0  n=1  delta=0INCREASING MULTIPLICITY TO: 2
  k=0  n=2  delta=3.14159
Warning: SKIPPING PART OF PARAMETER FILE AFTER RETURN STATEMENT

Warning: DUPLICATE DIHEDRAL ENTRY FOR CTL2-CG2O5-CTL1-CTL3
PREVIOUS VALUES MULTIPLICITY: 1
  k=0.75  n=1  delta=0  k=0.18  n=2  delta=3.14159INCREASING MULTIPLICITY TO: 3
  k=0.065  n=3  delta=0

Warning: DUPLICATE BOND ENTRY FOR CEL1-CL
PREVIOUS VALUES  k=440  x0=1.489
   USING VALUES  k=300  x0=1.48
Info: SUMMARY OF PARAMETERS:
Info: 1988 BONDS
Info: 6776 ANGLES
Info: 19939 DIHEDRAL
Info: 430 IMPROPER
Info: 28 CROSSTERM
Info: 751 VDW
Info: 122 VDW_PAIRS
Info: 0 NBTHOLE_PAIRS
Warning: Ignored 9467 bonds with zero force constants.
Warning: Will get H-H distance in rigid H2O from H-O-H angle.
Info: No lone pairs detected in waters
Info: TIME FOR READING PSF FILE: 0.102815
Info: Reading pdb file step3_input.pdb
Info: TIME FOR READING PDB FILE: 0.0402471
Info: 
Info: ****************************
Info: STRUCTURE SUMMARY:
Info: 30423 ATOMS
Info: 20918 BONDS
Info: 13014 ANGLES
Info: 5187 DIHEDRALS
Info: 373 IMPROPERS
Info: 127 CROSSTERMS
Info: 0 EXCLUSIONS
Info: 29360 RIGID BONDS
Info: 61909 DEGREES OF FREEDOM
Info: 10530 HYDROGEN GROUPS
Info: 4 ATOMS IN LARGEST HYDROGEN GROUP
Info: 10530 MIGRATION GROUPS
Info: 4 ATOMS IN LARGEST MIGRATION GROUP
Info: TOTAL MASS = 186727 amu
Info: TOTAL CHARGE = 1.31875e-06 e
Info: MASS DENSITY = 0.943883 g/cm^3
Info: ATOM DENSITY = 0.0926093 atoms/A^3
Info: *****************************
Info: Reading from binary file ../output/vanilla/performance/equil/1-0-40/run-1/step4_equilibration.coor
Info: 
Info: Entering startup at 4.66456 s, 0 MB of memory in use
Info: Startup phase 0 took 0.000406819 s, 0 MB of memory in use
Info: ADDED 39038 IMPLICIT EXCLUSIONS
Info: Startup phase 1 took 0.00642869 s, 0 MB of memory in use
Info: NONBONDED TABLE R-SQUARED SPACING: 0.0625
Info: NONBONDED TABLE SIZE: 769 POINTS
Info: INCONSISTENCY IN FAST TABLE ENERGY VS FORCE: 0.000325096 AT 11.9556
Info: INCONSISTENCY IN SCOR TABLE ENERGY VS FORCE: 0.000324844 AT 11.9556
Info: INCONSISTENCY IN VDWA TABLE ENERGY VS FORCE: 0.0040507 AT 0.251946
Info: INCONSISTENCY IN VDWB TABLE ENERGY VS FORCE: 0.00150189 AT 0.251946
Info: Startup phase 2 took 0.0146306 s, 0 MB of memory in use
Info: Startup phase 3 took 0.000183907 s, 0 MB of memory in use
Info: Startup phase 4 took 0.00101739 s, 0 MB of memory in use
Info: Startup phase 5 took 0.00015875 s, 0 MB of memory in use
Info: REDUCING NUMBER OF PATCHES TO IMPROVE LOAD BALANCE
Info: PATCH GRID IS 5 (PERIODIC) BY 3 (PERIODIC) BY 3 (PERIODIC)
Info: PATCH GRID IS 2-AWAY BY 1-AWAY BY 1-AWAY
Info: Reading from binary file ../output/vanilla/performance/equil/1-0-40/run-1/step4_equilibration.vel
Info: REMOVING COM VELOCITY -0.0158458 -0.019888 0.00968242
Info: LARGEST PATCH (22) HAS 800 ATOMS
Info: TORUS A SIZE 1 USING 0
Info: TORUS B SIZE 1 USING 0
Info: TORUS C SIZE 1 USING 0
Info: TORUS MINIMAL MESH SIZE IS 1 BY 1 BY 1
Info: Placed 100% of base nodes on same physical node as patch
Info: Startup phase 6 took 0.0292802 s, 0 MB of memory in use
Info: Use 3D box decompostion in PME FFT.
Info: PME using 1 x 1 x 1 pencil grid for FFT and reciprocal sum.
Info: Startup phase 7 took 0.0012242 s, 0 MB of memory in use
Info: Updated CUDA force table with 4096 elements.
Info: Updated CUDA LJ table with 751 x 751 elements.
Info: Startup phase 8 took 0.00605387 s, 0 MB of memory in use
Info: Startup phase 9 took 0.000198765 s, 0 MB of memory in use
Info: Startup phase 10 took 0.000230276 s, 0 MB of memory in use
Info: Startup phase 11 took 0.0131028 s, 0 MB of memory in use
LDB: Central LB being created...
Info: Startup phase 12 took 0.0547726 s, 0 MB of memory in use
Info: Startup phase 13 took 0.000172777 s, 0 MB of memory in use
Info: Startup phase 14 took 0.00275476 s, 0 MB of memory in use
Info: Startup phase 15 took 0.000181303 s, 0 MB of memory in use
Info: CREATING 1755 COMPUTE OBJECTS
Info: Interactive MD listening on port 8889.
Info: Found 268 unique exclusion lists needing 4316 bytes
Info: useSync: 0 useProxySync: 0
Info: Startup phase 16 took 0.102776 s, 0 MB of memory in use
Info: Startup phase 17 took 0.000184729 s, 0 MB of memory in use
Info: Startup phase 18 took 3.8733e-05 s, 0 MB of memory in use
Info: Finished startup at 4.89836 s, 0 MB of memory in use

TCL: Original numsteps 500000 will be ignored.
TCL: Running for 500000 steps
Info: INTERACTIVE MD AWAITING CONNECTION
Warning: IMD protocol version 3 detected
Info: IMD connection opened
ETITLE:      TS           BOND          ANGLE          DIHED          IMPRP               ELECT            VDW       BOUNDARY           MISC        KINETIC               TOTAL           TEMP      POTENTIAL       TOTALAVG        TEMPAVG            PRESSURE      GPRESSURE         VOLUME       PRESSAVG      GPRESSAVG

ENERGY:       0       390.0165      1067.9379      1155.8548        69.8147        -111518.5693      9145.1384         0.0000         0.0000     18338.1923         -81351.6148       298.1214    -99689.8070    -81351.6148       298.1214          -1454.3548     -1453.0520    328509.0000     -1454.3548     -1453.0520

Info: Initial time: 45 CPUs 0.00168021 s/step 102.845 ns/day 0 MB memory
Info: Initial time: 45 CPUs 0.00123291 s/step 140.156 ns/day 0 MB memory
Info: Initial time: 45 CPUs 0.00102225 s/step 169.039 ns/day 0 MB memory
Info: Benchmark time: 45 CPUs 0.000965843 s/step 178.911 ns/day 0 MB memory
Info: Benchmark time: 45 CPUs 0.000994926 s/step 173.681 ns/day 0 MB memory
The last position output (seq=500) takes 0.001 seconds, 0.000 MB of memory in use
Info: Benchmark time: 45 CPUs 0.00101149 s/step 170.837 ns/day 0 MB memory
Info: Benchmark time: 45 CPUs 0.000988497 s/step 174.811 ns/day 0 MB memory
Info: Benchmark time: 45 CPUs 0.00112132 s/step 154.105 ns/day 0 MB memory
Info: Benchmark time: 45 CPUs 0.000958407 s/step 180.299 ns/day 0 MB memory
The last position output (seq=1000) takes 0.001 seconds, 0.000 MB of memory in use
The last position output (seq=1500) takes 0.001 seconds, 0.000 MB of memory in use
The last position output (seq=2000) takes 0.001 seconds, 0.000 MB of memory in use
The last position output (seq=2500) takes 0.001 seconds, 0.000 MB of memory in use
The last position output (seq=3000) takes 0.001 seconds, 0.000 MB of memory in use
The last position output (seq=3500) takes 0.001 seconds, 0.000 MB of memory in use
The last position output (seq=4000) takes 0.001 seconds, 0.000 MB of memory in use
The last position output (seq=4500) takes 0.001 seconds, 0.000 MB of memory in use
TIMING: 5000  CPU: 10.0975, 0.000998661/step  Wall: 9.60352, 0.00102216/step, 169.054 ns/days, 0.140546 hours remaining, 0.000000 MB of memory in use.
PERFORMANCE: 5000  averaging 169.054 ns/day, 0.00102216 sec/step with standard deviation 0
ENERGY:    5000       420.1427      1149.6897      1107.7113        71.1590        -113780.6955      9727.9400         0.0000         0.0000     18636.7555         -82667.2973       302.9751   -101304.0528    -82009.4560       300.5482              2.9358         0.4437    302204.8226      -725.7095      -726.3041

The last position output (seq=5000) takes 0.001 seconds, 0.000 MB of memory in use
TIMING: 10000  CPU: 15.0594, 0.00099239/step  Wall: 14.642, 0.00100769/step, 171.482 ns/days, 0.137157 hours remaining, 0.000000 MB of memory in use.
PERFORMANCE: 10000  averaging 170.259 ns/day, 0.00101492 sec/step with standard deviation 1.02311e-05
ENERGY:   10000       436.5947      1132.4498      1117.9464        74.2835        -114116.9248      9947.6962         0.0000         0.0000     18541.9933         -82865.9609       301.4345   -101407.9542    -82294.9577       300.8437            220.7817       211.5874    301090.0940      -410.2124      -413.6736

TIMING: 15000  CPU: 20.2193, 0.00103197/step  Wall: 19.8798, 0.00104756/step, 164.955 ns/days, 0.14113 hours remaining, 0.000000 MB of memory in use.
PERFORMANCE: 15000  averaging 168.454 ns/day, 0.0010258 sec/step with standard deviation 2.0185e-05
ENERGY:   15000       410.9812      1116.7809      1131.5338        80.9156        -113858.1250      9695.2558         0.0000         0.0000     18490.2645         -82932.3932       300.5936   -101422.6578    -82454.3166       300.7811             63.6301        61.9056    300533.3020      -291.7518      -294.7788

TIMING: 20000  CPU: 25.1977, 0.000995687/step  Wall: 24.9354, 0.00101113/step, 170.897 ns/days, 0.134818 hours remaining, 0.000000 MB of memory in use.
PERFORMANCE: 20000  averaging 169.058 ns/day, 0.00102213 sec/step with standard deviation 1.80391e-05
ENERGY:   20000       419.8772      1150.3585      1135.6290        69.6638        -114236.2648      9842.0621         0.0000         0.0000     18589.0551         -83029.6192       302.1996   -101618.6743    -82569.3771       301.0648             23.2315        21.1328    300590.5949      -228.7551      -231.5965

TIMING: 25000  CPU: 30.1108, 0.000982629/step  Wall: 29.9278, 0.000998473/step, 173.064 ns/days, 0.131743 hours remaining, 0.000000 MB of memory in use.
PERFORMANCE: 25000  averaging 169.844 ns/day, 0.0010174 sec/step with standard deviation 1.88688e-05
ENERGY:   25000       423.1266      1113.2444      1135.1595        70.7894        -113846.6130      9637.5587         0.0000         0.0000     18575.2610         -82891.4734       301.9754   -101466.7344    -82623.0598       301.2166           -241.2093      -242.5699    302668.3093      -230.8308      -233.4254

TIMING: 30000  CPU: 35.3148, 0.00104079/step  Wall: 35.2135, 0.00105715/step, 163.459 ns/days, 0.138016 hours remaining, 0.000000 MB of memory in use.
PERFORMANCE: 30000  averaging 168.746 ns/day, 0.00102403 sec/step with standard deviation 2.34116e-05
ENERGY:   30000       436.5064      1155.8162      1118.4697        67.8062        -114485.3138     10040.0719         0.0000         0.0000     18595.3148         -83071.3286       302.3014   -101666.6434    -82687.0982       301.3716             96.3112        96.4297    299874.5196      -184.0963      -186.3033

TIMING: 35000  CPU: 40.2447, 0.000985985/step  Wall: 40.2214, 0.00100158/step, 172.527 ns/days, 0.129371 hours remaining, 0.000000 MB of memory in use.
PERFORMANCE: 35000  averaging 169.276 ns/day, 0.00102082 sec/step with standard deviation 2.2994e-05
ENERGY:   35000       424.7369      1146.4989      1112.9725        68.9475        -113860.6177      9519.5555         0.0000         0.0000     18576.0683         -83011.8380       301.9885   -101587.9063    -82727.6907       301.4487           -401.6071      -403.2472    301185.5598      -211.2851      -213.4212

TIMING: 40000  CPU: 45.2047, 0.000992003/step  Wall: 45.2578, 0.00100727/step, 171.552 ns/days, 0.128707 hours remaining, 0.000000 MB of memory in use.
PERFORMANCE: 40000  averaging 169.557 ns/day, 0.00101913 sec/step with standard deviation 2.18204e-05
ENERGY:   40000       419.1750      1077.6632      1150.9658        60.7866        -114656.7551     10200.9824         0.0000         0.0000     18602.9230         -83144.2590       302.4251   -101747.1821    -82773.9761       301.5572            428.7259       424.4703    299352.6115      -140.1728      -142.5444

TIMING: 45000  CPU: 50.3609, 0.00103123/step  Wall: 50.4936, 0.00104715/step, 165.019 ns/days, 0.132349 hours remaining, 0.000000 MB of memory in use.
PERFORMANCE: 45000  averaging 169.04 ns/day, 0.00102224 sec/step with standard deviation 2.24475e-05
ENERGY:   45000       434.3594      1123.8332      1131.8774        70.9869        -113833.9401      9696.5677         0.0000         0.0000     18488.4927         -82887.8229       300.5648   -101376.3155    -82785.3607       301.4579            -45.5006       -45.2898    302125.2628      -130.7056      -132.8189

TIMING: 50000  CPU: 55.2845, 0.000984734/step  Wall: 55.493, 0.000999897/step, 172.818 ns/days, 0.124987 hours remaining, 0.000000 MB of memory in use.
PERFORMANCE: 50000  averaging 169.411 ns/day, 0.00102001 sec/step with standard deviation 2.2312e-05
ETITLE:      TS           BOND          ANGLE          DIHED          IMPRP               ELECT            VDW       BOUNDARY           MISC        KINETIC               TOTAL           TEMP      POTENTIAL       TOTALAVG        TEMPAVG            PRESSURE      GPRESSURE         VOLUME       PRESSAVG      GPRESSAVG

ENERGY:   50000       439.6049      1170.0004      1134.0154        71.5024        -113668.4842      9610.1049         0.0000         0.0000     18389.1769         -82854.0793       298.9502   -101243.2562    -82791.6079       301.2300           -216.3920      -213.8910    301976.9341      -138.4952      -140.1891

TIMING: 55000  CPU: 60.2294, 0.000988969/step  Wall: 60.5184, 0.00100507/step, 171.928 ns/days, 0.124238 hours remaining, 0.000000 MB of memory in use.
PERFORMANCE: 55000  averaging 169.637 ns/day, 0.00101865 sec/step with standard deviation 2.16407e-05
ENERGY:   55000       434.1874      1141.1440      1115.7549        79.4096        -114330.3071      9894.3832         0.0000         0.0000     18635.0429         -83030.3851       302.9472   -101665.4280    -82811.5060       301.3731            202.5995       204.7236    300054.2315      -110.0707      -111.4464

TIMING: 60000  CPU: 65.44, 0.00104213/step  Wall: 65.8096, 0.00105824/step, 163.291 ns/days, 0.12934 hours remaining, 0.000000 MB of memory in use.
PERFORMANCE: 60000  averaging 169.089 ns/day, 0.00102195 sec/step with standard deviation 2.35869e-05
ENERGY:   60000       421.4604      1152.5580      1120.6601        65.2693        -113735.2786      9704.6231         0.0000         0.0000     18606.7978         -82663.9099       302.4881   -101270.7077    -82800.1524       301.4588             36.3350        37.1645    300883.8785       -98.8087      -100.0148

TIMING: 65000  CPU: 70.3526, 0.00098252/step  Wall: 70.7988, 0.000997836/step, 173.175 ns/days, 0.120572 hours remaining, 0.000000 MB of memory in use.
PERFORMANCE: 65000  averaging 169.396 ns/day, 0.00102009 sec/step with standard deviation 2.35521e-05
ENERGY:   65000       416.8887      1145.8187      1125.8937        78.5432        -114322.9870      9927.9691         0.0000         0.0000     18601.4344         -83026.4392       302.4009   -101627.8736    -82816.3158       301.5261             63.5198        61.5776    300633.3076       -87.2138       -88.4725

TIMING: 70000  CPU: 75.2401, 0.000977483/step  Wall: 75.7645, 0.000993148/step, 173.992 ns/days, 0.118626 hours remaining, 0.000000 MB of memory in use.
PERFORMANCE: 70000  averaging 169.717 ns/day, 0.00101817 sec/step with standard deviation 2.37464e-05
ENERGY:   70000       438.2122      1121.9826      1113.5825        67.4249        -114115.5017      9721.1937         0.0000         0.0000     18478.4606         -83174.6453       300.4017   -101653.1059    -82840.2044       301.4512           -173.8482      -169.8804    301554.9899       -92.9894       -93.8997

TIMING: 75000  CPU: 80.5424, 0.00106047/step  Wall: 81.148, 0.0010767/step, 160.49 ns/days, 0.127111 hours remaining, 0.000000 MB of memory in use.
PERFORMANCE: 75000  averaging 169.069 ns/day, 0.00102207 sec/step with standard deviation 2.74235e-05
ENERGY:   75000       454.2442      1109.4694      1101.8720        66.3218        -113794.7227      9642.0191         0.0000         0.0000     18703.4746         -82717.3215       304.0597   -101420.7961    -82832.5242       301.6142            -82.6134       -78.5876    300942.7598       -92.3409       -92.9427

TIMING: 80000  CPU: 85.528, 0.000997117/step  Wall: 86.213, 0.00101299/step, 170.584 ns/days, 0.118182 hours remaining, 0.000000 MB of memory in use.
PERFORMANCE: 80000  averaging 169.162 ns/day, 0.0010215 sec/step with standard deviation 2.65907e-05
ENERGY:   80000       405.0421      1191.3650      1108.8472        65.1409        -113790.7025      9578.4912         0.0000         0.0000     18465.1356         -82976.6803       300.1851   -101441.8160    -82841.0040       301.5301           -158.0013      -161.2648    300974.3284       -96.2033       -96.9616

TIMING: 85000  CPU: 90.4513, 0.000984655/step  Wall: 91.213, 0.00100001/step, 172.798 ns/days, 0.115279 hours remaining, 0.000000 MB of memory in use.
PERFORMANCE: 85000  averaging 169.372 ns/day, 0.00102024 sec/step with standard deviation 2.62686e-05
ENERGY:   85000       411.5179      1153.0370      1119.9873        68.3039        -114124.1430      9801.3525         0.0000         0.0000     18622.3827         -82947.5617       302.7414   -101569.9444    -82846.9239       301.5974             57.4986        54.6322    301049.8138       -87.6643       -88.5397

TIMING: 90000  CPU: 95.5963, 0.00102901/step  Wall: 96.4393, 0.00104525/step, 165.32 ns/days, 0.119042 hours remaining, 0.000000 MB of memory in use.
PERFORMANCE: 90000  averaging 169.142 ns/day, 0.00102163 sec/step with standard deviation 2.6157e-05
ENERGY:   90000       442.5914      1137.2545      1116.4558        70.5716        -113883.8819      9861.5532         0.0000         0.0000     18725.8089         -82529.6465       304.4228   -101255.4554    -82830.2251       301.7461            124.9832       124.4389    300432.2307       -76.4723       -77.3303

TIMING: 95000  CPU: 100.508, 0.000982259/step  Wall: 101.425, 0.000997238/step, 173.279 ns/days, 0.112189 hours remaining, 0.000000 MB of memory in use.
PERFORMANCE: 95000  averaging 169.355 ns/day, 0.00102034 sec/step with standard deviation 2.60286e-05
ENERGY:   95000       446.6505      1136.9168      1084.2440        67.6590        -114060.1673      9648.8872         0.0000         0.0000     18665.9100         -83009.8997       303.4490   -101675.8098    -82839.2088       301.8313           -124.6270      -121.3142    299511.3718       -78.8801       -79.5295

TIMING: 100000  CPU: 105.582, 0.00101478/step  Wall: 106.576, 0.00103005/step, 167.76 ns/days, 0.114449 hours remaining, 0.000000 MB of memory in use.
PERFORMANCE: 100000  averaging 169.274 ns/day, 0.00102083 sec/step with standard deviation 2.54271e-05
ETITLE:      TS           BOND          ANGLE          DIHED          IMPRP               ELECT            VDW       BOUNDARY           MISC        KINETIC               TOTAL           TEMP      POTENTIAL       TOTALAVG        TEMPAVG            PRESSURE      GPRESSURE         VOLUME       PRESSAVG      GPRESSAVG

ENERGY:  100000       437.1458      1112.1763      1135.1360        74.0153        -114023.5986      9541.6531         0.0000         0.0000     18566.4385         -83157.0337       301.8319   -101723.4722    -82929.4797       302.0168            -52.0030       -54.1344    299534.5611        -8.7625        -9.5836

TIMING: 105000  CPU: 110.585, 0.00100072/step  Wall: 111.656, 0.00101604/step, 170.071 ns/days, 0.111483 hours remaining, 0.000000 MB of memory in use.
PERFORMANCE: 105000  averaging 169.312 ns/day, 0.0010206 sec/step with standard deviation 2.48053e-05
ENERGY:  105000       426.2305      1110.8246      1125.9569        74.3289        -114110.3253      9892.0445         0.0000         0.0000     18722.1916         -82758.7482       304.3640   -101480.9398    -82934.0523       302.0862            123.8488       119.2201    301291.6545        -2.7168        -3.6448

TIMING: 110000  CPU: 115.512, 0.000985279/step  Wall: 116.658, 0.00100035/step, 172.739 ns/days, 0.108371 hours remaining, 0.000000 MB of memory in use.
PERFORMANCE: 110000  averaging 169.465 ns/day, 0.00101968 sec/step with standard deviation 2.45894e-05
ENERGY:  110000       408.1631      1139.4109      1157.9022        69.5842        -114072.8945      9891.6795         0.0000         0.0000     18551.9718         -82854.1827       301.5968   -101406.1545    -82933.4634       302.0944            190.5952       190.9990    300471.4836        -4.2261        -4.6742

TIMING: 115000  CPU: 120.579, 0.00101345/step  Wall: 121.805, 0.00102952/step, 167.846 ns/days, 0.110101 hours remaining, 0.000000 MB of memory in use.
PERFORMANCE: 115000  averaging 169.394 ns/day, 0.00102011 sec/step with standard deviation 2.41115e-05
ENERGY:  115000       419.5517      1095.0783      1118.9390        74.4532        -113797.2072      9720.8067         0.0000         0.0000     18609.4286         -82758.9497       302.5308   -101368.3783    -82924.7912       302.1912            -63.8503       -62.6270    301032.2976       -10.6002       -10.9009

TIMING: 120000  CPU: 125.63, 0.0010102/step  Wall: 126.933, 0.00102552/step, 168.5 ns/days, 0.10825 hours remaining, 0.000000 MB of memory in use.
PERFORMANCE: 120000  averaging 169.356 ns/day, 0.00102033 sec/step with standard deviation 2.36073e-05
ENERGY:  120000       444.7425      1168.4918      1124.2206        74.7116        -114217.3132      9662.9619         0.0000         0.0000     18601.6265         -83140.5584       302.4040   -101742.1849    -82930.3382       302.2014           -208.8156      -209.6045    300652.8899       -22.2025       -22.4377

TIMING: 125000  CPU: 130.565, 0.000987123/step  Wall: 131.945, 0.00100247/step, 172.374 ns/days, 0.104424 hours remaining, 0.000000 MB of memory in use.
PERFORMANCE: 125000  averaging 169.475 ns/day, 0.00101962 sec/step with standard deviation 2.33849e-05
ENERGY:  125000       473.6971      1121.4809      1152.5267        72.2704        -114621.8754      9987.6682         0.0000         0.0000     18739.7375         -83074.4946       304.6492   -101814.2321    -82939.4892       302.3351           -109.6962      -110.7437    301213.1780       -15.6269       -15.8464

TIMING: 130000  CPU: 135.636, 0.00101412/step  Wall: 137.095, 0.00102991/step, 167.782 ns/days, 0.105852 hours remaining, 0.000000 MB of memory in use.
PERFORMANCE: 130000  averaging 169.409 ns/day, 0.00102002 sec/step with standard deviation 2.30011e-05
ENERGY:  130000       435.9403      1132.5831      1123.4134        77.1123        -113836.2129      9578.4403         0.0000         0.0000     18506.6124         -82982.1112       300.8594   -101488.7236    -82935.0283       302.2630           -214.0481      -215.4683    300377.2560       -31.1448       -31.4413

TIMING: 135000  CPU: 140.66, 0.00100474/step  Wall: 142.198, 0.00102075/step, 169.287 ns/days, 0.103493 hours remaining, 0.000000 MB of memory in use.
PERFORMANCE: 135000  averaging 169.405 ns/day, 0.00102004 sec/step with standard deviation 2.25549e-05
ENERGY:  135000       410.3645      1095.6815      1109.3281        73.8276        -114016.1236      9742.4971         0.0000         0.0000     18570.9040         -83013.5209       301.9045   -101584.4248    -82935.1125       302.2588             -2.7215        -6.5543    299552.9470       -11.2005       -11.6067

TIMING: 140000  CPU: 145.618, 0.000991574/step  Wall: 147.233, 0.00100694/step, 171.61 ns/days, 0.100694 hours remaining, 0.000000 MB of memory in use.
PERFORMANCE: 140000  averaging 169.482 ns/day, 0.00101957 sec/step with standard deviation 2.22714e-05
ENERGY:  140000       440.9742      1128.5675      1108.9010        65.9945        -114330.7684      9543.2078         0.0000         0.0000     18528.0671         -83515.0565       301.2081   -102043.1236    -82953.6524       302.1980           -318.5101      -327.7238    300039.3846       -48.5623       -49.2164

TIMING: 145000  CPU: 150.684, 0.00101321/step  Wall: 152.378, 0.0010289/step, 167.946 ns/days, 0.101461 hours remaining, 0.000000 MB of memory in use.
PERFORMANCE: 145000  averaging 169.429 ns/day, 0.0010199 sec/step with standard deviation 2.19386e-05
ENERGY:  145000       415.0952      1157.3795      1122.3998        69.3357        -113976.0824      9772.0598         0.0000         0.0000     18556.3627         -82883.4497       301.6681   -101439.8124    -82953.4337       302.2532            199.5278       204.2777    300065.2058       -36.3109       -36.7380

TIMING: 150000  CPU: 155.675, 0.000998332/step  Wall: 157.447, 0.00101395/step, 170.422 ns/days, 0.0985786 hours remaining, 0.000000 MB of memory in use.
PERFORMANCE: 150000  averaging 169.462 ns/day, 0.0010197 sec/step with standard deviation 2.15843e-05
ETITLE:      TS           BOND          ANGLE          DIHED          IMPRP               ELECT            VDW       BOUNDARY           MISC        KINETIC               TOTAL           TEMP      POTENTIAL       TOTALAVG        TEMPAVG            PRESSURE      GPRESSURE         VOLUME       PRESSAVG      GPRESSAVG

ENERGY:  150000       415.8506      1143.8179      1140.4720        69.7947        -113761.6828      9648.5419         0.0000         0.0000     18652.3562         -82690.8495       303.2287   -101343.2058    -82945.2722       302.4671             95.9826        96.2754    301013.2293       -20.6922       -21.2297

TIMING: 155000  CPU: 160.623, 0.000989533/step  Wall: 162.472, 0.00100498/step, 171.944 ns/days, 0.0963105 hours remaining, 0.000000 MB of memory in use.
PERFORMANCE: 155000  averaging 169.541 ns/day, 0.00101922 sec/step with standard deviation 2.13855e-05
ENERGY:  155000       432.3775      1132.4584      1142.0551        83.3956        -113944.4509      9678.4730         0.0000         0.0000     18559.5630         -82916.1285       301.7202   -101475.6915    -82939.5594       302.4057           -102.7760      -104.5790    300907.4166       -35.9610       -36.6948

TIMING: 160000  CPU: 165.651, 0.0010056/step  Wall: 167.579, 0.00102125/step, 169.205 ns/days, 0.0964511 hours remaining, 0.000000 MB of memory in use.
PERFORMANCE: 160000  averaging 169.53 ns/day, 0.00101929 sec/step with standard deviation 2.10408e-05
ENERGY:  160000       421.3975      1085.8886      1117.8159        74.8101        -114090.1886      9815.4505         0.0000         0.0000     18487.8740         -83086.9520       300.5547   -101574.8260    -82960.7115       302.3091             -0.5316         2.8298    301474.2970       -37.8043       -38.4116

TIMING: 165000  CPU: 170.64, 0.000997738/step  Wall: 172.644, 0.00101307/step, 170.571 ns/days, 0.0942714 hours remaining, 0.000000 MB of memory in use.
PERFORMANCE: 165000  averaging 169.562 ns/day, 0.0010191 sec/step with standard deviation 2.07377e-05
ENERGY:  165000       431.9763      1131.2367      1115.6543        69.5992        -113721.5749      9749.0607         0.0000         0.0000     18557.2166         -82666.8309       301.6820   -101224.0476    -82942.7311       302.2731            -60.9754       -64.7918    301907.3327       -44.0291       -44.7300

TIMING: 170000  CPU: 175.612, 0.000994458/step  Wall: 177.694, 0.0010101/step, 171.073 ns/days, 0.0925922 hours remaining, 0.000000 MB of memory in use.
PERFORMANCE: 170000  averaging 169.606 ns/day, 0.00101883 sec/step with standard deviation 2.04794e-05
ENERGY:  170000       425.9240      1116.4532      1111.7166        77.5641        -113885.2731      9548.7457         0.0000         0.0000     18527.5560         -83077.3136       301.1998   -101604.8695    -82937.8645       302.3130           -141.2811      -143.7041    299542.2957       -42.4007       -43.4212

TIMING: 175000  CPU: 180.638, 0.00100517/step  Wall: 182.797, 0.00102055/step, 169.32 ns/days, 0.0921332 hours remaining, 0.000000 MB of memory in use.
PERFORMANCE: 175000  averaging 169.598 ns/day, 0.00101888 sec/step with standard deviation 2.0178e-05
ENERGY:  175000       420.2654      1131.8103      1119.4128        63.2054        -114038.1247      9933.2402         0.0000         0.0000     18678.3061         -82691.8844       303.6506   -101370.1906    -82936.5926       302.2926            205.9415       206.2079    300186.6429       -27.9730       -29.1814

TIMING: 180000  CPU: 185.637, 0.000999899/step  Wall: 187.873, 0.00101526/step, 170.203 ns/days, 0.0902451 hours remaining, 0.000000 MB of memory in use.
PERFORMANCE: 180000  averaging 169.614 ns/day, 0.00101878 sec/step with standard deviation 1.98969e-05
ENERGY:  180000       383.1572      1130.0795      1146.4422        76.3366        -114430.4479     10039.6367         0.0000         0.0000     18409.5793         -83245.2164       299.2819   -101654.7957    -82950.0194       302.2474            224.1997       225.3635    300484.0180        -8.8629        -9.8500

TIMING: 185000  CPU: 190.567, 0.000985931/step  Wall: 192.883, 0.001002/step, 172.455 ns/days, 0.0876751 hours remaining, 0.000000 MB of memory in use.
PERFORMANCE: 185000  averaging 169.69 ns/day, 0.00101833 sec/step with standard deviation 1.98116e-05
ENERGY:  185000       472.0573      1135.1169      1109.5685        68.7095        -113904.6567      9678.8889         0.0000         0.0000     18600.3783         -82839.9373       302.3837   -101440.3156    -82944.6382       302.2295           -142.4258      -139.7618    300529.5649       -18.8591       -19.5697

TIMING: 190000  CPU: 195.725, 0.00103168/step  Wall: 198.124, 0.00104802/step, 164.882 ns/days, 0.0902461 hours remaining, 0.000000 MB of memory in use.
PERFORMANCE: 190000  averaging 169.56 ns/day, 0.00101911 sec/step with standard deviation 2.01269e-05
ENERGY:  190000       451.0532      1105.3526      1146.0678        72.0297        -113905.7709      9592.6108         0.0000         0.0000     18692.5312         -82846.1256       303.8818   -101538.6568    -82960.4622       302.2025           -294.2442      -296.1899    300300.9351       -39.8205       -40.6012

TIMING: 195000  CPU: 200.667, 0.000988407/step  Wall: 203.143, 0.0010038/step, 172.145 ns/days, 0.0850445 hours remaining, 0.000000 MB of memory in use.
PERFORMANCE: 195000  averaging 169.625 ns/day, 0.00101872 sec/step with standard deviation 2.00109e-05
ENERGY:  195000       420.6924      1111.3974      1109.7498        73.8278        -113862.1296      9652.0487         0.0000         0.0000     18406.0570         -83088.3566       299.2246   -101494.4136    -82964.3850       301.9913            -97.5456       -95.1628    300169.3605       -38.4664       -39.2936

TIMING: 200000  CPU: 205.607, 0.000988023/step  Wall: 208.162, 0.00100395/step, 172.12 ns/days, 0.0836626 hours remaining, 0.000000 MB of memory in use.
PERFORMANCE: 200000  averaging 169.687 ns/day, 0.00101835 sec/step with standard deviation 1.98902e-05
ETITLE:      TS           BOND          ANGLE          DIHED          IMPRP               ELECT            VDW       BOUNDARY           MISC        KINETIC               TOTAL           TEMP      POTENTIAL       TOTALAVG        TEMPAVG            PRESSURE      GPRESSURE         VOLUME       PRESSAVG      GPRESSAVG

ENERGY:  200000       419.7737      1150.7227      1143.6157        78.4981        -113721.5578      9837.7986         0.0000         0.0000     18698.2504         -82392.8986       303.9748   -101091.1490    -82926.1783       302.0984            255.4264       255.8848    301423.1195       -23.0950       -23.7926

TIMING: 205000  CPU: 210.747, 0.00102787/step  Wall: 213.383, 0.00104411/step, 165.5 ns/days, 0.0855589 hours remaining, 0.000000 MB of memory in use.
PERFORMANCE: 205000  averaging 169.582 ns/day, 0.00101898 sec/step with standard deviation 2.00478e-05
ENERGY:  205000       454.3046      1190.9777      1136.4618        81.0308        -113727.1551      9720.9225         0.0000         0.0000     18561.4164         -82582.0413       301.7503   -101143.4577    -82917.3429       301.9677            184.4569       183.3357    300108.4235       -20.0646       -20.5869

TIMING: 210000  CPU: 215.663, 0.000983233/step  Wall: 218.375, 0.000998361/step, 173.084 ns/days, 0.0804235 hours remaining, 0.000000 MB of memory in use.
PERFORMANCE: 210000  averaging 169.664 ns/day, 0.00101849 sec/step with standard deviation 2.00557e-05
ENERGY:  210000       430.2404      1141.3261      1107.4134        73.2288        -114160.1036     10064.3567         0.0000         0.0000     18523.3446         -82820.1935       301.1314   -101343.5381    -82915.6435       301.9444            332.4814       332.7794    301114.0247       -12.9703       -13.4978

TIMING: 215000  CPU: 220.623, 0.000991916/step  Wall: 223.413, 0.00100769/step, 171.481 ns/days, 0.0797758 hours remaining, 0.000000 MB of memory in use.
PERFORMANCE: 215000  averaging 169.706 ns/day, 0.00101823 sec/step with standard deviation 1.98837e-05
ENERGY:  215000       422.5244      1078.1072      1146.3174        86.2433        -114071.2881      9799.9365         0.0000         0.0000     18642.3467         -82895.8127       303.0660   -101538.1594    -82922.4866       301.9712             46.7468        45.5656    300261.9750        -7.4404        -8.0882

TIMING: 220000  CPU: 225.798, 0.00103506/step  Wall: 228.667, 0.00105071/step, 164.461 ns/days, 0.0817217 hours remaining, 0.000000 MB of memory in use.
PERFORMANCE: 220000  averaging 169.583 ns/day, 0.00101897 sec/step with standard deviation 2.02518e-05
ENERGY:  220000       439.5552      1160.4102      1136.4845        74.8577        -114086.9252      9845.0123         0.0000         0.0000     18657.7964         -82772.8089       303.3171   -101430.6053    -82904.0991       302.0169             -5.2055        -6.4178    300269.2513         2.7401         2.0711

TIMING: 225000  CPU: 230.702, 0.000980796/step  Wall: 233.65, 0.000996663/step, 173.379 ns/days, 0.076134 hours remaining, 0.000000 MB of memory in use.
PERFORMANCE: 225000  averaging 169.665 ns/day, 0.00101848 sec/step with standard deviation 2.02947e-05
ENERGY:  225000       438.7043      1110.1046      1127.2012        68.3329        -113722.8340      9542.8758         0.0000         0.0000     18657.1977         -82778.4175       303.3074   -101435.6152    -82889.2953       301.9498           -342.9666      -347.6877    302257.2788        -8.9234        -9.7761

TIMING: 230000  CPU: 235.635, 0.000986536/step  Wall: 238.66, 0.00100197/step, 172.46 ns/days, 0.075148 hours remaining, 0.000000 MB of memory in use.
PERFORMANCE: 230000  averaging 169.725 ns/day, 0.00101812 sec/step with standard deviation 2.02149e-05
ENERGY:  230000       418.4056      1166.5148      1126.5004        69.6722        -114088.2967      9691.3718         0.0000         0.0000     18654.4906         -82961.3411       303.2634   -101615.8318    -82888.2568       302.0700            -68.0723       -61.0790    299862.6894        -1.6246        -2.0566

TIMING: 235000  CPU: 240.767, 0.00102654/step  Wall: 243.87, 0.00104198/step, 165.838 ns/days, 0.0767014 hours remaining, 0.000000 MB of memory in use.
PERFORMANCE: 235000  averaging 169.64 ns/day, 0.00101863 sec/step with standard deviation 2.02947e-05
ENERGY:  235000       407.1696      1164.6351      1123.9011        73.3805        -113925.6837      9704.8413         0.0000         0.0000     18628.6277         -82823.1286       302.8429   -101451.7563    -82878.7372       302.1169            -49.6509       -50.0644    302580.2803        -3.9711        -4.2321

TIMING: 240000  CPU: 245.648, 0.000976206/step  Wall: 248.828, 0.000991638/step, 174.257 ns/days, 0.0716183 hours remaining, 0.000000 MB of memory in use.
PERFORMANCE: 240000  averaging 169.734 ns/day, 0.00101806 sec/step with standard deviation 2.0452e-05
ENERGY:  240000       455.2570      1087.2087      1134.4178        69.1155        -114165.8218      9795.1043         0.0000         0.0000     18600.4386         -83024.2798       302.3847   -101624.7184    -82854.1983       302.1757            -56.8366       -54.2833    300739.2182         9.1126         9.4399

TIMING: 245000  CPU: 250.563, 0.000982887/step  Wall: 253.822, 0.00099877/step, 173.013 ns/days, 0.0707462 hours remaining, 0.000000 MB of memory in use.
PERFORMANCE: 245000  averaging 169.8 ns/day, 0.00101767 sec/step with standard deviation 2.04247e-05
ENERGY:  245000       424.0502      1126.1526      1114.7984        68.8661        -114221.6915      9852.6585         0.0000         0.0000     18571.1716         -83063.9940       301.9089   -101635.1656    -82863.2255       302.1877             75.0933        73.4150    300056.7785         2.8908         2.8968

TIMING: 250000  CPU: 255.677, 0.00102296/step  Wall: 259.015, 0.00103858/step, 166.382 ns/days, 0.0721234 hours remaining, 0.000000 MB of memory in use.
PERFORMANCE: 250000  averaging 169.73 ns/day, 0.00101809 sec/step with standard deviation 2.04303e-05
ETITLE:      TS           BOND          ANGLE          DIHED          IMPRP               ELECT            VDW       BOUNDARY           MISC        KINETIC               TOTAL           TEMP      POTENTIAL       TOTALAVG        TEMPAVG            PRESSURE      GPRESSURE         VOLUME       PRESSAVG      GPRESSAVG

ENERGY:  250000       421.7102      1137.7658      1115.6668        69.1148        -114352.6506      9786.5193         0.0000         0.0000     18652.4377         -83169.4360       303.2300   -101821.8737    -82887.1549       302.1878           -163.4292      -161.4849    300705.5725       -10.0797        -9.9912

TIMING: 255000  CPU: 260.632, 0.000990813/step  Wall: 264.045, 0.0010061/step, 171.752 ns/days, 0.068471 hours remaining, 0.000000 MB of memory in use.
PERFORMANCE: 255000  averaging 169.769 ns/day, 0.00101785 sec/step with standard deviation 2.02944e-05
ENERGY:  255000       412.8152      1117.1892      1135.2844        75.6473        -113934.8039      9627.2157         0.0000         0.0000     18698.7643         -82867.8878       303.9831   -101566.6521    -82884.7428       302.3010            -12.4078        -4.5062    299693.6645        -5.5613        -4.9876

TIMING: 260000  CPU: 265.537, 0.00098117/step  Wall: 269.03, 0.000996877/step, 173.341 ns/days, 0.0664585 hours remaining, 0.000000 MB of memory in use.
PERFORMANCE: 260000  averaging 169.836 ns/day, 0.00101745 sec/step with standard deviation 2.03039e-05
ENERGY:  260000       432.4235      1132.0719      1116.4031        71.5488        -114151.7475      9856.3313         0.0000         0.0000     18668.7405         -82874.2284       303.4951   -101542.9690    -82874.1067       302.4480             72.1611        78.3424    299748.7642        -1.9267        -1.2120

TIMING: 265000  CPU: 270.681, 0.00102873/step  Wall: 274.25, 0.00104406/step, 165.507 ns/days, 0.0681542 hours remaining, 0.000000 MB of memory in use.
PERFORMANCE: 265000  averaging 169.753 ns/day, 0.00101795 sec/step with standard deviation 2.04374e-05
ENERGY:  265000       416.9787      1168.7461      1132.0927        73.9426        -114311.8120      9918.2640         0.0000         0.0000     18674.0082         -82927.7796       303.5807   -101601.7879    -82887.1541       302.5429            130.9420       130.1518    300135.9446         7.6692         8.5352

TIMING: 270000  CPU: 275.595, 0.000982771/step  Wall: 279.243, 0.000998599/step, 173.042 ns/days, 0.0637994 hours remaining, 0.000000 MB of memory in use.
PERFORMANCE: 270000  averaging 169.812 ns/day, 0.00101759 sec/step with standard deviation 2.04142e-05
ENERGY:  270000       423.4822      1154.5258      1107.7937        69.0953        -114159.5040      9996.2108         0.0000         0.0000     18470.5159         -82937.8802       300.2725   -101408.3962    -82880.1824       302.4965            151.7304       150.0887    301646.3944        22.3197        23.2248

TIMING: 275000  CPU: 280.499, 0.000980917/step  Wall: 284.227, 0.000996731/step, 173.367 ns/days, 0.0622957 hours remaining, 0.000000 MB of memory in use.
PERFORMANCE: 275000  averaging 169.876 ns/day, 0.00101721 sec/step with standard deviation 2.0419e-05
ENERGY:  275000       431.2889      1116.4954      1126.5731        78.1770        -113795.8084      9761.6273         0.0000         0.0000     18650.7796         -82630.8671       303.2031   -101281.6467    -82877.1316       302.4742              3.1980         2.5021    302296.2875        12.1826        13.0396

TIMING: 280000  CPU: 285.598, 0.00101978/step  Wall: 289.402, 0.00103513/step, 166.936 ns/days, 0.0632577 hours remaining, 0.000000 MB of memory in use.
PERFORMANCE: 280000  averaging 169.822 ns/day, 0.00101753 sec/step with standard deviation 2.03737e-05
ENERGY:  280000       422.4498      1154.5200      1114.8442        63.5796        -114212.3287      9959.6612         0.0000         0.0000     18489.0145         -83008.2595       300.5733   -101497.2739    -82865.2837       302.5387            160.5727       160.9401    300664.2770         9.0012         9.8184

TIMING: 285000  CPU: 290.517, 0.000983739/step  Wall: 294.397, 0.000998928/step, 172.985 ns/days, 0.0596582 hours remaining, 0.000000 MB of memory in use.
PERFORMANCE: 285000  averaging 169.877 ns/day, 0.00101721 sec/step with standard deviation 2.03408e-05
ENERGY:  285000       427.9157      1166.7137      1127.3876        76.4626        -114097.5058      9712.7005         0.0000         0.0000     18737.4521         -82848.8735       304.6121   -101586.3256    -82865.7305       302.6502            -42.2444       -43.8974    300002.7586        14.0103        14.6116

TIMING: 290000  CPU: 295.449, 0.000986456/step  Wall: 299.409, 0.00100241/step, 172.385 ns/days, 0.0584739 hours remaining, 0.000000 MB of memory in use.
PERFORMANCE: 290000  averaging 169.92 ns/day, 0.00101695 sec/step with standard deviation 2.02549e-05
ENERGY:  290000       473.2319      1172.1442      1114.2042        73.5068        -114290.1102      9815.6716         0.0000         0.0000     18465.9441         -83175.4074       300.1982   -101641.3515    -82882.1946       302.4660           -241.9339      -238.3334    301378.0736        16.6258        17.5044

TIMING: 295000  CPU: 300.602, 0.00103061/step  Wall: 304.641, 0.00104645/step, 165.13 ns/days, 0.0595893 hours remaining, 0.000000 MB of memory in use.
PERFORMANCE: 295000  averaging 169.836 ns/day, 0.00101745 sec/step with standard deviation 2.04434e-05
ENERGY:  295000       445.7881      1142.5996      1113.0331        63.6624        -114181.8877      9893.2111         0.0000         0.0000     18680.2261         -82843.3673       303.6818   -101523.5934    -82869.9451       302.6888             22.2322        23.0242    299740.1433        22.6147        23.4138

TIMING: 300000  CPU: 305.474, 0.000974415/step  Wall: 309.588, 0.000989295/step, 174.67 ns/days, 0.0549608 hours remaining, 0.000000 MB of memory in use.
PERFORMANCE: 300000  averaging 169.914 ns/day, 0.00101698 sec/step with standard deviation 2.05928e-05
ETITLE:      TS           BOND          ANGLE          DIHED          IMPRP               ELECT            VDW       BOUNDARY           MISC        KINETIC               TOTAL           TEMP      POTENTIAL       TOTALAVG        TEMPAVG            PRESSURE      GPRESSURE         VOLUME       PRESSAVG      GPRESSAVG

ENERGY:  300000       438.6941      1099.8497      1109.9337        68.9533        -113695.9724      9690.6967         0.0000         0.0000     18639.9367         -82647.9082       303.0268   -101287.8449    -82882.6956       302.6414            -32.8618       -32.5626    301202.5641         8.2003         8.9914

TIMING: 305000  CPU: 310.425, 0.00099001/step  Wall: 314.613, 0.00100511/step, 171.922 ns/days, 0.0544432 hours remaining, 0.000000 MB of memory in use.
PERFORMANCE: 305000  averaging 169.947 ns/day, 0.00101679 sec/step with standard deviation 2.0477e-05
ENERGY:  305000       410.0583      1131.8080      1107.3312        74.5733        -114253.0268      9810.7617         0.0000         0.0000     18461.2057         -83257.2885       300.1212   -101718.4942    -82916.4580       302.5600           -172.8227      -175.2773    300391.1424        -9.6637        -8.9392

TIMING: 310000  CPU: 315.568, 0.0010286/step  Wall: 319.834, 0.00104421/step, 165.485 ns/days, 0.0551109 hours remaining, 0.000000 MB of memory in use.
PERFORMANCE: 310000  averaging 169.873 ns/day, 0.00101723 sec/step with standard deviation 2.06048e-05
ENERGY:  310000       446.7079      1116.5743      1138.5587        73.6653        -113996.2108      9775.2085         0.0000         0.0000     18671.9246         -82773.5715       303.5468   -101445.4961    -82914.1269       302.6808            -19.6808       -20.3148    299669.5486       -27.2718       -26.5940

TIMING: 315000  CPU: 320.55, 0.000996517/step  Wall: 324.892, 0.00101165/step, 170.81 ns/days, 0.0519876 hours remaining, 0.000000 MB of memory in use.
PERFORMANCE: 315000  averaging 169.888 ns/day, 0.00101714 sec/step with standard deviation 2.04501e-05
ENERGY:  315000       433.7586      1080.1196      1111.9227        64.7060        -113957.0653      9901.7851         0.0000         0.0000     18541.9101         -82822.8632       301.4332   -101364.7733    -82910.4794       302.5991            125.1043       122.5175    301415.5157       -23.3539       -22.7464

TIMING: 320000  CPU: 325.492, 0.00098828/step  Wall: 329.91, 0.00100344/step, 172.207 ns/days, 0.0501722 hours remaining, 0.000000 MB of memory in use.
PERFORMANCE: 320000  averaging 169.924 ns/day, 0.00101693 sec/step with standard deviation 2.03592e-05
ENERGY:  320000       452.1404      1119.9936      1115.2991        70.6337        -114395.8422      9976.8435         0.0000         0.0000     18617.4082         -83043.5237       302.6605   -101660.9319    -82924.0152       302.5663            122.3733       123.7154    300618.4997       -16.9750       -16.2397

TIMING: 325000  CPU: 330.624, 0.00102643/step  Wall: 335.12, 0.0010421/step, 165.819 ns/days, 0.0506576 hours remaining, 0.000000 MB of memory in use.
PERFORMANCE: 325000  averaging 169.859 ns/day, 0.00101731 sec/step with standard deviation 2.04394e-05
ENERGY:  325000       408.6001      1128.7961      1114.3939        90.8351        -114348.6318     10017.0639         0.0000         0.0000     18704.1764         -82884.7663       304.0711   -101588.9426    -82929.3326       302.6045            308.1644       305.1322    300059.1414        15.5816        16.4013

TIMING: 330000  CPU: 335.555, 0.000986346/step  Wall: 340.127, 0.00100133/step, 172.571 ns/days, 0.047285 hours remaining, 0.000000 MB of memory in use.
PERFORMANCE: 330000  averaging 169.899 ns/day, 0.00101707 sec/step with standard deviation 2.03768e-05
ENERGY:  330000       433.2217      1107.9755      1111.2939        75.6752        -113708.2358      9529.4680         0.0000         0.0000     18783.0149         -82667.5866       305.3528   -101450.6016    -82914.6449       302.7089           -314.8668      -310.9632    301482.2958         3.2418         3.9071

TIMING: 335000  CPU: 340.472, 0.000983265/step  Wall: 345.12, 0.000998563/step, 173.049 ns/days, 0.0457675 hours remaining, 0.000000 MB of memory in use.
PERFORMANCE: 335000  averaging 169.946 ns/day, 0.0010168 sec/step with standard deviation 2.03479e-05
ENERGY:  335000       462.8678      1107.0177      1151.7624        67.7889        -113775.9324      9488.7576         0.0000         0.0000     18810.1954         -82687.5426       305.7947   -101497.7380    -82907.8656       302.8565           -104.0829      -103.1339    299835.8112         0.5202         1.2536

TIMING: 340000  CPU: 345.685, 0.0010426/step  Wall: 350.407, 0.00105753/step, 163.4 ns/days, 0.0470013 hours remaining, 0.000000 MB of memory in use.
PERFORMANCE: 340000  averaging 169.845 ns/day, 0.0010174 sec/step with standard deviation 2.07908e-05
ENERGY:  340000       423.6747      1147.5308      1098.6031        79.8573        -113800.3371      9579.0315         0.0000         0.0000     18523.9601         -82947.6797       301.1414   -101471.6397    -82904.0356       302.7944           -155.1747      -158.4665    301469.6170        -4.3967        -3.9555

TIMING: 345000  CPU: 350.6, 0.000982986/step  Wall: 355.398, 0.000998165/step, 173.118 ns/days, 0.0429765 hours remaining, 0.000000 MB of memory in use.
PERFORMANCE: 345000  averaging 169.892 ns/day, 0.00101712 sec/step with standard deviation 2.07668e-05
ENERGY:  345000       404.6850      1151.9296      1126.7331        72.4907        -114415.4897      9877.5699         0.0000         0.0000     18651.5290         -83130.5524       303.2152   -101782.0814    -82907.3635       302.8597             58.7374        55.8825    300360.7217        -5.2145        -4.8322

TIMING: 350000  CPU: 355.59, 0.000998067/step  Wall: 360.463, 0.00101306/step, 170.572 ns/days, 0.042211 hours remaining, 0.000000 MB of memory in use.
PERFORMANCE: 350000  averaging 169.902 ns/day, 0.00101706 sec/step with standard deviation 2.06214e-05
ETITLE:      TS           BOND          ANGLE          DIHED          IMPRP               ELECT            VDW       BOUNDARY           MISC        KINETIC               TOTAL           TEMP      POTENTIAL       TOTALAVG        TEMPAVG            PRESSURE      GPRESSURE         VOLUME       PRESSAVG      GPRESSAVG

ENERGY:  350000       406.3434      1102.4805      1105.0653        76.0449        -113978.7831      9698.2699         0.0000         0.0000     18627.5512         -82963.0277       302.8254   -101590.5789    -82897.0431       302.8395             38.4229        39.6583    301345.1992         4.8781         5.2250

TIMING: 355000  CPU: 360.688, 0.00101953/step  Wall: 365.639, 0.00103505/step, 166.949 ns/days, 0.0416894 hours remaining, 0.000000 MB of memory in use.
PERFORMANCE: 355000  averaging 169.859 ns/day, 0.00101731 sec/step with standard deviation 2.05846e-05
ENERGY:  355000       412.3291      1144.0699      1114.0623        78.6584        -114091.8312      9850.5043         0.0000         0.0000     18639.3592         -82852.8480       303.0174   -101492.2071    -82896.2911       302.7912            -99.5229       -96.5989    301182.8585         0.5224         0.6204

TIMING: 360000  CPU: 365.624, 0.000987168/step  Wall: 370.648, 0.00100185/step, 172.481 ns/days, 0.0389608 hours remaining, 0.000000 MB of memory in use.
PERFORMANCE: 360000  averaging 169.895 ns/day, 0.0010171 sec/step with standard deviation 2.05202e-05
ENERGY:  360000       426.7222      1118.1606      1077.7992        80.1338        -113654.9963      9510.3015         0.0000         0.0000     18516.7746         -82925.1044       301.0246   -101441.8791    -82898.8349       302.6676           -179.2607      -177.1803    300435.3355       -12.0487       -12.1558

TIMING: 365000  CPU: 370.577, 0.000990645/step  Wall: 375.68, 0.00100654/step, 171.677 ns/days, 0.0377452 hours remaining, 0.000000 MB of memory in use.
PERFORMANCE: 365000  averaging 169.919 ns/day, 0.00101695 sec/step with standard deviation 2.04146e-05
ENERGY:  365000       427.0523      1141.0964      1117.5716        67.1869        -113915.4137      9711.1692         0.0000         0.0000     18654.9797         -82796.3576       303.2713   -101451.3373    -82892.2638       302.6522           -142.1353      -145.3364    301605.4733       -25.7026       -25.9302

TIMING: 370000  CPU: 376.601, 0.00120486/step  Wall: 381.79, 0.00122195/step, 141.413 ns/days, 0.0441261 hours remaining, 0.000000 MB of memory in use.
PERFORMANCE: 370000  averaging 169.458 ns/day, 0.00101972 sec/step with standard deviation 3.12883e-05
ENERGY:  370000       409.2171      1141.5829      1124.0905        83.3506        -114276.3318      9915.1261         0.0000         0.0000     18717.2852         -82885.6794       304.2842   -101602.9646    -82889.6537       302.8528             40.4511        42.1877    301928.4933       -31.2665       -31.3252

TIMING: 375000  CPU: 381.566, 0.000993077/step  Wall: 386.829, 0.0010078/step, 171.463 ns/days, 0.0349929 hours remaining, 0.000000 MB of memory in use.
PERFORMANCE: 375000  averaging 169.484 ns/day, 0.00101956 sec/step with standard deviation 3.11067e-05
ENERGY:  375000       411.9131      1106.4838      1138.4948        83.7277        -113905.1060      9664.0452         0.0000         0.0000     18736.0457         -82764.3956       304.5892   -101500.4413    -82896.3302       302.9221            -34.5701       -37.0512    300549.6098       -33.1549       -33.3029

TIMING: 380000  CPU: 386.634, 0.00101345/step  Wall: 391.974, 0.00102903/step, 167.926 ns/days, 0.0343008 hours remaining, 0.000000 MB of memory in use.
PERFORMANCE: 380000  averaging 169.464 ns/day, 0.00101969 sec/step with standard deviation 3.09177e-05
ENERGY:  380000       428.8781      1117.7206      1126.0822        70.5549        -113813.7304      9680.7309         0.0000         0.0000     18733.4921         -82656.2716       304.5477   -101389.7637    -82878.7308       303.1208            -24.5122       -21.5154    300376.5940       -42.4092       -42.4257

TIMING: 385000  CPU: 391.656, 0.0010045/step  Wall: 397.074, 0.00101994/step, 169.421 ns/days, 0.0325816 hours remaining, 0.000000 MB of memory in use.
PERFORMANCE: 385000  averaging 169.463 ns/day, 0.00101969 sec/step with standard deviation 3.07136e-05
ENERGY:  385000       456.1172      1094.2721      1106.9526        66.7016        -114012.1625      9665.7017         0.0000         0.0000     18742.9280         -82879.4894       304.7011   -101622.4174    -82880.2616       303.1252           -101.3083       -95.0332    299833.1906       -45.3624       -44.9825

TIMING: 390000  CPU: 396.564, 0.000981654/step  Wall: 402.059, 0.000996942/step, 173.33 ns/days, 0.0304621 hours remaining, 0.000000 MB of memory in use.
PERFORMANCE: 390000  averaging 169.511 ns/day, 0.0010194 sec/step with standard deviation 3.06221e-05
ENERGY:  390000       416.2830      1127.0619      1151.8054        69.8754        -113961.9926      9774.3864         0.0000         0.0000     18545.4580         -82877.1226       301.4909   -101422.5806    -82865.3473       303.1899             51.1372        54.1390    301000.4674       -30.7088       -30.3588

TIMING: 395000  CPU: 401.583, 0.00100379/step  Wall: 407.153, 0.00101881/step, 169.609 ns/days, 0.0297154 hours remaining, 0.000000 MB of memory in use.
PERFORMANCE: 395000  averaging 169.513 ns/day, 0.00101939 sec/step with standard deviation 3.04252e-05
ENERGY:  395000       433.3532      1118.1040      1129.0789        71.0527        -113959.1454      9706.5021         0.0000         0.0000     18634.3852         -82866.6693       302.9365   -101501.0545    -82866.5124       303.1526           -248.0117      -251.9090    301045.1754       -44.2210       -44.1055

TIMING: 400000  CPU: 406.585, 0.00100034/step  Wall: 412.231, 0.0010156/step, 170.147 ns/days, 0.028211 hours remaining, 0.000000 MB of memory in use.
PERFORMANCE: 400000  averaging 169.521 ns/day, 0.00101935 sec/step with standard deviation 3.0235e-05
ETITLE:      TS           BOND          ANGLE          DIHED          IMPRP               ELECT            VDW       BOUNDARY           MISC        KINETIC               TOTAL           TEMP      POTENTIAL       TOTALAVG        TEMPAVG            PRESSURE      GPRESSURE         VOLUME       PRESSAVG      GPRESSAVG

ENERGY:  400000       432.0365      1107.7282      1113.8776        74.9398        -114384.7791      9720.5607         0.0000         0.0000     18696.8984         -83238.7379       303.9528   -101935.6363    -82896.0539       303.1989           -116.1235      -113.5317    299632.4225       -48.3841       -48.1539

TIMING: 405000  CPU: 411.531, 0.000989133/step  Wall: 417.253, 0.00100434/step, 172.054 ns/days, 0.0265033 hours remaining, 0.000000 MB of memory in use.
PERFORMANCE: 405000  averaging 169.551 ns/day, 0.00101916 sec/step with standard deviation 3.00917e-05
ENERGY:  405000       437.5143      1138.8678      1118.0734        80.9041        -114253.6744      9833.2973         0.0000         0.0000     18482.3265         -83162.6909       300.4645   -101645.0174    -82891.3240       303.2161              1.3432         1.1618    300976.2743       -39.6758       -39.3320

TIMING: 410000  CPU: 416.777, 0.0010493/step  Wall: 422.576, 0.00106467/step, 162.303 ns/days, 0.0266168 hours remaining, 0.000000 MB of memory in use.
PERFORMANCE: 410000  averaging 169.459 ns/day, 0.00101971 sec/step with standard deviation 3.03248e-05
ENERGY:  410000       411.0077      1161.5799      1111.3069        78.7296        -114257.6764      9963.3607         0.0000         0.0000     18571.8135         -82959.8781       301.9193   -101531.6916    -82900.6393       303.1347            167.1597       165.3005    301047.9846       -30.3338       -30.0512

TIMING: 415000  CPU: 421.771, 0.000998666/step  Wall: 427.647, 0.00101427/step, 170.369 ns/days, 0.023948 hours remaining, 0.000000 MB of memory in use.
PERFORMANCE: 415000  averaging 169.47 ns/day, 0.00101965 sec/step with standard deviation 3.01453e-05
ENERGY:  415000       457.7927      1108.4370      1133.2085        75.4535        -114181.8742      9766.7154         0.0000         0.0000     18511.3223         -83128.9448       300.9359   -101640.2670    -82915.9434       303.1098            -32.5584       -31.4419    300475.5086       -38.2169       -37.7492

TIMING: 420000  CPU: 426.636, 0.000973159/step  Wall: 432.586, 0.000987682/step, 174.955 ns/days, 0.0219485 hours remaining, 0.000000 MB of memory in use.
PERFORMANCE: 420000  averaging 169.533 ns/day, 0.00101927 sec/step with standard deviation 3.01654e-05
ENERGY:  420000       449.0692      1129.1325      1130.8417        65.6592        -114056.8718      9895.8936         0.0000         0.0000     18545.7888         -82840.4868       301.4962   -101386.2756    -82905.7916       303.0516             66.3163        63.2728    301044.3908       -41.0198       -40.7713

TIMING: 425000  CPU: 431.726, 0.00101791/step  Wall: 437.754, 0.00103368/step, 167.169 ns/days, 0.0215351 hours remaining, 0.000000 MB of memory in use.
PERFORMANCE: 425000  averaging 169.505 ns/day, 0.00101944 sec/step with standard deviation 3.00261e-05
ENERGY:  425000       455.4803      1164.1225      1114.1002        77.4137        -114106.6623      9783.9644         0.0000         0.0000     18721.7926         -82789.7886       304.3575   -101511.5812    -82901.0427       303.0659             58.3828        54.4599    300000.2049       -53.5089       -53.3049

TIMING: 430000  CPU: 436.748, 0.00100436/step  Wall: 442.853, 0.00101989/step, 169.431 ns/days, 0.0198311 hours remaining, 0.000000 MB of memory in use.
PERFORMANCE: 430000  averaging 169.504 ns/day, 0.00101944 sec/step with standard deviation 2.9849e-05
ENERGY:  430000       419.1807      1135.8249      1125.6505        76.3893        -114343.4312      9876.7373         0.0000         0.0000     18529.5919         -83180.0567       301.2329   -101709.6486    -82926.6662       302.8600           -187.1929      -183.2222    301827.0607       -47.1252       -46.9179

TIMING: 435000  CPU: 441.664, 0.000983163/step  Wall: 447.846, 0.000998497/step, 173.06 ns/days, 0.0180284 hours remaining, 0.000000 MB of memory in use.
PERFORMANCE: 435000  averaging 169.544 ns/day, 0.0010192 sec/step with standard deviation 2.97598e-05
ENERGY:  435000       453.2079      1165.8622      1114.1267        86.0288        -114552.0872      9881.1020         0.0000         0.0000     18711.1409         -83140.6188       304.1843   -101851.7596    -82949.3200       302.7794             87.2608        87.6876    298769.6746       -37.5580       -37.3768

TIMING: 440000  CPU: 446.807, 0.00102868/step  Wall: 453.068, 0.00104449/step, 165.44 ns/days, 0.0174081 hours remaining, 0.000000 MB of memory in use.
PERFORMANCE: 440000  averaging 169.496 ns/day, 0.00101949 sec/step with standard deviation 2.97108e-05
ENERGY:  440000       412.4220      1111.5889      1107.4194        75.8657        -114001.0106      9772.8404         0.0000         0.0000     18507.1386         -83013.7355       300.8679   -101520.8741    -82952.6228       302.7658              6.0879         5.3531    300868.3748       -29.4948       -29.1858

TIMING: 445000  CPU: 451.702, 0.00097891/step  Wall: 458.036, 0.000993471/step, 173.936 ns/days, 0.015178 hours remaining, 0.000000 MB of memory in use.
PERFORMANCE: 445000  averaging 169.545 ns/day, 0.0010192 sec/step with standard deviation 2.96699e-05
ENERGY:  445000       459.8823      1095.8979      1117.1119        84.1688        -114147.5477      9848.0640         0.0000         0.0000     18766.9513         -82775.4715       305.0917   -101542.4229    -82934.8688       302.8596            -67.0925       -64.7386    300466.7790       -35.7863       -35.2169

TIMING: 450000  CPU: 456.633, 0.000986259/step  Wall: 463.045, 0.00100184/step, 172.482 ns/days, 0.0139145 hours remaining, 0.000000 MB of memory in use.
PERFORMANCE: 450000  averaging 169.577 ns/day, 0.00101901 sec/step with standard deviation 2.95594e-05
ETITLE:      TS           BOND          ANGLE          DIHED          IMPRP               ELECT            VDW       BOUNDARY           MISC        KINETIC               TOTAL           TEMP      POTENTIAL       TOTALAVG        TEMPAVG            PRESSURE      GPRESSURE         VOLUME       PRESSAVG      GPRESSAVG

ENERGY:  450000       415.2684      1153.9280      1128.0833        72.2077        -113951.7748      9712.6690         0.0000         0.0000     18600.4728         -82869.1456       302.3852   -101469.6185    -82930.1747       302.8376            -37.5231       -31.4913    300793.1365       -39.5836       -38.7744

TIMING: 455000  CPU: 461.817, 0.0010368/step  Wall: 468.31, 0.0010529/step, 164.117 ns/days, 0.0131613 hours remaining, 0.000000 MB of memory in use.
PERFORMANCE: 455000  averaging 169.515 ns/day, 0.00101938 sec/step with standard deviation 2.96088e-05
ENERGY:  455000       461.7468      1225.1049      1091.2265        65.8135        -114485.6795     10154.3838         0.0000         0.0000     18530.3207         -82957.0833       301.2448   -101487.4040    -82935.3864       302.7489            127.9477       123.8240    300590.1182       -28.2101       -27.7532

TIMING: 460000  CPU: 466.693, 0.000975202/step  Wall: 473.262, 0.000990586/step, 174.442 ns/days, 0.0110065 hours remaining, 0.000000 MB of memory in use.
PERFORMANCE: 460000  averaging 169.567 ns/day, 0.00101906 sec/step with standard deviation 2.95983e-05
ENERGY:  460000       447.1465      1107.6069      1132.5571        83.3592        -114113.9099      9819.5378         0.0000         0.0000     18845.6452         -82678.0572       306.3710   -101523.7024    -82923.0341       303.0163             82.2185        80.4024    299987.3103       -15.1362       -14.8741

TIMING: 465000  CPU: 471.651, 0.000991637/step  Wall: 478.297, 0.00100699/step, 171.601 ns/days, 0.00979018 hours remaining, 0.000000 MB of memory in use.
PERFORMANCE: 465000  averaging 169.589 ns/day, 0.00101893 sec/step with standard deviation 2.94636e-05
ENERGY:  465000       423.2283      1121.6735      1111.3657        76.2664        -113923.9038      9777.5368         0.0000         0.0000     18639.0469         -82774.7863       303.0123   -101413.8332    -82921.9555       303.0033             63.6838        63.4358    300333.0347        -4.8452        -4.4355

TIMING: 470000  CPU: 476.774, 0.00102466/step  Wall: 483.5, 0.00104049/step, 166.075 ns/days, 0.00867078 hours remaining, 0.000000 MB of memory in use.
PERFORMANCE: 470000  averaging 169.551 ns/day, 0.00101916 sec/step with standard deviation 2.9389e-05
ENERGY:  470000       423.6670      1135.4850      1131.5077        71.7716        -113782.0056      9597.7543         0.0000         0.0000     18699.6843         -82722.1358       303.9981   -101421.8200    -82913.7783       302.9890           -245.7749      -247.7530    302507.3045       -19.1565       -18.9325

TIMING: 475000  CPU: 481.673, 0.000979701/step  Wall: 488.475, 0.000995125/step, 173.646 ns/days, 0.00691059 hours remaining, 0.000000 MB of memory in use.
PERFORMANCE: 475000  averaging 169.593 ns/day, 0.00101891 sec/step with standard deviation 2.93361e-05
ENERGY:  475000       451.5139      1091.5865      1128.0734        77.8532        -114139.7389      9839.5868         0.0000         0.0000     18652.1659         -82898.9592       303.2256   -101551.1252    -82920.5065       302.9208             12.4144        12.6411    300266.2969       -16.8073       -16.4479

TIMING: 480000  CPU: 486.604, 0.000986319/step  Wall: 493.483, 0.00100153/step, 172.536 ns/days, 0.00556407 hours remaining, 0.000000 MB of memory in use.
PERFORMANCE: 480000  averaging 169.623 ns/day, 0.00101873 sec/step with standard deviation 2.92351e-05
ENERGY:  480000       420.8369      1125.1565      1127.0961        65.0552        -114070.9248      9785.1176         0.0000         0.0000     18725.9412         -82821.7214       304.4250   -101547.6625    -82928.7790       302.9147             92.1032        95.3706    299740.4947       -10.9765       -10.6036

TIMING: 485000  CPU: 491.681, 0.00101533/step  Wall: 498.636, 0.00103062/step, 167.667 ns/days, 0.00429423 hours remaining, 0.000000 MB of memory in use.
PERFORMANCE: 485000  averaging 169.603 ns/day, 0.00101885 sec/step with standard deviation 2.91075e-05
ENERGY:  485000       414.8181      1135.4568      1104.5296        85.6567        -113990.7028      9859.0610         0.0000         0.0000     18835.6096         -82555.5710       306.2078   -101391.1806    -82912.5831       302.9900            194.2937       195.1227    300083.6397         3.8036         3.9042

TIMING: 490000  CPU: 496.629, 0.000989607/step  Wall: 503.663, 0.00100539/step, 171.874 ns/days, 0.00279274 hours remaining, 0.000000 MB of memory in use.
PERFORMANCE: 490000  averaging 169.625 ns/day, 0.00101872 sec/step with standard deviation 2.8989e-05
ENERGY:  490000       407.4562      1154.6407      1111.6795        78.5766        -113607.6017      9496.8611         0.0000         0.0000     18758.7988         -82599.5888       304.9591   -101358.3877    -82898.7064       303.1634            -67.3416       -67.4876    300654.3478        -2.1203        -2.1771

TIMING: 495000  CPU: 501.52, 0.000978208/step  Wall: 508.629, 0.000993207/step, 173.982 ns/days, 0.00137945 hours remaining, 0.000000 MB of memory in use.
PERFORMANCE: 495000  averaging 169.668 ns/day, 0.00101846 sec/step with standard deviation 2.89544e-05
ENERGY:  495000       429.7434      1138.7121      1114.0078        61.4029        -114329.1244      9870.5173         0.0000         0.0000     18435.0874         -83279.6535       299.6966   -101714.7408    -82919.3556       303.0014           -197.5190      -195.7133    301555.2170         0.4043         0.6326

TIMING: 500000  CPU: 506.677, 0.00103142/step  Wall: 513.861, 0.00104637/step, 165.142 ns/days, 0 hours remaining, 0.000000 MB of memory in use.
PERFORMANCE: 500000  averaging 169.622 ns/day, 0.00101874 sec/step with standard deviation 2.89428e-05
ETITLE:      TS           BOND          ANGLE          DIHED          IMPRP               ELECT            VDW       BOUNDARY           MISC        KINETIC               TOTAL           TEMP      POTENTIAL       TOTALAVG        TEMPAVG            PRESSURE      GPRESSURE         VOLUME       PRESSAVG      GPRESSAVG

ENERGY:  500000       453.9343      1139.5760      1120.8624        77.5534        -113947.7017      9821.4051         0.0000         0.0000     18472.6671         -82861.7034       300.3075   -101334.3705    -82900.5039       302.8192             -4.0329         0.5634    300768.5956         6.0088         6.3374

WRITING EXTENDED SYSTEM TO OUTPUT FILE AT STEP 500000
WRITING COORDINATES TO OUTPUT FILE AT STEP 500000
WRITING VELOCITIES TO OUTPUT FILE AT STEP 500000
The last velocity output (seq=-2) takes 0.140 seconds, 0.000 MB of memory in use
====================================================

WallClock: 518.520081  CPUTime: 494.106628  Memory: 0.000000 MB
[Partition 0][Node 0] End of program
