Charm++> Running on MPI library: Open MPI v4.1.5a1, package: Open MPI software@d001.sol.rc.asu.edu Distribution, ident: 4.1.5a1, repo rev: v4.1.4-32-g5abd86cc8c, Unreleased developer copy (MPI standard: 3.1)
Charm++> Level of thread support used: MPI_THREAD_FUNNELED (desired: MPI_THREAD_FUNNELED)
Charm++> Running in SMP mode: 1 processes, 3 worker threads (PEs) + 1 comm threads per process, 3 PEs total
Charm++> The comm. thread both sends and receives messages
Charm++> Using recursive bisection (scheme 3) for topology aware partitions
Converse/Charm++ Commit ID: v8.0.1-devel-35-gf310838d5
Charm++ communication thread will sleep due to single-process run.
CharmLB> Load balancer assumes all CPUs are same.
Charm++> cpu affinity enabled. 
Charm++> Running on 1 hosts (2 sockets x 2 cores x 1 PUs = 4-way SMP)
Charm++> cpu topology info is gathered in 0.003 seconds.
Info: Built with CUDA version 12090
Pe 1 physical rank 1 will use CUDA device of pe 2
Pe 0 physical rank 0 will use CUDA device of pe 2
Pe 2 physical rank 2 binding to CUDA device 0 on sg015: 'NVIDIA A100-SXM4-80GB'  Mem: 81152MB  Rev: 8.0  PCI: 0:1:0
CharmLB> Load balancing instrumentation for communication is off.
Info: NAMD 3.1alpha3 for Linux-x86_64-MPI-smp-CUDA
Info: 
Info: Please visit http://www.ks.uiuc.edu/Research/namd/
Info: for updates, documentation, and support information.
Info: 
Info: Please cite Phillips et al., J. Chem. Phys. 153:044130 (2020) doi:10.1063/5.0014475
Info: in all publications reporting results obtained with NAMD.
Info: 
Info: Based on Charm++/Converse 80001 for mpi-linux-x86_64
Info: Built Sat Mar 7 00:53:23 MST 2026 by athiru12 on sg015
Info: 1 NAMD  3.1alpha3  Linux-x86_64-MPI-smp-CUDA  3    sg015  athiru12
Info: Running on 3 processors, 1 nodes, 1 physical nodes.
Info: CPU topology information available.
Info: Charm++/Converse parallel runtime startup completed at 0.213473 s
CkLoopLib is used in SMP with simple dynamic scheduling (converse-level notification)
Info: 0 MB of memory in use based on /proc/self/stat
Info: Configuration file is input/step5_opt_vanilla_run_1.inp
Info: Changed directory to input
TCL: Suspending until startup complete.
Warning: Option "1-4scaling" has been deprecated. Instead use "oneFourScaling".
Info: EXTENDED SYSTEM FILE   ../output/vanilla/performance/equil/1-1-40/run-1/step4_equilibration.xsc
Info: Tuning parameters to improve GPU-resident performance
Info: Setting margin to 4
Warning: The Langevin gamma parameters differ over the particles,
Warning: requiring extra work per step to constrain rigid bonds.
Info: Enabling PMEOffload because PMEInterpOrder > 4.
Info: Running with GPU-resident mode
Warning: Always using force tables for GPU nonbonded kernel due to unsupported config parameters.
Info: SIMULATION PARAMETERS:
Info: TIMESTEP               2
Info: NUMBER OF STEPS        500000
Info: STEPS PER CYCLE        20
Info: PERIODIC CELL BASIS 1  69 0 0
Info: PERIODIC CELL BASIS 2  0 69 0
Info: PERIODIC CELL BASIS 3  0 0 69
Info: PERIODIC CELL CENTER   0 0 0
Info: WRAPPING WATERS AROUND PERIODIC BOUNDARIES ON OUTPUT.
Info: WRAPPING ALL CLUSTERS AROUND PERIODIC BOUNDARIES ON OUTPUT.
Info: LOAD BALANCER  Centralized
Info: LOAD BALANCING STRATEGY  New Load Balancers -- DEFAULT
Info: LDB PERIOD             4000 steps
Info: FIRST LDB TIMESTEP     100
Info: LAST LDB TIMESTEP     -1
Info: LDB BACKGROUND SCALING 1
Info: HOM BACKGROUND SCALING 1
Info: PME BACKGROUND SCALING 1
Info: MIN ATOMS PER PATCH    40
Info: EMPTY PATCH LOAD       40 ATOMS
Info: VELOCITY FILE          ../output/vanilla/performance/equil/1-1-40/run-1/step4_equilibration.vel
Info: CENTER OF MASS MOVING INITIALLY? NO
Info: DIELECTRIC             1
Info: EXCLUDE                SCALED ONE-FOUR
Info: 1-4 ELECTROSTATICS SCALED BY 1
Info: MODIFIED 1-4 VDW PARAMETERS WILL BE USED
Info: NO DCD TRAJECTORY OUTPUT
Info: NO EXTENDED SYSTEM TRAJECTORY OUTPUT
Info: NO VELOCITY DCD OUTPUT
Info: NO FORCE DCD OUTPUT
Info: OUTPUT FILENAME        ../output/vanilla/optimization/prod/1-1-3/run-1/step5_opt_vanilla
Info: BINARY OUTPUT FILES WILL BE USED
Info: NO RESTART FILE
Info: NAMD will save positions and velocities to ../output/vanilla/optimization/prod/1-1-3/run-1/step5_opt_vanilla.crash.csv when  atoms are moving too fast.
Info: SWITCHING ACTIVE
Info: VDW FORCE SWITCHING ACTIVE
Info: SWITCHING ON           10
Info: SWITCHING OFF          12
Info: PAIRLIST DISTANCE      16
Info: PAIRLIST SHRINK RATE   0.01
Info: PAIRLIST GROW RATE     0.01
Info: PAIRLIST TRIGGER       0.3
Info: PAIRLISTS PER CYCLE    2
Info: PAIRLISTS ENABLED
Info: MARGIN                 4
Info: HYDROGEN GROUP CUTOFF  2.5
Info: PATCH DIMENSION        22.5
Info: ENERGY OUTPUT STEPS    5000
Info: ENERGY EVALUATION STEPS    5000
Info: OUTPUT ENERGY PRECISION 4
Info: CROSSTERM ENERGY INCLUDED IN DIHEDRAL
Info: TIMING OUTPUT STEPS    5000
Info: LANGEVIN DYNAMICS ACTIVE
Info: LANGEVIN TEMPERATURE   303.15
Info: LANGEVIN USING BBK INTEGRATOR
Info: LANGEVIN DAMPING COEFFICIENT IS 1 INVERSE PS
Info: LANGEVIN DYNAMICS NOT APPLIED TO HYDROGENS
Info: LANGEVIN PISTON PRESSURE CONTROL ACTIVE
Info:        TARGET PRESSURE IS 1.01325 BAR
Info:     OSCILLATION PERIOD IS 50 FS
Info:             DECAY TIME IS 25 FS
Info:     PISTON TEMPERATURE IS 303.15 K
Info:       PRESSURE CONTROL IS GROUP-BASED
Info:    INITIAL STRAIN RATE IS 0 0 0
Info:       CELL FLUCTUATION IS ISOTROPIC
Info: PARTICLE MESH EWALD (PME) ACTIVE
Info: PME TOLERANCE               1e-06
Info: PME EWALD COEFFICIENT       0.257952
Info: PME INTERPOLATION ORDER     6
Info: PME GRID DIMENSIONS         72 72 72
Info: PME MAXIMUM GRID SPACING    1
Info: PME RECIPROCAL SUM OFFLOADED TO GPU
Info: PME CALCULATION WILL BE PERFORMED ON GPU
Info: FULL ELECTROSTATIC EVALUATION FREQUENCY      1
Info: USING VERLET I (r-RESPA) MTS SCHEME.
Info: C1 SPLITTING OF LONG RANGE ELECTROSTATICS
Info: PLACING ATOMS IN PATCHES BY HYDROGEN GROUPS
Info: RIGID BONDS TO HYDROGEN : ALL
Info:         ERROR TOLERANCE : 1e-08
Info:          MAX ITERATIONS : 100
Info: RIGID WATER USING SETTLE ALGORITHM
Info: RANDOM NUMBER SEED     1777394228
Info: USE HYDROGEN BONDS?    NO
Info: COORDINATE PDB         step3_input.pdb
Info: STRUCTURE FILE         step3_input.psf
Info: PARAMETER file: CHARMM format! 
Info: PARAMETERS             toppar/par_all36m_prot.prm
Info: PARAMETERS             toppar/par_all36_na.prm
Info: PARAMETERS             toppar/par_all36_carb.prm
Info: PARAMETERS             toppar/par_all36_lipid.prm
Info: PARAMETERS             toppar/par_all36_cgenff.prm
Info: PARAMETERS             toppar/par_interface.prm
Info: PARAMETERS             toppar/toppar_all36_moreions.str
Info: PARAMETERS             toppar/toppar_all36_nano_lig.str
Info: PARAMETERS             toppar/toppar_all36_nano_lig_patch.str
Info: PARAMETERS             toppar/toppar_all36_synthetic_polymer.str
Info: PARAMETERS             toppar/toppar_all36_synthetic_polymer_patch.str
Info: PARAMETERS             toppar/toppar_all36_polymer_solvent.str
Info: PARAMETERS             toppar/toppar_water_ions.str
Info: PARAMETERS             toppar/toppar_dum_noble_gases.str
Info: PARAMETERS             toppar/toppar_ions_won.str
Info: PARAMETERS             toppar/cam.str
Info: PARAMETERS             toppar/toppar_all36_prot_arg0.str
Info: PARAMETERS             toppar/toppar_all36_prot_c36m_d_aminoacids.str
Info: PARAMETERS             toppar/toppar_all36_prot_fluoro_alkanes.str
Info: PARAMETERS             toppar/toppar_all36_prot_heme.str
Info: PARAMETERS             toppar/toppar_all36_prot_na_combined.str
Info: PARAMETERS             toppar/toppar_all36_prot_retinol.str
Info: PARAMETERS             toppar/toppar_all36_prot_model.str
Info: PARAMETERS             toppar/toppar_all36_prot_modify_res.str
Info: PARAMETERS             toppar/toppar_all36_na_nad_ppi.str
Info: PARAMETERS             toppar/toppar_all36_na_rna_modified.str
Info: PARAMETERS             toppar/toppar_all36_lipid_sphingo.str
Info: PARAMETERS             toppar/toppar_all36_lipid_archaeal.str
Info: PARAMETERS             toppar/toppar_all36_lipid_bacterial.str
Info: PARAMETERS             toppar/toppar_all36_lipid_cardiolipin.str
Info: PARAMETERS             toppar/toppar_all36_lipid_cholesterol.str
Info: PARAMETERS             toppar/toppar_all36_lipid_dag.str
Info: PARAMETERS             toppar/toppar_all36_lipid_inositol.str
Info: PARAMETERS             toppar/toppar_all36_lipid_lnp.str
Info: PARAMETERS             toppar/toppar_all36_lipid_lps.str
Info: PARAMETERS             toppar/toppar_all36_lipid_mycobacterial.str
Info: PARAMETERS             toppar/toppar_all36_lipid_miscellaneous.str
Info: PARAMETERS             toppar/toppar_all36_lipid_model.str
Info: PARAMETERS             toppar/toppar_all36_lipid_prot.str
Info: PARAMETERS             toppar/toppar_all36_lipid_tag.str
Info: PARAMETERS             toppar/toppar_all36_lipid_yeast.str
Info: PARAMETERS             toppar/toppar_all36_lipid_hmmm.str
Info: PARAMETERS             toppar/toppar_all36_lipid_detergent.str
Info: PARAMETERS             toppar/toppar_all36_lipid_ether.str
Info: PARAMETERS             toppar/toppar_all36_lipid_oxidized.str
Info: PARAMETERS             toppar/toppar_all36_carb_glycolipid.str
Info: PARAMETERS             toppar/toppar_all36_carb_glycopeptide.str
Info: PARAMETERS             toppar/toppar_all36_carb_imlab.str
Info: PARAMETERS             toppar/toppar_all36_label_spin.str
Info: PARAMETERS             toppar/toppar_all36_label_fluorophore.str
Info: USING ARITHMETIC MEAN TO COMBINE L-J SIGMA PARAMETERS
Info: BINARY COORDINATES     ../output/vanilla/performance/equil/1-1-40/run-1/step4_equilibration.coor
Warning: SKIPPING PART OF PARAMETER FILE AFTER RETURN STATEMENT

Warning: DUPLICATE DIHEDRAL ENTRY FOR HAL1-CTO1-C-NHL
PREVIOUS VALUES MULTIPLICITY: 1
  k=0  n=1  delta=0INCREASING MULTIPLICITY TO: 2
  k=0  n=3  delta=0

Warning: DUPLICATE DIHEDRAL ENTRY FOR HAL1-CTO1-C-O
PREVIOUS VALUES MULTIPLICITY: 1
  k=0  n=1  delta=0INCREASING MULTIPLICITY TO: 2
  k=0  n=2  delta=3.14159
Warning: SKIPPING PART OF PARAMETER FILE AFTER RETURN STATEMENT

Warning: DUPLICATE DIHEDRAL ENTRY FOR CTL2-CG2O5-CTL1-CTL3
PREVIOUS VALUES MULTIPLICITY: 1
  k=0.75  n=1  delta=0  k=0.18  n=2  delta=3.14159INCREASING MULTIPLICITY TO: 3
  k=0.065  n=3  delta=0

Warning: DUPLICATE BOND ENTRY FOR CEL1-CL
PREVIOUS VALUES  k=440  x0=1.489
   USING VALUES  k=300  x0=1.48
Info: SUMMARY OF PARAMETERS:
Info: 1988 BONDS
Info: 6776 ANGLES
Info: 19939 DIHEDRAL
Info: 430 IMPROPER
Info: 28 CROSSTERM
Info: 751 VDW
Info: 122 VDW_PAIRS
Info: 0 NBTHOLE_PAIRS
Warning: Ignored 9467 bonds with zero force constants.
Warning: Will get H-H distance in rigid H2O from H-O-H angle.
Info: TIME FOR READING PSF FILE: 0.322696
Info: Reading pdb file step3_input.pdb
Info: TIME FOR READING PDB FILE: 0.0770231
Info: 
Info: ****************************
Info: STRUCTURE SUMMARY:
Info: 30423 ATOMS
Info: 20918 BONDS
Info: 13014 ANGLES
Info: 5187 DIHEDRALS
Info: 373 IMPROPERS
Info: 127 CROSSTERMS
Info: 0 EXCLUSIONS
Info: 29360 RIGID BONDS
Info: 61909 DEGREES OF FREEDOM
Info: 10530 HYDROGEN GROUPS
Info: 4 ATOMS IN LARGEST HYDROGEN GROUP
Info: 10530 MIGRATION GROUPS
Info: 4 ATOMS IN LARGEST MIGRATION GROUP
Info: TOTAL MASS = 186727 amu
Info: TOTAL CHARGE = 1.31875e-06 e
Info: MASS DENSITY = 0.943883 g/cm^3
Info: ATOM DENSITY = 0.0926093 atoms/A^3
Info: *****************************
Info: Reading from binary file ../output/vanilla/performance/equil/1-1-40/run-1/step4_equilibration.coor
Info: 
Info: Entering startup at 1.62096 s, 0 MB of memory in use
Info: Startup phase 0 took 7.2817e-05 s, 0 MB of memory in use
Info: ADDED 39038 IMPLICIT EXCLUSIONS
Info: Startup phase 1 took 0.00629065 s, 0 MB of memory in use
Info: NONBONDED TABLE R-SQUARED SPACING: 0.0625
Info: NONBONDED TABLE SIZE: 769 POINTS
Info: INCONSISTENCY IN FAST TABLE ENERGY VS FORCE: 0.000325096 AT 11.9556
Info: INCONSISTENCY IN SCOR TABLE ENERGY VS FORCE: 0.000324844 AT 11.9556
Info: INCONSISTENCY IN VDWA TABLE ENERGY VS FORCE: 0.0040507 AT 0.251946
Info: INCONSISTENCY IN VDWB TABLE ENERGY VS FORCE: 0.00150189 AT 0.251946
Info: Startup phase 2 took 0.0143626 s, 0 MB of memory in use
Info: Startup phase 3 took 3.7391e-05 s, 0 MB of memory in use
Info: Startup phase 4 took 0.000159902 s, 0 MB of memory in use
Info: Startup phase 5 took 2.4245e-05 s, 0 MB of memory in use
Info: PATCH GRID IS 3 (PERIODIC) BY 3 (PERIODIC) BY 3 (PERIODIC)
Info: PATCH GRID IS 1-AWAY BY 1-AWAY BY 1-AWAY
Info: Reading from binary file ../output/vanilla/performance/equil/1-1-40/run-1/step4_equilibration.vel
Info: REMOVING COM VELOCITY -0.0336669 0.0174485 0.0184506
Info: LARGEST PATCH (13) HAS 1314 ATOMS
Info: TORUS A SIZE 1 USING 0
Info: TORUS B SIZE 1 USING 0
Info: TORUS C SIZE 1 USING 0
Info: TORUS MINIMAL MESH SIZE IS 1 BY 1 BY 1
Info: Placed 100% of base nodes on same physical node as patch
Info: Startup phase 6 took 0.0304564 s, 0 MB of memory in use
Info: Use 3D box decompostion in PME FFT.
Info: PME using 1 x 1 x 1 pencil grid for FFT and reciprocal sum.
Info: Startup phase 7 took 0.000261924 s, 0 MB of memory in use
Info: Updated CUDA force table with 4096 elements.
Info: Updated CUDA LJ table with 751 x 751 elements.
Info: Startup phase 8 took 0.00643072 s, 0 MB of memory in use
Info: Startup phase 9 took 5.9533e-05 s, 0 MB of memory in use
Info: Startup phase 10 took 2.2001e-05 s, 0 MB of memory in use
Info: Startup phase 11 took 0.00568492 s, 0 MB of memory in use
LDB: Central LB being created...
Info: Startup phase 12 took 0.167306 s, 0 MB of memory in use
Info: Startup phase 13 took 4.8061e-05 s, 0 MB of memory in use
Info: Startup phase 14 took 0.000106731 s, 0 MB of memory in use
Info: Startup phase 15 took 3.0368e-05 s, 0 MB of memory in use
Info: CREATING 591 COMPUTE OBJECTS
Info: Found 268 unique exclusion lists needing 4316 bytes
Info: useSync: 0 useProxySync: 0
Info: Startup phase 16 took 0.0414997 s, 0 MB of memory in use
Info: Startup phase 17 took 7.8027e-05 s, 0 MB of memory in use
Info: Startup phase 18 took 2.2172e-05 s, 0 MB of memory in use
Info: Finished startup at 1.89391 s, 0 MB of memory in use

TCL: Original numsteps 500000 will be ignored.
TCL: Running for 500000 steps
ETITLE:      TS           BOND          ANGLE          DIHED          IMPRP               ELECT            VDW       BOUNDARY           MISC        KINETIC               TOTAL           TEMP      POTENTIAL       TOTALAVG        TEMPAVG            PRESSURE      GPRESSURE         VOLUME       PRESSAVG      GPRESSAVG

ENERGY:       0       415.9882      1126.4020      1113.9287        73.0728        -111469.0288      9146.7412         0.0000         0.0000     18644.8552         -80948.0408       303.1068    -99592.8960    -80948.0408       303.1068          -1236.5348     -1238.2671    328509.0000     -1236.5348     -1238.2671

Info: Initial time: 3 CPUs 0.00216024 s/step 79.9911 ns/day 0 MB memory
Info: Initial time: 3 CPUs 0.00116458 s/step 148.38 ns/day 0 MB memory
Info: Initial time: 3 CPUs 0.00115359 s/step 149.793 ns/day 0 MB memory
Info: Benchmark time: 3 CPUs 0.00115404 s/step 149.735 ns/day 0 MB memory
Info: Benchmark time: 3 CPUs 0.00117369 s/step 147.227 ns/day 0 MB memory
Info: Benchmark time: 3 CPUs 0.00117471 s/step 147.1 ns/day 0 MB memory
Info: Benchmark time: 3 CPUs 0.00115073 s/step 150.166 ns/day 0 MB memory
Info: Benchmark time: 3 CPUs 0.00115313 s/step 149.853 ns/day 0 MB memory
Info: Benchmark time: 3 CPUs 0.0012283 s/step 140.682 ns/day 0 MB memory
TIMING: 5000  CPU: 7.43953, 0.00116415/step  Wall: 6.06159, 0.00118817/step, 145.434 ns/days, 0.163373 hours remaining, 0.000000 MB of memory in use.
PERFORMANCE: 5000  averaging 145.434 ns/day, 0.00118817 sec/step with standard deviation 0
ENERGY:    5000       417.4193      1092.7880      1110.8592        75.9670        -113918.4236      9697.9770         0.0000         0.0000     18587.1085         -82936.3046       302.1680   -101523.4131    -81942.1727       302.6374             86.0312        88.7261    298827.8950      -575.2518      -574.7705

TIMING: 10000  CPU: 13.1992, 0.00115193/step  Wall: 11.8386, 0.0011554/step, 149.559 ns/days, 0.157262 hours remaining, 0.000000 MB of memory in use.
PERFORMANCE: 10000  averaging 147.468 ns/day, 0.00117178 sec/step with standard deviation 2.31706e-05
ENERGY:   10000       426.6104      1082.5839      1127.6945        80.0386        -114481.7951      9932.6310         0.0000         0.0000     18717.7292         -83114.5076       304.2915   -101832.2368    -82332.9510       303.1887            127.6351       127.6754    300922.1619      -340.9562      -340.6219

TIMING: 15000  CPU: 19.0075, 0.00116167/step  Wall: 17.665, 0.00116529/step, 148.289 ns/days, 0.15699 hours remaining, 0.000000 MB of memory in use.
PERFORMANCE: 15000  averaging 147.741 ns/day, 0.00116962 sec/step with standard deviation 1.68074e-05
ENERGY:   15000       451.2201      1169.2843      1130.7533        85.2218        -113948.5721      9711.4293         0.0000         0.0000     18658.9514         -82741.7119       303.3359   -101400.6633    -82435.1412       303.2255             21.7326        21.8995    301315.0501      -250.2840      -249.9915

TIMING: 20000  CPU: 24.7715, 0.00115281/step  Wall: 23.4499, 0.00115699/step, 149.353 ns/days, 0.154265 hours remaining, 0.000000 MB of memory in use.
PERFORMANCE: 20000  averaging 148.141 ns/day, 0.00116646 sec/step with standard deviation 1.51065e-05
ENERGY:   20000       435.6093      1111.2804      1116.6879        67.7892        -114094.9992      9813.8367         0.0000         0.0000     18737.6532         -82812.1425       304.6154   -101549.7958    -82510.5415       303.5035           -104.9150      -107.2397    300397.0361      -221.2102      -221.4412

TIMING: 25000  CPU: 30.5323, 0.00115215/step  Wall: 29.2277, 0.00115556/step, 149.538 ns/days, 0.152469 hours remaining, 0.000000 MB of memory in use.
PERFORMANCE: 25000  averaging 148.418 ns/day, 0.00116428 sec/step with standard deviation 1.39618e-05
ENERGY:   25000       445.1628      1148.9580      1099.9989        67.2835        -114237.8419      9749.3752         0.0000         0.0000     18472.6310         -83254.4326       300.3069   -101727.0636    -82634.5233       302.9707            -57.7516       -61.7780    301040.5808      -193.9671      -194.8306

TIMING: 30000  CPU: 36.3257, 0.00115869/step  Wall: 35.0405, 0.00116256/step, 148.638 ns/days, 0.151779 hours remaining, 0.000000 MB of memory in use.
PERFORMANCE: 30000  averaging 148.455 ns/day, 0.00116399 sec/step with standard deviation 1.25075e-05
ENERGY:   30000       449.7315      1147.3256      1110.0484        71.2644        -113750.0831      9612.7149         0.0000         0.0000     18528.5765         -82830.4218       301.2164   -101358.9983    -82662.5088       302.7201           -154.4591      -152.8740    301274.6003      -188.3231      -188.8368

TIMING: 35000  CPU: 42.0955, 0.00115396/step  Wall: 40.8274, 0.00115738/step, 149.303 ns/days, 0.149495 hours remaining, 0.000000 MB of memory in use.
PERFORMANCE: 35000  averaging 148.575 ns/day, 0.00116305 sec/step with standard deviation 1.16881e-05
ENERGY:   35000       418.6014      1143.0507      1137.5239        66.8690        -114174.0567      9861.7980         0.0000         0.0000     18610.0865         -82936.1272       302.5415   -101546.2137    -82696.7111       302.6978            -66.4615       -62.9492    302493.3011      -173.0904      -173.1009

TIMING: 40000  CPU: 47.8864, 0.00115818/step  Wall: 46.6366, 0.00116183/step, 148.731 ns/days, 0.148456 hours remaining, 0.000000 MB of memory in use.
PERFORMANCE: 40000  averaging 148.595 ns/day, 0.00116289 sec/step with standard deviation 1.08297e-05
ENERGY:   40000       426.1031      1144.2363      1148.8321        65.3727        -114128.5122      9746.6852         0.0000         0.0000     18737.3742         -82859.9085       304.6108   -101597.2828    -82714.8442       302.9103              5.9364         6.3461    299991.5585      -153.1985      -153.1623

TIMING: 45000  CPU: 53.6492, 0.00115255/step  Wall: 52.4177, 0.00115622/step, 149.452 ns/days, 0.146134 hours remaining, 0.000000 MB of memory in use.
PERFORMANCE: 45000  averaging 148.689 ns/day, 0.00116215 sec/step with standard deviation 1.03716e-05
ENERGY:   45000       442.9253      1123.2880      1105.3746        67.2679        -113756.5815      9536.5642         0.0000         0.0000     18516.6435         -82964.5179       301.0224   -101481.1614    -82739.8116       302.7216           -227.1125      -228.6188    300644.6959      -160.5899      -160.7080

TIMING: 50000  CPU: 59.4366, 0.00115749/step  Wall: 58.2217, 0.00116081/step, 148.861 ns/days, 0.145102 hours remaining, 0.000000 MB of memory in use.
PERFORMANCE: 50000  averaging 148.707 ns/day, 0.00116202 sec/step with standard deviation 9.78758e-06
ETITLE:      TS           BOND          ANGLE          DIHED          IMPRP               ELECT            VDW       BOUNDARY           MISC        KINETIC               TOTAL           TEMP      POTENTIAL       TOTALAVG        TEMPAVG            PRESSURE      GPRESSURE         VOLUME       PRESSAVG      GPRESSAVG

ENERGY:   50000       433.2949      1122.2575      1115.9512        76.3679        -113861.8227      9721.7161         0.0000         0.0000     18755.7498         -82636.4855       304.9095   -101392.2353    -82730.4183       302.9205             -1.7662        -2.8416    300379.5128      -146.1514      -146.3565

TIMING: 55000  CPU: 65.1964, 0.00115194/step  Wall: 63.9997, 0.0011556/step, 149.533 ns/days, 0.142845 hours remaining, 0.000000 MB of memory in use.
PERFORMANCE: 55000  averaging 148.781 ns/day, 0.00116144 sec/step with standard deviation 9.48504e-06
ENERGY:   55000       441.4483      1119.3436      1111.5279        69.7311        -114164.2325      9880.2319         0.0000         0.0000     18555.5181         -82986.4314       301.6544   -101541.9495    -82751.7527       302.8150            127.1738       128.5697    299776.6703      -123.3743      -123.4460

TIMING: 60000  CPU: 70.9872, 0.00115818/step  Wall: 69.8086, 0.00116177/step, 148.739 ns/days, 0.141994 hours remaining, 0.000000 MB of memory in use.
PERFORMANCE: 60000  averaging 148.778 ns/day, 0.00116146 sec/step with standard deviation 9.04414e-06
ENERGY:   60000       411.8398      1101.3021      1157.0387        77.6174        -114164.1525      9842.8613         0.0000         0.0000     18685.1706         -82888.3226       303.7622   -101573.4932    -82762.2581       302.8878            145.5690       146.3330    299787.6509      -102.6863      -102.6937

TIMING: 65000  CPU: 76.7748, 0.00115752/step  Wall: 75.6128, 0.00116086/step, 148.856 ns/days, 0.14027 hours remaining, 0.000000 MB of memory in use.
PERFORMANCE: 65000  averaging 148.784 ns/day, 0.00116142 sec/step with standard deviation 8.66074e-06
ENERGY:   65000       400.6080      1140.7154      1121.6110        74.0217        -113863.5245      9573.0944         0.0000         0.0000     18520.4896         -83032.9844       301.0850   -101553.4740    -82781.5957       302.7590            -36.2389       -35.7819    299972.9057       -97.9401       -97.9143

TIMING: 70000  CPU: 82.5173, 0.00114849/step  Wall: 81.3789, 0.00115322/step, 149.841 ns/days, 0.137746 hours remaining, 0.000000 MB of memory in use.
PERFORMANCE: 70000  averaging 148.859 ns/day, 0.00116083 sec/step with standard deviation 8.60458e-06
ENERGY:   70000       440.9122      1106.7124      1116.1683        72.3208        -113913.1086      9734.9254         0.0000         0.0000     18637.8754         -82804.1942       302.9933   -101442.0695    -82783.1022       302.7747             69.8765        71.2132    300280.8498       -86.7523       -86.6391

TIMING: 75000  CPU: 88.2353, 0.00114361/step  Wall: 87.119, 0.00114802/step, 150.521 ns/days, 0.13553 hours remaining, 0.000000 MB of memory in use.
PERFORMANCE: 75000  averaging 148.969 ns/day, 0.00115998 sec/step with standard deviation 8.92746e-06
ENERGY:   75000       442.0835      1059.9493      1108.5186        77.2612        -113956.4095      9804.6588         0.0000         0.0000     18612.0746         -82851.8635       302.5738   -101463.9381    -82787.3998       302.7621            125.5110       124.7206    301016.5913       -73.4859       -73.4292

TIMING: 80000  CPU: 94.0197, 0.00115687/step  Wall: 92.9271, 0.00116161/step, 148.759 ns/days, 0.135521 hours remaining, 0.000000 MB of memory in use.
PERFORMANCE: 80000  averaging 148.955 ns/day, 0.00116008 sec/step with standard deviation 8.63441e-06
ENERGY:   80000       470.5777      1176.0801      1144.5656        71.4561        -113851.7815      9663.6864         0.0000         0.0000     18839.7850         -82485.6306       306.2757   -101325.4156    -82769.6487       302.9688           -104.6906      -105.2192    300483.0975       -75.3214       -75.2992

TIMING: 85000  CPU: 99.8063, 0.00115733/step  Wall: 98.7366, 0.00116191/step, 148.721 ns/days, 0.133942 hours remaining, 0.000000 MB of memory in use.
PERFORMANCE: 85000  averaging 148.942 ns/day, 0.00116019 sec/step with standard deviation 8.37197e-06
ENERGY:   85000       432.4228      1126.7679      1118.9905        73.8301        -114309.0486      9882.3097         0.0000         0.0000     18444.7696         -83229.9581       299.8540   -101674.7277    -82795.2214       302.7957             58.9227        60.9464    300973.7628       -67.8634       -67.7300

TIMING: 90000  CPU: 105.605, 0.00115975/step  Wall: 104.557, 0.0011641/step, 148.441 ns/days, 0.132578 hours remaining, 0.000000 MB of memory in use.
PERFORMANCE: 90000  averaging 148.914 ns/day, 0.0011604 sec/step with standard deviation 8.17425e-06
ENERGY:   90000       459.1003      1088.5481      1122.1380        68.9814        -114004.4876      9839.2773         0.0000         0.0000     18629.3413         -82797.1012       302.8545   -101426.4425    -82795.3204       302.7988            -31.5037       -32.7793    302577.1999       -65.9498       -65.8905

TIMING: 95000  CPU: 111.392, 0.0011573/step  Wall: 110.366, 0.00116178/step, 148.738 ns/days, 0.1307 hours remaining, 0.000000 MB of memory in use.
PERFORMANCE: 95000  averaging 148.904 ns/day, 0.00116048 sec/step with standard deviation 7.95017e-06
ENERGY:   95000       427.4634      1118.1079      1150.8761        77.1199        -114013.0346      9814.3077         0.0000         0.0000     18667.1567         -82758.0030       303.4693   -101425.1597    -82793.4545       302.8324            113.4281       110.0085    299607.5013       -56.9809       -57.0955

TIMING: 100000  CPU: 117.152, 0.00115216/step  Wall: 116.15, 0.00115681/step, 149.377 ns/days, 0.128534 hours remaining, 0.000000 MB of memory in use.
PERFORMANCE: 100000  averaging 148.928 ns/day, 0.00116029 sec/step with standard deviation 7.78151e-06
ETITLE:      TS           BOND          ANGLE          DIHED          IMPRP               ELECT            VDW       BOUNDARY           MISC        KINETIC               TOTAL           TEMP      POTENTIAL       TOTALAVG        TEMPAVG            PRESSURE      GPRESSURE         VOLUME       PRESSAVG      GPRESSAVG

ENERGY:  100000       418.6550      1144.1995      1118.3451        70.9885        -114385.3053      9791.0350         0.0000         0.0000     18553.2126         -83288.8697       301.6169   -101842.0822    -82910.4959       302.7579           -100.2964      -105.1059    299264.9310        -0.1690        -0.4375

TIMING: 105000  CPU: 122.911, 0.00115162/step  Wall: 121.927, 0.00115546/step, 149.551 ns/days, 0.126779 hours remaining, 0.000000 MB of memory in use.
PERFORMANCE: 105000  averaging 148.958 ns/day, 0.00116006 sec/step with standard deviation 7.65753e-06
ENERGY:  105000       468.5434      1096.9393      1130.7211        85.3059        -114549.6797      9848.8598         0.0000         0.0000     18784.9960         -83134.3142       305.3850   -101919.3102    -82920.3964       302.9187           -182.6519      -182.1562    300882.5907       -13.6031       -13.9816

TIMING: 110000  CPU: 128.68, 0.00115392/step  Wall: 127.715, 0.00115745/step, 149.294 ns/days, 0.12539 hours remaining, 0.000000 MB of memory in use.
PERFORMANCE: 110000  averaging 148.973 ns/day, 0.00115994 sec/step with standard deviation 7.49379e-06
ENERGY:  110000       429.0648      1146.8745      1121.4095        75.3022        -113738.9954      9614.7252         0.0000         0.0000     18514.9755         -82836.6439       300.9953   -101351.6193    -82906.5032       302.7539           -137.1896      -136.1878    300822.6194       -26.8444       -27.1747

TIMING: 115000  CPU: 134.44, 0.00115202/step  Wall: 133.491, 0.00115528/step, 149.574 ns/days, 0.123551 hours remaining, 0.000000 MB of memory in use.
PERFORMANCE: 115000  averaging 148.999 ns/day, 0.00115974 sec/step with standard deviation 7.38577e-06
ENERGY:  115000       442.6533      1134.2676      1126.3263        68.7790        -114227.6639      9869.7401         0.0000         0.0000     18572.5140         -83013.3837       301.9307   -101585.8978    -82920.0868       302.6837            204.2733       204.0855    298879.8575       -17.7173       -18.0654

TIMING: 120000  CPU: 140.21, 0.00115386/step  Wall: 139.278, 0.00115748/step, 149.29 ns/days, 0.122178 hours remaining, 0.000000 MB of memory in use.
PERFORMANCE: 120000  averaging 149.011 ns/day, 0.00115965 sec/step with standard deviation 7.23816e-06
ENERGY:  120000       409.7887      1139.6273      1135.5623        67.9362        -113907.3416      9570.5849         0.0000         0.0000     18550.5886         -83033.2536       301.5743   -101583.8422    -82931.1424       302.5316           -141.6557      -141.7957    300468.6506       -19.5544       -19.7932

TIMING: 125000  CPU: 146.013, 0.00116074/step  Wall: 145.104, 0.00116517/step, 148.305 ns/days, 0.121372 hours remaining, 0.000000 MB of memory in use.
PERFORMANCE: 125000  averaging 148.983 ns/day, 0.00115987 sec/step with standard deviation 7.17126e-06
ENERGY:  125000       436.7798      1066.7608      1147.7395        79.2909        -114513.9728     10063.9956         0.0000         0.0000     18679.6979         -83039.7084       303.6732   -101719.4063    -82920.4062       302.6999            298.5851       298.5870    300098.9611        -1.7375        -1.7750

TIMING: 130000  CPU: 151.789, 0.00115519/step  Wall: 150.903, 0.00115974/step, 148.999 ns/days, 0.119195 hours remaining, 0.000000 MB of memory in use.
PERFORMANCE: 130000  averaging 148.983 ns/day, 0.00115986 sec/step with standard deviation 7.02642e-06
ENERGY:  130000       390.5644      1160.8660      1122.1149        65.4902        -113956.5730      9726.8926         0.0000         0.0000     18614.9298         -82875.7151       302.6203   -101490.6449    -82922.6708       302.7701             33.1529        33.1131    301168.9977         7.6431         7.5244

TIMING: 135000  CPU: 157.575, 0.00115714/step  Wall: 156.712, 0.00116192/step, 148.719 ns/days, 0.117806 hours remaining, 0.000000 MB of memory in use.
PERFORMANCE: 135000  averaging 148.973 ns/day, 0.00115994 sec/step with standard deviation 6.90137e-06
ENERGY:  135000       426.1508      1142.4312      1122.9057        87.2284        -114322.2154      9874.0221         0.0000         0.0000     18693.6451         -82975.8321       303.8999   -101669.4772    -82924.6561       302.8380            121.7331       122.3217    300348.7054        17.0528        16.7879

TIMING: 140000  CPU: 163.315, 0.00114797/step  Wall: 162.475, 0.00115254/step, 149.929 ns/days, 0.115254 hours remaining, 0.000000 MB of memory in use.
PERFORMANCE: 140000  averaging 149.007 ns/day, 0.00115967 sec/step with standard deviation 6.91507e-06
ENERGY:  140000       435.1415      1089.9357      1133.1449        76.5839        -114111.7459      9894.1493         0.0000         0.0000     18604.3773         -82878.4133       302.4487   -101482.7906    -82925.5813       302.7299            110.7081       106.3087    302258.9250        22.2914        21.7860

TIMING: 145000  CPU: 169.08, 0.00115311/step  Wall: 168.264, 0.00115782/step, 149.246 ns/days, 0.114174 hours remaining, 0.000000 MB of memory in use.
PERFORMANCE: 145000  averaging 149.016 ns/day, 0.00115961 sec/step with standard deviation 6.79915e-06
ENERGY:  145000       442.4949      1139.0919      1150.7658        77.1804        -114599.1702     10240.7456         0.0000         0.0000     18554.2862         -82994.6055       301.6344   -101548.8917    -82927.0857       302.7605            340.1604       344.0589    300592.9634        50.6550        50.4199

TIMING: 150000  CPU: 174.868, 0.00115758/step  Wall: 174.071, 0.00116144/step, 148.78 ns/days, 0.112918 hours remaining, 0.000000 MB of memory in use.
PERFORMANCE: 150000  averaging 149.008 ns/day, 0.00115967 sec/step with standard deviation 6.68927e-06
ETITLE:      TS           BOND          ANGLE          DIHED          IMPRP               ELECT            VDW       BOUNDARY           MISC        KINETIC               TOTAL           TEMP      POTENTIAL       TOTALAVG        TEMPAVG            PRESSURE      GPRESSURE         VOLUME       PRESSAVG      GPRESSAVG

ENERGY:  150000       421.7929      1094.2351      1128.8168        71.3173        -114261.9824      9769.7701         0.0000         0.0000     18615.5791         -83160.4712       302.6308   -101776.0503    -82953.2850       302.6466             47.2282        46.6681    299727.2127        53.1048        52.8954

TIMING: 155000  CPU: 180.653, 0.00115694/step  Wall: 179.877, 0.00116119/step, 148.813 ns/days, 0.11128 hours remaining, 0.000000 MB of memory in use.
PERFORMANCE: 155000  averaging 149.001 ns/day, 0.00115972 sec/step with standard deviation 6.58246e-06
ENERGY:  155000       426.1060      1125.8063      1120.0412        72.7352        -113888.4866      9771.6812         0.0000         0.0000     18644.4064         -82727.7104       303.0995   -101372.1169    -82940.3489       302.7188           -182.4478      -183.6271    302038.9152        37.6237        37.2856

TIMING: 160000  CPU: 186.375, 0.00114443/step  Wall: 185.62, 0.00114853/step, 150.453 ns/days, 0.108472 hours remaining, 0.000000 MB of memory in use.
PERFORMANCE: 160000  averaging 149.046 ns/day, 0.00115937 sec/step with standard deviation 6.77075e-06
ENERGY:  160000       446.5432      1091.5948      1141.4116        72.9580        -114078.5342      9754.2446         0.0000         0.0000     18607.6022         -82964.1799       302.5011   -101571.7820    -82944.1418       302.6558             24.1397        24.8165    299468.8402        31.5522        31.2097

TIMING: 165000  CPU: 192.138, 0.00115258/step  Wall: 191.4, 0.00115605/step, 149.474 ns/days, 0.107577 hours remaining, 0.000000 MB of memory in use.
PERFORMANCE: 165000  averaging 149.059 ns/day, 0.00115927 sec/step with standard deviation 6.68912e-06
ENERGY:  165000       446.6371      1121.6253      1137.5676        82.0830        -114101.5431      9704.1369         0.0000         0.0000     18636.0096         -82973.4835       302.9629   -101609.4931    -82941.1668       302.7497             19.6154        18.6294    299633.9482        34.3449        33.9303

TIMING: 170000  CPU: 197.912, 0.00115491/step  Wall: 197.192, 0.00115842/step, 149.169 ns/days, 0.106189 hours remaining, 0.000000 MB of memory in use.
PERFORMANCE: 170000  averaging 149.063 ns/day, 0.00115925 sec/step with standard deviation 6.5886e-06
ENERGY:  170000       409.0550      1179.0113      1119.6968        73.6518        -113734.2223      9480.5960         0.0000         0.0000     18621.5951         -82850.6164       302.7286   -101472.2115    -82943.4879       302.7365           -102.8395       -99.9103    299330.6969        25.7091        25.3741

TIMING: 175000  CPU: 203.676, 0.00115275/step  Wall: 202.975, 0.00115649/step, 149.418 ns/days, 0.104405 hours remaining, 0.000000 MB of memory in use.
PERFORMANCE: 175000  averaging 149.073 ns/day, 0.00115917 sec/step with standard deviation 6.50771e-06
ENERGY:  175000       413.8780      1113.1404      1151.2828        65.1470        -113871.1125      9914.2208         0.0000         0.0000     18447.6103         -82765.8332       299.9002   -101213.4435    -82939.1864       302.6028            -10.0344        -8.1903    302099.3645        18.9319        18.7286

TIMING: 180000  CPU: 209.469, 0.00115855/step  Wall: 208.79, 0.00116304/step, 148.576 ns/days, 0.103382 hours remaining, 0.000000 MB of memory in use.
PERFORMANCE: 180000  averaging 149.059 ns/day, 0.00115927 sec/step with standard deviation 6.44654e-06
ENERGY:  180000       451.4056      1134.1185      1124.1062        69.6685        -113985.5630      9838.2358         0.0000         0.0000     18652.9598         -82715.0685       303.2385   -101368.0283    -82950.6583       302.4509            -50.1768       -49.3993    301035.1756        21.6576        21.5196

TIMING: 185000  CPU: 215.188, 0.00114383/step  Wall: 214.534, 0.00114868/step, 150.433 ns/days, 0.10051 hours remaining, 0.000000 MB of memory in use.
PERFORMANCE: 185000  averaging 149.096 ns/day, 0.00115899 sec/step with standard deviation 6.59051e-06
ENERGY:  185000       421.7524      1166.9806      1144.7027        72.2659        -113965.3212      9631.5766         0.0000         0.0000     18579.0046         -82949.0384       302.0362   -101528.0430    -82936.6123       302.5600           -219.8132      -228.2468    300460.0493         7.7208         7.0599

TIMING: 190000  CPU: 220.945, 0.00115144/step  Wall: 220.314, 0.00115603/step, 149.477 ns/days, 0.0995474 hours remaining, 0.000000 MB of memory in use.
PERFORMANCE: 190000  averaging 149.106 ns/day, 0.00115891 sec/step with standard deviation 6.51847e-06
ENERGY:  190000       396.0126      1101.2788      1106.8273        73.1900        -113538.9214      9556.4142         0.0000         0.0000     18561.5095         -82743.6889       301.7518   -101305.1984    -82933.9417       302.5049           -143.2470      -142.1066    302525.3623         2.1336         1.5936

TIMING: 195000  CPU: 226.726, 0.0011561/step  Wall: 226.116, 0.00116054/step, 148.896 ns/days, 0.0983234 hours remaining, 0.000000 MB of memory in use.
PERFORMANCE: 195000  averaging 149.1 ns/day, 0.00115895 sec/step with standard deviation 6.43741e-06
ENERGY:  195000       416.6333      1189.6081      1139.6716        76.1223        -114138.8763      9839.5043         0.0000         0.0000     18629.4758         -82847.8608       302.8567   -101477.3366    -82938.4345       302.4743             67.2882        67.9326    299344.8498        -0.1734        -0.5102

TIMING: 200000  CPU: 232.481, 0.0011511/step  Wall: 231.895, 0.00115578/step, 149.51 ns/days, 0.0963147 hours remaining, 0.000000 MB of memory in use.
PERFORMANCE: 200000  averaging 149.11 ns/day, 0.00115887 sec/step with standard deviation 6.37416e-06
ETITLE:      TS           BOND          ANGLE          DIHED          IMPRP               ELECT            VDW       BOUNDARY           MISC        KINETIC               TOTAL           TEMP      POTENTIAL       TOTALAVG        TEMPAVG            PRESSURE      GPRESSURE         VOLUME       PRESSAVG      GPRESSAVG

ENERGY:  200000       462.4092      1094.5352      1124.7633        72.9938        -114242.1534      9735.7433         0.0000         0.0000     18633.4594         -83118.2493       302.9215   -101751.7086    -82929.9035       302.5395           -194.4702      -189.8813    301547.8614        -4.8821        -4.7490

TIMING: 205000  CPU: 238.243, 0.00115243/step  Wall: 237.682, 0.00115728/step, 149.316 ns/days, 0.0948327 hours remaining, 0.000000 MB of memory in use.
PERFORMANCE: 205000  averaging 149.115 ns/day, 0.00115883 sec/step with standard deviation 6.29888e-06
ENERGY:  205000       416.9759      1121.2389      1111.1988        75.4188        -114408.9980      9858.1320         0.0000         0.0000     18579.4210         -83246.6127       302.0430   -101826.0337    -82935.5184       302.3724            117.7707       119.6471    299282.3573        10.1390        10.3412

TIMING: 210000  CPU: 244.018, 0.00115494/step  Wall: 243.48, 0.00115971/step, 149.003 ns/days, 0.0934209 hours remaining, 0.000000 MB of memory in use.
PERFORMANCE: 210000  averaging 149.113 ns/day, 0.00115885 sec/step with standard deviation 6.22305e-06
ENERGY:  210000       437.7964      1159.0125      1127.3181        74.5272        -113678.7218      9686.0444         0.0000         0.0000     18679.9678         -82514.0555       303.6776   -101194.0233    -82919.3890       302.5065           -107.7613      -103.7392    301682.4952        11.6105        11.9636

TIMING: 215000  CPU: 249.764, 0.00114919/step  Wall: 249.25, 0.00115387/step, 149.757 ns/days, 0.0913479 hours remaining, 0.000000 MB of memory in use.
PERFORMANCE: 215000  averaging 149.128 ns/day, 0.00115874 sec/step with standard deviation 6.19536e-06
ENERGY:  215000       426.8625      1127.1768      1121.7418        62.3668        -114403.1151      9830.3199         0.0000         0.0000     18650.5193         -83184.1281       303.1988   -101834.6474    -82927.9262       302.5699            -79.6138       -78.5756    300835.1822        -2.5839        -2.1695

TIMING: 220000  CPU: 255.5, 0.00114722/step  Wall: 255.008, 0.00115165/step, 150.046 ns/days, 0.0895727 hours remaining, 0.000000 MB of memory in use.
PERFORMANCE: 220000  averaging 149.148 ns/day, 0.00115858 sec/step with standard deviation 6.21547e-06
ENERGY:  220000       443.2766      1131.6521      1139.2853        70.3348        -113886.2136      9728.8174         0.0000         0.0000     18549.9221         -82822.9253       301.5634   -101372.8474    -82917.4098       302.5694           -239.9921      -238.2032    302297.0144        -7.5007        -6.9898

TIMING: 225000  CPU: 261.268, 0.00115354/step  Wall: 260.799, 0.0011582/step, 149.197 ns/days, 0.0884737 hours remaining, 0.000000 MB of memory in use.
PERFORMANCE: 225000  averaging 149.15 ns/day, 0.00115857 sec/step with standard deviation 6.14469e-06
ENERGY:  225000       425.3087      1139.1782      1112.7323        78.1989        -114294.8873      9683.0717         0.0000         0.0000     18768.3093         -83088.0881       305.1137   -101856.3974    -82919.8288       302.6414            -84.6726       -87.4386    300574.5875       -26.6636       -26.2911

TIMING: 230000  CPU: 267.035, 0.00115351/step  Wall: 266.59, 0.0011583/step, 149.184 ns/days, 0.0868725 hours remaining, 0.000000 MB of memory in use.
PERFORMANCE: 230000  averaging 149.15 ns/day, 0.00115856 sec/step with standard deviation 6.07616e-06
ENERGY:  230000       429.2630      1134.5482      1117.3086        72.5070        -113681.2623      9372.2676         0.0000         0.0000     18518.9456         -83036.4224       301.0599   -101555.3679    -82927.8642       302.5634           -451.1215      -458.1230    301423.4431       -50.8773       -50.8529

TIMING: 235000  CPU: 272.774, 0.00114779/step  Wall: 272.352, 0.00115243/step, 149.944 ns/days, 0.0848316 hours remaining, 0.000000 MB of memory in use.
PERFORMANCE: 235000  averaging 149.167 ns/day, 0.00115843 sec/step with standard deviation 6.076e-06
ENERGY:  235000       411.9664      1117.0379      1116.5164        71.7960        -114091.0652      9657.2949         0.0000         0.0000     18444.2939         -83272.1596       299.8463   -101716.4535    -82942.6806       302.3607           -124.1959      -129.8510    299812.2108       -63.1738       -63.4616

TIMING: 240000  CPU: 278.524, 0.00114984/step  Wall: 278.127, 0.00115482/step, 149.633 ns/days, 0.083404 hours remaining, 0.000000 MB of memory in use.
PERFORMANCE: 240000  averaging 149.177 ns/day, 0.00115836 sec/step with standard deviation 6.03354e-06
ENERGY:  240000       417.4982      1152.3031      1103.5637        75.0590        -114097.6701      9924.7035         0.0000         0.0000     18704.1256         -82720.4170       304.0703   -101424.5425    -82934.7807       302.4418            113.1468       107.2104    302194.5213       -63.0518       -63.4165

TIMING: 245000  CPU: 284.27, 0.00114918/step  Wall: 283.894, 0.00115358/step, 149.794 ns/days, 0.0817122 hours remaining, 0.000000 MB of memory in use.
PERFORMANCE: 245000  averaging 149.189 ns/day, 0.00115826 sec/step with standard deviation 6.00917e-06
ENERGY:  245000       425.4985      1121.0668      1129.4899        67.8529        -114294.2316      9964.7899         0.0000         0.0000     18765.0970         -82820.4366       305.0615   -101585.5336    -82926.0723       302.6131            198.7094       197.2499    301898.0106       -70.1244       -70.7569

TIMING: 250000  CPU: 290.013, 0.00114871/step  Wall: 289.66, 0.00115313/step, 149.853 ns/days, 0.0800783 hours remaining, 0.000000 MB of memory in use.
PERFORMANCE: 250000  averaging 149.203 ns/day, 0.00115816 sec/step with standard deviation 5.99166e-06
ETITLE:      TS           BOND          ANGLE          DIHED          IMPRP               ELECT            VDW       BOUNDARY           MISC        KINETIC               TOTAL           TEMP      POTENTIAL       TOTALAVG        TEMPAVG            PRESSURE      GPRESSURE         VOLUME       PRESSAVG      GPRESSAVG

ENERGY:  250000       419.8132      1127.2926      1113.6470        75.0937        -113808.6862      9684.2262         0.0000         0.0000     18691.0932         -82697.5203       303.8584   -101388.6135    -82902.9247       302.6745            113.0890       109.6434    300174.3691       -66.8313       -67.6082

TIMING: 255000  CPU: 295.74, 0.0011453/step  Wall: 295.408, 0.00114955/step, 150.32 ns/days, 0.0782329 hours remaining, 0.000000 MB of memory in use.
PERFORMANCE: 255000  averaging 149.224 ns/day, 0.00115799 sec/step with standard deviation 6.0528e-06
ENERGY:  255000       441.1862      1112.2570      1111.3855        67.9792        -113768.0984      9671.2666         0.0000         0.0000     18463.9718         -82900.0521       300.1662   -101364.0239    -82911.5418       302.5278           -140.8577      -143.1962    300896.3388       -64.7518       -65.5866

TIMING: 260000  CPU: 301.457, 0.00114346/step  Wall: 301.147, 0.00114783/step, 150.545 ns/days, 0.0765222 hours remaining, 0.000000 MB of memory in use.
PERFORMANCE: 260000  averaging 149.249 ns/day, 0.00115779 sec/step with standard deviation 6.15643e-06
ENERGY:  260000       432.4378      1155.0469      1128.7918        68.5996        -114297.9344      9888.0471         0.0000         0.0000     18493.8570         -83131.1542       300.6520   -101625.0112    -82919.8905       302.4354             -1.0897         1.0878    300416.5932       -66.0133       -66.7731

TIMING: 265000  CPU: 307.218, 0.00115216/step  Wall: 306.929, 0.00115639/step, 149.43 ns/days, 0.0754867 hours remaining, 0.000000 MB of memory in use.
PERFORMANCE: 265000  averaging 149.253 ns/day, 0.00115777 sec/step with standard deviation 6.09998e-06
ENERGY:  265000       427.1185      1177.2646      1131.3135        79.7675        -113910.9345      9675.3228         0.0000         0.0000     18500.3022         -82919.8454       300.7568   -101420.1476    -82917.2086       302.3251           -128.3983      -127.4266    301850.2293       -73.4140       -74.0759

TIMING: 270000  CPU: 313.012, 0.00115893/step  Wall: 312.745, 0.00116321/step, 148.555 ns/days, 0.0743161 hours remaining, 0.000000 MB of memory in use.
PERFORMANCE: 270000  averaging 149.24 ns/day, 0.00115787 sec/step with standard deviation 6.08737e-06
ENERGY:  270000       422.1576      1136.6085      1119.7781        71.0735        -114138.9827      9931.0648         0.0000         0.0000     18732.2517         -82726.0485       304.5275   -101458.3002    -82910.9802       302.4150             76.6244        73.6578    302316.4382       -64.4408       -65.3974

TIMING: 275000  CPU: 318.772, 0.00115197/step  Wall: 318.527, 0.00115638/step, 149.432 ns/days, 0.0722735 hours remaining, 0.000000 MB of memory in use.
PERFORMANCE: 275000  averaging 149.243 ns/day, 0.00115784 sec/step with standard deviation 6.0341e-06
ENERGY:  275000       424.9379      1103.6529      1126.5808        69.0266        -113863.3654      9617.7971         0.0000         0.0000     18573.5019         -82947.8682       301.9468   -101521.3701    -82920.0820       302.5173           -170.1573      -167.8158    301919.8268       -72.4469       -73.3787

TIMING: 280000  CPU: 324.501, 0.00114573/step  Wall: 324.275, 0.00114964/step, 150.309 ns/days, 0.0702555 hours remaining, 0.000000 MB of memory in use.
PERFORMANCE: 280000  averaging 149.262 ns/day, 0.00115769 sec/step with standard deviation 6.0787e-06
ENERGY:  280000       415.8089      1115.9594      1139.7879        77.6764        -113920.4516      9766.5277         0.0000         0.0000     18437.1796         -82967.5118       299.7306   -101404.6914    -82932.7042       302.3420            141.2395       138.5050    300117.7052       -62.8761       -63.9835

TIMING: 285000  CPU: 330.24, 0.00114791/step  Wall: 330.033, 0.00115149/step, 150.066 ns/days, 0.0687696 hours remaining, 0.000000 MB of memory in use.
PERFORMANCE: 285000  averaging 149.276 ns/day, 0.00115759 sec/step with standard deviation 6.07995e-06
ENERGY:  285000       466.8558      1095.0932      1126.0617        78.4627        -114041.1404      9595.2146         0.0000         0.0000     18717.5774         -82961.8751       304.2890   -101679.4524    -82933.3460       302.4546           -299.9110      -301.4313    301803.0615       -66.8810       -67.6427

TIMING: 290000  CPU: 336.002, 0.00115239/step  Wall: 335.813, 0.00115609/step, 149.47 ns/days, 0.0674384 hours remaining, 0.000000 MB of memory in use.
PERFORMANCE: 290000  averaging 149.28 ns/day, 0.00115756 sec/step with standard deviation 6.0296e-06
ENERGY:  290000       429.6456      1125.2479      1104.0219        66.6428        -114004.4776      9652.0628         0.0000         0.0000     18791.3580         -82835.4985       305.4884   -101626.8565    -82937.9365       302.6414           -107.2704      -105.1290    301560.1072       -65.0822       -65.7938

TIMING: 295000  CPU: 341.771, 0.00115381/step  Wall: 341.603, 0.00115811/step, 149.209 ns/days, 0.0659477 hours remaining, 0.000000 MB of memory in use.
PERFORMANCE: 295000  averaging 149.278 ns/day, 0.00115757 sec/step with standard deviation 5.97782e-06
ENERGY:  295000       386.3476      1087.5870      1115.6404        64.2528        -113656.8560      9532.1714         0.0000         0.0000     18655.3000         -82815.5569       303.2766   -101470.8569    -82936.3213       302.6624           -145.9243      -146.6480    301387.1415       -75.7428       -76.5229

TIMING: 300000  CPU: 347.518, 0.00114931/step  Wall: 347.368, 0.00115299/step, 149.871 ns/days, 0.0640551 hours remaining, 0.000000 MB of memory in use.
PERFORMANCE: 300000  averaging 149.288 ns/day, 0.00115749 sec/step with standard deviation 5.95631e-06
ETITLE:      TS           BOND          ANGLE          DIHED          IMPRP               ELECT            VDW       BOUNDARY           MISC        KINETIC               TOTAL           TEMP      POTENTIAL       TOTALAVG        TEMPAVG            PRESSURE      GPRESSURE         VOLUME       PRESSAVG      GPRESSAVG

ENERGY:  300000       457.4390      1104.5058      1126.0127        72.1399        -113962.8969      9803.6283         0.0000         0.0000     18639.9135         -82759.2578       303.0264   -101399.1712    -82918.3717       302.6677             56.6621        53.2109    301055.8538       -63.1862       -64.3683

TIMING: 305000  CPU: 353.233, 0.00114299/step  Wall: 353.1, 0.00114637/step, 150.737 ns/days, 0.0620949 hours remaining, 0.000000 MB of memory in use.
PERFORMANCE: 305000  averaging 149.312 ns/day, 0.00115731 sec/step with standard deviation 6.07581e-06
ENERGY:  305000       394.4354      1126.6675      1116.5942        79.5660        -113670.6250      9674.1215         0.0000         0.0000     18753.9908         -82525.2496       304.8810   -101279.2404    -82882.3036       302.8096           -163.9582      -162.2438    302238.9188       -77.2726       -78.4628

TIMING: 310000  CPU: 358.98, 0.00114945/step  Wall: 358.868, 0.0011536/step, 149.792 ns/days, 0.0608844 hours remaining, 0.000000 MB of memory in use.
PERFORMANCE: 310000  averaging 149.319 ns/day, 0.00115725 sec/step with standard deviation 6.0442e-06
ENERGY:  310000       418.9929      1138.4265      1137.9986        71.8208        -113811.2607      9682.0393         0.0000         0.0000     18711.6920         -82650.2906       304.1933   -101361.9825    -82889.1153       302.8353             52.4870        47.8805    300934.3274       -69.2602       -70.8818

TIMING: 315000  CPU: 364.762, 0.00115647/step  Wall: 364.673, 0.00116089/step, 148.851 ns/days, 0.0596568 hours remaining, 0.000000 MB of memory in use.
PERFORMANCE: 315000  averaging 149.312 ns/day, 0.00115731 sec/step with standard deviation 6.01276e-06
ENERGY:  315000       435.1165      1166.1286      1106.4832        73.3577        -113960.1569      9581.1110         0.0000         0.0000     18741.3556         -82856.6043       304.6755   -101597.9599    -82872.7391       302.9092           -109.8040      -114.0708    299626.3918       -70.7697       -72.6566

TIMING: 320000  CPU: 370.489, 0.00114524/step  Wall: 370.422, 0.00114988/step, 150.277 ns/days, 0.0574939 hours remaining, 0.000000 MB of memory in use.
PERFORMANCE: 320000  averaging 149.327 ns/day, 0.00115719 sec/step with standard deviation 6.0367e-06
ENERGY:  320000       429.7993      1087.8446      1125.7521        73.7044        -114557.7261     10096.1989         0.0000         0.0000     18586.5373         -83157.8894       302.1587   -101744.4267    -82889.4873       302.9389            131.1303       127.6878    300977.9822       -52.2136       -54.3620

TIMING: 325000  CPU: 376.253, 0.00115282/step  Wall: 376.209, 0.00115743/step, 149.296 ns/days, 0.0562641 hours remaining, 0.000000 MB of memory in use.
PERFORMANCE: 325000  averaging 149.327 ns/day, 0.0011572 sec/step with standard deviation 5.98943e-06
ENERGY:  325000       429.5359      1127.5860      1107.8633        68.9924        -113823.8217      9702.3182         0.0000         0.0000     18624.0408         -82763.4851       302.7684   -101387.5259    -82873.2572       302.8217           -180.3012      -183.0021    302212.1992       -56.9950       -59.1402

TIMING: 330000  CPU: 382.011, 0.0011516/step  Wall: 381.991, 0.00115636/step, 149.434 ns/days, 0.054606 hours remaining, 0.000000 MB of memory in use.
PERFORMANCE: 330000  averaging 149.328 ns/day, 0.00115718 sec/step with standard deviation 5.94407e-06
ENERGY:  330000       428.3609      1080.2734      1122.5628        71.4735        -113841.3698      9717.7507         0.0000         0.0000     18598.7760         -82822.1725       302.3576   -101420.9485    -82862.5447       302.8866             17.2338        21.0095    299034.2216       -33.5773       -35.1836

TIMING: 335000  CPU: 387.737, 0.00114517/step  Wall: 387.74, 0.00114971/step, 150.299 ns/days, 0.0526951 hours remaining, 0.000000 MB of memory in use.
PERFORMANCE: 335000  averaging 149.343 ns/day, 0.00115707 sec/step with standard deviation 5.96907e-06
ENERGY:  335000       420.1739      1135.2614      1146.2999        63.1481        -114027.2636      9661.6780         0.0000         0.0000     18622.2420         -82978.4603       302.7391   -101600.7023    -82847.8597       303.0312            -94.3739       -95.8913    299989.0992       -32.0862       -33.4856

TIMING: 340000  CPU: 393.457, 0.00114407/step  Wall: 393.482, 0.00114854/step, 150.452 ns/days, 0.0510461 hours remaining, 0.000000 MB of memory in use.
PERFORMANCE: 340000  averaging 149.359 ns/day, 0.00115695 sec/step with standard deviation 6.01409e-06
ENERGY:  340000       448.1099      1139.8780      1120.5060        81.3419        -114427.8512     10045.8328         0.0000         0.0000     18514.2850         -83077.8976       300.9841   -101592.1825    -82865.7337       302.8769            175.4726       174.3862    299443.4885       -28.9699       -30.1268

TIMING: 345000  CPU: 399.171, 0.00114277/step  Wall: 399.22, 0.00114744/step, 150.596 ns/days, 0.0494037 hours remaining, 0.000000 MB of memory in use.
PERFORMANCE: 345000  averaging 149.377 ns/day, 0.00115681 sec/step with standard deviation 6.0784e-06
ENERGY:  345000       436.4945      1124.4801      1114.9924        62.7569        -114322.1285      9887.4727         0.0000         0.0000     18578.7955         -83117.1364       302.0328   -101695.9319    -82880.5687       302.7255            -16.9792       -18.1430    303577.5267       -39.7543       -40.8965

TIMING: 350000  CPU: 404.918, 0.00114941/step  Wall: 404.988, 0.00115373/step, 149.775 ns/days, 0.048072 hours remaining, 0.000000 MB of memory in use.
PERFORMANCE: 350000  averaging 149.382 ns/day, 0.00115676 sec/step with standard deviation 6.04541e-06
ETITLE:      TS           BOND          ANGLE          DIHED          IMPRP               ELECT            VDW       BOUNDARY           MISC        KINETIC               TOTAL           TEMP      POTENTIAL       TOTALAVG        TEMPAVG            PRESSURE      GPRESSURE         VOLUME       PRESSAVG      GPRESSAVG

ENERGY:  350000       446.8098      1186.9108      1112.2305        70.2762        -113974.2075      9762.3911         0.0000         0.0000     18566.3877         -82829.2013       301.8311   -101395.5890    -82887.1528       302.6241            -60.1940       -58.3210    300784.0062       -48.4185       -49.2947

TIMING: 355000  CPU: 410.597, 0.0011359/step  Wall: 410.69, 0.00114027/step, 151.544 ns/days, 0.0459274 hours remaining, 0.000000 MB of memory in use.
PERFORMANCE: 355000  averaging 149.412 ns/day, 0.00115653 sec/step with standard deviation 6.31333e-06
ENERGY:  355000       462.8736      1094.1856      1111.7544        77.6484        -114245.6573      9787.2965         0.0000         0.0000     18454.0850         -83257.8138       300.0054   -101711.8988    -82905.0409       302.6161             12.9218        16.7301    300952.6887       -40.7295       -41.2984

TIMING: 360000  CPU: 416.327, 0.00114592/step  Wall: 416.441, 0.00115038/step, 150.211 ns/days, 0.0447369 hours remaining, 0.000000 MB of memory in use.
PERFORMANCE: 360000  averaging 149.423 ns/day, 0.00115645 sec/step with standard deviation 6.31052e-06
ENERGY:  360000       417.8452      1115.2195      1096.0357        70.9708        -114004.1850      9732.4345         0.0000         0.0000     18842.2883         -82729.3910       306.3164   -101571.6792    -82884.9527       302.8993            152.5659       156.7545    300775.7249       -33.0467       -33.5150

TIMING: 365000  CPU: 422.004, 0.00113529/step  Wall: 422.14, 0.00113972/step, 151.616 ns/days, 0.0427396 hours remaining, 0.000000 MB of memory in use.
PERFORMANCE: 365000  averaging 149.453 ns/day, 0.00115622 sec/step with standard deviation 6.56515e-06
ENERGY:  365000       452.8391      1141.9733      1124.2025        73.7303        -114178.2146      9847.1629         0.0000         0.0000     18476.8010         -83061.5055       300.3747   -101538.3065    -82892.0357       302.8802             74.6851        74.2848    300727.4667       -22.8926       -23.4295

TIMING: 370000  CPU: 427.735, 0.0011462/step  Wall: 427.893, 0.00115062/step, 150.18 ns/days, 0.0415501 hours remaining, 0.000000 MB of memory in use.
PERFORMANCE: 370000  averaging 149.463 ns/day, 0.00115614 sec/step with standard deviation 6.55243e-06
ENERGY:  370000       438.8913      1099.6596      1107.3366        78.1293        -113987.1891      9714.5343         0.0000         0.0000     18732.6603         -82815.9777       304.5342   -101548.6380    -82896.5322       302.8805            -96.8402       -93.6823    300127.2579       -31.5658       -31.7965

TIMING: 375000  CPU: 433.502, 0.00115357/step  Wall: 433.682, 0.00115779/step, 149.25 ns/days, 0.0402011 hours remaining, 0.000000 MB of memory in use.
PERFORMANCE: 375000  averaging 149.46 ns/day, 0.00115616 sec/step with standard deviation 6.51079e-06
ENERGY:  375000       399.9256      1137.9011      1107.1218        64.0394        -113884.9475      9807.0262         0.0000         0.0000     18521.0828         -82847.8506       301.0946   -101368.9334    -82891.5313       302.8379            203.6953       203.6218    300082.7416       -12.8732       -13.2246

TIMING: 380000  CPU: 439.219, 0.00114331/step  Wall: 439.421, 0.00114786/step, 150.54 ns/days, 0.0382622 hours remaining, 0.000000 MB of memory in use.
PERFORMANCE: 380000  averaging 149.474 ns/day, 0.00115605 sec/step with standard deviation 6.53692e-06
ENERGY:  380000       417.3057      1144.7643      1106.4487        62.6795        -113536.6043      9610.3426         0.0000         0.0000     18555.8136         -82639.2500       301.6592   -101195.0636    -82875.1182       302.9343           -280.2469      -279.0778    301584.2586       -33.9475       -34.1037

TIMING: 385000  CPU: 444.941, 0.00114439/step  Wall: 445.165, 0.00114876/step, 150.422 ns/days, 0.0366967 hours remaining, 0.000000 MB of memory in use.
PERFORMANCE: 385000  averaging 149.486 ns/day, 0.00115596 sec/step with standard deviation 6.54669e-06
ENERGY:  385000       405.2166      1159.6313      1091.1217        65.9571        -114411.1097     10165.8069         0.0000         0.0000     18650.6396         -82872.7364       303.2008   -101523.3761    -82870.6613       302.8799            294.0373       296.1002    300759.7624        -4.2501        -4.2271

TIMING: 390000  CPU: 450.675, 0.00114691/step  Wall: 450.922, 0.00115139/step, 150.08 ns/days, 0.0351813 hours remaining, 0.000000 MB of memory in use.
PERFORMANCE: 390000  averaging 149.494 ns/day, 0.0011559 sec/step with standard deviation 6.52461e-06
ENERGY:  390000       421.8206      1122.1022      1106.7934        69.1219        -114440.8782      9836.0856         0.0000         0.0000     18505.4140         -83379.5405       300.8399   -101884.9545    -82897.8634       302.6475           -124.1017      -124.9866    301532.8950        -5.0916        -5.2200

TIMING: 395000  CPU: 456.359, 0.00113677/step  Wall: 456.628, 0.00114122/step, 151.416 ns/days, 0.0332857 hours remaining, 0.000000 MB of memory in use.
PERFORMANCE: 395000  averaging 149.518 ns/day, 0.00115572 sec/step with standard deviation 6.68964e-06
ENERGY:  395000       417.2205      1095.2517      1104.6859        68.2966        -113995.8190      9656.2418         0.0000         0.0000     18569.0676         -83085.0549       301.8747   -101654.1225    -82911.3383       302.5774             15.9966        16.3062    300485.0061         3.0044         2.9277

TIMING: 400000  CPU: 462.084, 0.00114487/step  Wall: 462.374, 0.00114909/step, 150.38 ns/days, 0.0319191 hours remaining, 0.000000 MB of memory in use.
PERFORMANCE: 400000  averaging 149.529 ns/day, 0.00115563 sec/step with standard deviation 6.68833e-06
ETITLE:      TS           BOND          ANGLE          DIHED          IMPRP               ELECT            VDW       BOUNDARY           MISC        KINETIC               TOTAL           TEMP      POTENTIAL       TOTALAVG        TEMPAVG            PRESSURE      GPRESSURE         VOLUME       PRESSAVG      GPRESSAVG

ENERGY:  400000       436.5736      1187.5402      1135.2123        71.3601        -114191.9053      9860.3040         0.0000         0.0000     18467.3632         -83033.5519       300.2213   -101500.9151    -82925.0530       302.4371            218.4039       217.0073    300017.5818        11.0915        11.1175

TIMING: 405000  CPU: 467.804, 0.00114404/step  Wall: 468.118, 0.00114877/step, 150.422 ns/days, 0.0303147 hours remaining, 0.000000 MB of memory in use.
PERFORMANCE: 405000  averaging 149.539 ns/day, 0.00115555 sec/step with standard deviation 6.69001e-06
ENERGY:  405000       444.7292      1140.6612      1115.2276        72.8210        -114192.2200      9794.7947         0.0000         0.0000     18452.4225         -83171.5637       299.9784   -101623.9863    -82957.3687       302.1920            -92.3506       -86.7856    301491.8761        14.6719        14.8904

TIMING: 410000  CPU: 473.511, 0.00114147/step  Wall: 473.847, 0.00114595/step, 150.791 ns/days, 0.0286488 hours remaining, 0.000000 MB of memory in use.
PERFORMANCE: 410000  averaging 149.555 ns/day, 0.00115543 sec/step with standard deviation 6.73248e-06
ENERGY:  410000       414.8629      1131.5214      1113.3847        74.0962        -114165.4259      9808.2622         0.0000         0.0000     18527.1226         -83096.1760       301.1928   -101623.2986    -82979.6629       302.0420             -1.2554         2.3265    300830.0790        11.9848        12.6127

TIMING: 415000  CPU: 479.199, 0.00113766/step  Wall: 479.558, 0.00114214/step, 151.295 ns/days, 0.0269672 hours remaining, 0.000000 MB of memory in use.
PERFORMANCE: 415000  averaging 149.575 ns/day, 0.00115527 sec/step with standard deviation 6.84852e-06
ENERGY:  415000       422.5767      1152.4582      1128.5730        74.5414        -114341.4539      9860.3348         0.0000         0.0000     18601.2579         -83101.7120       302.3980   -101702.9699    -82991.9183       301.9281            175.9791       172.7459    299316.2659        26.2739        26.9536

TIMING: 420000  CPU: 484.958, 0.00115177/step  Wall: 485.338, 0.00115606/step, 149.473 ns/days, 0.0256902 hours remaining, 0.000000 MB of memory in use.
PERFORMANCE: 420000  averaging 149.574 ns/day, 0.00115528 sec/step with standard deviation 6.80768e-06
ENERGY:  420000       455.2373      1169.0463      1126.5752        67.2587        -114040.0483      9634.8754         0.0000         0.0000     18303.8105         -83283.2450       297.5624   -101587.0555    -82998.1861       301.6983           -324.4172      -326.5038    300387.7955         3.4965         4.2440

TIMING: 425000  CPU: 490.691, 0.00114656/step  Wall: 491.088, 0.00115/step, 150.261 ns/days, 0.0239584 hours remaining, 0.000000 MB of memory in use.
PERFORMANCE: 425000  averaging 149.582 ns/day, 0.00115522 sec/step with standard deviation 6.79122e-06
ENERGY:  425000       447.4445      1130.2285      1101.0154        79.0200        -113914.4920      9862.7058         0.0000         0.0000     18518.2901         -82775.7877       301.0492   -101294.0777    -82998.8012       301.6123             83.1763        86.1400    301672.0800        16.6704        17.7011

TIMING: 430000  CPU: 496.427, 0.00114727/step  Wall: 496.843, 0.0011509/step, 150.144 ns/days, 0.0223785 hours remaining, 0.000000 MB of memory in use.
PERFORMANCE: 430000  averaging 149.589 ns/day, 0.00115517 sec/step with standard deviation 6.76722e-06
ENERGY:  430000       413.7083      1150.2661      1117.5652        67.3709        -113698.4217      9466.5068         0.0000         0.0000     18558.2134         -82924.7911       301.6982   -101483.0045    -83003.9322       301.5794           -257.2207      -259.1696    300634.8403         2.9477         3.6921

TIMING: 435000  CPU: 502.175, 0.00114942/step  Wall: 502.61, 0.0011534/step, 149.818 ns/days, 0.0208253 hours remaining, 0.000000 MB of memory in use.
PERFORMANCE: 435000  averaging 149.591 ns/day, 0.00115515 sec/step with standard deviation 6.73042e-06
ENERGY:  435000       403.4390      1072.2170      1117.9747        70.2374        -114321.2750      9911.2751         0.0000         0.0000     18549.3662         -83196.7657       301.5544   -101746.1319    -83014.8474       301.5201            110.4903       109.9461    299996.6209        13.1909        13.9840

TIMING: 440000  CPU: 507.917, 0.00114854/step  Wall: 508.37, 0.00115203/step, 149.996 ns/days, 0.0192005 hours remaining, 0.000000 MB of memory in use.
PERFORMANCE: 440000  averaging 149.596 ns/day, 0.00115511 sec/step with standard deviation 6.69988e-06
ENERGY:  440000       439.6418      1087.2379      1098.7059        69.2007        -114241.9119      9887.4040         0.0000         0.0000     18739.6215         -82920.1000       304.6474   -101659.7215    -83006.9576       301.7033              3.6077         0.0819    300647.8313         4.5977         5.2688

TIMING: 445000  CPU: 513.637, 0.00114401/step  Wall: 514.108, 0.00114763/step, 150.572 ns/days, 0.0175332 hours remaining, 0.000000 MB of memory in use.
PERFORMANCE: 445000  averaging 149.607 ns/day, 0.00115503 sec/step with standard deviation 6.7088e-06
ENERGY:  445000       408.3483      1127.6063      1124.7910        78.4530        -114465.8572      9905.1086         0.0000         0.0000     18580.9524         -83240.5978       302.0679   -101821.5502    -83013.1306       301.7050             44.0265        44.3587    299908.4092         7.6480         8.3939

TIMING: 450000  CPU: 519.358, 0.00114416/step  Wall: 519.852, 0.00114877/step, 150.422 ns/days, 0.0159552 hours remaining, 0.000000 MB of memory in use.
PERFORMANCE: 450000  averaging 149.616 ns/day, 0.00115496 sec/step with standard deviation 6.70352e-06
ETITLE:      TS           BOND          ANGLE          DIHED          IMPRP               ELECT            VDW       BOUNDARY           MISC        KINETIC               TOTAL           TEMP      POTENTIAL       TOTALAVG        TEMPAVG            PRESSURE      GPRESSURE         VOLUME       PRESSAVG      GPRESSAVG

ENERGY:  450000       453.6884      1157.2753      1115.2077        79.2518        -113961.0695      9788.4145         0.0000         0.0000     18535.0965         -82832.1354       301.3224   -101367.2319    -83013.2773       301.6796            -70.1666       -69.0149    301888.7528         7.1493         7.8592

TIMING: 455000  CPU: 525.076, 0.0011436/step  Wall: 525.593, 0.00114824/step, 150.491 ns/days, 0.014353 hours remaining, 0.000000 MB of memory in use.
PERFORMANCE: 455000  averaging 149.625 ns/day, 0.00115488 sec/step with standard deviation 6.70325e-06
ENERGY:  455000       456.5929      1131.1251      1126.5178        80.7874        -114089.6204      9853.6112         0.0000         0.0000     18498.7509         -82942.2351       300.7316   -101440.9860    -82997.4984       301.7159            206.7149       202.6871    300158.2819        16.8390        17.1570

TIMING: 460000  CPU: 530.828, 0.0011504/step  Wall: 531.368, 0.00115493/step, 149.62 ns/days, 0.0128325 hours remaining, 0.000000 MB of memory in use.
PERFORMANCE: 460000  averaging 149.625 ns/day, 0.00115488 sec/step with standard deviation 6.66632e-06
ENERGY:  460000       426.8838      1128.0896      1100.6528        78.1641        -113984.0663      9671.7377         0.0000         0.0000     18734.2625         -82844.2759       304.5602   -101578.5384    -83003.2426       301.6281           -148.7367      -146.9790    301007.7612         1.7738         1.9704

TIMING: 465000  CPU: 536.562, 0.00114674/step  Wall: 537.124, 0.00115132/step, 150.089 ns/days, 0.0111933 hours remaining, 0.000000 MB of memory in use.
PERFORMANCE: 465000  averaging 149.63 ns/day, 0.00115485 sec/step with standard deviation 6.64031e-06
ENERGY:  465000       424.2615      1166.4754      1097.8854        72.1369        -114204.4011      9861.1073         0.0000         0.0000     18751.6021         -82830.9325       304.8421   -101582.5346    -82991.7140       301.8515             84.9103        82.9850    301239.1723         2.2851         2.4054

TIMING: 470000  CPU: 542.284, 0.00114437/step  Wall: 542.869, 0.0011489/step, 150.404 ns/days, 0.0095742 hours remaining, 0.000000 MB of memory in use.
PERFORMANCE: 470000  averaging 149.638 ns/day, 0.00115478 sec/step with standard deviation 6.6329e-06
ENERGY:  470000       426.3798      1090.2232      1114.1325        66.8471        -114036.4309      9770.8815         0.0000         0.0000     18598.6477         -82969.3191       302.3556   -101567.9668    -82999.3811       301.7426             95.5084        94.3428    300503.6155        11.9025        11.8066

TIMING: 475000  CPU: 548.03, 0.00114923/step  Wall: 548.638, 0.00115378/step, 149.769 ns/days, 0.00801236 hours remaining, 0.000000 MB of memory in use.
PERFORMANCE: 475000  averaging 149.64 ns/day, 0.00115477 sec/step with standard deviation 6.59833e-06
ENERGY:  475000       419.4383      1168.2186      1078.0286        74.6428        -114439.2775     10124.1794         0.0000         0.0000     18638.6809         -82936.0889       303.0064   -101574.7698    -83003.7930       301.8381            279.1025       283.6813    300468.8596        15.6729        15.8096

TIMING: 480000  CPU: 553.738, 0.00114169/step  Wall: 554.369, 0.00114634/step, 150.741 ns/days, 0.00636854 hours remaining, 0.000000 MB of memory in use.
PERFORMANCE: 480000  averaging 149.651 ns/day, 0.00115468 sec/step with standard deviation 6.61972e-06
ENERGY:  480000       413.2079      1157.8799      1103.5157        78.0180        -113750.9332      9572.9888         0.0000         0.0000     18614.0192         -82811.3037       302.6055   -101425.3229    -83012.3957       301.8855           -120.1784      -121.6667    301014.1972        23.6763        23.6801

TIMING: 485000  CPU: 559.48, 0.0011484/step  Wall: 560.134, 0.00115293/step, 149.879 ns/days, 0.00480387 hours remaining, 0.000000 MB of memory in use.
PERFORMANCE: 485000  averaging 149.654 ns/day, 0.00115467 sec/step with standard deviation 6.58756e-06
ENERGY:  485000       421.4662      1107.7723      1116.3301        72.9915        -113909.1354      9718.1454         0.0000         0.0000     18693.9676         -82778.4623       303.9052   -101472.4300    -83007.6820       301.9207             86.3397        92.4731    299074.4101        13.2914        13.4988

TIMING: 490000  CPU: 565.22, 0.00114804/step  Wall: 565.897, 0.00115257/step, 149.926 ns/days, 0.00320158 hours remaining, 0.000000 MB of memory in use.
PERFORMANCE: 490000  averaging 149.656 ns/day, 0.00115465 sec/step with standard deviation 6.55694e-06
ENERGY:  490000       434.3460      1150.3682      1123.7853        71.7390        -114403.6875     10146.6318         0.0000         0.0000     18414.8311         -83061.9862       299.3673   -101476.8172    -82991.8042       301.8470            404.4460       404.2269    300847.3931        39.7188        39.9595

TIMING: 495000  CPU: 570.935, 0.00114294/step  Wall: 571.635, 0.00114769/step, 150.564 ns/days, 0.00159401 hours remaining, 0.000000 MB of memory in use.
PERFORMANCE: 495000  averaging 149.665 ns/day, 0.00115458 sec/step with standard deviation 6.56078e-06
ENERGY:  495000       443.8117      1076.0975      1128.1038        68.1744        -114095.7049      9716.6532         0.0000         0.0000     18646.2002         -83016.6641       303.1286   -101662.8643    -82988.3847       301.9097           -175.0894      -173.2139    300641.1935        30.1645        30.4835

TIMING: 500000  CPU: 576.626, 0.00113809/step  Wall: 577.35, 0.00114297/step, 151.185 ns/days, 0 hours remaining, 0.000000 MB of memory in use.
PERFORMANCE: 500000  averaging 149.68 ns/day, 0.00115446 sec/step with standard deviation 6.62986e-06
ETITLE:      TS           BOND          ANGLE          DIHED          IMPRP               ELECT            VDW       BOUNDARY           MISC        KINETIC               TOTAL           TEMP      POTENTIAL       TOTALAVG        TEMPAVG            PRESSURE      GPRESSURE         VOLUME       PRESSAVG      GPRESSAVG

ENERGY:  500000       397.7926      1103.8134      1121.4186        62.7843        -113975.4202      9680.0849         0.0000         0.0000     18766.8441         -82842.6823       305.0899   -101609.5265    -82978.8412       302.1532             91.9629        92.3784    300448.8392        23.8425        24.2520

WRITING EXTENDED SYSTEM TO OUTPUT FILE AT STEP 500000
WRITING COORDINATES TO OUTPUT FILE AT STEP 500000
The last position output (seq=-2) takes 0.101 seconds, 0.000 MB of memory in use
WRITING VELOCITIES TO OUTPUT FILE AT STEP 500000
The last velocity output (seq=-2) takes 0.039 seconds, 0.000 MB of memory in use
====================================================

WallClock: 579.362610  CPUTime: 574.473633  Memory: 0.000000 MB
[Partition 0][Node 0] End of program
