Charm++> Running on MPI library: Open MPI v4.1.5a1, package: Open MPI software@d001.sol.rc.asu.edu Distribution, ident: 4.1.5a1, repo rev: v4.1.4-32-g5abd86cc8c, Unreleased developer copy (MPI standard: 3.1)
Charm++> Level of thread support used: MPI_THREAD_FUNNELED (desired: MPI_THREAD_FUNNELED)
Charm++> Running in SMP mode: 1 processes, 45 worker threads (PEs) + 1 comm threads per process, 45 PEs total
Charm++> The comm. thread both sends and receives messages
Charm++> Using recursive bisection (scheme 3) for topology aware partitions
Converse/Charm++ Commit ID: v8.0.1-devel-35-gf310838d5
Charm++ communication thread will sleep due to single-process run.
CharmLB> Load balancer assumes all CPUs are same.
Charm++> cpu affinity enabled. 
Charm++> Running on 1 hosts (2 sockets x 23 cores x 1 PUs = 46-way SMP)
Charm++> cpu topology info is gathered in 0.003 seconds.
Info: Built with CUDA version 12090
Pe 25 physical rank 25 will use CUDA device of pe 32
Pe 27 physical rank 27 will use CUDA device of pe 32
Pe 29 physical rank 29 will use CUDA device of pe 32
Pe 28 physical rank 28 will use CUDA device of pe 32
Pe 6 physical rank 6 will use CUDA device of pe 32
Pe 44 physical rank 44 will use CUDA device of pe 32
Pe 41 physical rank 41 will use CUDA device of pe 32
Pe 33 physical rank 33 will use CUDA device of pe 32
Pe 34 physical rank 34 will use CUDA device of pe 32
Pe 35 physical rank 35 will use CUDA device of pe 32
Pe 24 physical rank 24 will use CUDA device of pe 32
Pe 43 physical rank 43 will use CUDA device of pe 32
Pe 42 physical rank 42 will use CUDA device of pe 32
Pe 31 physical rank 31 will use CUDA device of pe 32
Pe 30 physical rank 30 will use CUDA device of pe 32
Pe 26 physical rank 26 will use CUDA device of pe 32
Pe 15 physical rank 15 will use CUDA device of pe 32
Pe 14 physical rank 14 will use CUDA device of pe 32
Pe 37 physical rank 37 will use CUDA device of pe 32
Pe 38 physical rank 38 will use CUDA device of pe 32
Pe 17 physical rank 17 will use CUDA device of pe 32
Pe 22 physical rank 22 will use CUDA device of pe 32
Pe 23 physical rank 23 will use CUDA device of pe 32
Pe 18 physical rank 18 will use CUDA device of pe 32
Pe 20 physical rank 20 will use CUDA device of pe 32
Pe 19 physical rank 19 will use CUDA device of pe 32
Pe 13 physical rank 13 will use CUDA device of pe 32
Pe 16 physical rank 16 will use CUDA device of pe 32
Pe 12 physical rank 12 will use CUDA device of pe 32
Pe 39 physical rank 39 will use CUDA device of pe 32
Pe 36 physical rank 36 will use CUDA device of pe 32
Pe 40 physical rank 40 will use CUDA device of pe 32
Pe 11 physical rank 11 will use CUDA device of pe 32
Pe 10 physical rank 10 will use CUDA device of pe 32
Pe 8 physical rank 8 will use CUDA device of pe 32
Pe 9 physical rank 9 will use CUDA device of pe 32
Pe 7 physical rank 7 will use CUDA device of pe 32
Pe 2 physical rank 2 will use CUDA device of pe 32
Pe 5 physical rank 5 will use CUDA device of pe 32
Pe 1 physical rank 1 will use CUDA device of pe 32
Pe 4 physical rank 4 will use CUDA device of pe 32
Pe 21 physical rank 21 will use CUDA device of pe 32
Pe 0 physical rank 0 will use CUDA device of pe 32
Pe 3 physical rank 3 will use CUDA device of pe 32
Pe 32 physical rank 32 binding to CUDA device 0 on sg045: 'NVIDIA A100-SXM4-80GB'  Mem: 81152MB  Rev: 8.0  PCI: 0:1:0
CharmLB> Load balancing instrumentation for communication is off.
Info: NAMD 3.1alpha4pre for Linux-x86_64-MPI-smp-CUDA
Info: 
Info: Please visit http://www.ks.uiuc.edu/Research/namd/
Info: for updates, documentation, and support information.
Info: 
Info: Please cite Phillips et al., J. Chem. Phys. 153:044130 (2020) doi:10.1063/5.0014475
Info: in all publications reporting results obtained with NAMD.
Info: 
Info: Based on Charm++/Converse 80001 for mpi-linux-x86_64
Info: Built Tue Mar 10 15:59:42 MST 2026 by athiru12 on sg236
Info: Source code at Git commit ID 6669d58345b330ce455c3341de1e9ec803325dda
Info: 1 NAMD  3.1alpha4pre  Linux-x86_64-MPI-smp-CUDA  45    sg045  ljwoods2
Info: Running on 45 processors, 1 nodes, 1 physical nodes.
Info: CPU topology information available.
Info: Charm++/Converse parallel runtime startup completed at 0.392802 s
CkLoopLib is used in SMP with simple dynamic scheduling (converse-level notification)
Info: 0 MB of memory in use based on /proc/self/stat
Info: Configuration file is input/step5_fileio_fileio_run_1.inp
Info: Changed directory to input
TCL: Suspending until startup complete.
Warning: Option "1-4scaling" has been deprecated. Instead use "oneFourScaling".
Info: EXTENDED SYSTEM FILE   ../output/vanilla/performance/equil/1-0-40/run-1/step4_equilibration.xsc
Info: Tuning parameters to improve GPU-resident performance
Info: Setting margin to 4
Warning: The Langevin gamma parameters differ over the particles,
Warning: requiring extra work per step to constrain rigid bonds.
Info: Enabling PMEOffload because PMEInterpOrder > 4.
Info: Running with GPU-resident mode
Warning: Always using force tables for GPU nonbonded kernel due to unsupported config parameters.
Info: SIMULATION PARAMETERS:
Info: TIMESTEP               2
Info: NUMBER OF STEPS        500000
Info: STEPS PER CYCLE        20
Info: PERIODIC CELL BASIS 1  69 0 0
Info: PERIODIC CELL BASIS 2  0 69 0
Info: PERIODIC CELL BASIS 3  0 0 69
Info: PERIODIC CELL CENTER   0 0 0
Info: WRAPPING WATERS AROUND PERIODIC BOUNDARIES ON OUTPUT.
Info: WRAPPING ALL CLUSTERS AROUND PERIODIC BOUNDARIES ON OUTPUT.
Info: LOAD BALANCER  Centralized
Info: LOAD BALANCING STRATEGY  New Load Balancers -- DEFAULT
Info: LDB PERIOD             4000 steps
Info: FIRST LDB TIMESTEP     100
Info: LAST LDB TIMESTEP     -1
Info: LDB BACKGROUND SCALING 1
Info: HOM BACKGROUND SCALING 1
Info: PME BACKGROUND SCALING 1
Info: MIN ATOMS PER PATCH    40
Info: EMPTY PATCH LOAD       40 ATOMS
Info: VELOCITY FILE          ../output/vanilla/performance/equil/1-0-40/run-1/step4_equilibration.vel
Info: CENTER OF MASS MOVING INITIALLY? NO
Info: DIELECTRIC             1
Info: EXCLUDE                SCALED ONE-FOUR
Info: 1-4 ELECTROSTATICS SCALED BY 1
Info: MODIFIED 1-4 VDW PARAMETERS WILL BE USED
Info: DCD FILENAME           ../output/fileio/performance/prod/1-1-45/frequency-5000/run-1/step5_fileio.dcd
Info: DCD FREQUENCY          5000
Info: DCD FIRST STEP         5000
Info: DCD FILE WILL CONTAIN UNIT CELL DATA
Info: NO EXTENDED SYSTEM TRAJECTORY OUTPUT
Info: NO VELOCITY DCD OUTPUT
Info: NO FORCE DCD OUTPUT
Info: OUTPUT FILENAME        ../output/fileio/performance/prod/1-1-45/frequency-5000/run-1/step5_fileio
Info: BINARY OUTPUT FILES WILL BE USED
Info: NO RESTART FILE
Info: NAMD will save positions and velocities to ../output/fileio/performance/prod/1-1-45/frequency-5000/run-1/step5_fileio.crash.csv when  atoms are moving too fast.
Info: SWITCHING ACTIVE
Info: VDW FORCE SWITCHING ACTIVE
Info: SWITCHING ON           10
Info: SWITCHING OFF          12
Info: PAIRLIST DISTANCE      16
Info: PAIRLIST SHRINK RATE   0.01
Info: PAIRLIST GROW RATE     0.01
Info: PAIRLIST TRIGGER       0.3
Info: PAIRLISTS PER CYCLE    2
Info: PAIRLISTS ENABLED
Info: MARGIN                 4
Info: HYDROGEN GROUP CUTOFF  2.5
Info: PATCH DIMENSION        22.5
Info: ENERGY OUTPUT STEPS    5000
Info: ENERGY EVALUATION STEPS    5000
Info: OUTPUT ENERGY PRECISION 4
Info: CROSSTERM ENERGY INCLUDED IN DIHEDRAL
Info: TIMING OUTPUT STEPS    5000
Info: LANGEVIN DYNAMICS ACTIVE
Info: LANGEVIN TEMPERATURE   303.15
Info: LANGEVIN USING BBK INTEGRATOR
Info: LANGEVIN DAMPING COEFFICIENT IS 1 INVERSE PS
Info: LANGEVIN DYNAMICS NOT APPLIED TO HYDROGENS
Info: LANGEVIN PISTON PRESSURE CONTROL ACTIVE
Info:        TARGET PRESSURE IS 1.01325 BAR
Info:     OSCILLATION PERIOD IS 50 FS
Info:             DECAY TIME IS 25 FS
Info:     PISTON TEMPERATURE IS 303.15 K
Info:       PRESSURE CONTROL IS GROUP-BASED
Info:    INITIAL STRAIN RATE IS 0 0 0
Info:       CELL FLUCTUATION IS ISOTROPIC
Info: PARTICLE MESH EWALD (PME) ACTIVE
Info: PME TOLERANCE               1e-06
Info: PME EWALD COEFFICIENT       0.257952
Info: PME INTERPOLATION ORDER     6
Info: PME GRID DIMENSIONS         72 72 72
Info: PME MAXIMUM GRID SPACING    1
Info: PME RECIPROCAL SUM OFFLOADED TO GPU
Info: PME CALCULATION WILL BE PERFORMED ON GPU
Info: FULL ELECTROSTATIC EVALUATION FREQUENCY      1
Info: USING VERLET I (r-RESPA) MTS SCHEME.
Info: C1 SPLITTING OF LONG RANGE ELECTROSTATICS
Info: PLACING ATOMS IN PATCHES BY HYDROGEN GROUPS
Info: RIGID BONDS TO HYDROGEN : ALL
Info:         ERROR TOLERANCE : 1e-08
Info:          MAX ITERATIONS : 100
Info: RIGID WATER USING SETTLE ALGORITHM
Info: RANDOM NUMBER SEED     1774698325
Info: USE HYDROGEN BONDS?    NO
Info: COORDINATE PDB         step3_input.pdb
Info: STRUCTURE FILE         step3_input.psf
Info: PARAMETER file: CHARMM format! 
Info: PARAMETERS             toppar/par_all36m_prot.prm
Info: PARAMETERS             toppar/par_all36_na.prm
Info: PARAMETERS             toppar/par_all36_carb.prm
Info: PARAMETERS             toppar/par_all36_lipid.prm
Info: PARAMETERS             toppar/par_all36_cgenff.prm
Info: PARAMETERS             toppar/par_interface.prm
Info: PARAMETERS             toppar/toppar_all36_moreions.str
Info: PARAMETERS             toppar/toppar_all36_nano_lig.str
Info: PARAMETERS             toppar/toppar_all36_nano_lig_patch.str
Info: PARAMETERS             toppar/toppar_all36_synthetic_polymer.str
Info: PARAMETERS             toppar/toppar_all36_synthetic_polymer_patch.str
Info: PARAMETERS             toppar/toppar_all36_polymer_solvent.str
Info: PARAMETERS             toppar/toppar_water_ions.str
Info: PARAMETERS             toppar/toppar_dum_noble_gases.str
Info: PARAMETERS             toppar/toppar_ions_won.str
Info: PARAMETERS             toppar/cam.str
Info: PARAMETERS             toppar/toppar_all36_prot_arg0.str
Info: PARAMETERS             toppar/toppar_all36_prot_c36m_d_aminoacids.str
Info: PARAMETERS             toppar/toppar_all36_prot_fluoro_alkanes.str
Info: PARAMETERS             toppar/toppar_all36_prot_heme.str
Info: PARAMETERS             toppar/toppar_all36_prot_na_combined.str
Info: PARAMETERS             toppar/toppar_all36_prot_retinol.str
Info: PARAMETERS             toppar/toppar_all36_prot_model.str
Info: PARAMETERS             toppar/toppar_all36_prot_modify_res.str
Info: PARAMETERS             toppar/toppar_all36_na_nad_ppi.str
Info: PARAMETERS             toppar/toppar_all36_na_rna_modified.str
Info: PARAMETERS             toppar/toppar_all36_lipid_sphingo.str
Info: PARAMETERS             toppar/toppar_all36_lipid_archaeal.str
Info: PARAMETERS             toppar/toppar_all36_lipid_bacterial.str
Info: PARAMETERS             toppar/toppar_all36_lipid_cardiolipin.str
Info: PARAMETERS             toppar/toppar_all36_lipid_cholesterol.str
Info: PARAMETERS             toppar/toppar_all36_lipid_dag.str
Info: PARAMETERS             toppar/toppar_all36_lipid_inositol.str
Info: PARAMETERS             toppar/toppar_all36_lipid_lnp.str
Info: PARAMETERS             toppar/toppar_all36_lipid_lps.str
Info: PARAMETERS             toppar/toppar_all36_lipid_mycobacterial.str
Info: PARAMETERS             toppar/toppar_all36_lipid_miscellaneous.str
Info: PARAMETERS             toppar/toppar_all36_lipid_model.str
Info: PARAMETERS             toppar/toppar_all36_lipid_prot.str
Info: PARAMETERS             toppar/toppar_all36_lipid_tag.str
Info: PARAMETERS             toppar/toppar_all36_lipid_yeast.str
Info: PARAMETERS             toppar/toppar_all36_lipid_hmmm.str
Info: PARAMETERS             toppar/toppar_all36_lipid_detergent.str
Info: PARAMETERS             toppar/toppar_all36_lipid_ether.str
Info: PARAMETERS             toppar/toppar_all36_lipid_oxidized.str
Info: PARAMETERS             toppar/toppar_all36_carb_glycolipid.str
Info: PARAMETERS             toppar/toppar_all36_carb_glycopeptide.str
Info: PARAMETERS             toppar/toppar_all36_carb_imlab.str
Info: PARAMETERS             toppar/toppar_all36_label_spin.str
Info: PARAMETERS             toppar/toppar_all36_label_fluorophore.str
Info: USING ARITHMETIC MEAN TO COMBINE L-J SIGMA PARAMETERS
Info: BINARY COORDINATES     ../output/vanilla/performance/equil/1-0-40/run-1/step4_equilibration.coor
Warning: SKIPPING PART OF PARAMETER FILE AFTER RETURN STATEMENT

Warning: DUPLICATE DIHEDRAL ENTRY FOR HAL1-CTO1-C-NHL
PREVIOUS VALUES MULTIPLICITY: 1
  k=0  n=1  delta=0INCREASING MULTIPLICITY TO: 2
  k=0  n=3  delta=0

Warning: DUPLICATE DIHEDRAL ENTRY FOR HAL1-CTO1-C-O
PREVIOUS VALUES MULTIPLICITY: 1
  k=0  n=1  delta=0INCREASING MULTIPLICITY TO: 2
  k=0  n=2  delta=3.14159
Warning: SKIPPING PART OF PARAMETER FILE AFTER RETURN STATEMENT

Warning: DUPLICATE DIHEDRAL ENTRY FOR CTL2-CG2O5-CTL1-CTL3
PREVIOUS VALUES MULTIPLICITY: 1
  k=0.75  n=1  delta=0  k=0.18  n=2  delta=3.14159INCREASING MULTIPLICITY TO: 3
  k=0.065  n=3  delta=0

Warning: DUPLICATE BOND ENTRY FOR CEL1-CL
PREVIOUS VALUES  k=440  x0=1.489
   USING VALUES  k=300  x0=1.48
Info: SUMMARY OF PARAMETERS:
Info: 1988 BONDS
Info: 6776 ANGLES
Info: 19939 DIHEDRAL
Info: 430 IMPROPER
Info: 28 CROSSTERM
Info: 751 VDW
Info: 122 VDW_PAIRS
Info: 0 NBTHOLE_PAIRS
Warning: Ignored 9467 bonds with zero force constants.
Warning: Will get H-H distance in rigid H2O from H-O-H angle.
Info: No lone pairs detected in waters
Info: TIME FOR READING PSF FILE: 0.365984
Info: Reading pdb file step3_input.pdb
Info: TIME FOR READING PDB FILE: 0.190515
Info: 
Info: ****************************
Info: STRUCTURE SUMMARY:
Info: 30423 ATOMS
Info: 20918 BONDS
Info: 13014 ANGLES
Info: 5187 DIHEDRALS
Info: 373 IMPROPERS
Info: 127 CROSSTERMS
Info: 0 EXCLUSIONS
Info: 29360 RIGID BONDS
Info: 61909 DEGREES OF FREEDOM
Info: 10530 HYDROGEN GROUPS
Info: 4 ATOMS IN LARGEST HYDROGEN GROUP
Info: 10530 MIGRATION GROUPS
Info: 4 ATOMS IN LARGEST MIGRATION GROUP
Info: TOTAL MASS = 186727 amu
Info: TOTAL CHARGE = 1.31875e-06 e
Info: MASS DENSITY = 0.943883 g/cm^3
Info: ATOM DENSITY = 0.0926093 atoms/A^3
Info: *****************************
Info: Reading from binary file ../output/vanilla/performance/equil/1-0-40/run-1/step4_equilibration.coor
Info: 
Info: Entering startup at 5.74985 s, 0 MB of memory in use
Info: Startup phase 0 took 0.000828968 s, 0 MB of memory in use
Info: ADDED 39038 IMPLICIT EXCLUSIONS
Info: Startup phase 1 took 0.00666967 s, 0 MB of memory in use
Info: NONBONDED TABLE R-SQUARED SPACING: 0.0625
Info: NONBONDED TABLE SIZE: 769 POINTS
Info: INCONSISTENCY IN FAST TABLE ENERGY VS FORCE: 0.000325096 AT 11.9556
Info: INCONSISTENCY IN SCOR TABLE ENERGY VS FORCE: 0.000324844 AT 11.9556
Info: INCONSISTENCY IN VDWA TABLE ENERGY VS FORCE: 0.0040507 AT 0.251946
Info: INCONSISTENCY IN VDWB TABLE ENERGY VS FORCE: 0.00150189 AT 0.251946
Info: Startup phase 2 took 0.0160688 s, 0 MB of memory in use
Info: Startup phase 3 took 0.000242857 s, 0 MB of memory in use
Info: Startup phase 4 took 0.00148606 s, 0 MB of memory in use
Info: Startup phase 5 took 0.000204465 s, 0 MB of memory in use
Info: REDUCING NUMBER OF PATCHES TO IMPROVE LOAD BALANCE
Info: PATCH GRID IS 5 (PERIODIC) BY 3 (PERIODIC) BY 3 (PERIODIC)
Info: PATCH GRID IS 2-AWAY BY 1-AWAY BY 1-AWAY
Info: Reading from binary file ../output/vanilla/performance/equil/1-0-40/run-1/step4_equilibration.vel
Info: REMOVING COM VELOCITY -0.0158458 -0.019888 0.00968242
Info: LARGEST PATCH (22) HAS 800 ATOMS
Info: TORUS A SIZE 1 USING 0
Info: TORUS B SIZE 1 USING 0
Info: TORUS C SIZE 1 USING 0
Info: TORUS MINIMAL MESH SIZE IS 1 BY 1 BY 1
Info: Placed 100% of base nodes on same physical node as patch
Info: Startup phase 6 took 0.286811 s, 0 MB of memory in use
Info: Use 3D box decompostion in PME FFT.
Info: PME using 1 x 1 x 1 pencil grid for FFT and reciprocal sum.
Info: Startup phase 7 took 0.00121626 s, 0 MB of memory in use
Info: Updated CUDA force table with 4096 elements.
Info: Updated CUDA LJ table with 751 x 751 elements.
Info: Startup phase 8 took 0.0101908 s, 0 MB of memory in use
Info: Startup phase 9 took 0.000203332 s, 0 MB of memory in use
Info: Startup phase 10 took 0.000155422 s, 0 MB of memory in use
Info: Startup phase 11 took 0.0114453 s, 0 MB of memory in use
LDB: Central LB being created...
Info: Startup phase 12 took 0.36809 s, 0 MB of memory in use
Info: Startup phase 13 took 0.000173877 s, 0 MB of memory in use
Info: Startup phase 14 took 0.00189627 s, 0 MB of memory in use
Info: Startup phase 15 took 0.000160201 s, 0 MB of memory in use
Info: CREATING 1710 COMPUTE OBJECTS
Info: Found 268 unique exclusion lists needing 4316 bytes
Info: useSync: 0 useProxySync: 0
Info: Startup phase 16 took 0.1625 s, 0 MB of memory in use
Info: Startup phase 17 took 0.000235243 s, 0 MB of memory in use
Info: Startup phase 18 took 8.545e-05 s, 0 MB of memory in use
Info: Finished startup at 6.61851 s, 0 MB of memory in use

TCL: Original numsteps 500000 will be ignored.
TCL: Running for 500000 steps
ETITLE:      TS           BOND          ANGLE          DIHED          IMPRP               ELECT            VDW       BOUNDARY           MISC        KINETIC               TOTAL           TEMP      POTENTIAL       TOTALAVG        TEMPAVG            PRESSURE      GPRESSURE         VOLUME       PRESSAVG      GPRESSAVG

ENERGY:       0       390.0165      1067.9379      1155.8548        69.8147        -111518.5693      9145.1384         0.0000         0.0000     18338.1923         -81351.6148       298.1214    -99689.8070    -81351.6148       298.1214          -1454.3544     -1453.0516    328509.0000     -1454.3544     -1453.0516

Info: Initial time: 45 CPUs 0.00274781 s/step 62.8865 ns/day 0 MB memory
Info: Initial time: 45 CPUs 0.00132649 s/step 130.268 ns/day 0 MB memory
Info: Initial time: 45 CPUs 0.000952168 s/step 181.481 ns/day 0 MB memory
Info: Benchmark time: 45 CPUs 0.000960617 s/step 179.884 ns/day 0 MB memory
Info: Benchmark time: 45 CPUs 0.000973025 s/step 177.591 ns/day 0 MB memory
Info: Benchmark time: 45 CPUs 0.000966636 s/step 178.764 ns/day 0 MB memory
Info: Benchmark time: 45 CPUs 0.00108137 s/step 159.798 ns/day 0 MB memory
Info: Benchmark time: 45 CPUs 0.00114064 s/step 151.494 ns/day 0 MB memory
Info: Benchmark time: 45 CPUs 0.000950834 s/step 181.735 ns/day 0 MB memory
TIMING: 5000  CPU: 10.7666, 0.000976027/step  Wall: 5.40014, 0.00101753/step, 169.824 ns/days, 0.13991 hours remaining, 0.000000 MB of memory in use.
PERFORMANCE: 5000  averaging 169.824 ns/day, 0.00101753 sec/step with standard deviation 0
ENERGY:    5000       451.1348      1107.4717      1126.6776        58.9071        -113905.2373      9520.0117         0.0000         0.0000     18603.0603         -83037.9743       302.4273   -101641.0345    -82194.7945       300.2743           -236.7217      -235.7147    298995.2055      -845.5380      -844.3832

OPENING COORDINATE DCD FILE
WRITING COORDINATES TO DCD FILE ../output/fileio/performance/prod/1-1-45/frequency-5000/run-1/step5_fileio.dcd AT STEP 5000
The last position output (seq=5000) takes 0.196 seconds, 0.000 MB of memory in use
TIMING: 10000  CPU: 15.8514, 0.00101695/step  Wall: 10.5141, 0.0010228/step, 168.948 ns/days, 0.139214 hours remaining, 0.000000 MB of memory in use.
PERFORMANCE: 10000  averaging 169.385 ns/day, 0.00102016 sec/step with standard deviation 3.72783e-06
ENERGY:   10000       418.1916      1144.5444      1132.3567        65.7152        -114426.9445      9885.6927         0.0000         0.0000     18706.0034         -83074.4405       304.1008   -101780.4439    -82488.0098       301.5498            -72.8401       -70.5871    299545.7761      -587.9721      -586.4512

WRITING COORDINATES TO DCD FILE ../output/fileio/performance/prod/1-1-45/frequency-5000/run-1/step5_fileio.dcd AT STEP 10000
The last position output (seq=10000) takes 0.544 seconds, 0.000 MB of memory in use
TIMING: 15000  CPU: 21.4195, 0.00111362/step  Wall: 16.1123, 0.00111963/step, 154.337 ns/days, 0.150839 hours remaining, 0.000000 MB of memory in use.
PERFORMANCE: 15000  averaging 164.053 ns/day, 0.00105332 sec/step with standard deviation 5.74865e-05
ENERGY:   15000       422.4024      1157.9429      1147.7221        75.7088        -114042.9148      9659.5918         0.0000         0.0000     18478.7582         -83100.7886       300.4065   -101579.5469    -82641.2045       301.2640           -192.1339      -189.6723    300501.6721      -489.0125      -487.2564

WRITING COORDINATES TO DCD FILE ../output/fileio/performance/prod/1-1-45/frequency-5000/run-1/step5_fileio.dcd AT STEP 15000
The last position output (seq=15000) takes 0.094 seconds, 0.000 MB of memory in use
TIMING: 20000  CPU: 26.3289, 0.00098188/step  Wall: 21.0489, 0.000987333/step, 175.017 ns/days, 0.131644 hours remaining, 0.000000 MB of memory in use.
PERFORMANCE: 20000  averaging 166.663 ns/day, 0.00103682 sec/step with standard deviation 5.73726e-05
ENERGY:   20000       421.0811      1097.0886      1130.4207        72.8189        -114177.0133      9904.2994         0.0000         0.0000     18524.1329         -83027.1718       301.1442   -101551.3047    -82718.3980       301.2400            162.3063       157.1044    300212.0051      -358.7488      -358.3843

WRITING COORDINATES TO DCD FILE ../output/fileio/performance/prod/1-1-45/frequency-5000/run-1/step5_fileio.dcd AT STEP 20000
The last position output (seq=20000) takes 0.002 seconds, 0.000 MB of memory in use
TIMING: 25000  CPU: 31.1869, 0.000971602/step  Wall: 25.9352, 0.000977254/step, 176.822 ns/days, 0.128943 hours remaining, 0.000000 MB of memory in use.
PERFORMANCE: 25000  averaging 168.601 ns/day, 0.00102491 sec/step with standard deviation 5.63769e-05
ENERGY:   25000       424.3333      1124.0229      1131.3476        72.4855        -114130.7741      9854.8050         0.0000         0.0000     18658.6677         -82865.1121       303.3313   -101523.7798    -82742.8503       301.5886            165.5293       166.4769    298948.7477      -271.3691      -270.9074

WRITING COORDINATES TO DCD FILE ../output/fileio/performance/prod/1-1-45/frequency-5000/run-1/step5_fileio.dcd AT STEP 25000
The last position output (seq=25000) takes 0.061 seconds, 0.000 MB of memory in use
TIMING: 30000  CPU: 36.2819, 0.00101901/step  Wall: 31.0588, 0.00102472/step, 168.632 ns/days, 0.133783 hours remaining, 0.000000 MB of memory in use.
PERFORMANCE: 30000  averaging 168.606 ns/day, 0.00102488 sec/step with standard deviation 5.04251e-05
ENERGY:   30000       412.9011      1059.6712      1141.7591        56.9214        -114206.6828      9827.2433         0.0000         0.0000     18795.8675         -82912.3192       305.5617   -101708.1867    -82767.0602       302.1562            269.6589       267.3773    298863.2612      -194.0794      -194.0096

WRITING COORDINATES TO DCD FILE ../output/fileio/performance/prod/1-1-45/frequency-5000/run-1/step5_fileio.dcd AT STEP 30000
The last position output (seq=30000) takes 0.004 seconds, 0.000 MB of memory in use
TIMING: 35000  CPU: 41.1256, 0.000968726/step  Wall: 35.9303, 0.000974292/step, 177.36 ns/days, 0.125846 hours remaining, 0.000000 MB of memory in use.
PERFORMANCE: 35000  averaging 169.803 ns/day, 0.00101765 sec/step with standard deviation 4.98442e-05
ENERGY:   35000       442.2633      1128.5820      1130.8108        75.0997        -114575.6257      9923.2939         0.0000         0.0000     18498.8024         -83376.7736       300.7324   -101875.5760    -82843.2743       301.9782             14.4486        17.4668    300283.0833      -168.0134      -167.5750

WRITING COORDINATES TO DCD FILE ../output/fileio/performance/prod/1-1-45/frequency-5000/run-1/step5_fileio.dcd AT STEP 35000
The last position output (seq=35000) takes 0.002 seconds, 0.000 MB of memory in use
TIMING: 40000  CPU: 45.9513, 0.000965154/step  Wall: 40.7831, 0.000970566/step, 178.04 ns/days, 0.124017 hours remaining, 0.000000 MB of memory in use.
PERFORMANCE: 40000  averaging 170.791 ns/day, 0.00101176 sec/step with standard deviation 4.90575e-05
ENERGY:   40000       457.0243      1129.9126      1119.5502        72.4793        -113628.6649      9588.7093         0.0000         0.0000     18740.6583         -82520.3310       304.6642   -101260.9893    -82807.3918       302.2767           -273.5906      -271.8176    302627.4169      -179.7442      -179.1576

WRITING COORDINATES TO DCD FILE ../output/fileio/performance/prod/1-1-45/frequency-5000/run-1/step5_fileio.dcd AT STEP 40000
The last position output (seq=40000) takes 0.002 seconds, 0.000 MB of memory in use
TIMING: 45000  CPU: 51.0852, 0.00102677/step  Wall: 45.9447, 0.00103233/step, 167.388 ns/days, 0.130475 hours remaining, 0.000000 MB of memory in use.
PERFORMANCE: 45000  averaging 170.406 ns/day, 0.00101405 sec/step with standard deviation 4.63983e-05
ENERGY:   45000       438.9431      1115.8394      1123.0763        73.5152        -113663.4120      9618.2592         0.0000         0.0000     18806.0790         -82487.6998       305.7277   -101293.7788    -82775.4226       302.6218           -330.5914      -333.9399    303163.1018      -194.8289      -194.6358

WRITING COORDINATES TO DCD FILE ../output/fileio/performance/prod/1-1-45/frequency-5000/run-1/step5_fileio.dcd AT STEP 45000
The last position output (seq=45000) takes 0.002 seconds, 0.000 MB of memory in use
TIMING: 50000  CPU: 55.9055, 0.000964076/step  Wall: 50.7921, 0.00096947/step, 178.242 ns/days, 0.121184 hours remaining, 0.000000 MB of memory in use.
PERFORMANCE: 50000  averaging 171.158 ns/day, 0.00100959 sec/step with standard deviation 4.59601e-05
ETITLE:      TS           BOND          ANGLE          DIHED          IMPRP               ELECT            VDW       BOUNDARY           MISC        KINETIC               TOTAL           TEMP      POTENTIAL       TOTALAVG        TEMPAVG            PRESSURE      GPRESSURE         VOLUME       PRESSAVG      GPRESSAVG

ENERGY:   50000       416.3946      1143.3754      1144.6008        70.8465        -114326.6155      9983.1270         0.0000         0.0000     18641.1072         -82927.1639       303.0458   -101568.2712    -82789.2172       302.6603            200.6079       202.5324    300275.2258      -158.8801      -158.5296

WRITING COORDINATES TO DCD FILE ../output/fileio/performance/prod/1-1-45/frequency-5000/run-1/step5_fileio.dcd AT STEP 50000
The last position output (seq=50000) takes 0.002 seconds, 0.000 MB of memory in use
TIMING: 55000  CPU: 60.7619, 0.000971279/step  Wall: 55.6754, 0.000976656/step, 176.93 ns/days, 0.120725 hours remaining, 0.000000 MB of memory in use.
PERFORMANCE: 55000  averaging 171.667 ns/day, 0.0010066 sec/step with standard deviation 4.47181e-05
ENERGY:   55000       397.3183      1100.5240      1116.7403        67.7127        -114327.2823      9890.0298         0.0000         0.0000     18653.5239         -83101.4334       303.2477   -101754.9572    -82815.2352       302.7093            101.4685       103.6702    301628.7978      -137.1844      -136.6796

WRITING COORDINATES TO DCD FILE ../output/fileio/performance/prod/1-1-45/frequency-5000/run-1/step5_fileio.dcd AT STEP 55000
TIMING: 60000  CPU: 65.7334, 0.000994295/step  Wall: 60.678, 0.00100053/step, 172.708 ns/days, 0.122287 hours remaining, 0.000000 MB of memory in use.
PERFORMANCE: 60000  averaging 171.754 ns/day, 0.00100609 sec/step with standard deviation 4.2673e-05
ENERGY:   60000       441.1557      1068.1467      1100.4167        72.7686        -113783.7554      9702.5600         0.0000         0.0000     18551.5718         -82847.1360       301.5903   -101398.7078    -82817.6891       302.6232           -181.5093      -182.6040    301883.8525      -140.5940      -140.2123

WRITING COORDINATES TO DCD FILE ../output/fileio/performance/prod/1-1-45/frequency-5000/run-1/step5_fileio.dcd AT STEP 60000
TIMING: 65000  CPU: 70.5893, 0.000971187/step  Wall: 65.5609, 0.000976577/step, 176.945 ns/days, 0.118003 hours remaining, 0.000000 MB of memory in use.
PERFORMANCE: 65000  averaging 172.142 ns/day, 0.00100382 sec/step with standard deviation 4.16683e-05
ENERGY:   65000       432.6484      1142.2086      1100.8468        74.0814        -114028.4104      9702.9482         0.0000         0.0000     18488.6729         -83087.0040       300.5677   -101575.6769    -82836.9259       302.4764             64.3898        64.4968    300503.5796      -125.9523      -125.5902

WRITING COORDINATES TO DCD FILE ../output/fileio/performance/prod/1-1-45/frequency-5000/run-1/step5_fileio.dcd AT STEP 65000
TIMING: 70000  CPU: 75.4457, 0.000971268/step  Wall: 70.4441, 0.000976644/step, 176.933 ns/days, 0.116655 hours remaining, 0.000000 MB of memory in use.
PERFORMANCE: 70000  averaging 172.476 ns/day, 0.00100188 sec/step with standard deviation 4.06872e-05
ENERGY:   70000       416.4517      1158.1899      1119.0763        77.9718        -114353.1549      9846.2922         0.0000         0.0000     18594.1426         -83141.0303       302.2823   -101735.1729    -82857.1995       302.4634             -8.4453        -7.8681    300087.8206      -118.1185      -117.7420

WRITING COORDINATES TO DCD FILE ../output/fileio/performance/prod/1-1-45/frequency-5000/run-1/step5_fileio.dcd AT STEP 70000
TIMING: 75000  CPU: 80.4952, 0.0010099/step  Wall: 75.5318, 0.00101753/step, 169.823 ns/days, 0.120125 hours remaining, 0.000000 MB of memory in use.
PERFORMANCE: 75000  averaging 172.296 ns/day, 0.00100292 sec/step with standard deviation 3.94149e-05
ENERGY:   75000       450.7822      1114.8961      1103.8644        70.8557        -114449.5411     10040.7678         0.0000         0.0000     18615.8452         -83052.5296       302.6351   -101668.3749    -82869.4077       302.4742            143.9546       146.0404    300642.5822      -101.7389      -101.2556

WRITING COORDINATES TO DCD FILE ../output/fileio/performance/prod/1-1-45/frequency-5000/run-1/step5_fileio.dcd AT STEP 75000
TIMING: 80000  CPU: 85.3566, 0.000972283/step  Wall: 80.4209, 0.00097782/step, 176.72 ns/days, 0.114079 hours remaining, 0.000000 MB of memory in use.
PERFORMANCE: 80000  averaging 172.566 ns/day, 0.00100135 sec/step with standard deviation 3.85921e-05
ENERGY:   80000       408.1930      1141.4759      1137.2448        65.8879        -113727.0456      9810.3492         0.0000         0.0000     18640.1014         -82523.7933       303.0295   -101163.8947    -82849.0774       302.5068             87.7915        92.3274    301482.7450       -90.5901       -89.8684

WRITING COORDINATES TO DCD FILE ../output/fileio/performance/prod/1-1-45/frequency-5000/run-1/step5_fileio.dcd AT STEP 80000
TIMING: 85000  CPU: 90.1837, 0.000965413/step  Wall: 85.2743, 0.000970694/step, 178.017 ns/days, 0.111899 hours remaining, 0.000000 MB of memory in use.
PERFORMANCE: 85000  averaging 172.878 ns/day, 0.000999551 sec/step with standard deviation 3.80994e-05
ENERGY:   85000       437.0859      1118.3458      1127.4562        75.4732        -113844.0782      9540.9380         0.0000         0.0000     18665.7201         -82879.0590       303.4459   -101544.7791    -82850.7431       302.5590           -254.2283      -252.2746    302201.7976       -99.6811       -98.8910

WRITING COORDINATES TO DCD FILE ../output/fileio/performance/prod/1-1-45/frequency-5000/run-1/step5_fileio.dcd AT STEP 85000
TIMING: 90000  CPU: 95.1707, 0.000997398/step  Wall: 90.2891, 0.00100295/step, 172.292 ns/days, 0.114225 hours remaining, 0.000000 MB of memory in use.
PERFORMANCE: 90000  averaging 172.845 ns/day, 0.00099974 sec/step with standard deviation 3.69705e-05
ENERGY:   90000       409.2790      1134.2313      1130.1533        75.1809        -113992.6557      9798.1761         0.0000         0.0000     18684.2421         -82761.3930       303.7471   -101445.6351    -82846.0404       302.6215            159.7243       163.5987    300078.1606       -86.0282       -85.0757

WRITING COORDINATES TO DCD FILE ../output/fileio/performance/prod/1-1-45/frequency-5000/run-1/step5_fileio.dcd AT STEP 90000
TIMING: 95000  CPU: 100.066, 0.00097905/step  Wall: 95.2128, 0.000984734/step, 175.479 ns/days, 0.110783 hours remaining, 0.000000 MB of memory in use.
PERFORMANCE: 95000  averaging 172.982 ns/day, 0.00099895 sec/step with standard deviation 3.60934e-05
ENERGY:   95000       401.4799      1131.7428      1102.1762        78.7896        -114363.2051      9992.1846         0.0000         0.0000     18563.7636         -83093.0686       301.7885   -101656.8322    -82858.3918       302.5799             -7.4345        -8.8817    302764.3554       -82.0985       -81.2660

WRITING COORDINATES TO DCD FILE ../output/fileio/performance/prod/1-1-45/frequency-5000/run-1/step5_fileio.dcd AT STEP 95000
TIMING: 100000  CPU: 104.882, 0.000963286/step  Wall: 100.056, 0.000968705/step, 178.383 ns/days, 0.107634 hours remaining, 0.000000 MB of memory in use.
PERFORMANCE: 100000  averaging 173.244 ns/day, 0.000997438 sec/step with standard deviation 3.57758e-05
ETITLE:      TS           BOND          ANGLE          DIHED          IMPRP               ELECT            VDW       BOUNDARY           MISC        KINETIC               TOTAL           TEMP      POTENTIAL       TOTALAVG        TEMPAVG            PRESSURE      GPRESSURE         VOLUME       PRESSAVG      GPRESSAVG

ENERGY:  100000       404.3145      1133.5500      1120.1943        76.5739        -113869.4358      9688.6015         0.0000         0.0000     18785.9771         -82660.2245       305.4009   -101446.2015    -82923.8223       302.9439            116.0066       111.3974    301491.7437        -3.5804        -3.0436

WRITING COORDINATES TO DCD FILE ../output/fileio/performance/prod/1-1-45/frequency-5000/run-1/step5_fileio.dcd AT STEP 100000
TIMING: 105000  CPU: 109.807, 0.000984945/step  Wall: 105.008, 0.000990334/step, 174.487 ns/days, 0.108662 hours remaining, 0.000000 MB of memory in use.
PERFORMANCE: 105000  averaging 173.303 ns/day, 0.000997099 sec/step with standard deviation 3.49044e-05
ENERGY:  105000       420.4438      1062.7244      1120.5817        71.1881        -113917.1921      9768.4078         0.0000         0.0000     18702.6484         -82771.1980       304.0463   -101473.8464    -82910.4835       303.0248             97.8860       101.9653    299701.6227        13.1499        13.8404

WRITING COORDINATES TO DCD FILE ../output/fileio/performance/prod/1-1-45/frequency-5000/run-1/step5_fileio.dcd AT STEP 105000
TIMING: 110000  CPU: 114.656, 0.000969848/step  Wall: 109.884, 0.000975212/step, 177.192 ns/days, 0.105648 hours remaining, 0.000000 MB of memory in use.
PERFORMANCE: 110000  averaging 173.476 ns/day, 0.000996105 sec/step with standard deviation 3.43813e-05
ENERGY:  110000       435.9668      1094.7584      1105.9544        78.9204        -114009.6737      9679.3869         0.0000         0.0000     18596.9435         -83017.7433       302.3279   -101614.6867    -82907.6486       302.9362             24.0505        16.7674    299478.0770        17.9945        18.2082

WRITING COORDINATES TO DCD FILE ../output/fileio/performance/prod/1-1-45/frequency-5000/run-1/step5_fileio.dcd AT STEP 110000
TIMING: 115000  CPU: 119.477, 0.000964176/step  Wall: 114.731, 0.000969404/step, 178.254 ns/days, 0.103672 hours remaining, 0.000000 MB of memory in use.
PERFORMANCE: 115000  averaging 173.678 ns/day, 0.000994944 sec/step with standard deviation 3.40491e-05
ENERGY:  115000       447.8598      1137.2850      1103.3525        65.5464        -114122.8831      9721.3687         0.0000         0.0000     18722.0652         -82925.4055       304.3619   -101647.4707    -82898.8795       303.1339           -275.1510      -273.1092    301717.1004        13.8436        14.0363

WRITING COORDINATES TO DCD FILE ../output/fileio/performance/prod/1-1-45/frequency-5000/run-1/step5_fileio.dcd AT STEP 115000
TIMING: 120000  CPU: 124.374, 0.000979324/step  Wall: 119.654, 0.000984582/step, 175.506 ns/days, 0.103928 hours remaining, 0.000000 MB of memory in use.
PERFORMANCE: 120000  averaging 173.754 ns/day, 0.000994512 sec/step with standard deviation 3.33678e-05
ENERGY:  120000       469.6952      1173.4384      1125.2893        70.8468        -114079.5508      9942.0672         0.0000         0.0000     18564.4219         -82733.7920       301.7992   -101298.2139    -82884.2105       303.1667            104.7021       102.3457    301533.2915        10.9634        11.2984

WRITING COORDINATES TO DCD FILE ../output/fileio/performance/prod/1-1-45/frequency-5000/run-1/step5_fileio.dcd AT STEP 120000
TIMING: 125000  CPU: 129.273, 0.00097993/step  Wall: 124.579, 0.000985101/step, 175.413 ns/days, 0.102615 hours remaining, 0.000000 MB of memory in use.
PERFORMANCE: 125000  averaging 173.819 ns/day, 0.000994136 sec/step with standard deviation 3.27194e-05
ENERGY:  125000       459.7106      1135.2062      1116.2240        76.6518        -113941.6134      9743.4072         0.0000         0.0000     18603.4628         -82806.9509       302.4338   -101410.4137    -82881.3024       303.1218            -40.6591       -40.1285    301300.6556         0.6540         0.9681

WRITING COORDINATES TO DCD FILE ../output/fileio/performance/prod/1-1-45/frequency-5000/run-1/step5_fileio.dcd AT STEP 125000
TIMING: 130000  CPU: 134.132, 0.000971706/step  Wall: 129.466, 0.000977247/step, 176.823 ns/days, 0.100439 hours remaining, 0.000000 MB of memory in use.
PERFORMANCE: 130000  averaging 173.933 ns/day, 0.000993486 sec/step with standard deviation 3.2229e-05
ENERGY:  130000       455.4989      1157.8849      1099.7008        84.5522        -114115.6783      9638.6448         0.0000         0.0000     18428.9639         -83250.4329       299.5970   -101679.3968    -82898.2081       302.8236            -36.0800       -29.9147    299417.6767       -14.6329       -13.8965

WRITING COORDINATES TO DCD FILE ../output/fileio/performance/prod/1-1-45/frequency-5000/run-1/step5_fileio.dcd AT STEP 130000
TIMING: 135000  CPU: 139.234, 0.00102047/step  Wall: 134.596, 0.0010261/step, 168.405 ns/days, 0.104035 hours remaining, 0.000000 MB of memory in use.
PERFORMANCE: 135000  averaging 173.722 ns/day, 0.000994694 sec/step with standard deviation 3.22202e-05
ENERGY:  135000       414.9802      1113.2289      1114.1604        74.1998        -114356.8595      9892.9230         0.0000         0.0000     18738.3917         -83008.9754       304.6274   -101747.3671    -82879.8182       303.0183            221.9918       221.9622    299193.8243        -4.2558        -3.6717

WRITING COORDINATES TO DCD FILE ../output/fileio/performance/prod/1-1-45/frequency-5000/run-1/step5_fileio.dcd AT STEP 135000
TIMING: 140000  CPU: 144.127, 0.000978551/step  Wall: 139.516, 0.000983963/step, 175.616 ns/days, 0.0983963 hours remaining, 0.000000 MB of memory in use.
PERFORMANCE: 140000  averaging 173.789 ns/day, 0.00099431 sec/step with standard deviation 3.16829e-05
ENERGY:  140000       433.9139      1180.7119      1110.3963        68.6563        -114279.1743      9821.0365         0.0000         0.0000     18645.4789         -83018.9804       303.1169   -101664.4593    -82904.7507       302.9409             83.0223        81.1220    299869.4784        13.5749        13.9753

WRITING COORDINATES TO DCD FILE ../output/fileio/performance/prod/1-1-45/frequency-5000/run-1/step5_fileio.dcd AT STEP 140000
TIMING: 145000  CPU: 148.961, 0.00096686/step  Wall: 144.377, 0.000972157/step, 177.749 ns/days, 0.0958655 hours remaining, 0.000000 MB of memory in use.
PERFORMANCE: 145000  averaging 173.922 ns/day, 0.000993547 sec/step with standard deviation 3.13828e-05
ENERGY:  145000       431.3041      1143.0287      1136.4993        85.7109        -114291.2682      9820.2907         0.0000         0.0000     18517.9964         -83156.4383       301.0444   -101674.4347    -82938.1876       302.7068            -54.3144       -55.0460    301793.5647        27.3887        27.9200

WRITING COORDINATES TO DCD FILE ../output/fileio/performance/prod/1-1-45/frequency-5000/run-1/step5_fileio.dcd AT STEP 145000
TIMING: 150000  CPU: 153.892, 0.000986119/step  Wall: 149.334, 0.000991428/step, 174.294 ns/days, 0.0963888 hours remaining, 0.000000 MB of memory in use.
PERFORMANCE: 150000  averaging 173.935 ns/day, 0.000993476 sec/step with standard deviation 3.08393e-05
ETITLE:      TS           BOND          ANGLE          DIHED          IMPRP               ELECT            VDW       BOUNDARY           MISC        KINETIC               TOTAL           TEMP      POTENTIAL       TOTALAVG        TEMPAVG            PRESSURE      GPRESSURE         VOLUME       PRESSAVG      GPRESSAVG

ENERGY:  150000       434.2753      1081.8888      1125.0562        63.2553        -113768.5117      9696.7177         0.0000         0.0000     18532.3723         -82834.9460       301.2781   -101367.3184    -82933.5767       302.6184            -78.1770       -69.8321    301834.8715        13.4495        14.3017

WRITING COORDINATES TO DCD FILE ../output/fileio/performance/prod/1-1-45/frequency-5000/run-1/step5_fileio.dcd AT STEP 150000
TIMING: 155000  CPU: 158.765, 0.000974591/step  Wall: 154.235, 0.000980244/step, 176.283 ns/days, 0.09394 hours remaining, 0.000000 MB of memory in use.
PERFORMANCE: 155000  averaging 174.01 ns/day, 0.000993049 sec/step with standard deviation 3.0414e-05
ENERGY:  155000       434.2605      1112.1063      1131.2512        73.6236        -113941.6543      9695.5852         0.0000         0.0000     18921.5400         -82573.2873       307.6048   -101494.8273    -82907.1694       302.8363             68.4221        70.2083    301265.3074        11.7971        12.6286

WRITING COORDINATES TO DCD FILE ../output/fileio/performance/prod/1-1-45/frequency-5000/run-1/step5_fileio.dcd AT STEP 155000
TIMING: 160000  CPU: 163.573, 0.000961541/step  Wall: 159.069, 0.000966846/step, 178.725 ns/days, 0.0913133 hours remaining, 0.000000 MB of memory in use.
PERFORMANCE: 160000  averaging 174.153 ns/day, 0.00099223 sec/step with standard deviation 3.02759e-05
ENERGY:  160000       433.9050      1126.1518      1135.8787        75.3377        -114437.8142      9808.2301         0.0000         0.0000     18844.4982         -83013.8129       306.3523   -101858.3111    -82915.5033       303.0744           -210.6351      -210.5988    301076.9198        10.3409        11.2289

WRITING COORDINATES TO DCD FILE ../output/fileio/performance/prod/1-1-45/frequency-5000/run-1/step5_fileio.dcd AT STEP 160000
TIMING: 165000  CPU: 168.533, 0.00099216/step  Wall: 164.057, 0.000997456/step, 173.241 ns/days, 0.0928189 hours remaining, 0.000000 MB of memory in use.
PERFORMANCE: 165000  averaging 174.125 ns/day, 0.000992389 sec/step with standard deviation 2.98129e-05
ENERGY:  165000       421.9311      1140.4756      1113.6485        64.5152        -113689.2302      9547.5616         0.0000         0.0000     18731.8612         -82669.2371       304.5212   -101401.0983    -82894.6149       303.2720           -170.7717      -177.2200    301232.9736        -1.4172        -0.8569

WRITING COORDINATES TO DCD FILE ../output/fileio/performance/prod/1-1-45/frequency-5000/run-1/step5_fileio.dcd AT STEP 165000
TIMING: 170000  CPU: 173.381, 0.000969417/step  Wall: 168.931, 0.000974777/step, 177.271 ns/days, 0.0893545 hours remaining, 0.000000 MB of memory in use.
PERFORMANCE: 170000  averaging 174.216 ns/day, 0.000991871 sec/step with standard deviation 2.95127e-05
ENERGY:  170000       450.0838      1118.9279      1124.7434        65.8234        -113747.7270      9586.8268         0.0000         0.0000     18602.5537         -82798.7679       302.4191   -101401.3216    -82877.5018       303.2789           -152.5052      -154.1753    301401.7288        -8.6202        -8.1723

WRITING COORDINATES TO DCD FILE ../output/fileio/performance/prod/1-1-45/frequency-5000/run-1/step5_fileio.dcd AT STEP 170000
TIMING: 175000  CPU: 178.171, 0.000958091/step  Wall: 173.748, 0.000963537/step, 179.339 ns/days, 0.086986 hours remaining, 0.000000 MB of memory in use.
PERFORMANCE: 175000  averaging 174.359 ns/day, 0.000991061 sec/step with standard deviation 2.94673e-05
ENERGY:  175000       424.8052      1118.3875      1117.2176        63.1167        -114037.7199      9609.7444         0.0000         0.0000     18475.4791         -83228.9694       300.3532   -101704.4486    -82886.3238       303.1648           -224.6945      -228.6855    301434.5311       -27.0527       -26.9086

WRITING COORDINATES TO DCD FILE ../output/fileio/performance/prod/1-1-45/frequency-5000/run-1/step5_fileio.dcd AT STEP 175000
TIMING: 180000  CPU: 183.113, 0.000988362/step  Wall: 178.717, 0.000993756/step, 173.886 ns/days, 0.0883339 hours remaining, 0.000000 MB of memory in use.
PERFORMANCE: 180000  averaging 174.345 ns/day, 0.000991136 sec/step with standard deviation 2.90467e-05
ENERGY:  180000       417.2029      1145.8868      1139.0434        75.7789        -114459.7308      9837.9566         0.0000         0.0000     18633.9393         -83209.9229       302.9293   -101843.8621    -82920.6303       303.1598             44.3103        43.0870    301222.8685       -29.2267       -29.3706

WRITING COORDINATES TO DCD FILE ../output/fileio/performance/prod/1-1-45/frequency-5000/run-1/step5_fileio.dcd AT STEP 180000
TIMING: 185000  CPU: 187.983, 0.000974011/step  Wall: 183.616, 0.000979828/step, 176.358 ns/days, 0.0857349 hours remaining, 0.000000 MB of memory in use.
PERFORMANCE: 185000  averaging 174.399 ns/day, 0.00099083 sec/step with standard deviation 2.87007e-05
ENERGY:  185000       433.3816      1087.7038      1132.5321        79.2128        -113875.3712      9616.1602         0.0000         0.0000     18561.5991         -82964.7816       301.7533   -101526.3807    -82924.9164       303.0751            -95.3931       -97.4979    300779.3872       -21.2850       -21.6318

WRITING COORDINATES TO DCD FILE ../output/fileio/performance/prod/1-1-45/frequency-5000/run-1/step5_fileio.dcd AT STEP 185000
TIMING: 190000  CPU: 192.817, 0.000966925/step  Wall: 188.478, 0.000972385/step, 177.707 ns/days, 0.0837331 hours remaining, 0.000000 MB of memory in use.
PERFORMANCE: 190000  averaging 174.485 ns/day, 0.000990345 sec/step with standard deviation 2.84679e-05
ENERGY:  190000       415.0701      1119.7300      1121.8167        71.0693        -114360.4807      9743.5091         0.0000         0.0000     18673.8869         -83215.3986       303.5787   -101889.2856    -82947.6167       303.0667            -62.4165       -59.8127    301833.2630       -32.3920       -32.8024

WRITING COORDINATES TO DCD FILE ../output/fileio/performance/prod/1-1-45/frequency-5000/run-1/step5_fileio.dcd AT STEP 190000
TIMING: 195000  CPU: 197.846, 0.00100579/step  Wall: 193.534, 0.00101122/step, 170.882 ns/days, 0.0856729 hours remaining, 0.000000 MB of memory in use.
PERFORMANCE: 195000  averaging 174.39 ns/day, 0.00099088 sec/step with standard deviation 2.82891e-05
ENERGY:  195000       439.3055      1132.9096      1135.1025        67.6784        -114011.6002      9869.5707         0.0000         0.0000     18627.7581         -82739.2753       302.8288   -101367.0334    -82929.9270       303.1187             68.5193        65.7598    300657.1798       -28.5943       -29.0703

WRITING COORDINATES TO DCD FILE ../output/fileio/performance/prod/1-1-45/frequency-5000/run-1/step5_fileio.dcd AT STEP 195000
TIMING: 200000  CPU: 202.76, 0.000982674/step  Wall: 198.48, 0.000989131/step, 174.699 ns/days, 0.0824276 hours remaining, 0.000000 MB of memory in use.
PERFORMANCE: 200000  averaging 174.398 ns/day, 0.000990836 sec/step with standard deviation 2.79254e-05
ETITLE:      TS           BOND          ANGLE          DIHED          IMPRP               ELECT            VDW       BOUNDARY           MISC        KINETIC               TOTAL           TEMP      POTENTIAL       TOTALAVG        TEMPAVG            PRESSURE      GPRESSURE         VOLUME       PRESSAVG      GPRESSAVG

ENERGY:  200000       424.5945      1152.3972      1140.6105        69.3976        -114081.4417      9677.0318         0.0000         0.0000     18522.9998         -83094.4103       301.1258   -101617.4101    -82951.6363       302.9050           -148.7534      -149.2659    301571.8106       -41.8323       -42.1034

WRITING COORDINATES TO DCD FILE ../output/fileio/performance/prod/1-1-45/frequency-5000/run-1/step5_fileio.dcd AT STEP 200000
TIMING: 205000  CPU: 207.56, 0.000959947/step  Wall: 203.307, 0.00096546/step, 178.982 ns/days, 0.079114 hours remaining, 0.000000 MB of memory in use.
PERFORMANCE: 205000  averaging 174.507 ns/day, 0.000990218 sec/step with standard deviation 2.78575e-05
ENERGY:  205000       440.6685      1102.2627      1127.9650        66.0835        -113761.5094      9477.3631         0.0000         0.0000     18599.3684         -82947.7983       302.3673   -101547.1666    -82960.4663       302.8210           -126.6287      -123.1516    299140.4149       -53.0581       -53.3593

WRITING COORDINATES TO DCD FILE ../output/fileio/performance/prod/1-1-45/frequency-5000/run-1/step5_fileio.dcd AT STEP 205000
TIMING: 210000  CPU: 212.567, 0.00100149/step  Wall: 208.347, 0.00100798/step, 171.431 ns/days, 0.0811987 hours remaining, 0.000000 MB of memory in use.
PERFORMANCE: 210000  averaging 174.433 ns/day, 0.000990641 sec/step with standard deviation 2.76519e-05
ENERGY:  210000       444.2129      1119.9443      1112.2665        73.4304        -114319.5005      9723.5040         0.0000         0.0000     18441.6966         -83404.4459       299.8040   -101846.1425    -82979.8014       302.6948           -229.8144      -231.7328    300446.9310       -65.7513       -65.7843

WRITING COORDINATES TO DCD FILE ../output/fileio/performance/prod/1-1-45/frequency-5000/run-1/step5_fileio.dcd AT STEP 210000
TIMING: 215000  CPU: 217.421, 0.000970872/step  Wall: 213.231, 0.000976862/step, 176.893 ns/days, 0.0773349 hours remaining, 0.000000 MB of memory in use.
PERFORMANCE: 215000  averaging 174.489 ns/day, 0.00099032 sec/step with standard deviation 2.74014e-05
ENERGY:  215000       438.8348      1148.5067      1133.5963        74.5950        -114399.7441      9982.3099         0.0000         0.0000     18485.2927         -83136.6088       300.5128   -101621.9015    -82990.3616       302.5024            155.9346       155.4086    298826.9631       -44.1970       -44.3584

WRITING COORDINATES TO DCD FILE ../output/fileio/performance/prod/1-1-45/frequency-5000/run-1/step5_fileio.dcd AT STEP 215000
TIMING: 220000  CPU: 222.229, 0.00096151/step  Wall: 218.066, 0.000966837/step, 178.727 ns/days, 0.0751984 hours remaining, 0.000000 MB of memory in use.
PERFORMANCE: 220000  averaging 174.583 ns/day, 0.000989786 sec/step with standard deviation 2.73113e-05
ENERGY:  220000       440.6949      1158.9309      1105.3540        70.2769        -114392.6728      9926.9050         0.0000         0.0000     18657.8587         -83032.6525       303.3181   -101690.5112    -83005.3046       302.5783             18.3545        21.9907    300028.4700       -48.5144       -48.3762

WRITING COORDINATES TO DCD FILE ../output/fileio/performance/prod/1-1-45/frequency-5000/run-1/step5_fileio.dcd AT STEP 220000
TIMING: 225000  CPU: 227.058, 0.000965915/step  Wall: 222.922, 0.000971282/step, 177.909 ns/days, 0.0741952 hours remaining, 0.000000 MB of memory in use.
PERFORMANCE: 225000  averaging 174.656 ns/day, 0.000989375 sec/step with standard deviation 2.71397e-05
ENERGY:  225000       415.3933      1148.5104      1122.5849        73.2157        -114124.2220      9843.3585         0.0000         0.0000     18706.0429         -82815.1163       304.1015   -101521.1591    -83005.7129       302.6617            262.4199       263.7801    300287.3642       -33.3605       -33.1807

WRITING COORDINATES TO DCD FILE ../output/fileio/performance/prod/1-1-45/frequency-5000/run-1/step5_fileio.dcd AT STEP 225000
TIMING: 230000  CPU: 232.027, 0.000993611/step  Wall: 227.918, 0.000999152/step, 172.947 ns/days, 0.0749364 hours remaining, 0.000000 MB of memory in use.
PERFORMANCE: 230000  averaging 174.618 ns/day, 0.000989588 sec/step with standard deviation 2.68752e-05
ENERGY:  230000       466.1998      1119.9614      1156.6056        55.4000        -113878.9933      9715.6175         0.0000         0.0000     18401.2379         -82963.9711       299.1463   -101365.2090    -82991.3898       302.6392           -166.0493      -164.0658    300549.9823       -39.8589       -39.8883

WRITING COORDINATES TO DCD FILE ../output/fileio/performance/prod/1-1-45/frequency-5000/run-1/step5_fileio.dcd AT STEP 230000
TIMING: 235000  CPU: 236.815, 0.000957637/step  Wall: 232.734, 0.000963336/step, 179.377 ns/days, 0.0709122 hours remaining, 0.000000 MB of memory in use.
PERFORMANCE: 235000  averaging 174.717 ns/day, 0.000989029 sec/step with standard deviation 2.68558e-05
ENERGY:  235000       429.6956      1122.6847      1153.0570        75.0768        -114612.0634     10086.0346         0.0000         0.0000     18537.8559         -83207.6589       301.3673   -101745.5148    -83001.3240       302.4762            286.7382       291.7508    299107.2854       -36.6216       -36.3989

WRITING COORDINATES TO DCD FILE ../output/fileio/performance/prod/1-1-45/frequency-5000/run-1/step5_fileio.dcd AT STEP 235000
TIMING: 240000  CPU: 241.688, 0.00097468/step  Wall: 237.639, 0.000980906/step, 176.164 ns/days, 0.0708432 hours remaining, 0.000000 MB of memory in use.
PERFORMANCE: 240000  averaging 174.747 ns/day, 0.00098886 sec/step with standard deviation 2.65945e-05
ENERGY:  240000       403.8057      1106.2390      1134.8827        75.0517        -114276.4762      9804.0380         0.0000         0.0000     18425.5041         -83326.9550       299.5408   -101752.4591    -83016.7227       302.2974             58.3058        58.8459    300688.4274       -37.8574       -37.5127

WRITING COORDINATES TO DCD FILE ../output/fileio/performance/prod/1-1-45/frequency-5000/run-1/step5_fileio.dcd AT STEP 240000
TIMING: 245000  CPU: 246.7, 0.00100237/step  Wall: 242.682, 0.0010086/step, 171.326 ns/days, 0.0714426 hours remaining, 0.000000 MB of memory in use.
PERFORMANCE: 245000  averaging 174.676 ns/day, 0.000989263 sec/step with standard deviation 2.64667e-05
ENERGY:  245000       461.9302      1106.4481      1123.7606        68.5955        -114389.3564      9910.7889         0.0000         0.0000     18534.2641         -83183.5690       301.3089   -101717.8331    -83018.0792       302.3106             71.3357        68.4803    299718.4760       -31.5749       -31.3363

WRITING COORDINATES TO DCD FILE ../output/fileio/performance/prod/1-1-45/frequency-5000/run-1/step5_fileio.dcd AT STEP 245000
TIMING: 250000  CPU: 251.552, 0.000970465/step  Wall: 247.563, 0.00097631/step, 176.993 ns/days, 0.0677993 hours remaining, 0.000000 MB of memory in use.
PERFORMANCE: 250000  averaging 174.721 ns/day, 0.000989004 sec/step with standard deviation 2.62592e-05
ETITLE:      TS           BOND          ANGLE          DIHED          IMPRP               ELECT            VDW       BOUNDARY           MISC        KINETIC               TOTAL           TEMP      POTENTIAL       TOTALAVG        TEMPAVG            PRESSURE      GPRESSURE         VOLUME       PRESSAVG      GPRESSAVG

ENERGY:  250000       450.4215      1133.5868      1119.7429        62.6466        -114308.5603      9956.7940         0.0000         0.0000     18668.3148         -82917.0538       303.4881   -101585.3686    -83022.1846       302.4211             97.1951        94.9565    300987.9836       -22.8063       -23.0969

WRITING COORDINATES TO DCD FILE ../output/fileio/performance/prod/1-1-45/frequency-5000/run-1/step5_fileio.dcd AT STEP 250000
TIMING: 255000  CPU: 256.373, 0.000964235/step  Wall: 252.415, 0.000970256/step, 178.097 ns/days, 0.0660313 hours remaining, 0.000000 MB of memory in use.
PERFORMANCE: 255000  averaging 174.786 ns/day, 0.000988636 sec/step with standard deviation 2.61275e-05
ENERGY:  255000       421.3698      1098.4360      1101.4070        73.3084        -113864.9936      9670.2237         0.0000         0.0000     18629.3178         -82870.9310       302.8542   -101500.2488    -83037.0668       302.1835            107.0189       106.4611    299880.2614       -20.8765       -21.2843

WRITING COORDINATES TO DCD FILE ../output/fileio/performance/prod/1-1-45/frequency-5000/run-1/step5_fileio.dcd AT STEP 255000
TIMING: 260000  CPU: 261.287, 0.000982807/step  Wall: 257.36, 0.000989118/step, 174.701 ns/days, 0.0659412 hours remaining, 0.000000 MB of memory in use.
PERFORMANCE: 260000  averaging 174.785 ns/day, 0.000988645 sec/step with standard deviation 2.58701e-05
ENERGY:  260000       447.6867      1089.3117      1121.1158        68.0515        -113459.3820      9395.3383         0.0000         0.0000     18611.0346         -82726.8434       302.5569   -101337.8780    -83022.7183       301.9938           -213.2333      -210.4663    301313.8201       -21.0064       -21.2777

WRITING COORDINATES TO DCD FILE ../output/fileio/performance/prod/1-1-45/frequency-5000/run-1/step5_fileio.dcd AT STEP 260000
TIMING: 265000  CPU: 266.104, 0.000963263/step  Wall: 262.206, 0.00096907/step, 178.315 ns/days, 0.0632587 hours remaining, 0.000000 MB of memory in use.
PERFORMANCE: 265000  averaging 174.85 ns/day, 0.000988276 sec/step with standard deviation 2.57609e-05
ENERGY:  265000       438.7613      1152.1687      1121.3175        67.4764        -114288.3222      9905.6081         0.0000         0.0000     18533.9781         -83069.0122       301.3042   -101602.9903    -83042.7071       301.8329             75.6616        72.9978    300881.8355        -8.6847        -8.7668

WRITING COORDINATES TO DCD FILE ../output/fileio/performance/prod/1-1-45/frequency-5000/run-1/step5_fileio.dcd AT STEP 265000
TIMING: 270000  CPU: 270.935, 0.000966266/step  Wall: 267.067, 0.000972335/step, 177.717 ns/days, 0.0621214 hours remaining, 0.000000 MB of memory in use.
PERFORMANCE: 270000  averaging 174.902 ns/day, 0.000987981 sec/step with standard deviation 2.56088e-05
ENERGY:  270000       428.0360      1145.7576      1126.1698        84.6860        -114110.1840      9765.0609         0.0000         0.0000     18494.1973         -83066.2764       300.6575   -101560.4737    -83056.0825       301.7449             26.2303        24.7375    300361.1871         0.2520         0.1789

WRITING COORDINATES TO DCD FILE ../output/fileio/performance/prod/1-1-45/frequency-5000/run-1/step5_fileio.dcd AT STEP 270000
TIMING: 275000  CPU: 275.957, 0.00100435/step  Wall: 272.12, 0.00101057/step, 170.992 ns/days, 0.0631609 hours remaining, 0.000000 MB of memory in use.
PERFORMANCE: 275000  averaging 174.829 ns/day, 0.000988392 sec/step with standard deviation 2.55528e-05
ENERGY:  275000       405.7511      1112.6739      1119.7970        79.0161        -114063.9781      9992.5625         0.0000         0.0000     18585.7676         -82768.4099       302.1462   -101354.1775    -83033.0545       301.8345             69.3695        71.1356    301819.0097        14.9553        15.1699

WRITING COORDINATES TO DCD FILE ../output/fileio/performance/prod/1-1-45/frequency-5000/run-1/step5_fileio.dcd AT STEP 275000
TIMING: 280000  CPU: 280.771, 0.000962748/step  Wall: 276.964, 0.000968804/step, 178.364 ns/days, 0.0592047 hours remaining, 0.000000 MB of memory in use.
PERFORMANCE: 280000  averaging 174.891 ns/day, 0.000988042 sec/step with standard deviation 2.54544e-05
ENERGY:  280000       435.5505      1099.5275      1114.8110        71.3175        -114378.0747      9790.0267         0.0000         0.0000     18665.8041         -83201.0374       303.4473   -101866.8415    -83032.6103       301.8604            -51.9111       -49.1754    299180.2255        10.1442        10.5568

WRITING COORDINATES TO DCD FILE ../output/fileio/performance/prod/1-1-45/frequency-5000/run-1/step5_fileio.dcd AT STEP 280000
TIMING: 285000  CPU: 285.722, 0.000990338/step  Wall: 281.946, 0.000996389/step, 173.426 ns/days, 0.0595065 hours remaining, 0.000000 MB of memory in use.
PERFORMANCE: 285000  averaging 174.865 ns/day, 0.000988188 sec/step with standard deviation 2.52503e-05
ENERGY:  285000       431.8629      1090.0210      1106.0044        62.9874        -114434.7002      9901.7656         0.0000         0.0000     18518.2848         -83323.7741       301.0491   -101842.0589    -83050.5599       301.8252             71.1351        72.2573    300335.2593        18.4706        19.0446

WRITING COORDINATES TO DCD FILE ../output/fileio/performance/prod/1-1-45/frequency-5000/run-1/step5_fileio.dcd AT STEP 285000
TIMING: 290000  CPU: 290.72, 0.000999548/step  Wall: 286.974, 0.00100566/step, 171.827 ns/days, 0.0586637 hours remaining, 0.000000 MB of memory in use.
PERFORMANCE: 290000  averaging 174.812 ns/day, 0.00098849 sec/step with standard deviation 2.51328e-05
ENERGY:  290000       427.4126      1123.8239      1116.3737        62.3974        -114051.0139      9896.8678         0.0000         0.0000     18642.2178         -82781.9207       303.0639   -101424.1386    -83028.8860       301.7994             84.0933        85.7745    301066.0104        25.7961        26.3239

WRITING COORDINATES TO DCD FILE ../output/fileio/performance/prod/1-1-45/frequency-5000/run-1/step5_fileio.dcd AT STEP 290000
TIMING: 295000  CPU: 295.517, 0.000959473/step  Wall: 291.802, 0.000965484/step, 178.978 ns/days, 0.054979 hours remaining, 0.000000 MB of memory in use.
PERFORMANCE: 295000  averaging 174.881 ns/day, 0.0009881 sec/step with standard deviation 2.50946e-05
ENERGY:  295000       418.8060      1125.8799      1107.8777        77.8469        -114623.0528     10143.6870         0.0000         0.0000     18588.4662         -83160.4891       302.1900   -101748.9553    -83049.9467       301.7675            290.3877       292.0318    299528.6502        36.8895        37.6375

WRITING COORDINATES TO DCD FILE ../output/fileio/performance/prod/1-1-45/frequency-5000/run-1/step5_fileio.dcd AT STEP 295000
TIMING: 300000  CPU: 300.381, 0.000972714/step  Wall: 296.705, 0.00098057/step, 176.224 ns/days, 0.0544761 hours remaining, 0.000000 MB of memory in use.
PERFORMANCE: 300000  averaging 174.903 ns/day, 0.000987974 sec/step with standard deviation 2.49e-05
ETITLE:      TS           BOND          ANGLE          DIHED          IMPRP               ELECT            VDW       BOUNDARY           MISC        KINETIC               TOTAL           TEMP      POTENTIAL       TOTALAVG        TEMPAVG            PRESSURE      GPRESSURE         VOLUME       PRESSAVG      GPRESSAVG

ENERGY:  300000       438.2467      1148.3108      1127.3231        76.0132        -114369.9081      9938.1616         0.0000         0.0000     18472.3782         -83169.4746       300.3028   -101641.8528    -83053.6999       301.7264            144.7506       138.0648    301138.2203        51.5647        52.0041

WRITING COORDINATES TO DCD FILE ../output/fileio/performance/prod/1-1-45/frequency-5000/run-1/step5_fileio.dcd AT STEP 300000
TIMING: 305000  CPU: 305.191, 0.000961995/step  Wall: 301.548, 0.000968599/step, 178.402 ns/days, 0.0524658 hours remaining, 0.000000 MB of memory in use.
PERFORMANCE: 305000  averaging 174.96 ns/day, 0.000987657 sec/step with standard deviation 2.48159e-05
ENERGY:  305000       440.4366      1117.5887      1134.6289        67.0853        -114183.7914      9870.0711         0.0000         0.0000     18684.7718         -82869.2090       303.7557   -101553.9808    -83049.7704       301.7958            346.0551       346.8945    299502.2469        75.1989        75.5064

WRITING COORDINATES TO DCD FILE ../output/fileio/performance/prod/1-1-45/frequency-5000/run-1/step5_fileio.dcd AT STEP 305000
TIMING: 310000  CPU: 310.017, 0.000965215/step  Wall: 306.404, 0.000971241/step, 177.917 ns/days, 0.0512599 hours remaining, 0.000000 MB of memory in use.
PERFORMANCE: 310000  averaging 175.007 ns/day, 0.000987392 sec/step with standard deviation 2.46998e-05
ENERGY:  310000       429.6457      1115.5343      1121.8739        68.8375        -114276.6893      9900.3720         0.0000         0.0000     18699.0754         -82941.3506       303.9882   -101640.4260    -83026.6157       302.0050            158.1902       154.2032    300167.8960        94.5991        94.8032

WRITING COORDINATES TO DCD FILE ../output/fileio/performance/prod/1-1-45/frequency-5000/run-1/step5_fileio.dcd AT STEP 310000
TIMING: 315000  CPU: 314.869, 0.000970361/step  Wall: 311.286, 0.000976471/step, 176.964 ns/days, 0.0501798 hours remaining, 0.000000 MB of memory in use.
PERFORMANCE: 315000  averaging 175.037 ns/day, 0.000987218 sec/step with standard deviation 2.45384e-05
ENERGY:  315000       452.5638      1164.2275      1107.2807        73.7239        -113485.4091      9513.9089         0.0000         0.0000     18500.8515         -82672.8527       300.7657   -101173.7043    -83003.4279       302.0176             -5.4175        -4.6399    299846.6301        86.5315        86.8008

WRITING COORDINATES TO DCD FILE ../output/fileio/performance/prod/1-1-45/frequency-5000/run-1/step5_fileio.dcd AT STEP 315000
TIMING: 320000  CPU: 319.897, 0.00100568/step  Wall: 316.346, 0.00101188/step, 170.772 ns/days, 0.0505938 hours remaining, 0.000000 MB of memory in use.
PERFORMANCE: 320000  averaging 174.969 ns/day, 0.000987604 sec/step with standard deviation 2.45372e-05
ENERGY:  320000       456.1170      1072.9118      1122.2297        78.5563        -114048.0892      9863.8981         0.0000         0.0000     18509.3314         -82945.0449       300.9036   -101454.3763    -82999.0475       301.8969             63.9897        60.2723    301265.6131        88.8133        88.7148

WRITING COORDINATES TO DCD FILE ../output/fileio/performance/prod/1-1-45/frequency-5000/run-1/step5_fileio.dcd AT STEP 320000
TIMING: 325000  CPU: 324.701, 0.000960821/step  Wall: 321.18, 0.000966789/step, 178.736 ns/days, 0.0469967 hours remaining, 0.000000 MB of memory in use.
PERFORMANCE: 325000  averaging 175.026 ns/day, 0.000987283 sec/step with standard deviation 2.44813e-05
ENERGY:  325000       432.6092      1099.5694      1122.7591        74.0056        -114180.8147      9850.4191         0.0000         0.0000     18495.6441         -83105.8082       300.6810   -101601.4523    -83013.5821       301.7259            171.7163       167.6070    300333.9163        84.2781        83.9062

WRITING COORDINATES TO DCD FILE ../output/fileio/performance/prod/1-1-45/frequency-5000/run-1/step5_fileio.dcd AT STEP 325000
TIMING: 330000  CPU: 329.556, 0.000970965/step  Wall: 326.065, 0.00097708/step, 176.854 ns/days, 0.0461399 hours remaining, 0.000000 MB of memory in use.
PERFORMANCE: 330000  averaging 175.053 ns/day, 0.000987129 sec/step with standard deviation 2.43247e-05
ENERGY:  330000       403.8646      1153.5245      1123.2226        86.6508        -114116.3706      9727.6651         0.0000         0.0000     18548.5754         -83072.8677       301.5415   -101621.4430    -83019.0269       301.8457             52.0607        55.6125    300448.4845        95.1836        94.8901

WRITING COORDINATES TO DCD FILE ../output/fileio/performance/prod/1-1-45/frequency-5000/run-1/step5_fileio.dcd AT STEP 330000
TIMING: 335000  CPU: 334.575, 0.00100387/step  Wall: 331.115, 0.00100989/step, 171.107 ns/days, 0.0462868 hours remaining, 0.000000 MB of memory in use.
PERFORMANCE: 335000  averaging 174.993 ns/day, 0.000987469 sec/step with standard deviation 2.42994e-05
ENERGY:  335000       419.4319      1167.7571      1112.9394        76.2040        -114143.3225      9753.2669         0.0000         0.0000     18674.1330         -82939.5900       303.5827   -101613.7231    -83005.6235       301.9564             -9.0718       -10.8963    300590.3205        80.3931        79.7577

WRITING COORDINATES TO DCD FILE ../output/fileio/performance/prod/1-1-45/frequency-5000/run-1/step5_fileio.dcd AT STEP 335000
TIMING: 340000  CPU: 339.419, 0.000968644/step  Wall: 335.985, 0.000974079/step, 177.398 ns/days, 0.0432924 hours remaining, 0.000000 MB of memory in use.
PERFORMANCE: 340000  averaging 175.028 ns/day, 0.000987272 sec/step with standard deviation 2.4172e-05
ENERGY:  340000       414.0214      1134.5099      1107.7814        79.7439        -113985.7479      9632.4810         0.0000         0.0000     18603.5957         -83013.6146       302.4360   -101617.2102    -82989.9565       302.1012           -289.4585      -285.4847    301215.5733        63.0049        62.5412

WRITING COORDINATES TO DCD FILE ../output/fileio/performance/prod/1-1-45/frequency-5000/run-1/step5_fileio.dcd AT STEP 340000
TIMING: 345000  CPU: 344.248, 0.000965837/step  Wall: 340.841, 0.000971214/step, 177.922 ns/days, 0.0418162 hours remaining, 0.000000 MB of memory in use.
PERFORMANCE: 345000  averaging 175.069 ns/day, 0.000987039 sec/step with standard deviation 2.40713e-05
ENERGY:  345000       417.6730      1177.3679      1127.5525        73.1622        -114086.2004      9603.3514         0.0000         0.0000     18722.8308         -82964.2624       304.3744   -101687.0933    -82978.9911       302.2545            -58.2513       -57.6231    300026.3818        56.5255        56.2360

WRITING COORDINATES TO DCD FILE ../output/fileio/performance/prod/1-1-45/frequency-5000/run-1/step5_fileio.dcd AT STEP 345000
TIMING: 350000  CPU: 349.348, 0.00102006/step  Wall: 345.97, 0.0010258/step, 168.454 ns/days, 0.0427416 hours remaining, 0.000000 MB of memory in use.
PERFORMANCE: 350000  averaging 174.971 ns/day, 0.000987593 sec/step with standard deviation 2.43412e-05
ETITLE:      TS           BOND          ANGLE          DIHED          IMPRP               ELECT            VDW       BOUNDARY           MISC        KINETIC               TOTAL           TEMP      POTENTIAL       TOTALAVG        TEMPAVG            PRESSURE      GPRESSURE         VOLUME       PRESSAVG      GPRESSAVG

ENERGY:  350000       424.0344      1163.6651      1132.1035        87.4420        -113792.5949      9790.0907         0.0000         0.0000     18553.3407         -82641.9185       301.6190   -101195.2592    -82965.2344       302.1610            112.1883       117.6587    301276.6900        57.2752        57.3712

WRITING COORDINATES TO DCD FILE ../output/fileio/performance/prod/1-1-45/frequency-5000/run-1/step5_fileio.dcd AT STEP 350000
TIMING: 355000  CPU: 354.171, 0.000964477/step  Wall: 350.82, 0.00097006/step, 178.133 ns/days, 0.0390719 hours remaining, 0.000000 MB of memory in use.
PERFORMANCE: 355000  averaging 175.015 ns/day, 0.000987346 sec/step with standard deviation 2.42561e-05
ENERGY:  355000       427.4995      1151.7911      1105.6516        66.6951        -113937.1538      9654.0527         0.0000         0.0000     18604.1562         -82927.3076       302.4451   -101531.4638    -82968.0532       302.1405            -37.3020       -32.8656    301293.9871        50.0592        50.4048

WRITING COORDINATES TO DCD FILE ../output/fileio/performance/prod/1-1-45/frequency-5000/run-1/step5_fileio.dcd AT STEP 355000
TIMING: 360000  CPU: 358.982, 0.000962355/step  Wall: 355.659, 0.000967822/step, 178.545 ns/days, 0.0376375 hours remaining, 0.000000 MB of memory in use.
PERFORMANCE: 360000  averaging 175.063 ns/day, 0.000987075 sec/step with standard deviation 2.41943e-05
ENERGY:  360000       423.8296      1111.0765      1130.3964        82.4188        -113720.0649      9708.7839         0.0000         0.0000     18518.4141         -82745.1457       301.0512   -101263.5598    -82968.9683       302.0653           -188.3508      -184.2386    303171.1276        51.3033        51.7162

WRITING COORDINATES TO DCD FILE ../output/fileio/performance/prod/1-1-45/frequency-5000/run-1/step5_fileio.dcd AT STEP 360000
TIMING: 365000  CPU: 364.01, 0.00100544/step  Wall: 360.715, 0.0010111/step, 170.903 ns/days, 0.0379162 hours remaining, 0.000000 MB of memory in use.
PERFORMANCE: 365000  averaging 175.004 ns/day, 0.000987404 sec/step with standard deviation 2.41897e-05
ENERGY:  365000       413.4060      1132.5599      1112.8452        75.5389        -113831.0497      9600.9403         0.0000         0.0000     18679.6743         -82816.0851       303.6728   -101495.7594    -82956.3220       302.1837           -179.8117      -177.9367    301155.8334        38.5296        39.1695

WRITING COORDINATES TO DCD FILE ../output/fileio/performance/prod/1-1-45/frequency-5000/run-1/step5_fileio.dcd AT STEP 365000
TIMING: 370000  CPU: 368.811, 0.000960199/step  Wall: 365.543, 0.000965645/step, 178.948 ns/days, 0.0348705 hours remaining, 0.000000 MB of memory in use.
PERFORMANCE: 370000  averaging 175.057 ns/day, 0.00098711 sec/step with standard deviation 2.41562e-05
ENERGY:  370000       417.5157      1166.8196      1134.1155        75.1113        -113582.2460      9417.7668         0.0000         0.0000     18598.5492         -82772.3678       302.3540   -101370.9170    -82941.6265       302.2685           -200.7881      -200.7200    301633.6686        27.1787        27.8966

WRITING COORDINATES TO DCD FILE ../output/fileio/performance/prod/1-1-45/frequency-5000/run-1/step5_fileio.dcd AT STEP 370000
TIMING: 375000  CPU: 373.632, 0.000964292/step  Wall: 370.391, 0.00096951/step, 178.234 ns/days, 0.0336636 hours remaining, 0.000000 MB of memory in use.
PERFORMANCE: 375000  averaging 175.098 ns/day, 0.000986875 sec/step with standard deviation 2.40784e-05
ENERGY:  375000       445.2937      1107.4272      1128.0275        66.5961        -114077.5039      9817.1335         0.0000         0.0000     18556.6057         -82956.4202       301.6721   -101513.0258    -82951.0271       302.2448             -1.9786        -1.1522    301099.6277        23.6113        24.2822

WRITING COORDINATES TO DCD FILE ../output/fileio/performance/prod/1-1-45/frequency-5000/run-1/step5_fileio.dcd AT STEP 375000
TIMING: 380000  CPU: 378.531, 0.000979897/step  Wall: 375.316, 0.000985159/step, 175.403 ns/days, 0.0328386 hours remaining, 0.000000 MB of memory in use.
PERFORMANCE: 380000  averaging 175.102 ns/day, 0.000986852 sec/step with standard deviation 2.39181e-05
ENERGY:  380000       393.8038      1127.1641      1110.6644        70.2575        -114107.0041      9892.3243         0.0000         0.0000     18664.1732         -82848.6169       303.4208   -101512.7901    -82933.4060       302.2435             98.2023       102.2415    300896.8282        31.1170        31.8531

WRITING COORDINATES TO DCD FILE ../output/fileio/performance/prod/1-1-45/frequency-5000/run-1/step5_fileio.dcd AT STEP 380000
TIMING: 385000  CPU: 383.432, 0.00098003/step  Wall: 380.245, 0.000985714/step, 175.304 ns/days, 0.0314881 hours remaining, 0.000000 MB of memory in use.
PERFORMANCE: 385000  averaging 175.105 ns/day, 0.000986838 sec/step with standard deviation 2.37606e-05
ENERGY:  385000       427.6532      1107.7027      1115.1863        76.3460        -113787.8913      9683.6111         0.0000         0.0000     18576.0219         -82801.3701       301.9877   -101377.3920    -82907.2858       302.2904            -82.5954       -83.2062    300970.4521        23.4304        24.0799

WRITING COORDINATES TO DCD FILE ../output/fileio/performance/prod/1-1-45/frequency-5000/run-1/step5_fileio.dcd AT STEP 385000
TIMING: 390000  CPU: 388.242, 0.000962132/step  Wall: 385.082, 0.000967362/step, 178.63 ns/days, 0.0295583 hours remaining, 0.000000 MB of memory in use.
PERFORMANCE: 390000  averaging 175.149 ns/day, 0.000986588 sec/step with standard deviation 2.37086e-05
ENERGY:  390000       427.1215      1139.4174      1117.2949        77.9660        -114144.5186      9887.9697         0.0000         0.0000     18598.6946         -82896.0545       302.3563   -101494.7492    -82912.9925       302.2550             82.9464        85.6425    301204.4487        23.3731        24.0733

WRITING COORDINATES TO DCD FILE ../output/fileio/performance/prod/1-1-45/frequency-5000/run-1/step5_fileio.dcd AT STEP 390000
TIMING: 395000  CPU: 393.16, 0.000983612/step  Wall: 390.027, 0.000989038/step, 174.715 ns/days, 0.0288469 hours remaining, 0.000000 MB of memory in use.
PERFORMANCE: 395000  averaging 175.144 ns/day, 0.000986619 sec/step with standard deviation 2.35577e-05
ENERGY:  395000       395.6608      1143.8776      1121.3420        79.1708        -114235.7218      9760.0397         0.0000         0.0000     18501.0469         -83234.5841       300.7689   -101735.6309    -82916.6973       302.1840             30.2878        29.0304    299730.8548        10.3681        10.9232

WRITING COORDINATES TO DCD FILE ../output/fileio/performance/prod/1-1-45/frequency-5000/run-1/step5_fileio.dcd AT STEP 395000
TIMING: 400000  CPU: 398.081, 0.000984081/step  Wall: 394.975, 0.000989549/step, 174.625 ns/days, 0.0274875 hours remaining, 0.000000 MB of memory in use.
PERFORMANCE: 400000  averaging 175.137 ns/day, 0.000986656 sec/step with standard deviation 2.34104e-05
ETITLE:      TS           BOND          ANGLE          DIHED          IMPRP               ELECT            VDW       BOUNDARY           MISC        KINETIC               TOTAL           TEMP      POTENTIAL       TOTALAVG        TEMPAVG            PRESSURE      GPRESSURE         VOLUME       PRESSAVG      GPRESSAVG

ENERGY:  400000       402.4136      1126.5707      1120.7671        74.1491        -114330.2796     10009.1215         0.0000         0.0000     18621.1591         -82976.0985       302.7215   -101597.2576    -82907.0285       302.3049            214.5495       210.0134    301237.6656        13.8580        14.5206

WRITING COORDINATES TO DCD FILE ../output/fileio/performance/prod/1-1-45/frequency-5000/run-1/step5_fileio.dcd AT STEP 400000
TIMING: 405000  CPU: 402.904, 0.000964628/step  Wall: 399.825, 0.000970068/step, 178.132 ns/days, 0.025599 hours remaining, 0.000000 MB of memory in use.
PERFORMANCE: 405000  averaging 175.173 ns/day, 0.000986451 sec/step with standard deviation 2.33366e-05
ENERGY:  405000       412.5629      1164.9780      1116.1304        69.0942        -114025.8209      9702.2896         0.0000         0.0000     18602.9992         -82957.7666       302.4263   -101560.7658    -82911.4563       302.2384             11.2421        11.0287    299986.8211        -2.8826        -2.2727

WRITING COORDINATES TO DCD FILE ../output/fileio/performance/prod/1-1-45/frequency-5000/run-1/step5_fileio.dcd AT STEP 405000
TIMING: 410000  CPU: 407.835, 0.000986163/step  Wall: 404.783, 0.000991511/step, 174.279 ns/days, 0.0247878 hours remaining, 0.000000 MB of memory in use.
PERFORMANCE: 410000  averaging 175.162 ns/day, 0.000986513 sec/step with standard deviation 2.31988e-05
ENERGY:  410000       428.0668      1125.7069      1119.4283        75.1484        -114181.3752      9763.3872         0.0000         0.0000     18670.7617         -82998.8758       303.5279   -101669.6375    -82914.3326       302.2154            -37.6503       -34.8214    300541.6318       -12.6746       -11.7239

WRITING COORDINATES TO DCD FILE ../output/fileio/performance/prod/1-1-45/frequency-5000/run-1/step5_fileio.dcd AT STEP 410000
TIMING: 415000  CPU: 412.843, 0.00100159/step  Wall: 409.819, 0.00100725/step, 171.556 ns/days, 0.0237824 hours remaining, 0.000000 MB of memory in use.
PERFORMANCE: 415000  averaging 175.118 ns/day, 0.000986762 sec/step with standard deviation 2.3169e-05
ENERGY:  415000       425.1128      1090.7485      1103.7565        81.1883        -113707.8021      9796.6112         0.0000         0.0000     18864.8544         -82345.5304       306.6832   -101210.3847    -82897.9665       302.5113            159.4713       161.9408    302522.6078        -4.4302        -3.3949

WRITING COORDINATES TO DCD FILE ../output/fileio/performance/prod/1-1-45/frequency-5000/run-1/step5_fileio.dcd AT STEP 415000
TIMING: 420000  CPU: 417.635, 0.00095848/step  Wall: 414.642, 0.000964611/step, 179.14 ns/days, 0.0214358 hours remaining, 0.000000 MB of memory in use.
PERFORMANCE: 420000  averaging 175.165 ns/day, 0.000986499 sec/step with standard deviation 2.31555e-05
ENERGY:  420000       453.7914      1149.9928      1098.9349        74.2942        -114015.8729      9746.0154         0.0000         0.0000     18801.7288         -82691.1154       305.6570   -101492.8442    -82885.2700       302.7490            -53.6454       -52.9485    299654.8183       -10.3120        -9.0559

WRITING COORDINATES TO DCD FILE ../output/fileio/performance/prod/1-1-45/frequency-5000/run-1/step5_fileio.dcd AT STEP 420000
TIMING: 425000  CPU: 422.746, 0.00102226/step  Wall: 419.785, 0.00102864/step, 167.989 ns/days, 0.0214299 hours remaining, 0.000000 MB of memory in use.
PERFORMANCE: 425000  averaging 175.077 ns/day, 0.000986995 sec/step with standard deviation 2.34666e-05
ENERGY:  425000       423.6920      1112.1198      1089.3116        72.4180        -114363.8844      9875.8003         0.0000         0.0000     18542.3804         -83248.1623       301.4408   -101790.5427    -82892.3877       302.7870             98.9179       100.5544    300048.6676       -13.9519       -12.4085

WRITING COORDINATES TO DCD FILE ../output/fileio/performance/prod/1-1-45/frequency-5000/run-1/step5_fileio.dcd AT STEP 425000
TIMING: 430000  CPU: 427.61, 0.000972818/step  Wall: 424.679, 0.000978823/step, 176.539 ns/days, 0.0190327 hours remaining, 0.000000 MB of memory in use.
PERFORMANCE: 430000  averaging 175.094 ns/day, 0.0009869 sec/step with standard deviation 2.33448e-05
ENERGY:  430000       432.2987      1137.9502      1090.2798        69.3585        -114342.7992      9897.1679         0.0000         0.0000     18594.7438         -83121.0004       302.2921   -101715.7442    -82894.7943       302.8245            -64.7348       -63.6637    300718.7583       -19.7916       -18.3723

WRITING COORDINATES TO DCD FILE ../output/fileio/performance/prod/1-1-45/frequency-5000/run-1/step5_fileio.dcd AT STEP 430000
TIMING: 435000  CPU: 432.423, 0.000962568/step  Wall: 429.521, 0.000968352/step, 178.447 ns/days, 0.0174841 hours remaining, 0.000000 MB of memory in use.
PERFORMANCE: 435000  averaging 175.132 ns/day, 0.000986686 sec/step with standard deviation 2.32937e-05
ENERGY:  435000       447.4511      1121.8797      1101.4782        79.4422        -113947.4813      9622.4604         0.0000         0.0000     18681.0223         -82893.7474       303.6947   -101574.7697    -82892.5022       302.8301            -68.5326       -67.8479    300021.7544       -22.7647       -21.2199

WRITING COORDINATES TO DCD FILE ../output/fileio/performance/prod/1-1-45/frequency-5000/run-1/step5_fileio.dcd AT STEP 435000
TIMING: 440000  CPU: 437.338, 0.000982942/step  Wall: 434.466, 0.000989024/step, 174.718 ns/days, 0.0164837 hours remaining, 0.000000 MB of memory in use.
PERFORMANCE: 440000  averaging 175.127 ns/day, 0.000986713 sec/step with standard deviation 2.31608e-05
ENERGY:  440000       450.4924      1108.5871      1133.6278        66.7472        -114287.5673     10006.3979         0.0000         0.0000     18685.8322         -82835.8828       303.7729   -101521.7150    -82883.6156       302.8969             22.6181        20.9335    300206.9879        -7.1609        -5.8990

WRITING COORDINATES TO DCD FILE ../output/fileio/performance/prod/1-1-45/frequency-5000/run-1/step5_fileio.dcd AT STEP 440000
TIMING: 445000  CPU: 442.159, 0.000964215/step  Wall: 439.319, 0.000970583/step, 178.037 ns/days, 0.0148284 hours remaining, 0.000000 MB of memory in use.
PERFORMANCE: 445000  averaging 175.159 ns/day, 0.000986532 sec/step with standard deviation 2.30922e-05
ENERGY:  445000       391.4114      1158.1166      1136.7579        75.1370        -114015.5412      9819.2155         0.0000         0.0000     18503.7084         -82931.1944       300.8121   -101434.9027    -82881.9622       302.7188             37.2395        33.1402    301104.2809        -2.3863        -1.3608

WRITING COORDINATES TO DCD FILE ../output/fileio/performance/prod/1-1-45/frequency-5000/run-1/step5_fileio.dcd AT STEP 445000
TIMING: 450000  CPU: 446.95, 0.000958119/step  Wall: 444.139, 0.000964056/step, 179.243 ns/days, 0.0133897 hours remaining, 0.000000 MB of memory in use.
PERFORMANCE: 450000  averaging 175.203 ns/day, 0.000986282 sec/step with standard deviation 2.3084e-05
ETITLE:      TS           BOND          ANGLE          DIHED          IMPRP               ELECT            VDW       BOUNDARY           MISC        KINETIC               TOTAL           TEMP      POTENTIAL       TOTALAVG        TEMPAVG            PRESSURE      GPRESSURE         VOLUME       PRESSAVG      GPRESSAVG

ENERGY:  450000       448.1900      1138.7793      1113.4866        71.9993        -114159.2086      9848.0876         0.0000         0.0000     18618.8362         -82919.8296       302.6838   -101538.6658    -82895.8578       302.7721            -52.6739       -53.7694    301059.2421       -10.6294        -9.9322

WRITING COORDINATES TO DCD FILE ../output/fileio/performance/prod/1-1-45/frequency-5000/run-1/step5_fileio.dcd AT STEP 450000
TIMING: 455000  CPU: 451.909, 0.000991856/step  Wall: 449.173, 0.00100676/step, 171.641 ns/days, 0.0125844 hours remaining, 0.000000 MB of memory in use.
PERFORMANCE: 455000  averaging 175.163 ns/day, 0.000986507 sec/step with standard deviation 2.30555e-05
ENERGY:  455000       414.4552      1122.4018      1111.7044        72.4853        -113988.8196      9740.6910         0.0000         0.0000     18288.0925         -83238.9893       297.3069   -101527.0818    -82911.4419       302.5152           -136.7230      -140.1589    300878.2125       -15.6005       -15.2969

WRITING COORDINATES TO DCD FILE ../output/fileio/performance/prod/1-1-45/frequency-5000/run-1/step5_fileio.dcd AT STEP 455000
TIMING: 460000  CPU: 456.802, 0.000978576/step  Wall: 454.094, 0.000984188/step, 175.576 ns/days, 0.0109354 hours remaining, 0.000000 MB of memory in use.
PERFORMANCE: 460000  averaging 175.168 ns/day, 0.000986482 sec/step with standard deviation 2.29298e-05
ENERGY:  460000       434.7415      1159.0481      1128.3851        71.0957        -114200.5513      9883.0706         0.0000         0.0000     18563.6641         -82960.5461       301.7868   -101524.2102    -82922.2119       302.5519            160.2557       160.0326    299757.7188         1.8298         1.9167

WRITING COORDINATES TO DCD FILE ../output/fileio/performance/prod/1-1-45/frequency-5000/run-1/step5_fileio.dcd AT STEP 460000
TIMING: 465000  CPU: 461.593, 0.000958264/step  Wall: 458.914, 0.000963968/step, 179.259 ns/days, 0.00937191 hours remaining, 0.000000 MB of memory in use.
PERFORMANCE: 465000  averaging 175.211 ns/day, 0.00098624 sec/step with standard deviation 2.2924e-05
ENERGY:  465000       405.2493      1092.2787      1123.0177        74.6927        -114108.8892      9790.5170         0.0000         0.0000     18654.4402         -82968.6937       303.2626   -101623.1339    -82929.8423       302.5314            231.8690       229.9311    299701.6130        22.4139        22.3100

WRITING COORDINATES TO DCD FILE ../output/fileio/performance/prod/1-1-45/frequency-5000/run-1/step5_fileio.dcd AT STEP 465000
TIMING: 470000  CPU: 466.591, 0.000999669/step  Wall: 463.951, 0.00100745/step, 171.522 ns/days, 0.00839545 hours remaining, 0.000000 MB of memory in use.
PERFORMANCE: 470000  averaging 175.171 ns/day, 0.000986465 sec/step with standard deviation 2.29052e-05
ENERGY:  470000       450.6340      1152.3932      1130.7090        62.5525        -114262.7149      9821.6530         0.0000         0.0000     18674.9814         -82969.7918       303.5965   -101644.7732    -82939.7135       302.5936            -53.9789       -52.3225    300717.1218        29.7543        29.7299

WRITING COORDINATES TO DCD FILE ../output/fileio/performance/prod/1-1-45/frequency-5000/run-1/step5_fileio.dcd AT STEP 470000
TIMING: 475000  CPU: 471.482, 0.000978155/step  Wall: 468.873, 0.000984414/step, 175.536 ns/days, 0.00683621 hours remaining, 0.000000 MB of memory in use.
PERFORMANCE: 475000  averaging 175.175 ns/day, 0.000986444 sec/step with standard deviation 2.2784e-05
ENERGY:  475000       442.4808      1175.2043      1109.3772        75.0539        -114054.5076      9652.1312         0.0000         0.0000     18545.4663         -83054.7939       301.4910   -101600.2602    -82944.6322       302.5845           -253.2854      -248.8028    301003.1240        17.1890        17.3474

WRITING COORDINATES TO DCD FILE ../output/fileio/performance/prod/1-1-45/frequency-5000/run-1/step5_fileio.dcd AT STEP 475000
TIMING: 480000  CPU: 476.291, 0.000961836/step  Wall: 473.713, 0.000968018/step, 178.509 ns/days, 0.00537788 hours remaining, 0.000000 MB of memory in use.
PERFORMANCE: 480000  averaging 175.209 ns/day, 0.000986252 sec/step with standard deviation 2.27416e-05
ENERGY:  480000       442.3048      1094.9943      1104.8566        66.2360        -113810.6342      9664.3017         0.0000         0.0000     18593.3143         -82844.6265       302.2689   -101437.9408    -82944.4327       302.5269            -81.9661       -83.4850    300248.6140         8.1806         8.0611

WRITING COORDINATES TO DCD FILE ../output/fileio/performance/prod/1-1-45/frequency-5000/run-1/step5_fileio.dcd AT STEP 480000
TIMING: 485000  CPU: 481.219, 0.000985447/step  Wall: 478.67, 0.000991383/step, 174.302 ns/days, 0.00413076 hours remaining, 0.000000 MB of memory in use.
PERFORMANCE: 485000  averaging 175.199 ns/day, 0.000986305 sec/step with standard deviation 2.26289e-05
ENERGY:  485000       426.1799      1149.1915      1117.6107        60.5494        -113816.1971      9630.2504         0.0000         0.0000     18509.9764         -82922.4389       300.9140   -101432.4153    -82950.4861       302.4732            -60.5373       -58.0424    300180.3513         9.2835         9.3193

WRITING COORDINATES TO DCD FILE ../output/fileio/performance/prod/1-1-45/frequency-5000/run-1/step5_fileio.dcd AT STEP 485000
TIMING: 490000  CPU: 486.069, 0.000970157/step  Wall: 483.552, 0.000976326/step, 176.99 ns/days, 0.00271202 hours remaining, 0.000000 MB of memory in use.
PERFORMANCE: 490000  averaging 175.218 ns/day, 0.000986203 sec/step with standard deviation 2.25345e-05
ENERGY:  490000       422.4210      1149.4750      1105.3384        68.0169        -113880.4536      9536.8678         0.0000         0.0000     18530.1591         -83068.1754       301.2422   -101598.3345    -82959.0922       302.4175           -318.8334      -316.5164    300328.2352       -10.8055       -10.7887

WRITING COORDINATES TO DCD FILE ../output/fileio/performance/prod/1-1-45/frequency-5000/run-1/step5_fileio.dcd AT STEP 490000
TIMING: 495000  CPU: 490.919, 0.000969864/step  Wall: 488.431, 0.000975839/step, 177.078 ns/days, 0.00135533 hours remaining, 0.000000 MB of memory in use.
PERFORMANCE: 495000  averaging 175.236 ns/day, 0.000986098 sec/step with standard deviation 2.24434e-05
ENERGY:  495000       399.2884      1134.5068      1125.1320        68.2829        -114118.4261      9821.3371         0.0000         0.0000     18738.0344         -82831.8445       304.6216   -101569.8789    -82938.9552       302.6101             39.5150        40.6597    301537.9372       -10.3442       -10.2072

WRITING COORDINATES TO DCD FILE ../output/fileio/performance/prod/1-1-45/frequency-5000/run-1/step5_fileio.dcd AT STEP 495000
TIMING: 500000  CPU: 495.941, 0.00100445/step  Wall: 493.484, 0.00101053/step, 171 ns/days, 0 hours remaining, 0.000000 MB of memory in use.
PERFORMANCE: 500000  averaging 175.193 ns/day, 0.000986342 sec/step with standard deviation 2.2463e-05
ETITLE:      TS           BOND          ANGLE          DIHED          IMPRP               ELECT            VDW       BOUNDARY           MISC        KINETIC               TOTAL           TEMP      POTENTIAL       TOTALAVG        TEMPAVG            PRESSURE      GPRESSURE         VOLUME       PRESSAVG      GPRESSAVG

ENERGY:  500000       403.9674      1189.3887      1122.0217        74.5903        -113995.2525      9987.5363         0.0000         0.0000     18508.1670         -82709.5811       300.8846   -101217.7481    -82925.6293       302.5183            212.4190       214.0514    301898.8411       -10.4507       -10.0053

WRITING COORDINATES TO DCD FILE ../output/fileio/performance/prod/1-1-45/frequency-5000/run-1/step5_fileio.dcd AT STEP 500000
WRITING EXTENDED SYSTEM TO OUTPUT FILE AT STEP 500000
WRITING COORDINATES TO OUTPUT FILE AT STEP 500000
CLOSING COORDINATE DCD FILE ../output/fileio/performance/prod/1-1-45/frequency-5000/run-1/step5_fileio.dcd
WRITING VELOCITIES TO OUTPUT FILE AT STEP 500000
The last velocity output (seq=-2) takes 0.061 seconds, 0.000 MB of memory in use
====================================================

WallClock: 500.222809  CPUTime: 483.241455  Memory: 0.000000 MB
[Partition 0][Node 0] End of program
