Charm++> Running on MPI library: Open MPI v4.1.5a1, package: Open MPI software@d001.sol.rc.asu.edu Distribution, ident: 4.1.5a1, repo rev: v4.1.4-32-g5abd86cc8c, Unreleased developer copy (MPI standard: 3.1)
Charm++> Level of thread support used: MPI_THREAD_FUNNELED (desired: MPI_THREAD_FUNNELED)
Charm++> Running in SMP mode: 1 processes, 45 worker threads (PEs) + 1 comm threads per process, 45 PEs total
Charm++> The comm. thread both sends and receives messages
Charm++> Using recursive bisection (scheme 3) for topology aware partitions
Converse/Charm++ Commit ID: v8.0.1-devel-35-gf310838d5
Charm++ communication thread will sleep due to single-process run.
CharmLB> Load balancer assumes all CPUs are same.
Charm++> cpu affinity enabled. 
Charm++> Running on 1 hosts (2 sockets x 24 cores x 1 PUs = 48-way SMP)
Charm++> cpu topology info is gathered in 0.003 seconds.
Info: Built with CUDA version 12090
Pe 4 physical rank 4 will use CUDA device of pe 32
Pe 3 physical rank 3 will use CUDA device of pe 32
Pe 1 physical rank 1 will use CUDA device of pe 32
Pe 5 physical rank 5 will use CUDA device of pe 32
Pe 2 physical rank 2 will use CUDA device of pe 32
Pe 41 physical rank 41 will use CUDA device of pe 32
Pe 20 physical rank 20 will use CUDA device of pe 32
Pe 22 physical rank 22 will use CUDA device of pe 32
Pe 21 physical rank 21 will use CUDA device of pe 32
Pe 18 physical rank 18 will use CUDA device of pe 32
Pe 19 physical rank 19 will use CUDA device of pe 32
Pe 0 physical rank 0 will use CUDA device of pe 32
Pe 15 physical rank 15 will use CUDA device of pe 32
Pe 14 physical rank 14 will use CUDA device of pe 32
Pe 13 physical rank 13 will use CUDA device of pe 32
Pe 12 physical rank 12 will use CUDA device of pe 32
Pe 16 physical rank 16 will use CUDA device of pe 32
Pe 17 physical rank 17 will use CUDA device of pe 32
Pe 7 physical rank 7 will use CUDA device of pe 32
Pe 9 physical rank 9 will use CUDA device of pe 32
Pe 8 physical rank 8 will use CUDA device of pe 32
Pe 10 physical rank 10 will use CUDA device of pe 32
Pe 11 physical rank 11 will use CUDA device of pe 32
Pe 6 physical rank 6 will use CUDA device of pe 32
Pe 28 physical rank 28 will use CUDA device of pe 32
Pe 27 physical rank 27 will use CUDA device of pe 32
Pe 23 physical rank 23 will use CUDA device of pe 32
Pe 39 physical rank 39 will use CUDA device of pe 32
Pe 35 physical rank 35 will use CUDA device of pe 32
Pe 37 physical rank 37 will use CUDA device of pe 32
Pe 25 physical rank 25 will use CUDA device of pe 32
Pe 24 physical rank 24 will use CUDA device of pe 32
Pe 26 physical rank 26 will use CUDA device of pe 32
Pe 38 physical rank 38 will use CUDA device of pe 32
Pe 36 physical rank 36 will use CUDA device of pe 32
Pe 31 physical rank 31 will use CUDA device of pe 32
Pe 33 physical rank 33 will use CUDA device of pe 32
Pe 34 physical rank 34 will use CUDA device of pe 32
Pe 30 physical rank 30 will use CUDA device of pe 32
Pe 42 physical rank 42 will use CUDA device of pe 32
Pe 44 physical rank 44 will use CUDA device of pe 32
Pe 43 physical rank 43 will use CUDA device of pe 32
Pe 40 physical rank 40 will use CUDA device of pe 32
Pe 29 physical rank 29 will use CUDA device of pe 32
Pe 32 physical rank 32 binding to CUDA device 0 on sg044: 'NVIDIA A100-SXM4-80GB'  Mem: 81152MB  Rev: 8.0  PCI: 0:1:0
CharmLB> Load balancing instrumentation for communication is off.
Info: NAMD 3.1alpha4pre for Linux-x86_64-MPI-smp-CUDA
Info: 
Info: Please visit http://www.ks.uiuc.edu/Research/namd/
Info: for updates, documentation, and support information.
Info: 
Info: Please cite Phillips et al., J. Chem. Phys. 153:044130 (2020) doi:10.1063/5.0014475
Info: in all publications reporting results obtained with NAMD.
Info: 
Info: Based on Charm++/Converse 80001 for mpi-linux-x86_64
Info: Built Fri Apr 17 06:27:28 MST 2026 by athiru12 on sg013
Info: Source code at Git commit ID 0de8a9017a5e517ce3382a552ac4a3debb0beccb
Info: 1 NAMD  3.1alpha4pre  Linux-x86_64-MPI-smp-CUDA  45    sg044  athiru12
Info: Running on 45 processors, 1 nodes, 1 physical nodes.
Info: CPU topology information available.
Info: Charm++/Converse parallel runtime startup completed at 2.4646 s
CkLoopLib is used in SMP with simple dynamic scheduling (converse-level notification)
Info: 0 MB of memory in use based on /proc/self/stat
Info: Configuration file is input/step5_streaming_streaming-3_run_4.inp
Info: Changed directory to input
TCL: Suspending until startup complete.
Warning: Option "1-4scaling" has been deprecated. Instead use "oneFourScaling".
Info: EXTENDED SYSTEM FILE   ../output/vanilla/performance/equil/1-0-40/run-1/step4_equilibration.xsc
Info: Tuning parameters to improve GPU-resident performance
Info: Setting margin to 4
Warning: The Langevin gamma parameters differ over the particles,
Warning: requiring extra work per step to constrain rigid bonds.
Info: Enabling PMEOffload because PMEInterpOrder > 4.
Info: Running with GPU-resident mode
Warning: Always using force tables for GPU nonbonded kernel due to unsupported config parameters.
Info: SIMULATION PARAMETERS:
Info: TIMESTEP               2
Info: NUMBER OF STEPS        500000
Info: STEPS PER CYCLE        20
Info: PERIODIC CELL BASIS 1  69 0 0
Info: PERIODIC CELL BASIS 2  0 69 0
Info: PERIODIC CELL BASIS 3  0 0 69
Info: PERIODIC CELL CENTER   0 0 0
Info: WRAPPING WATERS AROUND PERIODIC BOUNDARIES ON OUTPUT.
Info: WRAPPING ALL CLUSTERS AROUND PERIODIC BOUNDARIES ON OUTPUT.
Info: LOAD BALANCER  Centralized
Info: LOAD BALANCING STRATEGY  New Load Balancers -- DEFAULT
Info: LDB PERIOD             4000 steps
Info: FIRST LDB TIMESTEP     100
Info: LAST LDB TIMESTEP     -1
Info: LDB BACKGROUND SCALING 1
Info: HOM BACKGROUND SCALING 1
Info: PME BACKGROUND SCALING 1
Warning: OVERRIDING NOPATCH SETTING. Not supported with GPUresident on
Info: MIN ATOMS PER PATCH    40
Info: EMPTY PATCH LOAD       40 ATOMS
Info: VELOCITY FILE          ../output/vanilla/performance/equil/1-0-40/run-1/step4_equilibration.vel
Info: CENTER OF MASS MOVING INITIALLY? NO
Info: DIELECTRIC             1
Info: EXCLUDE                SCALED ONE-FOUR
Info: 1-4 ELECTROSTATICS SCALED BY 1
Info: MODIFIED 1-4 VDW PARAMETERS WILL BE USED
Info: NO DCD TRAJECTORY OUTPUT
Info: NO EXTENDED SYSTEM TRAJECTORY OUTPUT
Info: NO VELOCITY DCD OUTPUT
Info: NO FORCE DCD OUTPUT
Info: OUTPUT FILENAME        ../output/streaming-3/performance/prod/1-1-45/frequency-5000/run-4/step5_streaming
Info: BINARY OUTPUT FILES WILL BE USED
Info: NO RESTART FILE
Info: NAMD will save positions and velocities to ../output/streaming-3/performance/prod/1-1-45/frequency-5000/run-4/step5_streaming.crash.csv when  atoms are moving too fast.
Info: SWITCHING ACTIVE
Info: VDW FORCE SWITCHING ACTIVE
Info: SWITCHING ON           10
Info: SWITCHING OFF          12
Info: PAIRLIST DISTANCE      16
Info: PAIRLIST SHRINK RATE   0.01
Info: PAIRLIST GROW RATE     0.01
Info: PAIRLIST TRIGGER       0.3
Info: PAIRLISTS PER CYCLE    2
Info: PAIRLISTS ENABLED
Info: MARGIN                 4
Info: HYDROGEN GROUP CUTOFF  2.5
Info: PATCH DIMENSION        22.5
Info: ENERGY OUTPUT STEPS    5000
Info: ENERGY EVALUATION STEPS    5000
Info: OUTPUT ENERGY PRECISION 4
Info: CROSSTERM ENERGY INCLUDED IN DIHEDRAL
Info: TIMING OUTPUT STEPS    5000
Info: INTERACTIVE MD ACTIVE
Info: INTERACTIVE MD VERSION    3
Info: INTERACTIVE MD PORT    8889
Info: INTERACTIVE MD FREQ    5000
Info: WILL AWAIT INTERACTIVE MD CONNECTION
Info: INTERACTIVE MD WILL SEND THE FOLLOWING:
Info: WRAPPED COORDINATES
Info: VELOCITIES
Info: FORCES
Info: LANGEVIN DYNAMICS ACTIVE
Info: LANGEVIN TEMPERATURE   303.15
Info: LANGEVIN USING BBK INTEGRATOR
Info: LANGEVIN DAMPING COEFFICIENT IS 1 INVERSE PS
Info: LANGEVIN DYNAMICS NOT APPLIED TO HYDROGENS
Info: LANGEVIN PISTON PRESSURE CONTROL ACTIVE
Info:        TARGET PRESSURE IS 1.01325 BAR
Info:     OSCILLATION PERIOD IS 50 FS
Info:             DECAY TIME IS 25 FS
Info:     PISTON TEMPERATURE IS 303.15 K
Info:       PRESSURE CONTROL IS GROUP-BASED
Info:    INITIAL STRAIN RATE IS 0 0 0
Info:       CELL FLUCTUATION IS ISOTROPIC
Info: PARTICLE MESH EWALD (PME) ACTIVE
Info: PME TOLERANCE               1e-06
Info: PME EWALD COEFFICIENT       0.257952
Info: PME INTERPOLATION ORDER     6
Info: PME GRID DIMENSIONS         72 72 72
Info: PME MAXIMUM GRID SPACING    1
Info: PME RECIPROCAL SUM OFFLOADED TO GPU
Info: PME CALCULATION WILL BE PERFORMED ON GPU
Info: FULL ELECTROSTATIC EVALUATION FREQUENCY      1
Info: USING VERLET I (r-RESPA) MTS SCHEME.
Info: C1 SPLITTING OF LONG RANGE ELECTROSTATICS
Info: PLACING ATOMS IN PATCHES BY HYDROGEN GROUPS
Info: RIGID BONDS TO HYDROGEN : ALL
Info:         ERROR TOLERANCE : 1e-08
Info:          MAX ITERATIONS : 100
Info: RIGID WATER USING SETTLE ALGORITHM
Info: RANDOM NUMBER SEED     1776753934
Info: USE HYDROGEN BONDS?    NO
Info: COORDINATE PDB         step3_input.pdb
Info: STRUCTURE FILE         step3_input.psf
Info: PARAMETER file: CHARMM format! 
Info: PARAMETERS             toppar/par_all36m_prot.prm
Info: PARAMETERS             toppar/par_all36_na.prm
Info: PARAMETERS             toppar/par_all36_carb.prm
Info: PARAMETERS             toppar/par_all36_lipid.prm
Info: PARAMETERS             toppar/par_all36_cgenff.prm
Info: PARAMETERS             toppar/par_interface.prm
Info: PARAMETERS             toppar/toppar_all36_moreions.str
Info: PARAMETERS             toppar/toppar_all36_nano_lig.str
Info: PARAMETERS             toppar/toppar_all36_nano_lig_patch.str
Info: PARAMETERS             toppar/toppar_all36_synthetic_polymer.str
Info: PARAMETERS             toppar/toppar_all36_synthetic_polymer_patch.str
Info: PARAMETERS             toppar/toppar_all36_polymer_solvent.str
Info: PARAMETERS             toppar/toppar_water_ions.str
Info: PARAMETERS             toppar/toppar_dum_noble_gases.str
Info: PARAMETERS             toppar/toppar_ions_won.str
Info: PARAMETERS             toppar/cam.str
Info: PARAMETERS             toppar/toppar_all36_prot_arg0.str
Info: PARAMETERS             toppar/toppar_all36_prot_c36m_d_aminoacids.str
Info: PARAMETERS             toppar/toppar_all36_prot_fluoro_alkanes.str
Info: PARAMETERS             toppar/toppar_all36_prot_heme.str
Info: PARAMETERS             toppar/toppar_all36_prot_na_combined.str
Info: PARAMETERS             toppar/toppar_all36_prot_retinol.str
Info: PARAMETERS             toppar/toppar_all36_prot_model.str
Info: PARAMETERS             toppar/toppar_all36_prot_modify_res.str
Info: PARAMETERS             toppar/toppar_all36_na_nad_ppi.str
Info: PARAMETERS             toppar/toppar_all36_na_rna_modified.str
Info: PARAMETERS             toppar/toppar_all36_lipid_sphingo.str
Info: PARAMETERS             toppar/toppar_all36_lipid_archaeal.str
Info: PARAMETERS             toppar/toppar_all36_lipid_bacterial.str
Info: PARAMETERS             toppar/toppar_all36_lipid_cardiolipin.str
Info: PARAMETERS             toppar/toppar_all36_lipid_cholesterol.str
Info: PARAMETERS             toppar/toppar_all36_lipid_dag.str
Info: PARAMETERS             toppar/toppar_all36_lipid_inositol.str
Info: PARAMETERS             toppar/toppar_all36_lipid_lnp.str
Info: PARAMETERS             toppar/toppar_all36_lipid_lps.str
Info: PARAMETERS             toppar/toppar_all36_lipid_mycobacterial.str
Info: PARAMETERS             toppar/toppar_all36_lipid_miscellaneous.str
Info: PARAMETERS             toppar/toppar_all36_lipid_model.str
Info: PARAMETERS             toppar/toppar_all36_lipid_prot.str
Info: PARAMETERS             toppar/toppar_all36_lipid_tag.str
Info: PARAMETERS             toppar/toppar_all36_lipid_yeast.str
Info: PARAMETERS             toppar/toppar_all36_lipid_hmmm.str
Info: PARAMETERS             toppar/toppar_all36_lipid_detergent.str
Info: PARAMETERS             toppar/toppar_all36_lipid_ether.str
Info: PARAMETERS             toppar/toppar_all36_lipid_oxidized.str
Info: PARAMETERS             toppar/toppar_all36_carb_glycolipid.str
Info: PARAMETERS             toppar/toppar_all36_carb_glycopeptide.str
Info: PARAMETERS             toppar/toppar_all36_carb_imlab.str
Info: PARAMETERS             toppar/toppar_all36_label_spin.str
Info: PARAMETERS             toppar/toppar_all36_label_fluorophore.str
Info: USING ARITHMETIC MEAN TO COMBINE L-J SIGMA PARAMETERS
Info: BINARY COORDINATES     ../output/vanilla/performance/equil/1-0-40/run-1/step4_equilibration.coor
Warning: SKIPPING PART OF PARAMETER FILE AFTER RETURN STATEMENT

Warning: DUPLICATE DIHEDRAL ENTRY FOR HAL1-CTO1-C-NHL
PREVIOUS VALUES MULTIPLICITY: 1
  k=0  n=1  delta=0INCREASING MULTIPLICITY TO: 2
  k=0  n=3  delta=0

Warning: DUPLICATE DIHEDRAL ENTRY FOR HAL1-CTO1-C-O
PREVIOUS VALUES MULTIPLICITY: 1
  k=0  n=1  delta=0INCREASING MULTIPLICITY TO: 2
  k=0  n=2  delta=3.14159
Warning: SKIPPING PART OF PARAMETER FILE AFTER RETURN STATEMENT

Warning: DUPLICATE DIHEDRAL ENTRY FOR CTL2-CG2O5-CTL1-CTL3
PREVIOUS VALUES MULTIPLICITY: 1
  k=0.75  n=1  delta=0  k=0.18  n=2  delta=3.14159INCREASING MULTIPLICITY TO: 3
  k=0.065  n=3  delta=0

Warning: DUPLICATE BOND ENTRY FOR CEL1-CL
PREVIOUS VALUES  k=440  x0=1.489
   USING VALUES  k=300  x0=1.48
Info: SUMMARY OF PARAMETERS:
Info: 1988 BONDS
Info: 6776 ANGLES
Info: 19939 DIHEDRAL
Info: 430 IMPROPER
Info: 28 CROSSTERM
Info: 751 VDW
Info: 122 VDW_PAIRS
Info: 0 NBTHOLE_PAIRS
Warning: Ignored 9467 bonds with zero force constants.
Warning: Will get H-H distance in rigid H2O from H-O-H angle.
Info: No lone pairs detected in waters
Info: TIME FOR READING PSF FILE: 0.0822833
Info: Reading pdb file step3_input.pdb
Info: TIME FOR READING PDB FILE: 0.02873
Info: 
Info: ****************************
Info: STRUCTURE SUMMARY:
Info: 30423 ATOMS
Info: 20918 BONDS
Info: 13014 ANGLES
Info: 5187 DIHEDRALS
Info: 373 IMPROPERS
Info: 127 CROSSTERMS
Info: 0 EXCLUSIONS
Info: 29360 RIGID BONDS
Info: 61909 DEGREES OF FREEDOM
Info: 10530 HYDROGEN GROUPS
Info: 4 ATOMS IN LARGEST HYDROGEN GROUP
Info: 10530 MIGRATION GROUPS
Info: 4 ATOMS IN LARGEST MIGRATION GROUP
Info: TOTAL MASS = 186727 amu
Info: TOTAL CHARGE = 1.31875e-06 e
Info: MASS DENSITY = 0.943883 g/cm^3
Info: ATOM DENSITY = 0.0926093 atoms/A^3
Info: *****************************
Info: Reading from binary file ../output/vanilla/performance/equil/1-0-40/run-1/step4_equilibration.coor
Info: 
Info: Entering startup at 2.84483 s, 0 MB of memory in use
Info: Startup phase 0 took 0.000506028 s, 0 MB of memory in use
Info: ADDED 39038 IMPLICIT EXCLUSIONS
Info: Startup phase 1 took 0.00650672 s, 0 MB of memory in use
Info: NONBONDED TABLE R-SQUARED SPACING: 0.0625
Info: NONBONDED TABLE SIZE: 769 POINTS
Info: INCONSISTENCY IN FAST TABLE ENERGY VS FORCE: 0.000325096 AT 11.9556
Info: INCONSISTENCY IN SCOR TABLE ENERGY VS FORCE: 0.000324844 AT 11.9556
Info: INCONSISTENCY IN VDWA TABLE ENERGY VS FORCE: 0.0040507 AT 0.251946
Info: INCONSISTENCY IN VDWB TABLE ENERGY VS FORCE: 0.00150189 AT 0.251946
Info: Startup phase 2 took 0.0147189 s, 0 MB of memory in use
Info: Startup phase 3 took 0.000186623 s, 0 MB of memory in use
Info: Startup phase 4 took 0.00123847 s, 0 MB of memory in use
Info: Startup phase 5 took 0.000154412 s, 0 MB of memory in use
Info: REDUCING NUMBER OF PATCHES TO IMPROVE LOAD BALANCE
Info: PATCH GRID IS 5 (PERIODIC) BY 3 (PERIODIC) BY 3 (PERIODIC)
Info: PATCH GRID IS 2-AWAY BY 1-AWAY BY 1-AWAY
Info: Reading from binary file ../output/vanilla/performance/equil/1-0-40/run-1/step4_equilibration.vel
Info: REMOVING COM VELOCITY -0.0158458 -0.019888 0.00968242
Info: LARGEST PATCH (22) HAS 800 ATOMS
Info: TORUS A SIZE 1 USING 0
Info: TORUS B SIZE 1 USING 0
Info: TORUS C SIZE 1 USING 0
Info: TORUS MINIMAL MESH SIZE IS 1 BY 1 BY 1
Info: Placed 100% of base nodes on same physical node as patch
Info: Startup phase 6 took 0.0144905 s, 0 MB of memory in use
Info: Use 3D box decompostion in PME FFT.
Info: PME using 1 x 1 x 1 pencil grid for FFT and reciprocal sum.
Info: Startup phase 7 took 0.000863855 s, 0 MB of memory in use
Info: Updated CUDA force table with 4096 elements.
Info: Updated CUDA LJ table with 751 x 751 elements.
Info: Startup phase 8 took 0.00602229 s, 0 MB of memory in use
Info: Startup phase 9 took 0.000171555 s, 0 MB of memory in use
Info: Startup phase 10 took 0.000177355 s, 0 MB of memory in use
Info: Startup phase 11 took 0.013691 s, 0 MB of memory in use
LDB: Central LB being created...
Info: Startup phase 12 took 0.127627 s, 0 MB of memory in use
Info: Startup phase 13 took 0.00019017 s, 0 MB of memory in use
Info: Startup phase 14 took 0.00276951 s, 0 MB of memory in use
Info: Startup phase 15 took 0.000178418 s, 0 MB of memory in use
Info: CREATING 1755 COMPUTE OBJECTS
Info: Interactive MD listening on port 8889.
Info: Found 268 unique exclusion lists needing 4316 bytes
Info: useSync: 0 useProxySync: 0
Info: Startup phase 16 took 0.0878447 s, 0 MB of memory in use
Info: Startup phase 17 took 0.000182255 s, 0 MB of memory in use
Info: Startup phase 18 took 6.5905e-05 s, 0 MB of memory in use
Info: Finished startup at 3.12242 s, 0 MB of memory in use

TCL: Original numsteps 500000 will be ignored.
TCL: Running for 500000 steps
Info: INTERACTIVE MD AWAITING CONNECTION
Warning: IMD protocol version 3 detected
Info: IMD connection opened
ETITLE:      TS           BOND          ANGLE          DIHED          IMPRP               ELECT            VDW       BOUNDARY           MISC        KINETIC               TOTAL           TEMP      POTENTIAL       TOTALAVG        TEMPAVG            PRESSURE      GPRESSURE         VOLUME       PRESSAVG      GPRESSAVG

ENERGY:       0       390.0165      1067.9379      1155.8548        69.8147        -111518.5693      9145.1384         0.0000         0.0000     18338.1923         -81351.6147       298.1214    -99689.8070    -81351.6147       298.1214          -1454.3547     -1453.0519    328509.0000     -1454.3547     -1453.0519

Info: Initial time: 45 CPUs 0.00159339 s/step 108.448 ns/day 0 MB memory
Info: Initial time: 45 CPUs 0.00125461 s/step 137.732 ns/day 0 MB memory
Info: Initial time: 45 CPUs 0.00122423 s/step 141.15 ns/day 0 MB memory
Info: Benchmark time: 45 CPUs 0.001082 s/step 159.704 ns/day 0 MB memory
Info: Benchmark time: 45 CPUs 0.00113829 s/step 151.807 ns/day 0 MB memory
Info: Benchmark time: 45 CPUs 0.00116881 s/step 147.843 ns/day 0 MB memory
Info: Benchmark time: 45 CPUs 0.00112017 s/step 154.262 ns/day 0 MB memory
Info: Benchmark time: 45 CPUs 0.000977794 s/step 176.724 ns/day 0 MB memory
Info: Benchmark time: 45 CPUs 0.0011164 s/step 154.783 ns/day 0 MB memory
TIMING: 5000  CPU: 11.7608, 0.00102142/step  Wall: 11.6341, 0.00104027/step, 166.111 ns/days, 0.143037 hours remaining, 0.000000 MB of memory in use.
PERFORMANCE: 5000  averaging 166.111 ns/day, 0.00104027 sec/step with standard deviation 0
ENERGY:    5000       410.8974      1125.3579      1118.9044        76.9378        -113757.9400      9650.3999         0.0000         0.0000     18559.2291         -82816.2134       301.7147   -101375.4425    -82083.9141       299.9181             -3.9271        -1.7721    300808.1104      -729.1409      -727.4120

The last position output (seq=5000) takes 0.001 seconds, 0.000 MB of memory in use
The last velocity output (seq=5000) takes 0.000 seconds, 0.000 MB of memory in use
The last force output (seq=5000) takes 0.000 seconds, 0.000 MB of memory in use
TIMING: 10000  CPU: 16.8526, 0.00101838/step  Wall: 16.8066, 0.0010345/step, 167.037 ns/days, 0.140807 hours remaining, 0.000000 MB of memory in use.
PERFORMANCE: 10000  averaging 166.573 ns/day, 0.00103738 sec/step with standard deviation 4.07644e-06
ENERGY:   10000       453.1810      1122.1831      1110.2231        65.1921        -114133.9523      9919.8757         0.0000         0.0000     18608.9422         -82854.3551       302.5229   -101463.2973    -82340.7277       300.7863            108.5333       111.6530    300707.4535      -449.9162      -447.7237

The last position output (seq=10000) takes 0.001 seconds, 0.000 MB of memory in use
The last velocity output (seq=10000) takes 0.000 seconds, 0.000 MB of memory in use
The last force output (seq=10000) takes 0.000 seconds, 0.000 MB of memory in use
TIMING: 15000  CPU: 21.8863, 0.00100673/step  Wall: 21.9194, 0.00102256/step, 168.987 ns/days, 0.137762 hours remaining, 0.000000 MB of memory in use.
PERFORMANCE: 15000  averaging 167.37 ns/day, 0.00103244 sec/step with standard deviation 9.02898e-06
ENERGY:   15000       431.8258      1120.3952      1129.1951        71.0883        -114280.2778      9944.8857         0.0000         0.0000     18627.5940         -82955.2937       302.8261   -101582.8877    -82494.3692       301.2963            243.8677       245.3161    300301.4622      -276.4702      -274.4637

The last position output (seq=15000) takes 0.001 seconds, 0.000 MB of memory in use
The last velocity output (seq=15000) takes 0.000 seconds, 0.000 MB of memory in use
The last force output (seq=15000) takes 0.000 seconds, 0.000 MB of memory in use
TIMING: 20000  CPU: 26.8208, 0.0009869/step  Wall: 26.9317, 0.00100245/step, 172.378 ns/days, 0.13366 hours remaining, 0.000000 MB of memory in use.
PERFORMANCE: 20000  averaging 168.595 ns/day, 0.00102494 sec/step with standard deviation 1.67117e-05
ENERGY:   20000       436.2015      1107.7835      1120.1280        78.4497        -114510.0844     10097.4476         0.0000         0.0000     18547.6609         -83122.4132       301.5267   -101670.0740    -82619.9780       301.3424            354.9415       350.0279    299227.6125      -150.1879      -149.5654

The last position output (seq=20000) takes 0.001 seconds, 0.000 MB of memory in use
The last velocity output (seq=20000) takes 0.000 seconds, 0.000 MB of memory in use
The last force output (seq=20000) takes 0.000 seconds, 0.000 MB of memory in use
TIMING: 25000  CPU: 31.886, 0.00101305/step  Wall: 32.0767, 0.00102902/step, 167.927 ns/days, 0.135773 hours remaining, 0.000000 MB of memory in use.
PERFORMANCE: 25000  averaging 168.461 ns/day, 0.00102576 sec/step with standard deviation 1.4587e-05
ENERGY:   25000       390.0906      1124.7498      1111.8978        73.8760        -114022.9675      9734.8547         0.0000         0.0000     18534.4596         -83053.0391       301.3121   -101587.4987    -82692.1549       301.3373             -6.8473        -6.6788    301246.9467      -126.2978      -125.7510

The last position output (seq=25000) takes 0.001 seconds, 0.000 MB of memory in use
The last velocity output (seq=25000) takes 0.000 seconds, 0.000 MB of memory in use
The last force output (seq=25000) takes 0.000 seconds, 0.000 MB of memory in use
TIMING: 30000  CPU: 36.8996, 0.00100271/step  Wall: 37.1677, 0.00101819/step, 169.714 ns/days, 0.13293 hours remaining, 0.000000 MB of memory in use.
PERFORMANCE: 30000  averaging 168.668 ns/day, 0.0010245 sec/step with standard deviation 1.34083e-05
ENERGY:   30000       414.1423      1099.5425      1102.2441        82.0096        -113841.0345      9609.9529         0.0000         0.0000     18524.6044         -83008.5386       301.1519   -101533.1431    -82737.3526       301.3108            -96.5182       -96.8743    299928.6491      -122.0436      -121.6257

The last position output (seq=30000) takes 0.001 seconds, 0.000 MB of memory in use
TIMING: 35000  CPU: 41.8605, 0.000992195/step  Wall: 42.2079, 0.00100805/step, 171.42 ns/days, 0.130206 hours remaining, 0.000000 MB of memory in use.
PERFORMANCE: 35000  averaging 169.056 ns/day, 0.00102215 sec/step with standard deviation 1.37283e-05
ENERGY:   35000       424.5127      1115.8317      1105.3967        68.3371        -114316.9896     10038.5678         0.0000         0.0000     18608.3912         -82955.9522       302.5140   -101564.3434    -82764.6775       301.4612            260.9700       266.6099    301111.8285       -74.1669       -73.0963

The last position output (seq=35000) takes 0.001 seconds, 0.000 MB of memory in use
TIMING: 40000  CPU: 46.9254, 0.00101298/step  Wall: 47.3534, 0.00102909/step, 167.916 ns/days, 0.131494 hours remaining, 0.000000 MB of memory in use.
PERFORMANCE: 40000  averaging 168.913 ns/day, 0.00102301 sec/step with standard deviation 1.29445e-05
ENERGY:   40000       406.9768      1087.1712      1120.1797        62.5321        -114018.8863      9745.2226         0.0000         0.0000     18778.0616         -82818.7424       305.2723   -101596.8040    -82770.6847       301.8847           -188.1860      -187.9934    302057.9459       -86.8357       -85.8626

The last position output (seq=40000) takes 0.001 seconds, 0.000 MB of memory in use
TIMING: 45000  CPU: 51.864, 0.000987715/step  Wall: 52.3707, 0.00100347/step, 172.203 ns/days, 0.126827 hours remaining, 0.000000 MB of memory in use.
PERFORMANCE: 45000  averaging 169.272 ns/day, 0.00102084 sec/step with standard deviation 1.37506e-05
ENERGY:   45000       433.1774      1148.9411      1097.0196        64.3965        -113974.2986      9566.2687         0.0000         0.0000     18672.9553         -82991.5399       303.5636   -101664.4953    -82792.7702       302.0526           -121.4878      -125.6034    300891.1046       -90.3009       -89.8367

The last position output (seq=45000) takes 0.001 seconds, 0.000 MB of memory in use
TIMING: 50000  CPU: 56.7695, 0.000981088/step  Wall: 57.3536, 0.000996575/step, 173.394 ns/days, 0.124572 hours remaining, 0.000000 MB of memory in use.
PERFORMANCE: 50000  averaging 169.675 ns/day, 0.00101842 sec/step with standard deviation 1.50653e-05
ETITLE:      TS           BOND          ANGLE          DIHED          IMPRP               ELECT            VDW       BOUNDARY           MISC        KINETIC               TOTAL           TEMP      POTENTIAL       TOTALAVG        TEMPAVG            PRESSURE      GPRESSURE         VOLUME       PRESSAVG      GPRESSAVG

ENERGY:   50000       440.0114      1114.4793      1109.3705        67.7962        -114305.4704      9813.6191         0.0000         0.0000     18639.0108         -83121.1830       303.0117   -101760.1938    -82822.6259       302.1398             93.4997        90.4272    299375.5057       -73.5917       -73.4491

The last position output (seq=50000) takes 0.001 seconds, 0.000 MB of memory in use
TIMING: 55000  CPU: 61.8506, 0.00101622/step  Wall: 62.5126, 0.00103181/step, 167.473 ns/days, 0.127543 hours remaining, 0.000000 MB of memory in use.
PERFORMANCE: 55000  averaging 169.473 ns/day, 0.00101963 sec/step with standard deviation 1.48514e-05
ENERGY:   55000       417.0487      1144.3876      1110.1064        68.2514        -114303.1240      9794.2762         0.0000         0.0000     18750.2441         -83018.8097       304.8200   -101769.0538    -82838.9746       302.3631            196.4654       192.4006    299357.4251       -51.0870       -51.2949

TIMING: 60000  CPU: 66.8586, 0.00100161/step  Wall: 67.5976, 0.00101701/step, 169.91 ns/days, 0.124301 hours remaining, 0.000000 MB of memory in use.
PERFORMANCE: 60000  averaging 169.509 ns/day, 0.00101941 sec/step with standard deviation 1.41805e-05
ENERGY:   60000       403.2354      1185.1154      1119.5055        81.0057        -114227.7355      9930.1929         0.0000         0.0000     18550.2654         -82958.4152       301.5690   -101508.6806    -82848.1623       302.3020            317.6300       315.3033    300681.5117       -22.7241       -23.0951

TIMING: 65000  CPU: 71.7509, 0.000978448/step  Wall: 72.5649, 0.000993461/step, 173.937 ns/days, 0.120043 hours remaining, 0.000000 MB of memory in use.
PERFORMANCE: 65000  averaging 169.842 ns/day, 0.00101742 sec/step with standard deviation 1.53669e-05
ENERGY:   65000       448.6846      1113.7806      1107.6599        76.3750        -114039.9905      9758.7595         0.0000         0.0000     18710.8922         -82823.8388       304.1803   -101534.7310    -82846.4249       302.4362            110.2950        99.6318    300040.7773       -13.2228       -14.3289

TIMING: 70000  CPU: 76.8149, 0.00101281/step  Wall: 77.7048, 0.00102797/step, 168.098 ns/days, 0.122785 hours remaining, 0.000000 MB of memory in use.
PERFORMANCE: 70000  averaging 169.716 ns/day, 0.00101817 sec/step with standard deviation 1.5031e-05
ENERGY:   70000       433.7281      1171.4988      1116.6327        71.1328        -114510.7902     10083.0819         0.0000         0.0000     18532.0600         -83102.6559       301.2731   -101634.7159    -82863.5070       302.3586            232.9691       235.8555    301130.1659         3.1900         2.3501

TIMING: 75000  CPU: 81.7236, 0.000981743/step  Wall: 82.6885, 0.000996741/step, 173.365 ns/days, 0.117671 hours remaining, 0.000000 MB of memory in use.
PERFORMANCE: 75000  averaging 169.954 ns/day, 0.00101674 sec/step with standard deviation 1.55052e-05
ENERGY:   75000       423.0208      1122.5577      1122.6337        78.2147        -114083.1502      9615.8335         0.0000         0.0000     18518.1860         -83202.7039       301.0475   -101720.8899    -82884.7068       302.2767           -377.4486      -382.0332    300511.1781       -20.5999       -21.6739

TIMING: 80000  CPU: 86.6507, 0.000985406/step  Wall: 87.6939, 0.00100109/step, 172.612 ns/days, 0.116794 hours remaining, 0.000000 MB of memory in use.
PERFORMANCE: 80000  averaging 170.118 ns/day, 0.00101576 sec/step with standard deviation 1.54822e-05
ENERGY:   80000       390.3890      1147.7249      1131.4690        73.3908        -113677.0203      9644.5592         0.0000         0.0000     18605.3352         -82684.1522       302.4643   -101289.4874    -82872.9095       302.2877              8.4421        13.2228    301279.3183       -18.8915       -19.6211

TIMING: 85000  CPU: 91.8324, 0.00103634/step  Wall: 92.9533, 0.00105188/step, 164.278 ns/days, 0.121258 hours remaining, 0.000000 MB of memory in use.
PERFORMANCE: 85000  averaging 169.763 ns/day, 0.00101789 sec/step with standard deviation 1.73616e-05
ENERGY:   85000       457.6646      1124.3351      1140.1380        62.7630        -113643.6087      9494.9830         0.0000         0.0000     18789.4645         -82574.2606       305.4576   -101363.7251    -82856.3179       302.4638           -288.7032      -294.0038    301176.9727       -33.8811       -34.8646

TIMING: 90000  CPU: 96.7478, 0.000983086/step  Wall: 97.9473, 0.00099879/step, 173.009 ns/days, 0.113751 hours remaining, 0.000000 MB of memory in use.
PERFORMANCE: 90000  averaging 169.94 ns/day, 0.00101683 sec/step with standard deviation 1.74344e-05
ENERGY:   90000       439.2500      1071.0875      1150.6091        72.8558        -113849.5424      9800.0950         0.0000         0.0000     18656.1918         -82659.4532       303.2910   -101315.6450    -82845.9566       302.5074             11.1763         9.7482    301229.0919       -31.5096       -32.5166

TIMING: 95000  CPU: 101.654, 0.000981149/step  Wall: 102.933, 0.000997068/step, 173.308 ns/days, 0.11217 hours remaining, 0.000000 MB of memory in use.
PERFORMANCE: 95000  averaging 170.114 ns/day, 0.00101579 sec/step with standard deviation 1.75391e-05
ENERGY:   95000       408.1334      1089.2245      1111.6698        64.3651        -114280.3245      9901.7746         0.0000         0.0000     18549.2962         -83155.8610       301.5533   -101705.1572    -82861.4518       302.4597            164.9588       167.3036    300122.2158       -21.6862       -22.5255

TIMING: 100000  CPU: 106.849, 0.001039/step  Wall: 108.21, 0.00105545/step, 163.722 ns/days, 0.117272 hours remaining, 0.000000 MB of memory in use.
PERFORMANCE: 100000  averaging 169.783 ns/day, 0.00101777 sec/step with standard deviation 1.92375e-05
ETITLE:      TS           BOND          ANGLE          DIHED          IMPRP               ELECT            VDW       BOUNDARY           MISC        KINETIC               TOTAL           TEMP      POTENTIAL       TOTALAVG        TEMPAVG            PRESSURE      GPRESSURE         VOLUME       PRESSAVG      GPRESSAVG

ENERGY:  100000       418.1222      1103.6893      1123.0573        71.8659        -114122.3623      9835.2103         0.0000         0.0000     18566.5612         -83003.8561       301.8339   -101570.4173    -82944.0639       302.6453             -8.5474       -10.3050    299927.2976        50.6042        49.6118

TIMING: 105000  CPU: 111.757, 0.000981727/step  Wall: 113.197, 0.000997411/step, 173.249 ns/days, 0.109438 hours remaining, 0.000000 MB of memory in use.
PERFORMANCE: 105000  averaging 169.945 ns/day, 0.0010168 sec/step with standard deviation 1.92696e-05
ENERGY:  105000       437.4711      1151.3669      1130.9014        75.3169        -113987.0171      9758.9194         0.0000         0.0000     18674.6393         -82758.4021       303.5909   -101433.0414    -82941.1733       302.7391             48.2547        47.2784    300992.4043        53.2133        52.0643

TIMING: 110000  CPU: 116.655, 0.000979608/step  Wall: 118.175, 0.000995537/step, 173.575 ns/days, 0.10785 hours remaining, 0.000000 MB of memory in use.
PERFORMANCE: 110000  averaging 170.106 ns/day, 0.00101583 sec/step with standard deviation 1.9344e-05
ENERGY:  110000       391.8258      1144.0530      1124.6048        66.1562        -114092.6737      9784.2879         0.0000         0.0000     18621.8542         -82959.8918       302.7328   -101581.7460    -82946.4501       302.7496            115.9590       121.5558    300643.9712        53.5845        52.5595

TIMING: 115000  CPU: 121.831, 0.00103512/step  Wall: 123.43, 0.00105098/step, 164.418 ns/days, 0.112397 hours remaining, 0.000000 MB of memory in use.
PERFORMANCE: 115000  averaging 169.851 ns/day, 0.00101736 sec/step with standard deviation 2.02703e-05
ENERGY:  115000       402.6958      1111.7351      1147.9647        67.9976        -114101.4014      9803.1754         0.0000         0.0000     18529.5042         -83038.3285       301.2315   -101567.8328    -82950.6019       302.6699           -151.1478      -151.1947    301186.3538        33.8338        32.7339

TIMING: 120000  CPU: 126.739, 0.000981636/step  Wall: 128.418, 0.000997725/step, 173.194 ns/days, 0.105315 hours remaining, 0.000000 MB of memory in use.
PERFORMANCE: 120000  averaging 169.988 ns/day, 0.00101654 sec/step with standard deviation 2.0226e-05
ENERGY:  120000       432.6624      1138.1064      1119.6225        73.3868        -114137.8937      9782.5197         0.0000         0.0000     18411.0030         -83180.5930       299.3050   -101591.5960    -82953.5109       302.5588           -143.7596      -147.8642    301834.5690         8.8987         7.8393

TIMING: 125000  CPU: 131.709, 0.000994034/step  Wall: 133.468, 0.00101003/step, 171.083 ns/days, 0.105212 hours remaining, 0.000000 MB of memory in use.
PERFORMANCE: 125000  averaging 170.031 ns/day, 0.00101628 sec/step with standard deviation 1.98429e-05
ENERGY:  125000       440.9639      1202.2492      1131.5415        74.1426        -114509.2648     10046.5922         0.0000         0.0000     18671.0119         -82942.7636       303.5320   -101613.7755    -82947.9971       302.6698            259.4236       254.4297    300322.0028        22.2122        20.8947

TIMING: 130000  CPU: 136.866, 0.00103146/step  Wall: 138.702, 0.00104682/step, 165.071 ns/days, 0.10759 hours remaining, 0.000000 MB of memory in use.
PERFORMANCE: 130000  averaging 169.835 ns/day, 0.00101746 sec/step with standard deviation 2.03435e-05
ENERGY:  130000       437.5452      1102.9715      1110.1148        80.5320        -113939.6070      9690.2901         0.0000         0.0000     18511.9410         -83006.2122       300.9460   -101518.1533    -82947.8808       302.6595            -76.7810       -81.3476    299429.4880        23.1991        21.6711

TIMING: 135000  CPU: 141.776, 0.000981907/step  Wall: 143.691, 0.000997757/step, 173.189 ns/days, 0.101161 hours remaining, 0.000000 MB of memory in use.
PERFORMANCE: 135000  averaging 169.957 ns/day, 0.00101673 sec/step with standard deviation 2.03056e-05
ENERGY:  135000       454.1663      1112.5756      1133.9009        80.3279        -114061.8429      9807.1501         0.0000         0.0000     18578.2879         -82895.4343       302.0246   -101473.7222    -82944.8549       302.6350            110.2773       108.1475    300226.6703        15.6645        13.7480

TIMING: 140000  CPU: 146.906, 0.00102601/step  Wall: 148.898, 0.00104142/step, 165.928 ns/days, 0.104142 hours remaining, 0.000000 MB of memory in use.
PERFORMANCE: 140000  averaging 169.81 ns/day, 0.00101761 sec/step with standard deviation 2.04649e-05
ENERGY:  140000       442.2913      1105.3559      1134.2630        77.2583        -114427.8593      9817.9388         0.0000         0.0000     18486.2666         -83364.4856       300.5286   -101850.7521    -82972.1420       302.3978             25.5636        28.4915    299623.0835        26.3520        24.5722

TIMING: 145000  CPU: 151.999, 0.00101851/step  Wall: 154.074, 0.0010351/step, 166.94 ns/days, 0.102072 hours remaining, 0.000000 MB of memory in use.
PERFORMANCE: 145000  averaging 169.709 ns/day, 0.00101821 sec/step with standard deviation 2.03569e-05
ENERGY:  145000       424.0120      1167.0466      1119.3506        76.6142        -114232.1811      9853.5544         0.0000         0.0000     18703.3979         -82888.2056       304.0585   -101591.6034    -82966.9753       302.4226            217.4864       217.9820    299488.8631        43.3007        41.7515

TIMING: 150000  CPU: 156.93, 0.000986317/step  Wall: 159.087, 0.00100257/step, 172.356 ns/days, 0.0974725 hours remaining, 0.000000 MB of memory in use.
PERFORMANCE: 150000  averaging 169.796 ns/day, 0.00101769 sec/step with standard deviation 2.02056e-05
ETITLE:      TS           BOND          ANGLE          DIHED          IMPRP               ELECT            VDW       BOUNDARY           MISC        KINETIC               TOTAL           TEMP      POTENTIAL       TOTALAVG        TEMPAVG            PRESSURE      GPRESSURE         VOLUME       PRESSAVG      GPRESSAVG

ENERGY:  150000       457.6077      1138.5720      1086.4233        72.1980        -113426.1739      9582.1217         0.0000         0.0000     18461.0030         -82628.2482       300.1179   -101089.2511    -82942.3286       302.2779            -28.6337       -25.5643    302093.0980        37.1940        35.9519

TIMING: 155000  CPU: 161.832, 0.000980344/step  Wall: 164.069, 0.000996387/step, 173.427 ns/days, 0.0954871 hours remaining, 0.000000 MB of memory in use.
PERFORMANCE: 155000  averaging 169.911 ns/day, 0.00101701 sec/step with standard deviation 2.02312e-05
ENERGY:  155000       431.0676      1165.6289      1119.5976        61.8658        -113715.0323      9324.5440         0.0000         0.0000     18710.5652         -82901.7633       304.1750   -101612.3286    -82936.4763       302.2456           -511.0065      -512.8442    301488.4532         1.8204         0.6896

TIMING: 160000  CPU: 166.987, 0.0010311/step  Wall: 169.301, 0.00104652/step, 165.119 ns/days, 0.0988377 hours remaining, 0.000000 MB of memory in use.
PERFORMANCE: 160000  averaging 169.757 ns/day, 0.00101793 sec/step with standard deviation 2.05746e-05
ENERGY:  160000       449.3313      1108.2546      1134.6815        73.7177        -114413.7721      9965.5894         0.0000         0.0000     18700.2913         -82981.9064       304.0080   -101682.1977    -82937.6508       302.3676            317.0201       322.0769    299697.5580         1.7899         1.0283

TIMING: 165000  CPU: 171.886, 0.000979813/step  Wall: 174.275, 0.000994854/step, 173.694 ns/days, 0.0925767 hours remaining, 0.000000 MB of memory in use.
PERFORMANCE: 165000  averaging 169.873 ns/day, 0.00101723 sec/step with standard deviation 2.06451e-05
ENERGY:  165000       408.9951      1099.9949      1125.0698        69.7032        -114044.5808      9840.2814         0.0000         0.0000     18539.9447         -82960.5915       301.4012   -101500.5362    -82944.4885       302.2286            100.5189       101.5268    300356.0958         1.3011         1.1231

TIMING: 170000  CPU: 176.771, 0.000976951/step  Wall: 179.239, 0.000992673/step, 174.075 ns/days, 0.0909951 hours remaining, 0.000000 MB of memory in use.
PERFORMANCE: 170000  averaging 169.994 ns/day, 0.00101651 sec/step with standard deviation 2.07614e-05
ENERGY:  170000       414.1355      1097.8106      1135.7392        65.6825        -113945.9999      9669.1034         0.0000         0.0000     18589.4008         -82974.1279       302.2052   -101563.5286    -82938.0621       302.2752           -169.9517      -167.1195    301805.6662       -18.8449       -19.0257

TIMING: 175000  CPU: 181.864, 0.00101857/step  Wall: 184.409, 0.00103412/step, 167.099 ns/days, 0.0933579 hours remaining, 0.000000 MB of memory in use.
PERFORMANCE: 175000  averaging 169.91 ns/day, 0.00101701 sec/step with standard deviation 2.06693e-05
ENERGY:  175000       454.0727      1139.7734      1149.0548        76.7631        -114193.9564      9673.7621         0.0000         0.0000     18465.2990         -83235.2314       300.1877   -101700.5304    -82939.6884       302.2323           -143.8921      -145.1072    299996.8866        -7.1671        -7.1794

TIMING: 180000  CPU: 186.757, 0.0009786/step  Wall: 189.379, 0.000994014/step, 173.841 ns/days, 0.0883568 hours remaining, 0.000000 MB of memory in use.
PERFORMANCE: 180000  averaging 170.017 ns/day, 0.00101637 sec/step with standard deviation 2.07293e-05
ENERGY:  180000       442.2356      1112.4052      1114.2641        65.8683        -114237.2751      9824.0457         0.0000         0.0000     18723.9056         -82954.5506       304.3919   -101678.4562    -82953.2083       302.3286             57.6685        59.7126    300493.9911        -4.7058        -4.8549

TIMING: 185000  CPU: 191.641, 0.000976852/step  Wall: 194.342, 0.000992507/step, 174.105 ns/days, 0.0868443 hours remaining, 0.000000 MB of memory in use.
PERFORMANCE: 185000  averaging 170.125 ns/day, 0.00101573 sec/step with standard deviation 2.08125e-05
ENERGY:  185000       444.4363      1105.4758      1127.9241        72.6259        -114211.3438      9735.8047         0.0000         0.0000     18581.2309         -83143.8461       302.0724   -101725.0770    -82981.6876       302.1594           -147.4208      -151.3065    300624.1337         2.3583         2.2800

TIMING: 190000  CPU: 196.747, 0.0010211/step  Wall: 199.526, 0.00103674/step, 166.677 ns/days, 0.0892745 hours remaining, 0.000000 MB of memory in use.
PERFORMANCE: 190000  averaging 170.032 ns/day, 0.00101628 sec/step with standard deviation 2.08103e-05
ENERGY:  190000       427.5114      1108.4843      1106.9276        73.0458        -114050.0899      9722.8203         0.0000         0.0000     18554.5194         -83056.7811       301.6382   -101611.3005    -83001.5540       302.0767            -38.3760       -43.1220    300901.5131        -0.1193        -0.3635

TIMING: 195000  CPU: 201.65, 0.000980533/step  Wall: 204.506, 0.0009961/step, 173.477 ns/days, 0.0843918 hours remaining, 0.000000 MB of memory in use.
PERFORMANCE: 195000  averaging 170.119 ns/day, 0.00101576 sec/step with standard deviation 2.07873e-05
ENERGY:  195000       431.7269      1163.3646      1137.1684        72.8789        -114245.2242      9908.2144         0.0000         0.0000     18739.9972         -82791.8737       304.6535   -101531.8709    -82983.3547       302.2317            135.7470       141.6776    300428.9995        -1.5799        -1.6448

TIMING: 200000  CPU: 206.553, 0.000980775/step  Wall: 209.488, 0.00099636/step, 173.431 ns/days, 0.08303 hours remaining, 0.000000 MB of memory in use.
PERFORMANCE: 200000  averaging 170.2 ns/day, 0.00101528 sec/step with standard deviation 2.07471e-05
ETITLE:      TS           BOND          ANGLE          DIHED          IMPRP               ELECT            VDW       BOUNDARY           MISC        KINETIC               TOTAL           TEMP      POTENTIAL       TOTALAVG        TEMPAVG            PRESSURE      GPRESSURE         VOLUME       PRESSAVG      GPRESSAVG

ENERGY:  200000       416.3356      1113.5213      1109.6885        69.9368        -113963.8650      9861.3481         0.0000         0.0000     18585.7853         -82807.2495       302.1465   -101393.0348    -82973.5243       302.2474            -43.5685       -45.9389    301399.5502        -3.3309        -3.4265

TIMING: 205000  CPU: 211.719, 0.00103308/step  Wall: 214.732, 0.00104889/step, 164.746 ns/days, 0.0859504 hours remaining, 0.000000 MB of memory in use.
PERFORMANCE: 205000  averaging 170.063 ns/day, 0.0010161 sec/step with standard deviation 2.11479e-05
ENERGY:  205000       412.8315      1132.9465      1127.1487        69.6831        -113668.5830      9440.3819         0.0000         0.0000     18652.0472         -82833.5441       303.2237   -101485.5913    -82977.2814       302.2290           -373.2525      -375.1407    301323.0785       -24.4063       -24.5475

TIMING: 210000  CPU: 216.668, 0.000989766/step  Wall: 219.758, 0.00100504/step, 171.934 ns/days, 0.0809613 hours remaining, 0.000000 MB of memory in use.
PERFORMANCE: 210000  averaging 170.107 ns/day, 0.00101583 sec/step with standard deviation 2.0958e-05
ENERGY:  210000       417.6106      1119.1314      1125.9007        65.1643        -113890.4534      9860.7936         0.0000         0.0000     18584.6889         -82717.1638       302.1286   -101301.8527    -82965.1450       302.1988             96.2952        93.7568    300565.7801       -25.3895       -25.9374

TIMING: 215000  CPU: 221.608, 0.000988117/step  Wall: 224.778, 0.00100413/step, 172.089 ns/days, 0.0794935 hours remaining, 0.000000 MB of memory in use.
PERFORMANCE: 215000  averaging 170.152 ns/day, 0.00101556 sec/step with standard deviation 2.07838e-05
ENERGY:  215000       394.0271      1154.1174      1117.8467        74.8312        -113884.6110      9680.5828         0.0000         0.0000     18412.6426         -83050.5631       299.3317   -101463.2058    -82965.7567       302.1038             -6.6757        -0.7684    300962.8069       -18.1659       -18.4161

TIMING: 220000  CPU: 226.771, 0.00103259/step  Wall: 230.021, 0.00104848/step, 164.81 ns/days, 0.0815482 hours remaining, 0.000000 MB of memory in use.
PERFORMANCE: 220000  averaging 170.027 ns/day, 0.00101631 sec/step with standard deviation 2.11316e-05
ENERGY:  220000       443.3235      1158.8595      1110.1762        79.7601        -114277.0950      9827.6540         0.0000         0.0000     18497.3530         -83159.9687       300.7088   -101657.3217    -82964.7255       302.1740            130.1058       127.1111    300375.6474        -4.4726        -4.6673

TIMING: 225000  CPU: 231.661, 0.000978011/step  Wall: 234.988, 0.000993541/step, 173.923 ns/days, 0.0758955 hours remaining, 0.000000 MB of memory in use.
PERFORMANCE: 225000  averaging 170.112 ns/day, 0.0010158 sec/step with standard deviation 2.1164e-05
ENERGY:  225000       423.2479      1116.4821      1135.7327        78.7062        -114096.0453      9799.4023         0.0000         0.0000     18511.6669         -83030.8073       300.9415   -101542.4742    -82969.1277       302.0445             89.1494        89.6085    300149.8002       -12.9863       -12.9084

TIMING: 230000  CPU: 236.57, 0.000981665/step  Wall: 239.976, 0.000997491/step, 173.235 ns/days, 0.0748118 hours remaining, 0.000000 MB of memory in use.
PERFORMANCE: 230000  averaging 170.178 ns/day, 0.0010154 sec/step with standard deviation 2.1101e-05
ENERGY:  230000       454.6394      1151.4395      1131.2545        74.4112        -114326.5092      9895.8686         0.0000         0.0000     18614.1265         -83004.7695       302.6072   -101618.8960    -82969.0556       302.1275             58.1860        61.2330    300629.1127        -6.2380        -5.7794

TIMING: 235000  CPU: 241.719, 0.00102985/step  Wall: 245.203, 0.00104548/step, 165.282 ns/days, 0.0769592 hours remaining, 0.000000 MB of memory in use.
PERFORMANCE: 235000  averaging 170.071 ns/day, 0.00101604 sec/step with standard deviation 2.13265e-05
ENERGY:  235000       420.6351      1105.7315      1137.1639        74.3371        -114201.5994      9960.2824         0.0000         0.0000     18679.2105         -82824.2389       303.6653   -101503.4494    -82965.4958       302.2096            224.8957       225.2777    299706.1062        -0.5070         0.0771

TIMING: 240000  CPU: 246.628, 0.000981836/step  Wall: 250.189, 0.000997075/step, 173.307 ns/days, 0.0720109 hours remaining, 0.000000 MB of memory in use.
PERFORMANCE: 240000  averaging 170.137 ns/day, 0.00101565 sec/step with standard deviation 2.12754e-05
ENERGY:  240000       436.3261      1113.2759      1130.9550        67.2752        -114114.4835      9709.8367         0.0000         0.0000     18619.8241         -83036.9907       302.6998   -101656.8148    -82949.1211       302.3181           -151.1712      -150.7619    301768.4096        -9.3438        -8.8855

TIMING: 245000  CPU: 251.546, 0.000983605/step  Wall: 255.185, 0.000999343/step, 172.914 ns/days, 0.0707868 hours remaining, 0.000000 MB of memory in use.
PERFORMANCE: 245000  averaging 170.193 ns/day, 0.00101532 sec/step with standard deviation 2.11811e-05
ENERGY:  245000       417.4957      1158.9997      1109.9410        82.0063        -114567.8686     10156.6004         0.0000         0.0000     18602.3215         -83040.5039       302.4153   -101642.8255    -82956.7360       302.2360            293.4656       290.5686    299198.8653        -5.5448        -5.2562

TIMING: 250000  CPU: 256.666, 0.00102405/step  Wall: 260.384, 0.0010398/step, 166.185 ns/days, 0.0722085 hours remaining, 0.000000 MB of memory in use.
PERFORMANCE: 250000  averaging 170.111 ns/day, 0.00101581 sec/step with standard deviation 2.12479e-05
ETITLE:      TS           BOND          ANGLE          DIHED          IMPRP               ELECT            VDW       BOUNDARY           MISC        KINETIC               TOTAL           TEMP      POTENTIAL       TOTALAVG        TEMPAVG            PRESSURE      GPRESSURE         VOLUME       PRESSAVG      GPRESSAVG

ENERGY:  250000       419.2282      1115.4313      1115.8955        69.7644        -114360.0028      9911.6257         0.0000         0.0000     18615.8204         -83112.2372       302.6347   -101728.0576    -82980.9354       302.3618            193.6892       193.5056    299544.5682         5.5713         5.6973

TIMING: 255000  CPU: 261.581, 0.000982913/step  Wall: 265.375, 0.000998219/step, 173.108 ns/days, 0.0679343 hours remaining, 0.000000 MB of memory in use.
PERFORMANCE: 255000  averaging 170.169 ns/day, 0.00101546 sec/step with standard deviation 2.1178e-05
ENERGY:  255000       422.6410      1129.1612      1148.2255        77.3795        -114072.7984      9632.3338         0.0000         0.0000     18689.0019         -82974.0555       303.8244   -101663.0574    -82984.5500       302.3443           -166.0028      -163.6295    300350.1857        22.8215        23.1580

TIMING: 260000  CPU: 266.489, 0.000981637/step  Wall: 270.366, 0.000998107/step, 173.128 ns/days, 0.0665405 hours remaining, 0.000000 MB of memory in use.
PERFORMANCE: 260000  averaging 170.225 ns/day, 0.00101513 sec/step with standard deviation 2.1107e-05
ENERGY:  260000       438.4156      1103.0794      1123.7316        75.2956        -114210.2985      9790.0913         0.0000         0.0000     18660.3375         -83019.3475       303.3584   -101679.6850    -82986.4221       302.3118           -161.3147      -162.1143    300872.2186        -1.0952        -1.0515

TIMING: 265000  CPU: 271.686, 0.00103933/step  Wall: 275.641, 0.00105504/step, 163.785 ns/days, 0.0688708 hours remaining, 0.000000 MB of memory in use.
PERFORMANCE: 265000  averaging 170.099 ns/day, 0.00101588 sec/step with standard deviation 2.16102e-05
ENERGY:  265000       425.7371      1132.6272      1151.3390        63.8402        -114042.9730      9663.0651         0.0000         0.0000     18591.2848         -83015.0796       302.2359   -101606.3644    -82989.1465       302.3535            -95.6695       -95.0480    301164.9123       -10.9047       -10.8803

TIMING: 270000  CPU: 276.658, 0.000994525/step  Wall: 280.692, 0.00101024/step, 171.048 ns/days, 0.0645434 hours remaining, 0.000000 MB of memory in use.
PERFORMANCE: 270000  averaging 170.116 ns/day, 0.00101578 sec/step with standard deviation 2.14191e-05
ENERGY:  270000       435.4744      1135.0637      1106.3427        66.1527        -114188.3831      9822.6827         0.0000         0.0000     18637.3981         -82985.2688       302.9855   -101622.6669    -82989.7036       302.3926             68.9675        70.9078    299067.8885         1.0413         1.0211

TIMING: 275000  CPU: 281.595, 0.000987353/step  Wall: 285.71, 0.00100355/step, 172.189 ns/days, 0.0627219 hours remaining, 0.000000 MB of memory in use.
PERFORMANCE: 275000  averaging 170.153 ns/day, 0.00101555 sec/step with standard deviation 2.12838e-05
ENERGY:  275000       438.3164      1064.5592      1120.5123        75.0963        -113974.5173      9736.3420         0.0000         0.0000     18789.9552         -82749.7359       305.4656   -101539.6911    -82965.4288       302.6564              3.3418         5.3396    300573.8647         8.4030         8.5434

TIMING: 280000  CPU: 286.751, 0.00103126/step  Wall: 290.943, 0.00104662/step, 165.103 ns/days, 0.0639599 hours remaining, 0.000000 MB of memory in use.
PERFORMANCE: 280000  averaging 170.061 ns/day, 0.00101611 sec/step with standard deviation 2.1494e-05
ENERGY:  280000       438.5199      1124.3455      1090.7347        81.5019        -113823.7622      9597.9873         0.0000         0.0000     18758.2466         -82732.4262       304.9501   -101490.6728    -82954.3226       302.6844            -57.9246       -59.9092    300574.5377         2.6233         2.5624

TIMING: 285000  CPU: 291.669, 0.000983565/step  Wall: 295.942, 0.000999729/step, 172.847 ns/days, 0.059706 hours remaining, 0.000000 MB of memory in use.
PERFORMANCE: 285000  averaging 170.109 ns/day, 0.00101582 sec/step with standard deviation 2.14114e-05
ENERGY:  285000       453.2107      1127.2257      1108.5632        71.2826        -114242.4446      9821.5335         0.0000         0.0000     18707.4733         -82953.1556       304.1247   -101660.6290    -82944.7880       302.7870            182.1844       181.8057    298693.1882        19.1036        19.2180

TIMING: 290000  CPU: 296.566, 0.000979431/step  Wall: 300.919, 0.000995368/step, 173.604 ns/days, 0.0580631 hours remaining, 0.000000 MB of memory in use.
PERFORMANCE: 290000  averaging 170.168 ns/day, 0.00101547 sec/step with standard deviation 2.1392e-05
ENERGY:  290000       430.1860      1109.2249      1125.1891        72.6399        -114177.7662      9871.7411         0.0000         0.0000     18611.8798         -82956.9055       302.5707   -101568.7853    -82939.7943       302.8336             33.7001        30.3921    300536.7937        22.7074        22.8937

TIMING: 295000  CPU: 301.683, 0.00102335/step  Wall: 306.115, 0.00103932/step, 166.262 ns/days, 0.0591837 hours remaining, 0.000000 MB of memory in use.
PERFORMANCE: 295000  averaging 170.1 ns/day, 0.00101587 sec/step with standard deviation 2.1433e-05
ENERGY:  295000       434.9484      1154.8725      1091.9329        66.3213        -114159.9220      9875.4269         0.0000         0.0000     18684.5992         -82851.8209       303.7529   -101536.4201    -82942.7916       302.7886             70.1912        72.6664    300645.9505        19.4296        19.4431

TIMING: 300000  CPU: 306.663, 0.000996001/step  Wall: 311.175, 0.00101202/step, 170.747 ns/days, 0.0562234 hours remaining, 0.000000 MB of memory in use.
PERFORMANCE: 300000  averaging 170.111 ns/day, 0.00101581 sec/step with standard deviation 2.12564e-05
ETITLE:      TS           BOND          ANGLE          DIHED          IMPRP               ELECT            VDW       BOUNDARY           MISC        KINETIC               TOTAL           TEMP      POTENTIAL       TOTALAVG        TEMPAVG            PRESSURE      GPRESSURE         VOLUME       PRESSAVG      GPRESSAVG

ENERGY:  300000       423.0065      1117.3821      1108.8181        92.8257        -114022.0899      9767.2674         0.0000         0.0000     18628.0874         -82884.7027       302.8342   -101512.7901    -82946.6643       302.8230             69.4689        76.0641    299441.5851        25.0815        25.5433

TIMING: 305000  CPU: 311.66, 0.000999359/step  Wall: 316.301, 0.00102514/step, 168.563 ns/days, 0.0555282 hours remaining, 0.000000 MB of memory in use.
PERFORMANCE: 305000  averaging 170.085 ns/day, 0.00101596 sec/step with standard deviation 2.11123e-05
ENERGY:  305000       441.2145      1136.5956      1124.6433        86.8765        -114206.7203      9832.2321         0.0000         0.0000     18674.8828         -82910.2754       303.5949   -101585.1582    -82950.5008       302.8415             12.9500        16.6590    300765.5275        44.3916        45.1332

TIMING: 310000  CPU: 316.581, 0.000984281/step  Wall: 321.373, 0.00101444/step, 170.341 ns/days, 0.0535397 hours remaining, 0.000000 MB of memory in use.
PERFORMANCE: 310000  averaging 170.089 ns/day, 0.00101594 sec/step with standard deviation 2.09395e-05
ENERGY:  310000       426.0958      1120.5607      1127.3034        76.7972        -114144.1210      9816.4100         0.0000         0.0000     18750.0114         -82826.9425       304.8163   -101576.9539    -82955.9898       302.9759            -30.0199       -35.4016    300427.7238        38.0759        38.6753

TIMING: 315000  CPU: 321.477, 0.000979134/step  Wall: 326.346, 0.000994562/step, 173.745 ns/days, 0.0511094 hours remaining, 0.000000 MB of memory in use.
PERFORMANCE: 315000  averaging 170.146 ns/day, 0.0010156 sec/step with standard deviation 2.09438e-05
ENERGY:  315000       427.6302      1095.4926      1127.8596        75.2620        -113940.8191      9681.1742         0.0000         0.0000     18591.5529         -82941.8476       302.2402   -101533.4005    -82950.5540       303.1213            -97.0012       -95.2362    301105.4391        33.5596        33.9519

TIMING: 320000  CPU: 326.41, 0.000986672/step  Wall: 331.477, 0.00102617/step, 168.393 ns/days, 0.0513085 hours remaining, 0.000000 MB of memory in use.
PERFORMANCE: 320000  averaging 170.118 ns/day, 0.00101576 sec/step with standard deviation 2.08189e-05
ENERGY:  320000       456.7456      1095.1343      1142.0517        72.1975        -114256.8749      9969.8462         0.0000         0.0000     18796.9361         -82723.9634       305.5791   -101520.8995    -82928.7537       303.3648             65.9428        62.8469    300734.9767        30.3514        30.7387

TIMING: 325000  CPU: 331.447, 0.00100734/step  Wall: 336.601, 0.00102478/step, 168.621 ns/days, 0.0498159 hours remaining, 0.000000 MB of memory in use.
PERFORMANCE: 325000  averaging 170.095 ns/day, 0.0010159 sec/step with standard deviation 2.06859e-05
ENERGY:  325000       404.1069      1127.6880      1121.1028        65.7976        -114488.4235     10074.7081         0.0000         0.0000     18415.4770         -83279.5430       299.3778   -101695.0200    -82941.1905       303.2867            244.7456       242.6006    300184.7475        38.1313        38.3883

TIMING: 330000  CPU: 336.396, 0.000989782/step  Wall: 341.628, 0.00100552/step, 171.852 ns/days, 0.0474827 hours remaining, 0.000000 MB of memory in use.
PERFORMANCE: 330000  averaging 170.122 ns/day, 0.00101574 sec/step with standard deviation 2.05659e-05
ENERGY:  330000       415.9347      1133.2563      1124.0740        79.2062        -114001.0327      9728.3155         0.0000         0.0000     18663.7559         -82856.4900       303.4140   -101520.2459    -82933.7765       303.3270           -239.5807      -237.1421    301238.2076        23.2429        23.4696

TIMING: 335000  CPU: 341.417, 0.00100417/step  Wall: 346.738, 0.0010219/step, 169.097 ns/days, 0.0468371 hours remaining, 0.000000 MB of memory in use.
PERFORMANCE: 335000  averaging 170.106 ns/day, 0.00101584 sec/step with standard deviation 2.04234e-05
ENERGY:  335000       431.2560      1131.0235      1144.5745        79.7524        -114123.0485      9653.6908         0.0000         0.0000     18871.9586         -82810.7926       306.7987   -101682.7513    -82933.1042       303.4837           -161.6236      -156.9223    299982.3721         3.9169         4.3596

TIMING: 340000  CPU: 346.427, 0.00100202/step  Wall: 351.824, 0.0010173/step, 169.862 ns/days, 0.0452132 hours remaining, 0.000000 MB of memory in use.
PERFORMANCE: 340000  averaging 170.103 ns/day, 0.00101586 sec/step with standard deviation 2.02711e-05
ENERGY:  340000       426.0933      1128.9246      1113.3664        68.7829        -114016.9793      9739.7206         0.0000         0.0000     18505.8575         -83034.2339       300.8471   -101540.0913    -82932.9664       303.3910            -79.5969       -78.3207    300999.1265         7.4957         7.9816

TIMING: 345000  CPU: 351.304, 0.000975486/step  Wall: 356.778, 0.000990683/step, 174.425 ns/days, 0.0426544 hours remaining, 0.000000 MB of memory in use.
PERFORMANCE: 345000  averaging 170.164 ns/day, 0.00101549 sec/step with standard deviation 2.03485e-05
ENERGY:  345000       418.7093      1105.4473      1112.3361        73.3983        -114306.1514      9804.7861         0.0000         0.0000     18529.6691         -83261.8052       301.2342   -101791.4743    -82944.0315       303.3320             10.5099        11.5069    300601.4991        -6.6521        -5.9715

TIMING: 350000  CPU: 356.312, 0.00100156/step  Wall: 361.863, 0.0010171/step, 169.895 ns/days, 0.0423791 hours remaining, 0.000000 MB of memory in use.
PERFORMANCE: 350000  averaging 170.16 ns/day, 0.00101552 sec/step with standard deviation 2.02014e-05
ETITLE:      TS           BOND          ANGLE          DIHED          IMPRP               ELECT            VDW       BOUNDARY           MISC        KINETIC               TOTAL           TEMP      POTENTIAL       TOTALAVG        TEMPAVG            PRESSURE      GPRESSURE         VOLUME       PRESSAVG      GPRESSAVG

ENERGY:  350000       434.5588      1100.2749      1108.0853        66.0053        -113940.2735      9813.7452         0.0000         0.0000     18440.3772         -82977.2269       299.7826   -101417.6040    -82937.2809       303.1894             87.5027        91.8817    301351.2044       -11.9614       -11.0527

TIMING: 355000  CPU: 361.279, 0.00099337/step  Wall: 366.907, 0.00100867/step, 171.315 ns/days, 0.040627 hours remaining, 0.000000 MB of memory in use.
PERFORMANCE: 355000  averaging 170.176 ns/day, 0.00101542 sec/step with standard deviation 2.0073e-05
ENERGY:  355000       438.5261      1094.6186      1116.0318        75.1457        -114268.7145      9776.0004         0.0000         0.0000     18549.6766         -83218.7153       301.5594   -101768.3919    -82949.5139       303.0761             95.5012        96.5025    299507.0122         1.1138         1.9540

TIMING: 360000  CPU: 366.165, 0.000977224/step  Wall: 371.87, 0.000992727/step, 174.066 ns/days, 0.038606 hours remaining, 0.000000 MB of memory in use.
PERFORMANCE: 360000  averaging 170.229 ns/day, 0.0010151 sec/step with standard deviation 2.01098e-05
ENERGY:  360000       420.8784      1107.5442      1086.9832        67.3210        -114153.3212      9939.8302         0.0000         0.0000     18714.3884         -82816.3757       304.2371   -101530.7641    -82939.3653       303.1201             35.2910        29.9168    301503.9150        10.9440        11.5555

TIMING: 365000  CPU: 371.149, 0.000996847/step  Wall: 376.936, 0.00101311/step, 170.565 ns/days, 0.0379914 hours remaining, 0.000000 MB of memory in use.
PERFORMANCE: 365000  averaging 170.233 ns/day, 0.00101508 sec/step with standard deviation 1.9971e-05
ENERGY:  365000       458.7437      1106.1795      1124.2981        84.8262        -114038.3148      9704.1857         0.0000         0.0000     18498.1594         -83061.9221       300.7219   -101560.0816    -82941.7075       303.0444           -101.1855      -101.1879    300284.3699        10.6682        11.2485

TIMING: 370000  CPU: 376.162, 0.00100251/step  Wall: 382.025, 0.00101773/step, 169.789 ns/days, 0.0367515 hours remaining, 0.000000 MB of memory in use.
PERFORMANCE: 370000  averaging 170.227 ns/day, 0.00101511 sec/step with standard deviation 1.98362e-05
ENERGY:  370000       448.4095      1132.2204      1103.1625        70.3233        -114321.7028      9945.5114         0.0000         0.0000     18679.7615         -82942.3141       303.6742   -101622.0756    -82939.5597       303.0788            130.4874       130.8245    299321.6550        13.7442        14.2443

TIMING: 375000  CPU: 381.068, 0.000981295/step  Wall: 387.009, 0.000996879/step, 173.341 ns/days, 0.0346139 hours remaining, 0.000000 MB of memory in use.
PERFORMANCE: 375000  averaging 170.268 ns/day, 0.00101487 sec/step with standard deviation 1.98139e-05
ENERGY:  375000       436.1174      1153.6119      1118.9993        77.5939        -113962.9165      9710.4112         0.0000         0.0000     18569.3598         -82896.8229       301.8794   -101466.1827    -82946.9141       302.8995           -215.3504      -210.7964    301355.6937         2.8096         3.4375

TIMING: 380000  CPU: 386.108, 0.00100789/step  Wall: 392.127, 0.0010236/step, 168.816 ns/days, 0.0341201 hours remaining, 0.000000 MB of memory in use.
PERFORMANCE: 380000  averaging 170.249 ns/day, 0.00101498 sec/step with standard deviation 1.97068e-05
ENERGY:  380000       412.7448      1100.8784      1116.7057        66.1793        -114158.4857      9807.4468         0.0000         0.0000     18677.7522         -82976.7784       303.6416   -101654.5307    -82959.1317       302.8341              9.8645         9.8196    300617.5307         6.1991         6.9240

TIMING: 385000  CPU: 391.108, 0.00100012/step  Wall: 397.205, 0.00101556/step, 170.152 ns/days, 0.0324417 hours remaining, 0.000000 MB of memory in use.
PERFORMANCE: 385000  averaging 170.248 ns/day, 0.00101499 sec/step with standard deviation 1.95769e-05
ENERGY:  385000       423.9075      1098.8241      1121.8391        74.8515        -113597.3663      9538.6933         0.0000         0.0000     18487.6136         -82851.6373       300.5505   -101339.2508    -82954.0558       302.6553           -169.1227      -164.4682    300404.1026       -11.3663       -10.3897

TIMING: 390000  CPU: 396.033, 0.000984943/step  Wall: 402.211, 0.00100116/step, 172.6 ns/days, 0.030591 hours remaining, 0.000000 MB of memory in use.
PERFORMANCE: 390000  averaging 170.277 ns/day, 0.00101481 sec/step with standard deviation 1.95123e-05
ENERGY:  390000       437.6489      1138.7737      1124.8212        74.8873        -114029.4046      9733.7365         0.0000         0.0000     18462.5981         -83056.9389       300.1438   -101519.5370    -82959.0574       302.5340           -247.5624      -249.9811    301314.6317       -25.4294       -24.4084

TIMING: 395000  CPU: 401.047, 0.00100286/step  Wall: 407.306, 0.00101915/step, 169.553 ns/days, 0.0297252 hours remaining, 0.000000 MB of memory in use.
PERFORMANCE: 395000  averaging 170.268 ns/day, 0.00101487 sec/step with standard deviation 1.93929e-05
ENERGY:  395000       415.6946      1112.9619      1118.0930        77.0748        -114285.7731      9957.6896         0.0000         0.0000     18681.7554         -82922.5039       303.7066   -101604.2593    -82962.5916       302.5317            257.2745       256.0124    299263.3655       -16.0752       -15.2411

TIMING: 400000  CPU: 406.03, 0.000996506/step  Wall: 412.366, 0.00101198/step, 170.755 ns/days, 0.0281105 hours remaining, 0.000000 MB of memory in use.
PERFORMANCE: 400000  averaging 170.274 ns/day, 0.00101483 sec/step with standard deviation 1.92725e-05
ETITLE:      TS           BOND          ANGLE          DIHED          IMPRP               ELECT            VDW       BOUNDARY           MISC        KINETIC               TOTAL           TEMP      POTENTIAL       TOTALAVG        TEMPAVG            PRESSURE      GPRESSURE         VOLUME       PRESSAVG      GPRESSAVG

ENERGY:  400000       447.3584      1181.5058      1143.0102        79.9379        -114150.9145      9749.4791         0.0000         0.0000     18565.6674         -82983.9558       301.8194   -101549.6232    -82967.5543       302.4809            -45.7126       -48.0961    301064.7138       -21.8343       -21.4491

TIMING: 405000  CPU: 410.934, 0.000980754/step  Wall: 417.348, 0.000996405/step, 173.423 ns/days, 0.026294 hours remaining, 0.000000 MB of memory in use.
PERFORMANCE: 405000  averaging 170.312 ns/day, 0.00101461 sec/step with standard deviation 1.92608e-05
ENERGY:  405000       439.8667      1133.3804      1113.5725        79.8468        -114691.6667     10097.3014         0.0000         0.0000     18593.3946         -83234.3043       302.2702   -101827.6989    -82983.7557       302.4147            254.4280       253.2582    299604.7265        -9.7604        -9.6191

TIMING: 410000  CPU: 415.969, 0.00100706/step  Wall: 422.462, 0.00102278/step, 168.951 ns/days, 0.0255695 hours remaining, 0.000000 MB of memory in use.
PERFORMANCE: 410000  averaging 170.296 ns/day, 0.00101471 sec/step with standard deviation 1.91628e-05
ENERGY:  410000       444.3891      1121.3000      1122.2404        70.9401        -113823.5007      9558.4650         0.0000         0.0000     18442.2200         -83063.9461       299.8125   -101506.1661    -82995.6059       302.1645           -163.7876      -165.7000    300744.3610       -16.4488       -16.1340

TIMING: 415000  CPU: 420.93, 0.00099214/step  Wall: 427.502, 0.00100807/step, 171.417 ns/days, 0.0238016 hours remaining, 0.000000 MB of memory in use.
PERFORMANCE: 415000  averaging 170.309 ns/day, 0.00101463 sec/step with standard deviation 1.90596e-05
ENERGY:  415000       400.8633      1166.7195      1121.2176        70.2332        -114184.3091      9836.9137         0.0000         0.0000     18664.0356         -82924.3261       303.4186   -101588.3617    -82994.7298       302.2234             95.0267        93.7368    300073.5528        -6.8474        -6.6854

TIMING: 420000  CPU: 425.865, 0.000987004/step  Wall: 432.515, 0.00100253/step, 172.363 ns/days, 0.0222785 hours remaining, 0.000000 MB of memory in use.
PERFORMANCE: 420000  averaging 170.333 ns/day, 0.00101448 sec/step with standard deviation 1.89903e-05
ENERGY:  420000       407.8970      1158.4078      1110.9623        66.6483        -114259.7386      9892.3978         0.0000         0.0000     18794.5907         -82828.8347       305.5410   -101623.4254    -82999.9734       302.2215            184.7160       179.2667    299899.2931        -0.9087        -0.8644

TIMING: 425000  CPU: 431.07, 0.00104107/step  Wall: 437.799, 0.00105684/step, 163.506 ns/days, 0.0220176 hours remaining, 0.000000 MB of memory in use.
PERFORMANCE: 425000  averaging 170.25 ns/day, 0.00101498 sec/step with standard deviation 1.94281e-05
ENERGY:  425000       413.8975      1110.9579      1117.1005        83.4120        -113681.8942      9622.0735         0.0000         0.0000     18599.1290         -82735.3238       302.3634   -101334.4528    -82972.7624       302.3708            137.1462       141.6844    300639.4832        -6.2887        -5.9102

TIMING: 430000  CPU: 435.934, 0.000972706/step  Wall: 442.739, 0.000987965/step, 174.905 ns/days, 0.0192104 hours remaining, 0.000000 MB of memory in use.
PERFORMANCE: 430000  averaging 170.302 ns/day, 0.00101467 sec/step with standard deviation 1.95319e-05
ENERGY:  430000       403.5439      1115.3093      1105.7569        73.6488        -114227.2510      9917.7234         0.0000         0.0000     18524.3519         -83086.9168       301.1477   -101611.2686    -82984.2837       302.2575             93.8701        98.4624    299987.4170        10.3838        10.8700

TIMING: 435000  CPU: 440.805, 0.000974343/step  Wall: 447.69, 0.000990071/step, 174.533 ns/days, 0.0178763 hours remaining, 0.000000 MB of memory in use.
PERFORMANCE: 435000  averaging 170.35 ns/day, 0.00101438 sec/step with standard deviation 1.95962e-05
ENERGY:  435000       402.2600      1145.5970      1114.1654        74.4686        -113690.7880      9507.1231         0.0000         0.0000     18458.3452         -82988.8288       300.0747   -101447.1740    -82993.1855       301.9213            -29.4990       -36.0504    300059.0650        16.9901        16.9136

TIMING: 440000  CPU: 446.765, 0.00119197/step  Wall: 453.734, 0.00120885/step, 142.946 ns/days, 0.0201475 hours remaining, 0.000000 MB of memory in use.
PERFORMANCE: 440000  averaging 169.98 ns/day, 0.00101659 sec/step with standard deviation 2.84489e-05
ENERGY:  440000       436.4288      1183.0922      1117.6572        68.7205        -113812.6224      9735.2783         0.0000         0.0000     18566.4407         -82705.0047       301.8320   -101271.4454    -82976.7241       301.9705           -167.8883      -169.8573    300974.4674        12.5755        12.3368

TIMING: 445000  CPU: 451.677, 0.000982363/step  Wall: 458.729, 0.000999034/step, 172.967 ns/days, 0.015263 hours remaining, 0.000000 MB of memory in use.
PERFORMANCE: 445000  averaging 170.012 ns/day, 0.0010164 sec/step with standard deviation 2.8348e-05
ENERGY:  445000       466.7996      1107.6015      1106.2702        81.5251        -114164.4056      9716.8401         0.0000         0.0000     18578.7826         -83106.5866       302.0326   -101685.3692    -82968.9632       302.0105           -223.0145      -221.2748    300464.6678         0.8993         0.6977

TIMING: 450000  CPU: 456.566, 0.000977858/step  Wall: 463.701, 0.000994439/step, 173.766 ns/days, 0.0138117 hours remaining, 0.000000 MB of memory in use.
PERFORMANCE: 450000  averaging 170.053 ns/day, 0.00101615 sec/step with standard deviation 2.82832e-05
ETITLE:      TS           BOND          ANGLE          DIHED          IMPRP               ELECT            VDW       BOUNDARY           MISC        KINETIC               TOTAL           TEMP      POTENTIAL       TOTALAVG        TEMPAVG            PRESSURE      GPRESSURE         VOLUME       PRESSAVG      GPRESSAVG

ENERGY:  450000       419.0686      1124.8149      1122.1331        80.3253        -114321.6832      9807.2907         0.0000         0.0000     18542.7450         -83225.3056       301.4468   -101768.0506    -82981.3671       302.0937            138.7443       134.2222    298827.8544         3.4613         2.8147

TIMING: 455000  CPU: 461.629, 0.00101251/step  Wall: 468.841, 0.00102801/step, 168.092 ns/days, 0.0128501 hours remaining, 0.000000 MB of memory in use.
PERFORMANCE: 455000  averaging 170.032 ns/day, 0.00101628 sec/step with standard deviation 2.8153e-05
ENERGY:  455000       434.4574      1150.6917      1112.1625        78.2242        -114315.2972      9795.6836         0.0000         0.0000     18682.5079         -83061.5700       303.7189   -101744.0779    -82973.5098       302.2016            129.5617       131.8132    301214.3401         5.1644         4.5802

TIMING: 460000  CPU: 466.51, 0.000976323/step  Wall: 473.8, 0.000991812/step, 174.227 ns/days, 0.0110201 hours remaining, 0.000000 MB of memory in use.
PERFORMANCE: 460000  averaging 170.076 ns/day, 0.00101602 sec/step with standard deviation 2.81139e-05
ENERGY:  460000       399.6282      1092.9972      1118.8659        68.0482        -113768.8904      9672.9182         0.0000         0.0000     18655.9988         -82760.4339       303.2879   -101416.4327    -82970.7127       302.1542           -323.2765      -325.4783    300839.9653       -12.7640       -13.1895

TIMING: 465000  CPU: 471.404, 0.000978677/step  Wall: 478.772, 0.000994344/step, 173.783 ns/days, 0.00966723 hours remaining, 0.000000 MB of memory in use.
PERFORMANCE: 465000  averaging 170.115 ns/day, 0.00101578 sec/step with standard deviation 2.80509e-05
ENERGY:  465000       429.9420      1113.2084      1088.3323        67.3241        -114005.4129      9785.6141         0.0000         0.0000     18480.9731         -83040.0190       300.4425   -101520.9921    -82969.6176       302.1402             75.0286        78.3344    300363.7490        -3.9533        -4.2134

TIMING: 470000  CPU: 476.518, 0.00102284/step  Wall: 483.967, 0.00103894/step, 166.323 ns/days, 0.00865787 hours remaining, 0.000000 MB of memory in use.
PERFORMANCE: 470000  averaging 170.074 ns/day, 0.00101603 sec/step with standard deviation 2.80017e-05
ENERGY:  470000       422.1518      1145.5001      1128.3655        69.9435        -114358.6497      9995.9848         0.0000         0.0000     18698.3761         -82898.3280       303.9768   -101596.7041    -82967.4183       302.1553            199.2691       194.5094    300929.2381        -0.5142        -1.0291

TIMING: 475000  CPU: 481.39, 0.000974473/step  Wall: 488.917, 0.000990038/step, 174.539 ns/days, 0.00687526 hours remaining, 0.000000 MB of memory in use.
PERFORMANCE: 475000  averaging 170.12 ns/day, 0.00101576 sec/step with standard deviation 2.79798e-05
ENERGY:  475000       417.5436      1118.2634      1126.5970        81.8321        -113864.5198      9682.7551         0.0000         0.0000     18637.4960         -82800.0327       302.9871   -101437.5287    -82962.5788       302.2107            121.4310       122.0923    299690.5110        16.3249        15.6153

TIMING: 480000  CPU: 486.303, 0.000982548/step  Wall: 493.91, 0.00099855/step, 173.051 ns/days, 0.0055475 hours remaining, 0.000000 MB of memory in use.
PERFORMANCE: 480000  averaging 170.15 ns/day, 0.00101558 sec/step with standard deviation 2.78875e-05
ENERGY:  480000       436.6867      1201.3043      1120.3114        82.6539        -113956.2439      9629.0148         0.0000         0.0000     18472.0213         -83014.2515       300.2970   -101486.2727    -82964.4524       302.0435            -47.0484       -45.9033    300622.5638        13.4792        12.8291

TIMING: 485000  CPU: 491.397, 0.00101874/step  Wall: 499.085, 0.00103501/step, 166.955 ns/days, 0.00431254 hours remaining, 0.000000 MB of memory in use.
PERFORMANCE: 485000  averaging 170.116 ns/day, 0.00101578 sec/step with standard deviation 2.78119e-05
ENERGY:  485000       420.0275      1133.9307      1132.4264        80.7049        -114065.1955      9793.9155         0.0000         0.0000     18663.4235         -82840.7671       303.4086   -101504.1906    -82963.9089       302.1864             87.2789        88.9376    300876.4882        26.2993        25.4994

TIMING: 490000  CPU: 496.257, 0.00097205/step  Wall: 504.022, 0.000987399/step, 175.005 ns/days, 0.00274278 hours remaining, 0.000000 MB of memory in use.
PERFORMANCE: 490000  averaging 170.165 ns/day, 0.00101549 sec/step with standard deviation 2.78163e-05
ENERGY:  490000       452.1980      1114.4640      1109.5150        77.8137        -114158.1133      9758.7081         0.0000         0.0000     18706.8360         -82938.5786       304.1144   -101645.4146    -82957.9909       302.3849            -91.8122       -91.2113    300424.2503        34.0868        33.4379

TIMING: 495000  CPU: 501.158, 0.000980198/step  Wall: 509, 0.000995763/step, 173.535 ns/days, 0.001383 hours remaining, 0.000000 MB of memory in use.
PERFORMANCE: 495000  averaging 170.198 ns/day, 0.00101529 sec/step with standard deviation 2.77449e-05
ENERGY:  495000       405.3410      1180.9026      1132.0036        67.9439        -114302.7383      9836.6441         0.0000         0.0000     18691.2854         -82988.6178       303.8616   -101679.9032    -82961.2966       302.3927            178.1092       177.0074    300290.1179        30.1285        29.4877

TIMING: 500000  CPU: 506.229, 0.00101419/step  Wall: 514.148, 0.00102944/step, 167.859 ns/days, 0 hours remaining, 0.000000 MB of memory in use.
PERFORMANCE: 500000  averaging 170.174 ns/day, 0.00101543 sec/step with standard deviation 2.76407e-05
ETITLE:      TS           BOND          ANGLE          DIHED          IMPRP               ELECT            VDW       BOUNDARY           MISC        KINETIC               TOTAL           TEMP      POTENTIAL       TOTALAVG        TEMPAVG            PRESSURE      GPRESSURE         VOLUME       PRESSAVG      GPRESSAVG

ENERGY:  500000       438.0158      1117.9396      1133.4578        71.9977        -114167.3261      9871.9672         0.0000         0.0000     18479.0524         -83054.8956       300.4113   -101533.9480    -82964.8436       302.3223            168.8765       170.3842    299145.9638        40.8580        40.4117

WRITING EXTENDED SYSTEM TO OUTPUT FILE AT STEP 500000
WRITING COORDINATES TO OUTPUT FILE AT STEP 500000
WRITING VELOCITIES TO OUTPUT FILE AT STEP 500000
====================================================

WallClock: 517.185730  CPUTime: 492.576843  Memory: 0.000000 MB
[Partition 0][Node 0] End of program
