Charm++> Running on MPI library: Open MPI v4.1.5a1, package: Open MPI software@d001.sol.rc.asu.edu Distribution, ident: 4.1.5a1, repo rev: v4.1.4-32-g5abd86cc8c, Unreleased developer copy (MPI standard: 3.1)
Charm++> Level of thread support used: MPI_THREAD_FUNNELED (desired: MPI_THREAD_FUNNELED)
Charm++> Running in SMP mode: 1 processes, 45 worker threads (PEs) + 1 comm threads per process, 45 PEs total
Charm++> The comm. thread both sends and receives messages
Charm++> Using recursive bisection (scheme 3) for topology aware partitions
Converse/Charm++ Commit ID: v8.0.1-devel-35-gf310838d5
Charm++ communication thread will sleep due to single-process run.
CharmLB> Load balancer assumes all CPUs are same.
Charm++> cpu affinity enabled. 
Charm++> Running on 1 hosts (2 sockets x 24 cores x 1 PUs = 48-way SMP)
Charm++> cpu topology info is gathered in 0.003 seconds.
Info: Built with CUDA version 12090
Pe 5 physical rank 5 will use CUDA device of pe 32
Pe 3 physical rank 3 will use CUDA device of pe 32
Pe 4 physical rank 4 will use CUDA device of pe 32
Pe 2 physical rank 2 will use CUDA device of pe 32
Pe 6 physical rank 6 will use CUDA device of pe 32
Pe 37 physical rank 37 will use CUDA device of pe 32
Pe 1 physical rank 1 will use CUDA device of pe 32
Pe 10 physical rank 10 will use CUDA device of pe 32
Pe 11 physical rank 11 will use CUDA device of pe 32
Pe 7 physical rank 7 will use CUDA device of pe 32
Pe 21 physical rank 21 will use CUDA device of pe 32
Pe 22 physical rank 22 will use CUDA device of pe 32
Pe 20 physical rank 20 will use CUDA device of pe 32
Pe 19 physical rank 19 will use CUDA device of pe 32
Pe 18 physical rank 18 will use CUDA device of pe 32
Pe 17 physical rank 17 will use CUDA device of pe 32
Pe 16 physical rank 16 will use CUDA device of pe 32
Pe 15 physical rank 15 will use CUDA device of pe 32
Pe 12 physical rank 12 will use CUDA device of pe 32
Pe 14 physical rank 14 will use CUDA device of pe 32
Pe 13 physical rank 13 will use CUDA device of pe 32
Pe 0 physical rank 0 will use CUDA device of pe 32
Pe 8 physical rank 8 will use CUDA device of pe 32
Pe 9 physical rank 9 will use CUDA device of pe 32
Pe 43 physical rank 43 will use CUDA device of pe 32
Pe 42 physical rank 42 will use CUDA device of pe 32
Pe 40 physical rank 40 will use CUDA device of pe 32
Pe 44 physical rank 44 will use CUDA device of pe 32
Pe 41 physical rank 41 will use CUDA device of pe 32
Pe 38 physical rank 38 will use CUDA device of pe 32
Pe 39 physical rank 39 will use CUDA device of pe 32
Pe 35 physical rank 35 will use CUDA device of pe 32
Pe 36 physical rank 36 will use CUDA device of pe 32
Pe 24 physical rank 24 will use CUDA device of pe 32
Pe 25 physical rank 25 will use CUDA device of pe 32
Pe 28 physical rank 28 will use CUDA device of pe 32
Pe 26 physical rank 26 will use CUDA device of pe 32
Pe 27 physical rank 27 will use CUDA device of pe 32
Pe 23 physical rank 23 will use CUDA device of pe 32
Pe 30 physical rank 30 will use CUDA device of pe 32
Pe 29 physical rank 29 will use CUDA device of pe 32
Pe 34 physical rank 34 will use CUDA device of pe 32
Pe 31 physical rank 31 will use CUDA device of pe 32
Pe 32 physical rank 32 binding to CUDA device 0 on sg044: 'NVIDIA A100-SXM4-80GB'  Mem: 81152MB  Rev: 8.0  PCI: 0:1:0
Pe 33 physical rank 33 will use CUDA device of pe 32
CharmLB> Load balancing instrumentation for communication is off.
Info: NAMD 3.1alpha4pre for Linux-x86_64-MPI-smp-CUDA
Info: 
Info: Please visit http://www.ks.uiuc.edu/Research/namd/
Info: for updates, documentation, and support information.
Info: 
Info: Please cite Phillips et al., J. Chem. Phys. 153:044130 (2020) doi:10.1063/5.0014475
Info: in all publications reporting results obtained with NAMD.
Info: 
Info: Based on Charm++/Converse 80001 for mpi-linux-x86_64
Info: Built Fri Apr 17 06:27:28 MST 2026 by athiru12 on sg013
Info: Source code at Git commit ID 0de8a9017a5e517ce3382a552ac4a3debb0beccb
Info: 1 NAMD  3.1alpha4pre  Linux-x86_64-MPI-smp-CUDA  45    sg044  athiru12
Info: Running on 45 processors, 1 nodes, 1 physical nodes.
Info: CPU topology information available.
Info: Charm++/Converse parallel runtime startup completed at 2.96108 s
CkLoopLib is used in SMP with simple dynamic scheduling (converse-level notification)
Info: 0 MB of memory in use based on /proc/self/stat
Info: Configuration file is input/step5_streaming_streaming_run_3.inp
Info: Changed directory to input
TCL: Suspending until startup complete.
Warning: Option "1-4scaling" has been deprecated. Instead use "oneFourScaling".
Info: EXTENDED SYSTEM FILE   ../output/vanilla/performance/equil/1-0-40/run-1/step4_equilibration.xsc
Info: Tuning parameters to improve GPU-resident performance
Info: Setting margin to 4
Warning: The Langevin gamma parameters differ over the particles,
Warning: requiring extra work per step to constrain rigid bonds.
Info: Enabling PMEOffload because PMEInterpOrder > 4.
Info: Running with GPU-resident mode
Warning: Always using force tables for GPU nonbonded kernel due to unsupported config parameters.
Info: SIMULATION PARAMETERS:
Info: TIMESTEP               2
Info: NUMBER OF STEPS        500000
Info: STEPS PER CYCLE        20
Info: PERIODIC CELL BASIS 1  69 0 0
Info: PERIODIC CELL BASIS 2  0 69 0
Info: PERIODIC CELL BASIS 3  0 0 69
Info: PERIODIC CELL CENTER   0 0 0
Info: WRAPPING WATERS AROUND PERIODIC BOUNDARIES ON OUTPUT.
Info: WRAPPING ALL CLUSTERS AROUND PERIODIC BOUNDARIES ON OUTPUT.
Info: LOAD BALANCER  Centralized
Info: LOAD BALANCING STRATEGY  New Load Balancers -- DEFAULT
Info: LDB PERIOD             4000 steps
Info: FIRST LDB TIMESTEP     100
Info: LAST LDB TIMESTEP     -1
Info: LDB BACKGROUND SCALING 1
Info: HOM BACKGROUND SCALING 1
Info: PME BACKGROUND SCALING 1
Warning: OVERRIDING NOPATCH SETTING. Not supported with GPUresident on
Info: MIN ATOMS PER PATCH    40
Info: EMPTY PATCH LOAD       40 ATOMS
Info: VELOCITY FILE          ../output/vanilla/performance/equil/1-0-40/run-1/step4_equilibration.vel
Info: CENTER OF MASS MOVING INITIALLY? NO
Info: DIELECTRIC             1
Info: EXCLUDE                SCALED ONE-FOUR
Info: 1-4 ELECTROSTATICS SCALED BY 1
Info: MODIFIED 1-4 VDW PARAMETERS WILL BE USED
Info: NO DCD TRAJECTORY OUTPUT
Info: NO EXTENDED SYSTEM TRAJECTORY OUTPUT
Info: NO VELOCITY DCD OUTPUT
Info: NO FORCE DCD OUTPUT
Info: OUTPUT FILENAME        ../output/streaming/performance/prod/1-1-45/frequency-5000/run-3/step5_streaming
Info: BINARY OUTPUT FILES WILL BE USED
Info: NO RESTART FILE
Info: NAMD will save positions and velocities to ../output/streaming/performance/prod/1-1-45/frequency-5000/run-3/step5_streaming.crash.csv when  atoms are moving too fast.
Info: SWITCHING ACTIVE
Info: VDW FORCE SWITCHING ACTIVE
Info: SWITCHING ON           10
Info: SWITCHING OFF          12
Info: PAIRLIST DISTANCE      16
Info: PAIRLIST SHRINK RATE   0.01
Info: PAIRLIST GROW RATE     0.01
Info: PAIRLIST TRIGGER       0.3
Info: PAIRLISTS PER CYCLE    2
Info: PAIRLISTS ENABLED
Info: MARGIN                 4
Info: HYDROGEN GROUP CUTOFF  2.5
Info: PATCH DIMENSION        22.5
Info: ENERGY OUTPUT STEPS    5000
Info: ENERGY EVALUATION STEPS    5000
Info: OUTPUT ENERGY PRECISION 4
Info: CROSSTERM ENERGY INCLUDED IN DIHEDRAL
Info: TIMING OUTPUT STEPS    5000
Info: INTERACTIVE MD ACTIVE
Info: INTERACTIVE MD VERSION    3
Info: INTERACTIVE MD PORT    8889
Info: INTERACTIVE MD FREQ    5000
Info: WILL AWAIT INTERACTIVE MD CONNECTION
Info: INTERACTIVE MD WILL SEND THE FOLLOWING:
Info: WRAPPED COORDINATES
Info: LANGEVIN DYNAMICS ACTIVE
Info: LANGEVIN TEMPERATURE   303.15
Info: LANGEVIN USING BBK INTEGRATOR
Info: LANGEVIN DAMPING COEFFICIENT IS 1 INVERSE PS
Info: LANGEVIN DYNAMICS NOT APPLIED TO HYDROGENS
Info: LANGEVIN PISTON PRESSURE CONTROL ACTIVE
Info:        TARGET PRESSURE IS 1.01325 BAR
Info:     OSCILLATION PERIOD IS 50 FS
Info:             DECAY TIME IS 25 FS
Info:     PISTON TEMPERATURE IS 303.15 K
Info:       PRESSURE CONTROL IS GROUP-BASED
Info:    INITIAL STRAIN RATE IS 0 0 0
Info:       CELL FLUCTUATION IS ISOTROPIC
Info: PARTICLE MESH EWALD (PME) ACTIVE
Info: PME TOLERANCE               1e-06
Info: PME EWALD COEFFICIENT       0.257952
Info: PME INTERPOLATION ORDER     6
Info: PME GRID DIMENSIONS         72 72 72
Info: PME MAXIMUM GRID SPACING    1
Info: PME RECIPROCAL SUM OFFLOADED TO GPU
Info: PME CALCULATION WILL BE PERFORMED ON GPU
Info: FULL ELECTROSTATIC EVALUATION FREQUENCY      1
Info: USING VERLET I (r-RESPA) MTS SCHEME.
Info: C1 SPLITTING OF LONG RANGE ELECTROSTATICS
Info: PLACING ATOMS IN PATCHES BY HYDROGEN GROUPS
Info: RIGID BONDS TO HYDROGEN : ALL
Info:         ERROR TOLERANCE : 1e-08
Info:          MAX ITERATIONS : 100
Info: RIGID WATER USING SETTLE ALGORITHM
Info: RANDOM NUMBER SEED     1776750774
Info: USE HYDROGEN BONDS?    NO
Info: COORDINATE PDB         step3_input.pdb
Info: STRUCTURE FILE         step3_input.psf
Info: PARAMETER file: CHARMM format! 
Info: PARAMETERS             toppar/par_all36m_prot.prm
Info: PARAMETERS             toppar/par_all36_na.prm
Info: PARAMETERS             toppar/par_all36_carb.prm
Info: PARAMETERS             toppar/par_all36_lipid.prm
Info: PARAMETERS             toppar/par_all36_cgenff.prm
Info: PARAMETERS             toppar/par_interface.prm
Info: PARAMETERS             toppar/toppar_all36_moreions.str
Info: PARAMETERS             toppar/toppar_all36_nano_lig.str
Info: PARAMETERS             toppar/toppar_all36_nano_lig_patch.str
Info: PARAMETERS             toppar/toppar_all36_synthetic_polymer.str
Info: PARAMETERS             toppar/toppar_all36_synthetic_polymer_patch.str
Info: PARAMETERS             toppar/toppar_all36_polymer_solvent.str
Info: PARAMETERS             toppar/toppar_water_ions.str
Info: PARAMETERS             toppar/toppar_dum_noble_gases.str
Info: PARAMETERS             toppar/toppar_ions_won.str
Info: PARAMETERS             toppar/cam.str
Info: PARAMETERS             toppar/toppar_all36_prot_arg0.str
Info: PARAMETERS             toppar/toppar_all36_prot_c36m_d_aminoacids.str
Info: PARAMETERS             toppar/toppar_all36_prot_fluoro_alkanes.str
Info: PARAMETERS             toppar/toppar_all36_prot_heme.str
Info: PARAMETERS             toppar/toppar_all36_prot_na_combined.str
Info: PARAMETERS             toppar/toppar_all36_prot_retinol.str
Info: PARAMETERS             toppar/toppar_all36_prot_model.str
Info: PARAMETERS             toppar/toppar_all36_prot_modify_res.str
Info: PARAMETERS             toppar/toppar_all36_na_nad_ppi.str
Info: PARAMETERS             toppar/toppar_all36_na_rna_modified.str
Info: PARAMETERS             toppar/toppar_all36_lipid_sphingo.str
Info: PARAMETERS             toppar/toppar_all36_lipid_archaeal.str
Info: PARAMETERS             toppar/toppar_all36_lipid_bacterial.str
Info: PARAMETERS             toppar/toppar_all36_lipid_cardiolipin.str
Info: PARAMETERS             toppar/toppar_all36_lipid_cholesterol.str
Info: PARAMETERS             toppar/toppar_all36_lipid_dag.str
Info: PARAMETERS             toppar/toppar_all36_lipid_inositol.str
Info: PARAMETERS             toppar/toppar_all36_lipid_lnp.str
Info: PARAMETERS             toppar/toppar_all36_lipid_lps.str
Info: PARAMETERS             toppar/toppar_all36_lipid_mycobacterial.str
Info: PARAMETERS             toppar/toppar_all36_lipid_miscellaneous.str
Info: PARAMETERS             toppar/toppar_all36_lipid_model.str
Info: PARAMETERS             toppar/toppar_all36_lipid_prot.str
Info: PARAMETERS             toppar/toppar_all36_lipid_tag.str
Info: PARAMETERS             toppar/toppar_all36_lipid_yeast.str
Info: PARAMETERS             toppar/toppar_all36_lipid_hmmm.str
Info: PARAMETERS             toppar/toppar_all36_lipid_detergent.str
Info: PARAMETERS             toppar/toppar_all36_lipid_ether.str
Info: PARAMETERS             toppar/toppar_all36_lipid_oxidized.str
Info: PARAMETERS             toppar/toppar_all36_carb_glycolipid.str
Info: PARAMETERS             toppar/toppar_all36_carb_glycopeptide.str
Info: PARAMETERS             toppar/toppar_all36_carb_imlab.str
Info: PARAMETERS             toppar/toppar_all36_label_spin.str
Info: PARAMETERS             toppar/toppar_all36_label_fluorophore.str
Info: USING ARITHMETIC MEAN TO COMBINE L-J SIGMA PARAMETERS
Info: BINARY COORDINATES     ../output/vanilla/performance/equil/1-0-40/run-1/step4_equilibration.coor
Warning: SKIPPING PART OF PARAMETER FILE AFTER RETURN STATEMENT

Warning: DUPLICATE DIHEDRAL ENTRY FOR HAL1-CTO1-C-NHL
PREVIOUS VALUES MULTIPLICITY: 1
  k=0  n=1  delta=0INCREASING MULTIPLICITY TO: 2
  k=0  n=3  delta=0

Warning: DUPLICATE DIHEDRAL ENTRY FOR HAL1-CTO1-C-O
PREVIOUS VALUES MULTIPLICITY: 1
  k=0  n=1  delta=0INCREASING MULTIPLICITY TO: 2
  k=0  n=2  delta=3.14159
Warning: SKIPPING PART OF PARAMETER FILE AFTER RETURN STATEMENT

Warning: DUPLICATE DIHEDRAL ENTRY FOR CTL2-CG2O5-CTL1-CTL3
PREVIOUS VALUES MULTIPLICITY: 1
  k=0.75  n=1  delta=0  k=0.18  n=2  delta=3.14159INCREASING MULTIPLICITY TO: 3
  k=0.065  n=3  delta=0

Warning: DUPLICATE BOND ENTRY FOR CEL1-CL
PREVIOUS VALUES  k=440  x0=1.489
   USING VALUES  k=300  x0=1.48
Info: SUMMARY OF PARAMETERS:
Info: 1988 BONDS
Info: 6776 ANGLES
Info: 19939 DIHEDRAL
Info: 430 IMPROPER
Info: 28 CROSSTERM
Info: 751 VDW
Info: 122 VDW_PAIRS
Info: 0 NBTHOLE_PAIRS
Warning: Ignored 9467 bonds with zero force constants.
Warning: Will get H-H distance in rigid H2O from H-O-H angle.
Info: No lone pairs detected in waters
Info: TIME FOR READING PSF FILE: 0.0626736
Info: Reading pdb file step3_input.pdb
Info: TIME FOR READING PDB FILE: 0.029395
Info: 
Info: ****************************
Info: STRUCTURE SUMMARY:
Info: 30423 ATOMS
Info: 20918 BONDS
Info: 13014 ANGLES
Info: 5187 DIHEDRALS
Info: 373 IMPROPERS
Info: 127 CROSSTERMS
Info: 0 EXCLUSIONS
Info: 29360 RIGID BONDS
Info: 61909 DEGREES OF FREEDOM
Info: 10530 HYDROGEN GROUPS
Info: 4 ATOMS IN LARGEST HYDROGEN GROUP
Info: 10530 MIGRATION GROUPS
Info: 4 ATOMS IN LARGEST MIGRATION GROUP
Info: TOTAL MASS = 186727 amu
Info: TOTAL CHARGE = 1.31875e-06 e
Info: MASS DENSITY = 0.943883 g/cm^3
Info: ATOM DENSITY = 0.0926093 atoms/A^3
Info: *****************************
Info: Reading from binary file ../output/vanilla/performance/equil/1-0-40/run-1/step4_equilibration.coor
Info: 
Info: Entering startup at 3.16706 s, 0 MB of memory in use
Info: Startup phase 0 took 0.000442906 s, 0 MB of memory in use
Info: ADDED 39038 IMPLICIT EXCLUSIONS
Info: Startup phase 1 took 0.00638183 s, 0 MB of memory in use
Info: NONBONDED TABLE R-SQUARED SPACING: 0.0625
Info: NONBONDED TABLE SIZE: 769 POINTS
Info: INCONSISTENCY IN FAST TABLE ENERGY VS FORCE: 0.000325096 AT 11.9556
Info: INCONSISTENCY IN SCOR TABLE ENERGY VS FORCE: 0.000324844 AT 11.9556
Info: INCONSISTENCY IN VDWA TABLE ENERGY VS FORCE: 0.0040507 AT 0.251946
Info: INCONSISTENCY IN VDWB TABLE ENERGY VS FORCE: 0.00150189 AT 0.251946
Info: Startup phase 2 took 0.0143693 s, 0 MB of memory in use
Info: Startup phase 3 took 0.00019055 s, 0 MB of memory in use
Info: Startup phase 4 took 0.00142778 s, 0 MB of memory in use
Info: Startup phase 5 took 0.000157979 s, 0 MB of memory in use
Info: REDUCING NUMBER OF PATCHES TO IMPROVE LOAD BALANCE
Info: PATCH GRID IS 5 (PERIODIC) BY 3 (PERIODIC) BY 3 (PERIODIC)
Info: PATCH GRID IS 2-AWAY BY 1-AWAY BY 1-AWAY
Info: Reading from binary file ../output/vanilla/performance/equil/1-0-40/run-1/step4_equilibration.vel
Info: REMOVING COM VELOCITY -0.0158458 -0.019888 0.00968242
Info: LARGEST PATCH (22) HAS 800 ATOMS
Info: TORUS A SIZE 1 USING 0
Info: TORUS B SIZE 1 USING 0
Info: TORUS C SIZE 1 USING 0
Info: TORUS MINIMAL MESH SIZE IS 1 BY 1 BY 1
Info: Placed 100% of base nodes on same physical node as patch
Info: Startup phase 6 took 0.0142536 s, 0 MB of memory in use
Info: Use 3D box decompostion in PME FFT.
Info: PME using 1 x 1 x 1 pencil grid for FFT and reciprocal sum.
Info: Startup phase 7 took 0.000870794 s, 0 MB of memory in use
Info: Updated CUDA force table with 4096 elements.
Info: Updated CUDA LJ table with 751 x 751 elements.
Info: Startup phase 8 took 0.00604151 s, 0 MB of memory in use
Info: Startup phase 9 took 0.000236898 s, 0 MB of memory in use
Info: Startup phase 10 took 0.000173557 s, 0 MB of memory in use
Info: Startup phase 11 took 0.0132889 s, 0 MB of memory in use
LDB: Central LB being created...
Info: Startup phase 12 took 0.0616562 s, 0 MB of memory in use
Info: Startup phase 13 took 0.000213353 s, 0 MB of memory in use
Info: Startup phase 14 took 0.00280537 s, 0 MB of memory in use
Info: Startup phase 15 took 0.000176964 s, 0 MB of memory in use
Info: CREATING 1755 COMPUTE OBJECTS
Info: Interactive MD listening on port 8889.
Info: Found 268 unique exclusion lists needing 4316 bytes
Info: Startup phase 16 took 0.0784741 s, 0 MB of memory in use
Info: useSync: 0 useProxySync: 0
Info: Startup phase 17 took 0.000189979 s, 0 MB of memory in use
Info: Startup phase 18 took 6.5393e-05 s, 0 MB of memory in use
Info: Finished startup at 3.36847 s, 0 MB of memory in use

TCL: Original numsteps 500000 will be ignored.
TCL: Running for 500000 steps
Info: INTERACTIVE MD AWAITING CONNECTION
Warning: IMD protocol version 3 detected
Info: IMD connection opened
ETITLE:      TS           BOND          ANGLE          DIHED          IMPRP               ELECT            VDW       BOUNDARY           MISC        KINETIC               TOTAL           TEMP      POTENTIAL       TOTALAVG        TEMPAVG            PRESSURE      GPRESSURE         VOLUME       PRESSAVG      GPRESSAVG

ENERGY:       0       390.0165      1067.9379      1155.8548        69.8147        -111518.5693      9145.1384         0.0000         0.0000     18338.1923         -81351.6148       298.1214    -99689.8070    -81351.6148       298.1214          -1454.3546     -1453.0519    328509.0000     -1454.3546     -1453.0519

Info: Initial time: 45 CPUs 0.00144708 s/step 119.413 ns/day 0 MB memory
Info: Initial time: 45 CPUs 0.00108689 s/step 158.986 ns/day 0 MB memory
Info: Initial time: 45 CPUs 0.00156504 s/step 110.413 ns/day 0 MB memory
Info: Benchmark time: 45 CPUs 0.00115214 s/step 149.982 ns/day 0 MB memory
Info: Benchmark time: 45 CPUs 0.00112075 s/step 154.183 ns/day 0 MB memory
Info: Benchmark time: 45 CPUs 0.00114083 s/step 151.469 ns/day 0 MB memory
Info: Benchmark time: 45 CPUs 0.00105951 s/step 163.095 ns/day 0 MB memory
Info: Benchmark time: 45 CPUs 0.00110762 s/step 156.01 ns/day 0 MB memory
Info: Benchmark time: 45 CPUs 0.00096381 s/step 179.288 ns/day 0 MB memory
TIMING: 5000  CPU: 11.1596, 0.00101618/step  Wall: 11.1885, 0.00103305/step, 167.271 ns/days, 0.142045 hours remaining, 0.000000 MB of memory in use.
PERFORMANCE: 5000  averaging 167.271 ns/day, 0.00103305 sec/step with standard deviation 0
ENERGY:    5000       438.7300      1092.7200      1122.9492        75.2810        -113978.7336      9846.9002         0.0000         0.0000     18490.4513         -82911.7019       300.5966   -101402.1532    -82131.6584       299.3590             30.3954        33.4193    301620.2276      -711.9796      -709.8163

The last position output (seq=5000) takes 0.001 seconds, 0.000 MB of memory in use
TIMING: 10000  CPU: 16.3866, 0.00104539/step  Wall: 16.4906, 0.00106043/step, 162.953 ns/days, 0.144336 hours remaining, 0.000000 MB of memory in use.
PERFORMANCE: 10000  averaging 165.084 ns/day, 0.00104674 sec/step with standard deviation 1.93583e-05
ENERGY:   10000       429.6812      1154.4698      1113.4085        85.1247        -114259.2137      9899.5212         0.0000         0.0000     18466.9678         -83110.0406       300.2149   -101577.0083    -82457.7858       299.6443            279.8861       274.2788    300221.8530      -381.3577      -381.7846

The last position output (seq=10000) takes 0.001 seconds, 0.000 MB of memory in use
TIMING: 15000  CPU: 21.3891, 0.00100052/step  Wall: 21.5632, 0.00101452/step, 170.327 ns/days, 0.136678 hours remaining, 0.000000 MB of memory in use.
PERFORMANCE: 15000  averaging 166.795 ns/day, 0.001036 sec/step with standard deviation 2.30965e-05
ENERGY:   15000       404.3804      1090.0071      1132.0620        73.9184        -113916.7854      9671.0181         0.0000         0.0000     18637.4996         -82907.8998       302.9872   -101545.3994    -82570.3143       300.4800            -13.7031       -18.0375    301617.4833      -289.4440      -290.8478

The last position output (seq=15000) takes 0.001 seconds, 0.000 MB of memory in use
TIMING: 20000  CPU: 26.2999, 0.000982153/step  Wall: 26.5449, 0.000996328/step, 173.437 ns/days, 0.132844 hours remaining, 0.000000 MB of memory in use.
PERFORMANCE: 20000  averaging 168.408 ns/day, 0.00102608 sec/step with standard deviation 2.73695e-05
ENERGY:   20000       461.5571      1136.1989      1119.3962        66.9317        -114182.2671      9764.5915         0.0000         0.0000     18604.9549         -83028.6368       302.4581   -101633.5917    -82661.9788       300.8756           -182.8543      -181.5896    301044.3219      -268.1261      -268.9962

The last position output (seq=20000) takes 0.001 seconds, 0.000 MB of memory in use
TIMING: 25000  CPU: 31.3841, 0.00101684/step  Wall: 31.7793, 0.00104689/step, 165.061 ns/days, 0.138131 hours remaining, 0.000000 MB of memory in use.
PERFORMANCE: 25000  averaging 167.727 ns/day, 0.00103024 sec/step with standard deviation 2.54634e-05
ENERGY:   25000       443.9626      1139.4861      1130.1649        73.9454        -113840.4136      9515.1460         0.0000         0.0000     18530.9223         -83006.7862       301.2546   -101537.7085    -82719.4467       300.9388           -172.4007      -172.5607    301264.4431      -252.1719      -252.9236

The last position output (seq=25000) takes 0.001 seconds, 0.000 MB of memory in use
TIMING: 30000  CPU: 36.3293, 0.00098903/step  Wall: 36.7943, 0.00100301/step, 172.282 ns/days, 0.130948 hours remaining, 0.000000 MB of memory in use.
PERFORMANCE: 30000  averaging 168.47 ns/day, 0.0010257 sec/step with standard deviation 2.53441e-05
ENERGY:   30000       442.7835      1168.2806      1111.1478        68.3903        -113997.9842      9747.0397         0.0000         0.0000     18686.0795         -82774.2628       303.7769   -101460.3423    -82727.2776       301.3442             65.5573        63.5898    299978.6975      -206.7820      -207.7074

The last position output (seq=30000) takes 0.001 seconds, 0.000 MB of memory in use
TIMING: 35000  CPU: 41.2445, 0.000983058/step  Wall: 41.7814, 0.000997413/step, 173.248 ns/days, 0.128833 hours remaining, 0.000000 MB of memory in use.
PERFORMANCE: 35000  averaging 169.136 ns/day, 0.00102166 sec/step with standard deviation 2.54874e-05
ENERGY:   35000       409.1324      1115.7619      1130.6595        84.2269        -114164.1520      9925.7685         0.0000         0.0000     18596.2401         -82902.3627       302.3164   -101498.6028    -82749.1632       301.4658            277.5680       279.0128    300102.1277      -146.2382      -146.8674

The last position output (seq=35000) takes 0.001 seconds, 0.000 MB of memory in use
TIMING: 40000  CPU: 46.2997, 0.00101102/step  Wall: 47.0591, 0.00105554/step, 163.708 ns/days, 0.134875 hours remaining, 0.000000 MB of memory in use.
PERFORMANCE: 40000  averaging 168.438 ns/day, 0.0010259 sec/step with standard deviation 2.64626e-05
ENERGY:   40000       443.1754      1171.1216      1139.0079        68.7151        -113865.7213      9548.3688         0.0000         0.0000     18684.5690         -82810.7635       303.7524   -101495.3325    -82756.0077       301.7198           -107.1612      -111.9430    301774.1459      -141.8963      -142.9869

The last position output (seq=40000) takes 0.001 seconds, 0.000 MB of memory in use
TIMING: 45000  CPU: 51.2496, 0.000989984/step  Wall: 52.0803, 0.00100425/step, 172.069 ns/days, 0.126926 hours remaining, 0.000000 MB of memory in use.
PERFORMANCE: 45000  averaging 168.834 ns/day, 0.00102349 sec/step with standard deviation 2.5784e-05
ENERGY:   45000       470.9725      1127.1218      1112.4525        70.8280        -114188.4939      9964.6493         0.0000         0.0000     18531.4655         -82911.0043       301.2634   -101442.4698    -82771.5073       301.6742             96.1549        93.7422    300441.0092      -118.0912      -119.3140

The last position output (seq=45000) takes 0.001 seconds, 0.000 MB of memory in use
TIMING: 50000  CPU: 56.3804, 0.00102617/step  Wall: 57.2838, 0.00104069/step, 166.043 ns/days, 0.130086 hours remaining, 0.000000 MB of memory in use.
PERFORMANCE: 50000  averaging 168.551 ns/day, 0.00102521 sec/step with standard deviation 2.49105e-05
ETITLE:      TS           BOND          ANGLE          DIHED          IMPRP               ELECT            VDW       BOUNDARY           MISC        KINETIC               TOTAL           TEMP      POTENTIAL       TOTALAVG        TEMPAVG            PRESSURE      GPRESSURE         VOLUME       PRESSAVG      GPRESSAVG

ENERGY:   50000       430.0527      1127.0366      1111.5917        63.8125        -113675.8875      9540.9849         0.0000         0.0000     18539.2820         -82863.1271       301.3905   -101402.4091    -82779.8364       301.6484           -136.1726      -140.1405    300420.2511      -119.7350      -121.2073

The last position output (seq=50000) takes 0.001 seconds, 0.000 MB of memory in use
TIMING: 55000  CPU: 61.4391, 0.00101174/step  Wall: 62.4158, 0.00102641/step, 168.354 ns/days, 0.126875 hours remaining, 0.000000 MB of memory in use.
PERFORMANCE: 55000  averaging 168.533 ns/day, 0.00102532 sec/step with standard deviation 2.36349e-05
ENERGY:   55000       392.3200      1115.9518      1127.5223        60.0200        -114106.9782      9897.2015         0.0000         0.0000     18666.3315         -82847.6311       303.4559   -101513.9626    -82785.4860       301.7990            -18.1421       -17.3170    300858.6753      -111.2689      -112.5498

TIMING: 60000  CPU: 66.3533, 0.000982825/step  Wall: 67.4017, 0.000997165/step, 173.291 ns/days, 0.121876 hours remaining, 0.000000 MB of memory in use.
PERFORMANCE: 60000  averaging 168.919 ns/day, 0.00102297 sec/step with standard deviation 2.39559e-05
ENERGY:   60000       410.9470      1093.9965      1128.5310        77.7920        -114284.6302     10019.5932         0.0000         0.0000     18651.0051         -82902.7654       303.2067   -101553.7705    -82794.5075       301.9073            190.3732       188.5456    300311.2875       -88.0657       -89.3886

TIMING: 65000  CPU: 71.4563, 0.00102061/step  Wall: 72.5773, 0.00103513/step, 166.936 ns/days, 0.125078 hours remaining, 0.000000 MB of memory in use.
PERFORMANCE: 65000  averaging 168.765 ns/day, 0.00102391 sec/step with standard deviation 2.31823e-05
ENERGY:   65000       437.2186      1130.5642      1099.5644        66.6771        -114016.6129      9770.9561         0.0000         0.0000     18516.3180         -82995.3144       301.0171   -101511.6324    -82808.8508       301.8437             72.7976        73.4860    299872.8242       -76.5754       -77.7547

TIMING: 70000  CPU: 76.3865, 0.000986045/step  Wall: 77.5793, 0.00100039/step, 172.732 ns/days, 0.119492 hours remaining, 0.000000 MB of memory in use.
PERFORMANCE: 70000  averaging 169.042 ns/day, 0.00102223 sec/step with standard deviation 2.31424e-05
ENERGY:   70000       427.7730      1132.9009      1122.3704        74.7390        -113940.8065      9600.8801         0.0000         0.0000     18671.0248         -82911.1183       303.5322   -101582.1431    -82815.6687       301.9563           -186.4117      -182.3409    300678.8704       -83.8979       -84.7271

TIMING: 75000  CPU: 81.3362, 0.000989933/step  Wall: 82.6015, 0.00100445/step, 172.035 ns/days, 0.118581 hours remaining, 0.000000 MB of memory in use.
PERFORMANCE: 75000  averaging 169.239 ns/day, 0.00102104 sec/step with standard deviation 2.27683e-05
ENERGY:   75000       457.8376      1138.2102      1123.2565        74.4693        -114037.0224      9741.6463         0.0000         0.0000     18616.1386         -82885.4640       302.6399   -101501.6026    -82820.0309       301.9990            -42.9667       -42.2282    300223.0066       -81.3397       -82.0709

TIMING: 80000  CPU: 86.3861, 0.00100998/step  Wall: 87.7233, 0.00102435/step, 168.692 ns/days, 0.119508 hours remaining, 0.000000 MB of memory in use.
PERFORMANCE: 80000  averaging 169.204 ns/day, 0.00102125 sec/step with standard deviation 2.20118e-05
ENERGY:   80000       416.0210      1188.4952      1108.7084        68.8321        -113905.2128      9705.7103         0.0000         0.0000     18735.9851         -82681.4607       304.5882   -101417.4458    -82811.8797       302.1513            -47.5058       -47.1950    302109.6163       -79.3494       -80.0194

TIMING: 85000  CPU: 91.3871, 0.00100019/step  Wall: 92.7979, 0.00101493/step, 170.259 ns/days, 0.116999 hours remaining, 0.000000 MB of memory in use.
PERFORMANCE: 85000  averaging 169.266 ns/day, 0.00102088 sec/step with standard deviation 2.1368e-05
ENERGY:   85000       426.2995      1107.0337      1129.2207        78.6778        -114087.7455      9858.6177         0.0000         0.0000     18633.1283         -82854.7680       302.9161   -101487.8962    -82814.2624       302.1938            108.0074       113.2809    299952.3831       -68.9407       -69.2805

TIMING: 90000  CPU: 96.3109, 0.000984755/step  Wall: 97.794, 0.000999213/step, 172.936 ns/days, 0.113799 hours remaining, 0.000000 MB of memory in use.
PERFORMANCE: 90000  averaging 169.466 ns/day, 0.00101967 sec/step with standard deviation 2.13497e-05
ENERGY:   90000       427.8865      1145.0160      1127.1964        70.5848        -114165.3377      9701.1925         0.0000         0.0000     18583.7710         -83109.6904       302.1137   -101693.4614    -82829.8112       302.1896           -171.0104      -167.7732    300310.8890       -74.3128       -74.4643

TIMING: 95000  CPU: 101.434, 0.00102466/step  Wall: 102.988, 0.00103878/step, 166.349 ns/days, 0.116863 hours remaining, 0.000000 MB of memory in use.
PERFORMANCE: 95000  averaging 169.299 ns/day, 0.00102068 sec/step with standard deviation 2.12062e-05
ENERGY:   95000       441.3308      1151.6367      1139.2957        74.8343        -114227.8901      9836.7930         0.0000         0.0000     18948.9013         -82635.0983       308.0496   -101583.9996    -82820.0756       302.4826            -87.9048       -86.5970    300824.8574       -74.9924       -75.0710

TIMING: 100000  CPU: 106.44, 0.00100109/step  Wall: 108.065, 0.00101542/step, 170.176 ns/days, 0.112824 hours remaining, 0.000000 MB of memory in use.
PERFORMANCE: 100000  averaging 169.342 ns/day, 0.00102042 sec/step with standard deviation 2.06741e-05
ETITLE:      TS           BOND          ANGLE          DIHED          IMPRP               ELECT            VDW       BOUNDARY           MISC        KINETIC               TOTAL           TEMP      POTENTIAL       TOTALAVG        TEMPAVG            PRESSURE      GPRESSURE         VOLUME       PRESSAVG      GPRESSAVG

ENERGY:  100000       406.1495      1112.6066      1096.4309        65.6217        -113825.1252      9543.8296         0.0000         0.0000     18459.0992         -83141.3878       300.0869   -101600.4870    -82909.5642       302.5809           -117.1006      -116.5524    300195.3411        -8.1297        -8.2460

TIMING: 105000  CPU: 111.363, 0.000984727/step  Wall: 113.06, 0.000999049/step, 172.964 ns/days, 0.109618 hours remaining, 0.000000 MB of memory in use.
PERFORMANCE: 105000  averaging 169.512 ns/day, 0.0010194 sec/step with standard deviation 2.06831e-05
ENERGY:  105000       482.1336      1108.8948      1122.9005        70.3738        -113881.5637      9600.2209         0.0000         0.0000     18519.8433         -82977.1968       301.0745   -101497.0401    -82912.8390       302.6048           -403.3730      -401.8275    301330.2336       -29.8181       -30.0083

TIMING: 110000  CPU: 116.419, 0.00101119/step  Wall: 118.188, 0.00102551/step, 168.502 ns/days, 0.111097 hours remaining, 0.000000 MB of memory in use.
PERFORMANCE: 110000  averaging 169.465 ns/day, 0.00101968 sec/step with standard deviation 2.02266e-05
ENERGY:  110000       456.7945      1147.3491      1131.2098        77.2484        -113985.0944      9544.1903         0.0000         0.0000     18582.1699         -83046.1323       302.0877   -101628.3022    -82909.6435       302.6984           -350.7195      -354.6578    300475.3534       -61.3484       -61.4551

TIMING: 115000  CPU: 121.411, 0.000998273/step  Wall: 123.251, 0.00101262/step, 170.647 ns/days, 0.108294 hours remaining, 0.000000 MB of memory in use.
PERFORMANCE: 115000  averaging 169.516 ns/day, 0.00101937 sec/step with standard deviation 1.98163e-05
ENERGY:  115000       429.9327      1116.0733      1117.2886        65.9502        -114106.3589      9841.7361         0.0000         0.0000     18435.8383         -83099.5397       299.7088   -101535.3780    -82919.2255       302.5345             64.4125        61.8556    301099.5352       -57.4426       -57.4605

TIMING: 120000  CPU: 126.318, 0.000981444/step  Wall: 128.231, 0.000995967/step, 173.5 ns/days, 0.10513 hours remaining, 0.000000 MB of memory in use.
PERFORMANCE: 120000  averaging 169.679 ns/day, 0.0010184 sec/step with standard deviation 1.99609e-05
ENERGY:  120000       441.2732      1082.3645      1120.5649        69.2437        -113871.7628      9604.7448         0.0000         0.0000     18475.5582         -83078.0134       300.3545   -101553.5716    -82921.6944       302.4293           -140.1008      -137.4950    300950.3346       -55.3050       -55.2558

TIMING: 125000  CPU: 131.355, 0.00100755/step  Wall: 133.34, 0.00102181/step, 169.111 ns/days, 0.106439 hours remaining, 0.000000 MB of memory in use.
PERFORMANCE: 125000  averaging 169.656 ns/day, 0.00101853 sec/step with standard deviation 1.95525e-05
ENERGY:  125000       447.7728      1097.2437      1123.8034        64.4015        -114029.8080      9914.3876         0.0000         0.0000     18552.0895         -82830.1095       301.5987   -101382.1990    -82912.8605       302.4465            -51.2297       -49.0719    301959.9056       -49.2464       -49.0813

TIMING: 130000  CPU: 136.362, 0.00100121/step  Wall: 138.444, 0.00102077/step, 169.284 ns/days, 0.104912 hours remaining, 0.000000 MB of memory in use.
PERFORMANCE: 130000  averaging 169.642 ns/day, 0.00101862 sec/step with standard deviation 1.91625e-05
ENERGY:  130000       409.1593      1159.6510      1097.2072        67.7303        -113855.0434      9493.1036         0.0000         0.0000     18734.2821         -82893.9099       304.5606   -101628.1920    -82918.8429       302.4857           -176.9477      -179.3330    300058.2981       -61.3717       -61.2275

TIMING: 135000  CPU: 141.269, 0.000981504/step  Wall: 143.421, 0.000995536/step, 173.575 ns/days, 0.100936 hours remaining, 0.000000 MB of memory in use.
PERFORMANCE: 135000  averaging 169.784 ns/day, 0.00101776 sec/step with standard deviation 1.93084e-05
ENERGY:  135000       414.0648      1136.7791      1126.2818        67.7172        -114034.7263      9743.4687         0.0000         0.0000     18654.8895         -82891.5253       303.2699   -101546.4148    -82918.3010       302.5334            -30.8895       -31.0065    301333.3010       -76.7945       -76.7284

TIMING: 140000  CPU: 146.455, 0.0010371/step  Wall: 148.688, 0.00105338/step, 164.043 ns/days, 0.105338 hours remaining, 0.000000 MB of memory in use.
PERFORMANCE: 140000  averaging 169.572 ns/day, 0.00101904 sec/step with standard deviation 2.01075e-05
ENERGY:  140000       423.6162      1118.1632      1140.3009        79.6061        -114008.3725      9875.2418         0.0000         0.0000     18647.6554         -82723.7889       303.1523   -101371.4444    -82913.9523       302.5034             86.4591        92.7444    301289.4639       -67.1135       -66.4941

TIMING: 145000  CPU: 151.353, 0.000979638/step  Wall: 153.655, 0.000993312/step, 173.963 ns/days, 0.0979516 hours remaining, 0.000000 MB of memory in use.
PERFORMANCE: 145000  averaging 169.72 ns/day, 0.00101815 sec/step with standard deviation 2.03147e-05
ENERGY:  145000       431.1263      1106.4531      1137.9391        76.9027        -114176.8684      9741.2433         0.0000         0.0000     18487.9059         -83195.2979       300.5552   -101683.2038    -82928.1670       302.4679            -52.7965       -49.1521    299595.7578       -74.5611       -73.6388

TIMING: 150000  CPU: 156.238, 0.000977076/step  Wall: 158.61, 0.000991069/step, 174.357 ns/days, 0.0963539 hours remaining, 0.000000 MB of memory in use.
PERFORMANCE: 150000  averaging 169.87 ns/day, 0.00101725 sec/step with standard deviation 2.05646e-05
ETITLE:      TS           BOND          ANGLE          DIHED          IMPRP               ELECT            VDW       BOUNDARY           MISC        KINETIC               TOTAL           TEMP      POTENTIAL       TOTALAVG        TEMPAVG            PRESSURE      GPRESSURE         VOLUME       PRESSAVG      GPRESSAVG

ENERGY:  150000       411.8753      1148.6227      1157.8396        80.3562        -113837.3503      9621.0990         0.0000         0.0000     18746.1973         -82671.3603       304.7543   -101417.5575    -82918.5786       302.6361            -19.5389       -19.5226    300337.5749       -68.7294       -67.6079

TIMING: 155000  CPU: 161.411, 0.00103451/step  Wall: 163.854, 0.00104881/step, 164.758 ns/days, 0.100511 hours remaining, 0.000000 MB of memory in use.
PERFORMANCE: 155000  averaging 169.701 ns/day, 0.00101826 sec/step with standard deviation 2.09987e-05
ENERGY:  155000       436.0393      1114.2363      1135.1037        68.8989        -113931.7840      9874.7337         0.0000         0.0000     18716.6429         -82586.1292       304.2738   -101302.7721    -82905.5035       302.6770            281.7154       281.3890    300292.3237       -53.7365       -52.6726

TIMING: 160000  CPU: 166.275, 0.000972847/step  Wall: 168.787, 0.000986512/step, 175.163 ns/days, 0.0931706 hours remaining, 0.000000 MB of memory in use.
PERFORMANCE: 160000  averaging 169.866 ns/day, 0.00101727 sec/step with standard deviation 2.14062e-05
ENERGY:  160000       428.7863      1125.3382      1117.5719        75.9541        -114186.4900      9686.1000         0.0000         0.0000     18689.2064         -83063.5330       303.8278   -101752.7395    -82913.5419       302.7081            -97.2745       -93.5132    299979.4173       -68.1189       -66.7755

TIMING: 165000  CPU: 171.211, 0.000987157/step  Wall: 173.792, 0.00100111/step, 172.608 ns/days, 0.0931592 hours remaining, 0.000000 MB of memory in use.
PERFORMANCE: 165000  averaging 169.948 ns/day, 0.00101678 sec/step with standard deviation 2.1256e-05
ENERGY:  165000       436.2626      1082.6343      1129.6835        77.9356        -114059.5258      9717.6607         0.0000         0.0000     18694.2459         -82921.1032       303.9097   -101615.3491    -82909.8313       302.8527            -52.1334       -50.9063    300848.2593       -74.3655       -72.9951

TIMING: 170000  CPU: 176.381, 0.00103409/step  Wall: 179.035, 0.00104853/step, 164.801 ns/days, 0.0961157 hours remaining, 0.000000 MB of memory in use.
PERFORMANCE: 170000  averaging 169.792 ns/day, 0.00101772 sec/step with standard deviation 2.16282e-05
ENERGY:  170000       456.8848      1144.4095      1113.8492        71.1171        -114345.0435      9858.6213         0.0000         0.0000     18475.7184         -83224.4433       300.3571   -101700.1617    -82925.4976       302.6940            -95.0077       -95.3395    300897.1168       -69.7953       -68.6451

TIMING: 175000  CPU: 181.258, 0.000975316/step  Wall: 183.979, 0.000988868/step, 174.745 ns/days, 0.0892728 hours remaining, 0.000000 MB of memory in use.
PERFORMANCE: 175000  averaging 169.93 ns/day, 0.00101689 sec/step with standard deviation 2.18586e-05
ENERGY:  175000       392.8017      1127.9021      1120.8978        72.8999        -114509.9125     10029.0158         0.0000         0.0000     18644.1107         -83122.2847       303.0946   -101766.3953    -82937.3386       302.7167            167.7933       167.9626    300449.9010       -59.2573       -58.1355

TIMING: 180000  CPU: 186.209, 0.000990236/step  Wall: 189.003, 0.00100467/step, 171.997 ns/days, 0.089304 hours remaining, 0.000000 MB of memory in use.
PERFORMANCE: 180000  averaging 169.986 ns/day, 0.00101655 sec/step with standard deviation 2.16402e-05
ENERGY:  180000       430.7233      1142.6091      1118.2048        74.5557        -113615.5683      9494.9036         0.0000         0.0000     18439.2856         -82915.2862       299.7648   -101354.5718    -82949.0299       302.4755           -424.8257      -421.2675    301915.3921       -78.1233       -76.8391

TIMING: 185000  CPU: 191.306, 0.00101951/step  Wall: 194.173, 0.00103406/step, 167.108 ns/days, 0.0904802 hours remaining, 0.000000 MB of memory in use.
PERFORMANCE: 185000  averaging 169.907 ns/day, 0.00101703 sec/step with standard deviation 2.15307e-05
ENERGY:  185000       385.8994      1095.8831      1119.1725        71.9470        -113922.3004      9686.5754         0.0000         0.0000     18798.3557         -82764.4674       305.6022   -101562.8230    -82944.5149       302.6098            -32.2998       -29.2182    300348.9587       -85.1386       -83.9641

TIMING: 190000  CPU: 196.183, 0.000975329/step  Wall: 199.119, 0.000989255/step, 174.677 ns/days, 0.0851858 hours remaining, 0.000000 MB of memory in use.
PERFORMANCE: 190000  averaging 170.029 ns/day, 0.00101629 sec/step with standard deviation 2.17103e-05
ENERGY:  190000       450.1382      1112.5930      1110.4613        67.9733        -114188.5815      9885.3641         0.0000         0.0000     18512.7208         -83049.3307       300.9587   -101562.0515    -82941.4969       302.5521            101.7630       107.2021    300016.8318       -71.5000       -70.2153

TIMING: 195000  CPU: 201.131, 0.000989499/step  Wall: 204.139, 0.00100406/step, 172.102 ns/days, 0.0850658 hours remaining, 0.000000 MB of memory in use.
PERFORMANCE: 195000  averaging 170.082 ns/day, 0.00101598 sec/step with standard deviation 2.15122e-05
ENERGY:  195000       432.3915      1143.4509      1120.3966        74.8892        -114104.3136      9559.1724         0.0000         0.0000     18530.2870         -83243.7261       301.2442   -101774.0131    -82971.9283       302.2118           -326.5068      -326.0737    301346.7805       -83.4301       -82.1892

TIMING: 200000  CPU: 206.288, 0.00103141/step  Wall: 209.368, 0.00104574/step, 165.241 ns/days, 0.0871454 hours remaining, 0.000000 MB of memory in use.
PERFORMANCE: 200000  averaging 169.958 ns/day, 0.00101672 sec/step with standard deviation 2.17499e-05
ETITLE:      TS           BOND          ANGLE          DIHED          IMPRP               ELECT            VDW       BOUNDARY           MISC        KINETIC               TOTAL           TEMP      POTENTIAL       TOTALAVG        TEMPAVG            PRESSURE      GPRESSURE         VOLUME       PRESSAVG      GPRESSAVG

ENERGY:  200000       421.0718      1144.6105      1106.9838        69.9789        -114044.8135      9679.8619         0.0000         0.0000     18628.2742         -82994.0325       302.8372   -101622.3067    -82964.5605       302.3493           -125.4037      -125.1306    300522.7071       -83.8452       -82.6181

TIMING: 205000  CPU: 211.183, 0.000979012/step  Wall: 214.332, 0.000992795/step, 174.054 ns/days, 0.0813541 hours remaining, 0.000000 MB of memory in use.
PERFORMANCE: 205000  averaging 170.055 ns/day, 0.00101614 sec/step with standard deviation 2.1799e-05
ENERGY:  205000       448.9881      1131.9665      1137.4954        70.5203        -114135.3184      9949.2154         0.0000         0.0000     18502.2781         -82894.8545       300.7889   -101397.1326    -82960.4434       302.3350            137.0811       134.8243    301435.4910       -56.8225       -55.7855

TIMING: 210000  CPU: 216.127, 0.000988895/step  Wall: 219.348, 0.00100308/step, 172.269 ns/days, 0.0808038 hours remaining, 0.000000 MB of memory in use.
PERFORMANCE: 210000  averaging 170.107 ns/day, 0.00101583 sec/step with standard deviation 2.16256e-05
ENERGY:  210000       426.9273      1127.5541      1117.4972        63.6655        -114617.3905     10071.5027         0.0000         0.0000     18736.1128         -83074.1308       304.5903   -101810.2436    -82961.8433       302.4602            325.3789       330.1022    298859.5230       -23.0176       -21.5475

TIMING: 215000  CPU: 221.298, 0.00103413/step  Wall: 224.589, 0.00104832/step, 164.836 ns/days, 0.0829918 hours remaining, 0.000000 MB of memory in use.
PERFORMANCE: 215000  averaging 169.981 ns/day, 0.00101659 sec/step with standard deviation 2.19334e-05
ENERGY:  215000       414.1836      1128.9504      1137.2103        69.6059        -114337.9304     10033.8584         0.0000         0.0000     18577.2884         -82976.8336       302.0083   -101554.1220    -82955.7080       302.5752            287.1706       283.9567    299728.4422       -11.8797       -10.4424

TIMING: 220000  CPU: 226.209, 0.000982279/step  Wall: 229.572, 0.000996542/step, 173.4 ns/days, 0.0775088 hours remaining, 0.000000 MB of memory in use.
PERFORMANCE: 220000  averaging 170.057 ns/day, 0.00101613 sec/step with standard deviation 2.18865e-05
ENERGY:  220000       430.1970      1117.2814      1148.2102        82.7782        -113942.9382      9656.8775         0.0000         0.0000     18833.2861         -82674.3078       306.1700   -101507.5939    -82935.5227       302.8659            -83.7120       -84.1275    300899.8858        -9.0602        -7.7741

TIMING: 225000  CPU: 231.158, 0.000989762/step  Wall: 234.592, 0.00100396/step, 172.118 ns/days, 0.0766914 hours remaining, 0.000000 MB of memory in use.
PERFORMANCE: 225000  averaging 170.102 ns/day, 0.00101586 sec/step with standard deviation 2.17123e-05
ENERGY:  225000       436.3112      1113.8025      1103.3270        77.1596        -113711.6517      9555.9961         0.0000         0.0000     18716.0776         -82708.9778       304.2646   -101425.0554    -82929.4662       302.9992            -98.8333      -102.1366    301448.5633       -11.4404       -10.4273

TIMING: 230000  CPU: 236.337, 0.00103576/step  Wall: 239.843, 0.00105021/step, 164.538 ns/days, 0.0787658 hours remaining, 0.000000 MB of memory in use.
PERFORMANCE: 230000  averaging 169.977 ns/day, 0.00101661 sec/step with standard deviation 2.2059e-05
ENERGY:  230000       406.2285      1100.5050      1115.6305        82.4087        -114577.8199     10040.9027         0.0000         0.0000     18817.5577         -83014.5869       305.9144   -101832.1446    -82935.5000       303.0669            395.3745       394.8793    299286.4230        17.1757        18.2833

TIMING: 235000  CPU: 241.211, 0.00097475/step  Wall: 244.787, 0.000988831/step, 174.752 ns/days, 0.072789 hours remaining, 0.000000 MB of memory in use.
PERFORMANCE: 235000  averaging 170.076 ns/day, 0.00101602 sec/step with standard deviation 2.21909e-05
ENERGY:  235000       431.5168      1103.5802      1108.1272        69.2129        -113887.3727      9656.5690         0.0000         0.0000     18610.2020         -82908.1646       302.5434   -101518.3666    -82936.3320       303.0306            -88.7990       -90.2629    300015.6673        14.2802        15.3205

TIMING: 240000  CPU: 246.187, 0.000995275/step  Wall: 249.833, 0.00100931/step, 171.205 ns/days, 0.0728949 hours remaining, 0.000000 MB of memory in use.
PERFORMANCE: 240000  averaging 170.1 ns/day, 0.00101588 sec/step with standard deviation 2.19748e-05
ENERGY:  240000       429.8614      1073.3675      1126.1238        73.8091        -114193.9155      9648.7012         0.0000         0.0000     18722.2664         -83119.7862       304.3652   -101842.0526    -82956.1318       303.0912           -318.8355      -321.1091    301364.5217        -5.9845        -5.3722

TIMING: 245000  CPU: 251.327, 0.00102804/step  Wall: 255.043, 0.00104198/step, 165.838 ns/days, 0.0738068 hours remaining, 0.000000 MB of memory in use.
PERFORMANCE: 245000  averaging 170.01 ns/day, 0.00101641 sec/step with standard deviation 2.20622e-05
ENERGY:  245000       430.7732      1168.6577      1139.9327        78.4482        -114085.0189      9780.4489         0.0000         0.0000     18575.3513         -82911.4070       301.9768   -101486.7583    -82941.9373       303.1623           -106.0835      -106.7162    301142.3501        -8.6489        -8.2504

TIMING: 250000  CPU: 256.249, 0.000984387/step  Wall: 260.037, 0.000998784/step, 173.01 ns/days, 0.06936 hours remaining, 0.000000 MB of memory in use.
PERFORMANCE: 250000  averaging 170.069 ns/day, 0.00101606 sec/step with standard deviation 2.19777e-05
ETITLE:      TS           BOND          ANGLE          DIHED          IMPRP               ELECT            VDW       BOUNDARY           MISC        KINETIC               TOTAL           TEMP      POTENTIAL       TOTALAVG        TEMPAVG            PRESSURE      GPRESSURE         VOLUME       PRESSAVG      GPRESSAVG

ENERGY:  250000       439.6162      1096.1901      1122.2924        62.1190        -114520.3393     10091.3814         0.0000         0.0000     18574.1311         -83134.6091       301.9570   -101708.7403    -82965.0997       303.0225            426.0552       418.4065    298906.8220        13.6309        13.6461

TIMING: 255000  CPU: 261.22, 0.000994104/step  Wall: 265.079, 0.00100838/step, 171.363 ns/days, 0.0686261 hours remaining, 0.000000 MB of memory in use.
PERFORMANCE: 255000  averaging 170.095 ns/day, 0.00101591 sec/step with standard deviation 2.17833e-05
ENERGY:  255000       461.6762      1142.2897      1126.9402        72.9503        -114002.1812      9604.1876         0.0000         0.0000     18707.0142         -82887.1229       304.1173   -101594.1371    -82980.1494       303.0146            -21.9813       -17.5053    299931.1355        -1.5540        -1.2986

TIMING: 260000  CPU: 266.354, 0.00102686/step  Wall: 270.287, 0.00104153/step, 165.91 ns/days, 0.0694353 hours remaining, 0.000000 MB of memory in use.
PERFORMANCE: 260000  averaging 170.012 ns/day, 0.0010164 sec/step with standard deviation 2.18594e-05
ENERGY:  260000       425.5351      1132.9435      1100.3232        63.1970        -114387.3338     10013.2019         0.0000         0.0000     18714.3520         -82937.7811       304.2366   -101652.1331    -82973.8618       303.0351            515.7740       514.4431    299544.3944        29.0984        29.0992

TIMING: 265000  CPU: 271.244, 0.000978/step  Wall: 275.246, 0.000991897/step, 174.212 ns/days, 0.0647488 hours remaining, 0.000000 MB of memory in use.
PERFORMANCE: 265000  averaging 170.089 ns/day, 0.00101594 sec/step with standard deviation 2.19083e-05
ENERGY:  265000       417.1719      1096.8553      1115.7249        68.9093        -114004.2324      9698.1282         0.0000         0.0000     18668.8951         -82938.5478       303.4976   -101607.4429    -82974.7340       303.0145           -154.9543      -158.4402    301006.5613        23.9574        23.7225

TIMING: 270000  CPU: 276.146, 0.000980498/step  Wall: 280.22, 0.000994646/step, 173.73 ns/days, 0.0635469 hours remaining, 0.000000 MB of memory in use.
PERFORMANCE: 270000  averaging 170.155 ns/day, 0.00101554 sec/step with standard deviation 2.18931e-05
ENERGY:  270000       408.9325      1115.2076      1134.9379        80.4550        -114297.4549      9831.4763         0.0000         0.0000     18684.6701         -83041.7755       303.7540   -101726.4456    -82965.6007       303.1843            108.5989       107.1428    300461.3890        34.1377        33.8466

TIMING: 275000  CPU: 281.324, 0.00103553/step  Wall: 285.469, 0.00104983/step, 164.598 ns/days, 0.0656143 hours remaining, 0.000000 MB of memory in use.
PERFORMANCE: 275000  averaging 170.051 ns/day, 0.00101617 sec/step with standard deviation 2.21767e-05
ENERGY:  275000       407.1129      1087.0789      1128.7806        72.7199        -114046.3768      9632.2827         0.0000         0.0000     18586.7787         -83131.6230       302.1626   -101718.4017    -82966.0676       303.1377           -163.1544      -165.2893    299984.9109        17.5903        17.1840

TIMING: 280000  CPU: 286.234, 0.000982043/step  Wall: 290.449, 0.000996139/step, 173.47 ns/days, 0.0608752 hours remaining, 0.000000 MB of memory in use.
PERFORMANCE: 280000  averaging 170.111 ns/day, 0.00101581 sec/step with standard deviation 2.21365e-05
ENERGY:  280000       421.1970      1131.0746      1116.3374        72.7391        -113989.9304      9719.8075         0.0000         0.0000     18589.4245         -82939.3502       302.2056   -101528.7747    -82967.2708       303.2597             13.7192        13.9010    300507.8070        39.5176        38.9424

TIMING: 285000  CPU: 291.286, 0.00101036/step  Wall: 295.574, 0.00102497/step, 168.591 ns/days, 0.0612133 hours remaining, 0.000000 MB of memory in use.
PERFORMANCE: 285000  averaging 170.084 ns/day, 0.00101597 sec/step with standard deviation 2.19715e-05
ENERGY:  285000       450.3983      1160.2935      1122.4113        71.8143        -114106.1123      9649.3279         0.0000         0.0000     18760.7378         -82891.1292       304.9906   -101651.8670    -82973.6039       303.2292           -183.2974      -185.7313    300586.0283        31.9677        31.1168

TIMING: 290000  CPU: 296.408, 0.00102446/step  Wall: 300.767, 0.0010386/step, 166.378 ns/days, 0.0605849 hours remaining, 0.000000 MB of memory in use.
PERFORMANCE: 290000  averaging 170.019 ns/day, 0.00101636 sec/step with standard deviation 2.19797e-05
ENERGY:  290000       428.6222      1083.3315      1115.5592        68.8623        -114499.6084     10015.4057         0.0000         0.0000     18549.7568         -83238.0708       301.5608   -101787.8276    -82983.0409       303.2593            231.5256       230.1415    299431.1454        38.4558        37.2637

TIMING: 295000  CPU: 301.288, 0.000975924/step  Wall: 305.718, 0.000990078/step, 174.532 ns/days, 0.0563795 hours remaining, 0.000000 MB of memory in use.
PERFORMANCE: 295000  averaging 170.093 ns/day, 0.00101591 sec/step with standard deviation 2.20564e-05
ENERGY:  295000       440.0713      1085.4616      1131.8111        71.1955        -114062.1263      9785.8254         0.0000         0.0000     18727.3621         -82820.3994       304.4481   -101547.7615    -82961.8745       303.4195             -7.1434       -11.1660    301805.4260        54.4240        53.0091

TIMING: 300000  CPU: 306.24, 0.000990334/step  Wall: 310.741, 0.00100472/step, 171.989 ns/days, 0.0558177 hours remaining, 0.000000 MB of memory in use.
PERFORMANCE: 300000  averaging 170.125 ns/day, 0.00101573 sec/step with standard deviation 2.19164e-05
ETITLE:      TS           BOND          ANGLE          DIHED          IMPRP               ELECT            VDW       BOUNDARY           MISC        KINETIC               TOTAL           TEMP      POTENTIAL       TOTALAVG        TEMPAVG            PRESSURE      GPRESSURE         VOLUME       PRESSAVG      GPRESSAVG

ENERGY:  300000       409.7288      1195.0771      1114.8479        71.1720        -114135.9472      9782.9208         0.0000         0.0000     18553.2432         -83008.9574       301.6174   -101562.2006    -82962.6208       303.3585           -147.3233      -150.1771    300858.8795        53.3280        51.7568

TIMING: 305000  CPU: 311.401, 0.00103236/step  Wall: 315.977, 0.00104711/step, 165.025 ns/days, 0.0567186 hours remaining, 0.000000 MB of memory in use.
PERFORMANCE: 305000  averaging 170.038 ns/day, 0.00101624 sec/step with standard deviation 2.21014e-05
ENERGY:  305000       400.6790      1122.9117      1099.1663        82.8951        -114231.5494      9768.5313         0.0000         0.0000     18627.7008         -83129.6652       302.8279   -101757.3660    -82974.3613       303.4604             45.8656        44.8483    300254.2966        48.7672        47.2580

TIMING: 310000  CPU: 316.32, 0.000983808/step  Wall: 320.964, 0.00099748/step, 173.237 ns/days, 0.0526448 hours remaining, 0.000000 MB of memory in use.
PERFORMANCE: 310000  averaging 170.089 ns/day, 0.00101594 sec/step with standard deviation 2.20486e-05
ENERGY:  310000       435.1617      1087.6525      1105.1621        80.5461        -114066.6728      9757.6327         0.0000         0.0000     18483.0044         -83117.5132       300.4756   -101600.5176    -82976.5304       303.2547             60.5297        57.1646    299655.5477        35.5248        33.6111

TIMING: 315000  CPU: 321.226, 0.00098121/step  Wall: 325.94, 0.00099526/step, 173.623 ns/days, 0.0511453 hours remaining, 0.000000 MB of memory in use.
PERFORMANCE: 315000  averaging 170.144 ns/day, 0.00101561 sec/step with standard deviation 2.20247e-05
ENERGY:  315000       459.8408      1165.4249      1125.3435        76.1734        -114115.4161      9761.0552         0.0000         0.0000     18488.7810         -83038.7974       300.5695   -101527.5783    -82979.6286       303.1827              5.0106         3.7272    301051.1413        21.4168        19.5996

TIMING: 320000  CPU: 326.377, 0.00103005/step  Wall: 331.163, 0.00104455/step, 165.43 ns/days, 0.0522274 hours remaining, 0.000000 MB of memory in use.
PERFORMANCE: 320000  averaging 170.068 ns/day, 0.00101606 sec/step with standard deviation 2.21466e-05
ENERGY:  320000       397.7384      1113.0531      1131.0374        76.3454        -113955.1182      9835.1302         0.0000         0.0000     18483.3364         -82918.4773       300.4810   -101401.8137    -82991.8371       302.8983            254.8586       256.4809    300159.1967        38.3453        36.6301

TIMING: 325000  CPU: 331.251, 0.000974817/step  Wall: 336.107, 0.000988702/step, 174.775 ns/days, 0.0480619 hours remaining, 0.000000 MB of memory in use.
PERFORMANCE: 325000  averaging 170.139 ns/day, 0.00101564 sec/step with standard deviation 2.22334e-05
ENERGY:  325000       445.0567      1117.0008      1130.5173        67.4590        -114287.3120      9904.1853         0.0000         0.0000     18735.2469         -82887.8461       304.5762   -101623.0930    -83000.7805       302.9139            146.1109       146.4262    300273.3675        50.5925        49.0582

TIMING: 330000  CPU: 336.167, 0.000983234/step  Wall: 341.093, 0.000997355/step, 173.258 ns/days, 0.0470973 hours remaining, 0.000000 MB of memory in use.
PERFORMANCE: 330000  averaging 170.185 ns/day, 0.00101536 sec/step with standard deviation 2.21763e-05
ENERGY:  330000       441.7626      1108.8068      1147.3851        69.5723        -114579.7468     10065.6859         0.0000         0.0000     18674.9888         -83071.5452       303.5966   -101746.5340    -83003.6284       302.7980            185.7393       183.7134    299006.6074        40.1108        38.4999

TIMING: 335000  CPU: 341.291, 0.00102474/step  Wall: 346.288, 0.00103899/step, 166.315 ns/days, 0.0476205 hours remaining, 0.000000 MB of memory in use.
PERFORMANCE: 335000  averaging 170.126 ns/day, 0.00101572 sec/step with standard deviation 2.21961e-05
ENERGY:  335000       408.3911      1140.7161      1156.2846        79.2531        -114061.3208      9815.5650         0.0000         0.0000     18761.2616         -82699.8493       304.9992   -101461.1109    -82993.2127       302.9208            -80.4874       -77.4448    300795.4147        40.5263        39.1408

TIMING: 340000  CPU: 346.211, 0.000983973/step  Wall: 351.278, 0.000997971/step, 173.151 ns/days, 0.0443543 hours remaining, 0.000000 MB of memory in use.
PERFORMANCE: 340000  averaging 170.17 ns/day, 0.00101546 sec/step with standard deviation 2.21347e-05
ENERGY:  340000       441.2459      1126.9176      1105.1303        61.7083        -113927.9225      9786.2418         0.0000         0.0000     18691.8341         -82714.8445       303.8705   -101406.6787    -82972.9656       302.8960            -18.6622       -23.0108    301012.1914        55.5350        54.0457

TIMING: 345000  CPU: 351.127, 0.000983357/step  Wall: 356.266, 0.000997592/step, 173.217 ns/days, 0.0429519 hours remaining, 0.000000 MB of memory in use.
PERFORMANCE: 345000  averaging 170.213 ns/day, 0.0010152 sec/step with standard deviation 2.20764e-05
ENERGY:  345000       439.1339      1159.4766      1103.3447        76.8044        -114358.9983      9840.1020         0.0000         0.0000     18537.3185         -83202.8181       301.3585   -101740.1366    -82987.5361       302.8651             78.0296        80.0821    300402.0251        64.7407        63.3856

TIMING: 350000  CPU: 356.268, 0.00102819/step  Wall: 361.479, 0.00104262/step, 165.736 ns/days, 0.0434425 hours remaining, 0.000000 MB of memory in use.
PERFORMANCE: 350000  averaging 170.148 ns/day, 0.00101559 sec/step with standard deviation 2.21596e-05
ETITLE:      TS           BOND          ANGLE          DIHED          IMPRP               ELECT            VDW       BOUNDARY           MISC        KINETIC               TOTAL           TEMP      POTENTIAL       TOTALAVG        TEMPAVG            PRESSURE      GPRESSURE         VOLUME       PRESSAVG      GPRESSAVG

ENERGY:  350000       438.3341      1128.6989      1131.1428        63.9038        -114348.6755      9882.5501         0.0000         0.0000     18658.8359         -83045.2098       303.3340   -101704.0456    -82983.0662       302.9340             91.8304        91.5364    300298.9009        48.0294        47.0421

TIMING: 355000  CPU: 361.177, 0.000981758/step  Wall: 366.459, 0.000995984/step, 173.497 ns/days, 0.040116 hours remaining, 0.000000 MB of memory in use.
PERFORMANCE: 355000  averaging 170.194 ns/day, 0.00101531 sec/step with standard deviation 2.21234e-05
ENERGY:  355000       437.7635      1107.4710      1109.3651        60.6109        -114192.8004      9715.0074         0.0000         0.0000     18332.8325         -83429.7499       298.0342   -101762.5824    -83010.1975       302.6298           -269.2547      -271.7721    301604.6323        35.6658        34.3288

TIMING: 360000  CPU: 366.071, 0.000978754/step  Wall: 371.423, 0.000992782/step, 174.056 ns/days, 0.0386082 hours remaining, 0.000000 MB of memory in use.
PERFORMANCE: 360000  averaging 170.246 ns/day, 0.001015 sec/step with standard deviation 2.2127e-05
ENERGY:  360000       409.6034      1112.4096      1118.1274        72.9131        -114042.5297      9772.0664         0.0000         0.0000     18753.1544         -82804.2554       304.8674   -101557.4097    -83003.5212       302.6614             -8.1662       -10.7383    300773.4763         9.4687         8.0697

TIMING: 365000  CPU: 371.238, 0.00103338/step  Wall: 376.66, 0.00104734/step, 164.989 ns/days, 0.0392753 hours remaining, 0.000000 MB of memory in use.
PERFORMANCE: 365000  averaging 170.172 ns/day, 0.00101544 sec/step with standard deviation 2.22965e-05
ENERGY:  365000       430.0740      1142.6500      1092.8003        71.7588        -114091.1355      9639.7334         0.0000         0.0000     18672.0670         -83042.0520       303.5491   -101714.1190    -83008.6964       302.6639           -193.0058      -193.7380    300598.6598         7.5662         6.3048

TIMING: 370000  CPU: 376.22, 0.000996539/step  Wall: 381.713, 0.00101071/step, 170.97 ns/days, 0.0364977 hours remaining, 0.000000 MB of memory in use.
PERFORMANCE: 370000  averaging 170.183 ns/day, 0.00101538 sec/step with standard deviation 2.21501e-05
ENERGY:  370000       436.9989      1096.9013      1110.0869        79.5391        -114405.4700      9790.6021         0.0000         0.0000     18522.4415         -83368.9001       301.1167   -101891.3416    -83025.0527       302.5321           -123.2391      -122.5332    300014.8024        -4.0257        -5.1790

TIMING: 375000  CPU: 381.098, 0.000975564/step  Wall: 386.662, 0.000989765/step, 174.587 ns/days, 0.0343668 hours remaining, 0.000000 MB of memory in use.
PERFORMANCE: 375000  averaging 170.24 ns/day, 0.00101504 sec/step with standard deviation 2.21978e-05
ENERGY:  375000       422.4234      1064.9454      1112.7259        64.0743        -114107.7393      9832.5104         0.0000         0.0000     18505.2514         -83105.8086       300.8372   -101611.0599    -83023.7620       302.4658            -91.6813       -85.7608    301367.7200        -0.4521        -1.2025

TIMING: 380000  CPU: 386.269, 0.00103421/step  Wall: 391.905, 0.00104856/step, 164.797 ns/days, 0.0349521 hours remaining, 0.000000 MB of memory in use.
PERFORMANCE: 380000  averaging 170.166 ns/day, 0.00101548 sec/step with standard deviation 2.23822e-05
ENERGY:  380000       418.3466      1128.3561      1111.8099        64.0018        -114422.5114      9995.2589         0.0000         0.0000     18759.7138         -82945.0244       304.9740   -101704.7382    -83024.0457       302.6042             46.9878        50.7488    300155.8127         1.2114         0.6399

TIMING: 385000  CPU: 391.171, 0.00098031/step  Wall: 396.877, 0.000994306/step, 173.789 ns/days, 0.0317626 hours remaining, 0.000000 MB of memory in use.
PERFORMANCE: 385000  averaging 170.212 ns/day, 0.0010152 sec/step with standard deviation 2.2365e-05
ENERGY:  385000       429.3022      1137.2972      1125.9217        74.1986        -114232.8505      9770.4166         0.0000         0.0000     18593.9704         -83101.7437       302.2795   -101695.7141    -83034.5764       302.4687             47.9919        44.5032    299247.7324        12.7758        12.1516

TIMING: 390000  CPU: 396.239, 0.00101367/step  Wall: 402.015, 0.0010277/step, 168.142 ns/days, 0.0314021 hours remaining, 0.000000 MB of memory in use.
PERFORMANCE: 390000  averaging 170.185 ns/day, 0.00101536 sec/step with standard deviation 2.22643e-05
ENERGY:  390000       401.6091      1159.6894      1101.6335        69.0577        -114325.6660     10016.2266         0.0000         0.0000     18629.5143         -82947.9354       302.8574   -101577.4497    -83020.0696       302.5335            280.3992       288.4726    300652.7144        15.2195        15.0681

TIMING: 395000  CPU: 401.229, 0.000997856/step  Wall: 407.073, 0.00101164/step, 170.811 ns/days, 0.0295063 hours remaining, 0.000000 MB of memory in use.
PERFORMANCE: 395000  averaging 170.193 ns/day, 0.00101532 sec/step with standard deviation 2.21251e-05
ENERGY:  395000       421.5548      1120.3514      1082.1615        71.7019        -113714.3024      9509.7528         0.0000         0.0000     18648.2391         -82860.5408       303.1618   -101508.7800    -83022.0767       302.4692           -203.2211      -199.3606    300009.6185         5.4156         5.6584

TIMING: 400000  CPU: 406.193, 0.000992851/step  Wall: 412.109, 0.00100705/step, 171.59 ns/days, 0.0279736 hours remaining, 0.000000 MB of memory in use.
PERFORMANCE: 400000  averaging 170.211 ns/day, 0.00101521 sec/step with standard deviation 2.2004e-05
ETITLE:      TS           BOND          ANGLE          DIHED          IMPRP               ELECT            VDW       BOUNDARY           MISC        KINETIC               TOTAL           TEMP      POTENTIAL       TOTALAVG        TEMPAVG            PRESSURE      GPRESSURE         VOLUME       PRESSAVG      GPRESSAVG

ENERGY:  400000       438.3022      1139.6584      1116.3183        68.3474        -114229.4907      9857.3363         0.0000         0.0000     18510.0632         -83099.4650       300.9155   -101609.5282    -83026.6021       302.4341            -67.9680       -68.3790    300568.0934         9.3834         9.7483

TIMING: 405000  CPU: 411.233, 0.00100805/step  Wall: 417.222, 0.0010226/step, 168.981 ns/days, 0.0269852 hours remaining, 0.000000 MB of memory in use.
PERFORMANCE: 405000  averaging 170.195 ns/day, 0.0010153 sec/step with standard deviation 2.18815e-05
ENERGY:  405000       429.8967      1157.5531      1139.2573        72.4870        -113692.2058      9572.6764         0.0000         0.0000     18671.8519         -82648.4834       303.5456   -101320.3352    -83002.5430       302.4700            -25.5833       -27.5342    300509.0645         5.8109         6.1292

TIMING: 410000  CPU: 416.221, 0.000997685/step  Wall: 422.281, 0.00101185/step, 170.777 ns/days, 0.0252961 hours remaining, 0.000000 MB of memory in use.
PERFORMANCE: 410000  averaging 170.202 ns/day, 0.00101526 sec/step with standard deviation 2.17493e-05
ENERGY:  410000       467.4823      1107.2868      1120.5118        67.3850        -114192.5834      9790.9755         0.0000         0.0000     18510.1140         -83128.8281       300.9163   -101638.9421    -83003.1087       302.4920             15.0104        14.5998    300925.6246         3.5350         4.0009

TIMING: 415000  CPU: 421.14, 0.000983656/step  Wall: 427.27, 0.00099783/step, 173.176 ns/days, 0.0235599 hours remaining, 0.000000 MB of memory in use.
PERFORMANCE: 415000  averaging 170.238 ns/day, 0.00101505 sec/step with standard deviation 2.17008e-05
ENERGY:  415000       424.4964      1131.7853      1114.9986        61.7371        -114048.1235      9819.9180         0.0000         0.0000     18658.8595         -82836.3286       303.3344   -101495.1881    -82992.9853       302.6303             95.8110        96.0280    300911.6245         8.0750         8.6160

TIMING: 420000  CPU: 426.226, 0.0010172/step  Wall: 432.429, 0.00103185/step, 167.466 ns/days, 0.0229301 hours remaining, 0.000000 MB of memory in use.
PERFORMANCE: 420000  averaging 170.204 ns/day, 0.00101525 sec/step with standard deviation 2.16474e-05
ENERGY:  420000       436.7299      1110.3897      1119.8898        78.9814        -114139.6659      9722.4426         0.0000         0.0000     18521.3484         -83149.8842       301.0989   -101671.2326    -83004.5556       302.6612            -42.7089       -44.0961    299633.0327        -6.8034        -6.4129

TIMING: 425000  CPU: 431.222, 0.000999146/step  Wall: 437.495, 0.00101319/step, 170.55 ns/days, 0.0211082 hours remaining, 0.000000 MB of memory in use.
PERFORMANCE: 425000  averaging 170.208 ns/day, 0.00101523 sec/step with standard deviation 2.15194e-05
ENERGY:  425000       404.7997      1112.6038      1135.9796        76.6933        -113928.1953      9576.4522         0.0000         0.0000     18591.2227         -83030.4439       302.2349   -101621.6667    -83011.6855       302.5441           -271.4118      -274.5693    301171.6124       -27.6795       -27.4626

TIMING: 430000  CPU: 436.201, 0.000995945/step  Wall: 442.545, 0.0010099/step, 171.106 ns/days, 0.0196369 hours remaining, 0.000000 MB of memory in use.
PERFORMANCE: 430000  averaging 170.218 ns/day, 0.00101517 sec/step with standard deviation 2.14001e-05
ENERGY:  430000       406.3453      1147.3896      1103.6723        74.2048        -114331.7302      9929.8893         0.0000         0.0000     18478.5641         -83191.6649       300.4034   -101670.2290    -83017.6915       302.3844            178.5084       176.1681    299440.1627       -28.0411       -27.8399

TIMING: 435000  CPU: 441.214, 0.0010025/step  Wall: 447.629, 0.00101681/step, 169.943 ns/days, 0.0183591 hours remaining, 0.000000 MB of memory in use.
PERFORMANCE: 435000  averaging 170.215 ns/day, 0.00101519 sec/step with standard deviation 2.12761e-05
ENERGY:  435000       420.5558      1127.7113      1127.2041        69.7601        -113625.4967      9684.3403         0.0000         0.0000     18530.1482         -82665.7769       301.2420   -101195.9251    -83015.9879       302.1966            -55.6246       -47.4032    300701.1352       -26.7979       -26.3378

TIMING: 440000  CPU: 446.228, 0.00100279/step  Wall: 452.714, 0.00101699/step, 169.913 ns/days, 0.0169499 hours remaining, 0.000000 MB of memory in use.
PERFORMANCE: 440000  averaging 170.212 ns/day, 0.00101521 sec/step with standard deviation 2.11543e-05
ENERGY:  440000       434.5767      1100.9801      1104.7572        75.0896        -113954.3956      9719.0455         0.0000         0.0000     18728.9891         -82790.9574       304.4745   -101519.9464    -83019.7935       302.2268            111.9693       113.6349    301131.2849       -20.2663       -19.5055

TIMING: 445000  CPU: 451.119, 0.000978213/step  Wall: 457.673, 0.000991949/step, 174.202 ns/days, 0.0151548 hours remaining, 0.000000 MB of memory in use.
PERFORMANCE: 445000  averaging 170.256 ns/day, 0.00101494 sec/step with standard deviation 2.11777e-05
ENERGY:  445000       419.5810      1105.9859      1103.9518        83.2625        -113736.5093      9593.4091         0.0000         0.0000     18692.3198         -82737.9993       303.8784   -101430.3191    -82996.5526       302.3528             43.9061        41.1912    299339.2184       -21.9725       -21.4501

TIMING: 450000  CPU: 456.157, 0.0010076/step  Wall: 462.784, 0.00102215/step, 169.056 ns/days, 0.0141965 hours remaining, 0.000000 MB of memory in use.
PERFORMANCE: 450000  averaging 170.242 ns/day, 0.00101502 sec/step with standard deviation 2.10721e-05
ETITLE:      TS           BOND          ANGLE          DIHED          IMPRP               ELECT            VDW       BOUNDARY           MISC        KINETIC               TOTAL           TEMP      POTENTIAL       TOTALAVG        TEMPAVG            PRESSURE      GPRESSURE         VOLUME       PRESSAVG      GPRESSAVG

ENERGY:  450000       420.7793      1144.3554      1106.2870        75.5847        -114080.7423      9773.5094         0.0000         0.0000     18621.7081         -82938.5184       302.7305   -101560.2265    -82991.2180       302.3226             37.2449        38.6295    299906.5818       -24.7018       -24.0954

TIMING: 455000  CPU: 461.17, 0.00100258/step  Wall: 467.866, 0.00101643/step, 170.008 ns/days, 0.0127053 hours remaining, 0.000000 MB of memory in use.
PERFORMANCE: 455000  averaging 170.24 ns/day, 0.00101504 sec/step with standard deviation 2.09552e-05
ENERGY:  455000       433.2140      1128.3704      1119.4447        76.2246        -113939.7019      9643.8640         0.0000         0.0000     18520.7792         -83017.8050       301.0897   -101538.5842    -82970.6208       302.4753           -169.3176      -172.0727    299161.9283       -19.7049       -19.1105

TIMING: 460000  CPU: 466.131, 0.000992207/step  Wall: 472.901, 0.00100694/step, 171.609 ns/days, 0.0111882 hours remaining, 0.000000 MB of memory in use.
PERFORMANCE: 460000  averaging 170.254 ns/day, 0.00101495 sec/step with standard deviation 2.08569e-05
ENERGY:  460000       427.0879      1147.1893      1124.0694        72.1649        -113751.4694      9458.3007         0.0000         0.0000     18562.1791         -82960.4782       301.7627   -101522.6573    -82978.4319       302.3201           -545.0289      -548.1152    302596.8111       -46.5481       -45.9793

TIMING: 465000  CPU: 471.169, 0.00100768/step  Wall: 478.012, 0.00102227/step, 169.035 ns/days, 0.00993875 hours remaining, 0.000000 MB of memory in use.
PERFORMANCE: 465000  averaging 170.241 ns/day, 0.00101503 sec/step with standard deviation 2.07571e-05
ENERGY:  465000       451.6331      1094.9317      1121.3292        75.9387        -114261.6370      9808.8371         0.0000         0.0000     18709.3747         -82999.5926       304.1556   -101708.9672    -82976.3089       302.3504           -103.7022      -106.3977    300824.3137       -42.0829       -41.6123

TIMING: 470000  CPU: 476.147, 0.000995672/step  Wall: 483.06, 0.00100963/step, 171.153 ns/days, 0.00841355 hours remaining, 0.000000 MB of memory in use.
PERFORMANCE: 470000  averaging 170.251 ns/day, 0.00101497 sec/step with standard deviation 2.06527e-05
ENERGY:  470000       444.9739      1126.1904      1110.9443        67.0626        -114254.4189      9958.5927         0.0000         0.0000     18522.1339         -83024.5212       301.1117   -101546.6551    -82959.0900       302.3502             10.7435        12.9240    301188.6714       -35.3838       -34.8394

TIMING: 475000  CPU: 481.058, 0.000982216/step  Wall: 488.043, 0.000996548/step, 173.399 ns/days, 0.00692047 hours remaining, 0.000000 MB of memory in use.
PERFORMANCE: 475000  averaging 170.283 ns/day, 0.00101478 sec/step with standard deviation 2.06294e-05
ENERGY:  475000       431.2809      1127.9940      1134.2646        86.0116        -114730.0930     10097.8718         0.0000         0.0000     18508.9813         -83343.6887       300.8979   -101852.6701    -82970.9840       302.3532            213.5431       213.7872    299500.4243       -20.1225       -19.8620

TIMING: 480000  CPU: 486.113, 0.00101084/step  Wall: 493.167, 0.00102481/step, 168.617 ns/days, 0.00569337 hours remaining, 0.000000 MB of memory in use.
PERFORMANCE: 480000  averaging 170.266 ns/day, 0.00101488 sec/step with standard deviation 2.0546e-05
ENERGY:  480000       427.8259      1149.0307      1101.4524        70.7293        -114013.8122      9644.8994         0.0000         0.0000     18433.8518         -83186.0228       299.6765   -101619.8745    -82983.0339       302.0883           -120.5030      -121.0328    300713.4587       -28.4971       -28.4511

TIMING: 485000  CPU: 491.114, 0.00100025/step  Wall: 498.237, 0.00101403/step, 170.41 ns/days, 0.00422512 hours remaining, 0.000000 MB of memory in use.
PERFORMANCE: 485000  averaging 170.267 ns/day, 0.00101487 sec/step with standard deviation 2.04389e-05
ENERGY:  485000       422.1859      1148.1781      1090.3413        71.5563        -114075.3614      9697.6302         0.0000         0.0000     18587.6314         -83057.8383       302.1765   -101645.4697    -82980.8386       302.0832           -125.3907      -126.3434    299680.0107       -37.1662       -36.9934

TIMING: 490000  CPU: 496.103, 0.000997842/step  Wall: 503.297, 0.001012/step, 170.75 ns/days, 0.00281112 hours remaining, 0.000000 MB of memory in use.
PERFORMANCE: 490000  averaging 170.272 ns/day, 0.00101485 sec/step with standard deviation 2.03353e-05
ENERGY:  490000       438.8625      1120.3307      1113.9154        65.8014        -113759.2126      9472.7447         0.0000         0.0000     18499.5662         -83047.9917       300.7448   -101547.5579    -82985.8415       301.9776           -266.5275      -265.6814    300716.8830       -64.5125       -64.7011

TIMING: 495000  CPU: 501.24, 0.00102738/step  Wall: 508.506, 0.00104168/step, 165.886 ns/days, 0.00144678 hours remaining, 0.000000 MB of memory in use.
PERFORMANCE: 495000  averaging 170.227 ns/day, 0.00101512 sec/step with standard deviation 2.04103e-05
ENERGY:  495000       424.0164      1135.8125      1134.4201        66.1156        -114097.2948     10053.0504         0.0000         0.0000     18674.1515         -82609.7284       303.5830   -101283.8799    -82973.3008       301.9986            181.0233       181.0775    300838.1762       -45.3003       -45.6792

TIMING: 500000  CPU: 506.126, 0.000977239/step  Wall: 513.461, 0.000991005/step, 174.368 ns/days, 0 hours remaining, 0.000000 MB of memory in use.
PERFORMANCE: 500000  averaging 170.267 ns/day, 0.00101488 sec/step with standard deviation 2.04496e-05
ETITLE:      TS           BOND          ANGLE          DIHED          IMPRP               ELECT            VDW       BOUNDARY           MISC        KINETIC               TOTAL           TEMP      POTENTIAL       TOTALAVG        TEMPAVG            PRESSURE      GPRESSURE         VOLUME       PRESSAVG      GPRESSAVG

ENERGY:  500000       420.4549      1146.4543      1117.4508        77.6044        -113747.2492      9633.6205         0.0000         0.0000     18670.4686         -82681.1957       303.5231   -101351.6643    -82952.3874       302.1290             44.4588        41.6309    300820.1045       -39.6790       -40.1787

WRITING EXTENDED SYSTEM TO OUTPUT FILE AT STEP 500000
WRITING COORDINATES TO OUTPUT FILE AT STEP 500000
WRITING VELOCITIES TO OUTPUT FILE AT STEP 500000
The last velocity output (seq=-2) takes 0.174 seconds, 0.000 MB of memory in use
====================================================

WallClock: 516.638245  CPUTime: 493.189911  Memory: 0.000000 MB
[Partition 0][Node 0] End of program
