Charm++> Running on MPI library: Open MPI v4.1.5a1, package: Open MPI software@d001.sol.rc.asu.edu Distribution, ident: 4.1.5a1, repo rev: v4.1.4-32-g5abd86cc8c, Unreleased developer copy (MPI standard: 3.1)
Charm++> Level of thread support used: MPI_THREAD_FUNNELED (desired: MPI_THREAD_FUNNELED)
Charm++> Running in SMP mode: 1 processes, 45 worker threads (PEs) + 1 comm threads per process, 45 PEs total
Charm++> The comm. thread both sends and receives messages
Charm++> Using recursive bisection (scheme 3) for topology aware partitions
Converse/Charm++ Commit ID: v8.0.1-devel-35-gf310838d5
Charm++ communication thread will sleep due to single-process run.
CharmLB> Load balancer assumes all CPUs are same.
Charm++> cpu affinity enabled. 
Charm++> Running on 1 hosts (2 sockets x 24 cores x 1 PUs = 48-way SMP)
Charm++> cpu topology info is gathered in 0.003 seconds.
Info: Built with CUDA version 12090
Pe 5 physical rank 5 will use CUDA device of pe 32
Pe 1 physical rank 1 will use CUDA device of pe 32
Pe 4 physical rank 4 will use CUDA device of pe 32
Pe 40 physical rank 40 will use CUDA device of pe 32
Pe 2 physical rank 2 will use CUDA device of pe 32
Pe 21 physical rank 21 will use CUDA device of pe 32
Pe 18 physical rank 18 will use CUDA device of pe 32
Pe 19 physical rank 19 will use CUDA device of pe 32
Pe 22 physical rank 22 will use CUDA device of pe 32
Pe 6 physical rank 6 will use CUDA device of pe 32
Pe 9 physical rank 9 will use CUDA device of pe 32
Pe 10 physical rank 10 will use CUDA device of pe 32
Pe 11 physical rank 11 will use CUDA device of pe 32
Pe 7 physical rank 7 will use CUDA device of pe 32
Pe 8 physical rank 8 will use CUDA device of pe 32
Pe 20 physical rank 20 will use CUDA device of pe 32
Pe 13 physical rank 13 will use CUDA device of pe 32
Pe 14 physical rank 14 will use CUDA device of pe 32
Pe 17 physical rank 17 will use CUDA device of pe 32
Pe 12 physical rank 12 will use CUDA device of pe 32
Pe 16 physical rank 16 will use CUDA device of pe 32
Pe 15 physical rank 15 will use CUDA device of pe 32
Pe 35 physical rank 35 will use CUDA device of pe 32
Pe 38 physical rank 38 will use CUDA device of pe 32
Pe 36 physical rank 36 will use CUDA device of pe 32
Pe 3 physical rank 3 will use CUDA device of pe 32
Pe 37 physical rank 37 will use CUDA device of pe 32
Pe 0 physical rank 0 will use CUDA device of pe 32
Pe 39 physical rank 39 will use CUDA device of pe 32
Pe 24 physical rank 24 will use CUDA device of pe 32
Pe 25 physical rank 25 will use CUDA device of pe 32
Pe 23 physical rank 23 will use CUDA device of pe 32
Pe 27 physical rank 27 will use CUDA device of pe 32
Pe 28 physical rank 28 will use CUDA device of pe 32
Pe 26 physical rank 26 will use CUDA device of pe 32
Pe 41 physical rank 41 will use CUDA device of pe 32
Pe 44 physical rank 44 will use CUDA device of pe 32
Pe 42 physical rank 42 will use CUDA device of pe 32
Pe 43 physical rank 43 will use CUDA device of pe 32
Pe 33 physical rank 33 will use CUDA device of pe 32
Pe 30 physical rank 30 will use CUDA device of pe 32
Pe 31 physical rank 31 will use CUDA device of pe 32
Pe 34 physical rank 34 will use CUDA device of pe 32
Pe 29 physical rank 29 will use CUDA device of pe 32
Pe 32 physical rank 32 binding to CUDA device 0 on sg044: 'NVIDIA A100-SXM4-80GB'  Mem: 81152MB  Rev: 8.0  PCI: 0:1:0
CharmLB> Load balancing instrumentation for communication is off.
Info: NAMD 3.1alpha4pre for Linux-x86_64-MPI-smp-CUDA
Info: 
Info: Please visit http://www.ks.uiuc.edu/Research/namd/
Info: for updates, documentation, and support information.
Info: 
Info: Please cite Phillips et al., J. Chem. Phys. 153:044130 (2020) doi:10.1063/5.0014475
Info: in all publications reporting results obtained with NAMD.
Info: 
Info: Based on Charm++/Converse 80001 for mpi-linux-x86_64
Info: Built Fri Apr 17 06:27:28 MST 2026 by athiru12 on sg013
Info: Source code at Git commit ID 0de8a9017a5e517ce3382a552ac4a3debb0beccb
Info: 1 NAMD  3.1alpha4pre  Linux-x86_64-MPI-smp-CUDA  45    sg044  athiru12
Info: Running on 45 processors, 1 nodes, 1 physical nodes.
Info: CPU topology information available.
Info: Charm++/Converse parallel runtime startup completed at 2.92593 s
CkLoopLib is used in SMP with simple dynamic scheduling (converse-level notification)
Info: 0 MB of memory in use based on /proc/self/stat
Info: Configuration file is input/step5_streaming_streaming-3_run_3.inp
Info: Changed directory to input
TCL: Suspending until startup complete.
Warning: Option "1-4scaling" has been deprecated. Instead use "oneFourScaling".
Info: EXTENDED SYSTEM FILE   ../output/vanilla/performance/equil/1-0-40/run-1/step4_equilibration.xsc
Info: Tuning parameters to improve GPU-resident performance
Info: Setting margin to 4
Warning: The Langevin gamma parameters differ over the particles,
Warning: requiring extra work per step to constrain rigid bonds.
Info: Enabling PMEOffload because PMEInterpOrder > 4.
Info: Running with GPU-resident mode
Warning: Always using force tables for GPU nonbonded kernel due to unsupported config parameters.
Info: SIMULATION PARAMETERS:
Info: TIMESTEP               2
Info: NUMBER OF STEPS        500000
Info: STEPS PER CYCLE        20
Info: PERIODIC CELL BASIS 1  69 0 0
Info: PERIODIC CELL BASIS 2  0 69 0
Info: PERIODIC CELL BASIS 3  0 0 69
Info: PERIODIC CELL CENTER   0 0 0
Info: WRAPPING WATERS AROUND PERIODIC BOUNDARIES ON OUTPUT.
Info: WRAPPING ALL CLUSTERS AROUND PERIODIC BOUNDARIES ON OUTPUT.
Info: LOAD BALANCER  Centralized
Info: LOAD BALANCING STRATEGY  New Load Balancers -- DEFAULT
Info: LDB PERIOD             4000 steps
Info: FIRST LDB TIMESTEP     100
Info: LAST LDB TIMESTEP     -1
Info: LDB BACKGROUND SCALING 1
Info: HOM BACKGROUND SCALING 1
Info: PME BACKGROUND SCALING 1
Warning: OVERRIDING NOPATCH SETTING. Not supported with GPUresident on
Info: MIN ATOMS PER PATCH    40
Info: EMPTY PATCH LOAD       40 ATOMS
Info: VELOCITY FILE          ../output/vanilla/performance/equil/1-0-40/run-1/step4_equilibration.vel
Info: CENTER OF MASS MOVING INITIALLY? NO
Info: DIELECTRIC             1
Info: EXCLUDE                SCALED ONE-FOUR
Info: 1-4 ELECTROSTATICS SCALED BY 1
Info: MODIFIED 1-4 VDW PARAMETERS WILL BE USED
Info: NO DCD TRAJECTORY OUTPUT
Info: NO EXTENDED SYSTEM TRAJECTORY OUTPUT
Info: NO VELOCITY DCD OUTPUT
Info: NO FORCE DCD OUTPUT
Info: OUTPUT FILENAME        ../output/streaming-3/performance/prod/1-1-45/frequency-50/run-3/step5_streaming
Info: BINARY OUTPUT FILES WILL BE USED
Info: NO RESTART FILE
Info: NAMD will save positions and velocities to ../output/streaming-3/performance/prod/1-1-45/frequency-50/run-3/step5_streaming.crash.csv when  atoms are moving too fast.
Info: SWITCHING ACTIVE
Info: VDW FORCE SWITCHING ACTIVE
Info: SWITCHING ON           10
Info: SWITCHING OFF          12
Info: PAIRLIST DISTANCE      16
Info: PAIRLIST SHRINK RATE   0.01
Info: PAIRLIST GROW RATE     0.01
Info: PAIRLIST TRIGGER       0.3
Info: PAIRLISTS PER CYCLE    2
Info: PAIRLISTS ENABLED
Info: MARGIN                 4
Info: HYDROGEN GROUP CUTOFF  2.5
Info: PATCH DIMENSION        22.5
Info: ENERGY OUTPUT STEPS    5000
Info: ENERGY EVALUATION STEPS    5000
Info: OUTPUT ENERGY PRECISION 4
Info: CROSSTERM ENERGY INCLUDED IN DIHEDRAL
Info: TIMING OUTPUT STEPS    5000
Info: INTERACTIVE MD ACTIVE
Info: INTERACTIVE MD VERSION    3
Info: INTERACTIVE MD PORT    8889
Info: INTERACTIVE MD FREQ    50
Info: WILL AWAIT INTERACTIVE MD CONNECTION
Info: INTERACTIVE MD WILL SEND THE FOLLOWING:
Info: WRAPPED COORDINATES
Info: VELOCITIES
Info: FORCES
Info: LANGEVIN DYNAMICS ACTIVE
Info: LANGEVIN TEMPERATURE   303.15
Info: LANGEVIN USING BBK INTEGRATOR
Info: LANGEVIN DAMPING COEFFICIENT IS 1 INVERSE PS
Info: LANGEVIN DYNAMICS NOT APPLIED TO HYDROGENS
Info: LANGEVIN PISTON PRESSURE CONTROL ACTIVE
Info:        TARGET PRESSURE IS 1.01325 BAR
Info:     OSCILLATION PERIOD IS 50 FS
Info:             DECAY TIME IS 25 FS
Info:     PISTON TEMPERATURE IS 303.15 K
Info:       PRESSURE CONTROL IS GROUP-BASED
Info:    INITIAL STRAIN RATE IS 0 0 0
Info:       CELL FLUCTUATION IS ISOTROPIC
Info: PARTICLE MESH EWALD (PME) ACTIVE
Info: PME TOLERANCE               1e-06
Info: PME EWALD COEFFICIENT       0.257952
Info: PME INTERPOLATION ORDER     6
Info: PME GRID DIMENSIONS         72 72 72
Info: PME MAXIMUM GRID SPACING    1
Info: PME RECIPROCAL SUM OFFLOADED TO GPU
Info: PME CALCULATION WILL BE PERFORMED ON GPU
Info: FULL ELECTROSTATIC EVALUATION FREQUENCY      1
Info: USING VERLET I (r-RESPA) MTS SCHEME.
Info: C1 SPLITTING OF LONG RANGE ELECTROSTATICS
Info: PLACING ATOMS IN PATCHES BY HYDROGEN GROUPS
Info: RIGID BONDS TO HYDROGEN : ALL
Info:         ERROR TOLERANCE : 1e-08
Info:          MAX ITERATIONS : 100
Info: RIGID WATER USING SETTLE ALGORITHM
Info: RANDOM NUMBER SEED     1776764202
Info: USE HYDROGEN BONDS?    NO
Info: COORDINATE PDB         step3_input.pdb
Info: STRUCTURE FILE         step3_input.psf
Info: PARAMETER file: CHARMM format! 
Info: PARAMETERS             toppar/par_all36m_prot.prm
Info: PARAMETERS             toppar/par_all36_na.prm
Info: PARAMETERS             toppar/par_all36_carb.prm
Info: PARAMETERS             toppar/par_all36_lipid.prm
Info: PARAMETERS             toppar/par_all36_cgenff.prm
Info: PARAMETERS             toppar/par_interface.prm
Info: PARAMETERS             toppar/toppar_all36_moreions.str
Info: PARAMETERS             toppar/toppar_all36_nano_lig.str
Info: PARAMETERS             toppar/toppar_all36_nano_lig_patch.str
Info: PARAMETERS             toppar/toppar_all36_synthetic_polymer.str
Info: PARAMETERS             toppar/toppar_all36_synthetic_polymer_patch.str
Info: PARAMETERS             toppar/toppar_all36_polymer_solvent.str
Info: PARAMETERS             toppar/toppar_water_ions.str
Info: PARAMETERS             toppar/toppar_dum_noble_gases.str
Info: PARAMETERS             toppar/toppar_ions_won.str
Info: PARAMETERS             toppar/cam.str
Info: PARAMETERS             toppar/toppar_all36_prot_arg0.str
Info: PARAMETERS             toppar/toppar_all36_prot_c36m_d_aminoacids.str
Info: PARAMETERS             toppar/toppar_all36_prot_fluoro_alkanes.str
Info: PARAMETERS             toppar/toppar_all36_prot_heme.str
Info: PARAMETERS             toppar/toppar_all36_prot_na_combined.str
Info: PARAMETERS             toppar/toppar_all36_prot_retinol.str
Info: PARAMETERS             toppar/toppar_all36_prot_model.str
Info: PARAMETERS             toppar/toppar_all36_prot_modify_res.str
Info: PARAMETERS             toppar/toppar_all36_na_nad_ppi.str
Info: PARAMETERS             toppar/toppar_all36_na_rna_modified.str
Info: PARAMETERS             toppar/toppar_all36_lipid_sphingo.str
Info: PARAMETERS             toppar/toppar_all36_lipid_archaeal.str
Info: PARAMETERS             toppar/toppar_all36_lipid_bacterial.str
Info: PARAMETERS             toppar/toppar_all36_lipid_cardiolipin.str
Info: PARAMETERS             toppar/toppar_all36_lipid_cholesterol.str
Info: PARAMETERS             toppar/toppar_all36_lipid_dag.str
Info: PARAMETERS             toppar/toppar_all36_lipid_inositol.str
Info: PARAMETERS             toppar/toppar_all36_lipid_lnp.str
Info: PARAMETERS             toppar/toppar_all36_lipid_lps.str
Info: PARAMETERS             toppar/toppar_all36_lipid_mycobacterial.str
Info: PARAMETERS             toppar/toppar_all36_lipid_miscellaneous.str
Info: PARAMETERS             toppar/toppar_all36_lipid_model.str
Info: PARAMETERS             toppar/toppar_all36_lipid_prot.str
Info: PARAMETERS             toppar/toppar_all36_lipid_tag.str
Info: PARAMETERS             toppar/toppar_all36_lipid_yeast.str
Info: PARAMETERS             toppar/toppar_all36_lipid_hmmm.str
Info: PARAMETERS             toppar/toppar_all36_lipid_detergent.str
Info: PARAMETERS             toppar/toppar_all36_lipid_ether.str
Info: PARAMETERS             toppar/toppar_all36_lipid_oxidized.str
Info: PARAMETERS             toppar/toppar_all36_carb_glycolipid.str
Info: PARAMETERS             toppar/toppar_all36_carb_glycopeptide.str
Info: PARAMETERS             toppar/toppar_all36_carb_imlab.str
Info: PARAMETERS             toppar/toppar_all36_label_spin.str
Info: PARAMETERS             toppar/toppar_all36_label_fluorophore.str
Info: USING ARITHMETIC MEAN TO COMBINE L-J SIGMA PARAMETERS
Info: BINARY COORDINATES     ../output/vanilla/performance/equil/1-0-40/run-1/step4_equilibration.coor
Warning: SKIPPING PART OF PARAMETER FILE AFTER RETURN STATEMENT

Warning: DUPLICATE DIHEDRAL ENTRY FOR HAL1-CTO1-C-NHL
PREVIOUS VALUES MULTIPLICITY: 1
  k=0  n=1  delta=0INCREASING MULTIPLICITY TO: 2
  k=0  n=3  delta=0

Warning: DUPLICATE DIHEDRAL ENTRY FOR HAL1-CTO1-C-O
PREVIOUS VALUES MULTIPLICITY: 1
  k=0  n=1  delta=0INCREASING MULTIPLICITY TO: 2
  k=0  n=2  delta=3.14159
Warning: SKIPPING PART OF PARAMETER FILE AFTER RETURN STATEMENT

Warning: DUPLICATE DIHEDRAL ENTRY FOR CTL2-CG2O5-CTL1-CTL3
PREVIOUS VALUES MULTIPLICITY: 1
  k=0.75  n=1  delta=0  k=0.18  n=2  delta=3.14159INCREASING MULTIPLICITY TO: 3
  k=0.065  n=3  delta=0

Warning: DUPLICATE BOND ENTRY FOR CEL1-CL
PREVIOUS VALUES  k=440  x0=1.489
   USING VALUES  k=300  x0=1.48
Info: SUMMARY OF PARAMETERS:
Info: 1988 BONDS
Info: 6776 ANGLES
Info: 19939 DIHEDRAL
Info: 430 IMPROPER
Info: 28 CROSSTERM
Info: 751 VDW
Info: 122 VDW_PAIRS
Info: 0 NBTHOLE_PAIRS
Warning: Ignored 9467 bonds with zero force constants.
Warning: Will get H-H distance in rigid H2O from H-O-H angle.
Info: No lone pairs detected in waters
Info: TIME FOR READING PSF FILE: 0.0654689
Info: Reading pdb file step3_input.pdb
Info: TIME FOR READING PDB FILE: 0.0289548
Info: 
Info: ****************************
Info: STRUCTURE SUMMARY:
Info: 30423 ATOMS
Info: 20918 BONDS
Info: 13014 ANGLES
Info: 5187 DIHEDRALS
Info: 373 IMPROPERS
Info: 127 CROSSTERMS
Info: 0 EXCLUSIONS
Info: 29360 RIGID BONDS
Info: 61909 DEGREES OF FREEDOM
Info: 10530 HYDROGEN GROUPS
Info: 4 ATOMS IN LARGEST HYDROGEN GROUP
Info: 10530 MIGRATION GROUPS
Info: 4 ATOMS IN LARGEST MIGRATION GROUP
Info: TOTAL MASS = 186727 amu
Info: TOTAL CHARGE = 1.31875e-06 e
Info: MASS DENSITY = 0.943883 g/cm^3
Info: ATOM DENSITY = 0.0926093 atoms/A^3
Info: *****************************
Info: Reading from binary file ../output/vanilla/performance/equil/1-0-40/run-1/step4_equilibration.coor
Info: 
Info: Entering startup at 3.14275 s, 0 MB of memory in use
Info: Startup phase 0 took 0.000410295 s, 0 MB of memory in use
Info: ADDED 39038 IMPLICIT EXCLUSIONS
Info: Startup phase 1 took 0.00631226 s, 0 MB of memory in use
Info: NONBONDED TABLE R-SQUARED SPACING: 0.0625
Info: NONBONDED TABLE SIZE: 769 POINTS
Info: INCONSISTENCY IN FAST TABLE ENERGY VS FORCE: 0.000325096 AT 11.9556
Info: INCONSISTENCY IN SCOR TABLE ENERGY VS FORCE: 0.000324844 AT 11.9556
Info: INCONSISTENCY IN VDWA TABLE ENERGY VS FORCE: 0.0040507 AT 0.251946
Info: INCONSISTENCY IN VDWB TABLE ENERGY VS FORCE: 0.00150189 AT 0.251946
Info: Startup phase 2 took 0.0148526 s, 0 MB of memory in use
Info: Startup phase 3 took 0.000166495 s, 0 MB of memory in use
Info: Startup phase 4 took 0.00144305 s, 0 MB of memory in use
Info: Startup phase 5 took 0.000174901 s, 0 MB of memory in use
Info: REDUCING NUMBER OF PATCHES TO IMPROVE LOAD BALANCE
Info: PATCH GRID IS 5 (PERIODIC) BY 3 (PERIODIC) BY 3 (PERIODIC)
Info: PATCH GRID IS 2-AWAY BY 1-AWAY BY 1-AWAY
Info: Reading from binary file ../output/vanilla/performance/equil/1-0-40/run-1/step4_equilibration.vel
Info: REMOVING COM VELOCITY -0.0158458 -0.019888 0.00968242
Info: LARGEST PATCH (22) HAS 800 ATOMS
Info: TORUS A SIZE 1 USING 0
Info: TORUS B SIZE 1 USING 0
Info: TORUS C SIZE 1 USING 0
Info: TORUS MINIMAL MESH SIZE IS 1 BY 1 BY 1
Info: Placed 100% of base nodes on same physical node as patch
Info: Startup phase 6 took 0.014646 s, 0 MB of memory in use
Info: Use 3D box decompostion in PME FFT.
Info: PME using 1 x 1 x 1 pencil grid for FFT and reciprocal sum.
Info: Startup phase 7 took 0.000992936 s, 0 MB of memory in use
Info: Updated CUDA force table with 4096 elements.
Info: Updated CUDA LJ table with 751 x 751 elements.
Info: Startup phase 8 took 0.006218 s, 0 MB of memory in use
Info: Startup phase 9 took 0.000202863 s, 0 MB of memory in use
Info: Startup phase 10 took 0.000225967 s, 0 MB of memory in use
Info: Startup phase 11 took 0.0133117 s, 0 MB of memory in use
LDB: Central LB being created...
Info: Startup phase 12 took 0.059852 s, 0 MB of memory in use
Info: Startup phase 13 took 0.000187464 s, 0 MB of memory in use
Info: Startup phase 14 took 0.00281627 s, 0 MB of memory in use
Info: Startup phase 15 took 0.000186813 s, 0 MB of memory in use
Info: CREATING 1755 COMPUTE OBJECTS
Info: Interactive MD listening on port 8889.
Info: Found 268 unique exclusion lists needing 4316 bytes
Info: Startup phase 16 took 0.0756399 s, 0 MB of memory in use
Info: useSync: 0 useProxySync: 0
Info: Startup phase 17 took 0.000219525 s, 0 MB of memory in use
Info: Startup phase 18 took 6.3089e-05 s, 0 MB of memory in use
Info: Finished startup at 3.34067 s, 0 MB of memory in use

TCL: Original numsteps 500000 will be ignored.
TCL: Running for 500000 steps
Info: INTERACTIVE MD AWAITING CONNECTION
Warning: IMD protocol version 3 detected
Info: IMD connection opened
ETITLE:      TS           BOND          ANGLE          DIHED          IMPRP               ELECT            VDW       BOUNDARY           MISC        KINETIC               TOTAL           TEMP      POTENTIAL       TOTALAVG        TEMPAVG            PRESSURE      GPRESSURE         VOLUME       PRESSAVG      GPRESSAVG

ENERGY:       0       390.0165      1067.9379      1155.8548        69.8147        -111518.5693      9145.1384         0.0000         0.0000     18338.1923         -81351.6147       298.1214    -99689.8070    -81351.6147       298.1214          -1454.3548     -1453.0521    328509.0000     -1454.3548     -1453.0521

The last position output (seq=50) takes 0.001 seconds, 0.000 MB of memory in use
The last velocity output (seq=50) takes 0.000 seconds, 0.000 MB of memory in use
The last force output (seq=50) takes 0.000 seconds, 0.000 MB of memory in use
Info: Initial time: 45 CPUs 0.00133457 s/step 129.48 ns/day 0 MB memory
The last position output (seq=100) takes 0.001 seconds, 0.000 MB of memory in use
The last velocity output (seq=100) takes 0.000 seconds, 0.000 MB of memory in use
The last force output (seq=100) takes 0.000 seconds, 0.000 MB of memory in use
The last position output (seq=150) takes 0.001 seconds, 0.000 MB of memory in use
The last velocity output (seq=150) takes 0.000 seconds, 0.000 MB of memory in use
The last force output (seq=150) takes 0.008 seconds, 0.000 MB of memory in use
Info: Initial time: 45 CPUs 0.0012647 s/step 136.633 ns/day 0 MB memory
The last position output (seq=200) takes 0.001 seconds, 0.000 MB of memory in use
The last velocity output (seq=200) takes 0.000 seconds, 0.000 MB of memory in use
The last force output (seq=200) takes 0.221 seconds, 0.000 MB of memory in use
The last position output (seq=250) takes 0.001 seconds, 0.000 MB of memory in use
The last velocity output (seq=250) takes 0.000 seconds, 0.000 MB of memory in use
The last force output (seq=250) takes 0.000 seconds, 0.000 MB of memory in use
Info: Initial time: 45 CPUs 0.00332719 s/step 51.9357 ns/day 0 MB memory
The last position output (seq=300) takes 0.001 seconds, 0.000 MB of memory in use
The last position output (seq=350) takes 0.001 seconds, 0.000 MB of memory in use
Info: Benchmark time: 45 CPUs 0.00111842 s/step 154.503 ns/day 0 MB memory
The last position output (seq=400) takes 0.001 seconds, 0.000 MB of memory in use
The last position output (seq=450) takes 0.001 seconds, 0.000 MB of memory in use
Info: Benchmark time: 45 CPUs 0.00112009 s/step 154.273 ns/day 0 MB memory
The last position output (seq=500) takes 0.001 seconds, 0.000 MB of memory in use
Info: Benchmark time: 45 CPUs 0.00120796 s/step 143.051 ns/day 0 MB memory
Info: Benchmark time: 45 CPUs 0.00111746 s/step 154.637 ns/day 0 MB memory
Info: Benchmark time: 45 CPUs 0.001127 s/step 153.327 ns/day 0 MB memory
Info: Benchmark time: 45 CPUs 0.00112791 s/step 153.204 ns/day 0 MB memory
TIMING: 5000  CPU: 12.3204, 0.00121655/step  Wall: 12.5289, 0.00126067/step, 137.07 ns/days, 0.173342 hours remaining, 0.000000 MB of memory in use.
PERFORMANCE: 5000  averaging 137.07 ns/day, 0.00126067 sec/step with standard deviation 0
ENERGY:    5000       442.0276      1106.4954      1136.1019        71.6507        -113890.8536      9696.7414         0.0000         0.0000     18462.7331         -82975.1035       300.1460   -101437.8366    -82163.3591       299.1337           -100.0032       -96.3941    300565.8737      -777.1790      -774.7231

TIMING: 10000  CPU: 17.8818, 0.00111228/step  Wall: 18.296, 0.00115342/step, 149.816 ns/days, 0.156993 hours remaining, 0.000000 MB of memory in use.
PERFORMANCE: 10000  averaging 143.16 ns/day, 0.00120704 sec/step with standard deviation 7.58404e-05
ENERGY:   10000       432.8545      1126.3802      1131.1818        81.9408        -113934.1746      9618.4703         0.0000         0.0000     18512.2340         -83031.1130       300.9507   -101543.3470    -82452.6104       299.7394            -55.5482       -53.0846    300620.5917      -536.6354      -534.1769

TIMING: 15000  CPU: 23.6583, 0.00115529/step  Wall: 24.2778, 0.00119637/step, 144.437 ns/days, 0.161177 hours remaining, 0.000000 MB of memory in use.
PERFORMANCE: 15000  averaging 143.583 ns/day, 0.00120349 sec/step with standard deviation 5.39804e-05
ENERGY:   15000       424.5885      1114.6912      1136.6172        81.3709        -113903.0312      9837.4105         0.0000         0.0000     18654.5319         -82653.8211       303.2641   -101308.3530    -82502.9131       300.6206             25.2374        25.4274    299964.8017      -396.1672      -394.2758

TIMING: 20000  CPU: 29.4352, 0.00115537/step  Wall: 30.2553, 0.0011955/step, 144.542 ns/days, 0.1594 hours remaining, 0.000000 MB of memory in use.
PERFORMANCE: 20000  averaging 143.822 ns/day, 0.00120149 sec/step with standard deviation 4.42554e-05
ENERGY:   20000       449.8850      1128.4151      1139.3497        71.9067        -114468.7070     10104.9572         0.0000         0.0000     18504.7871         -83069.4061       300.8297   -101574.1932    -82616.2117       300.6624            276.1446       271.4187    300556.3612      -261.7048      -261.1369

TIMING: 25000  CPU: 35.082, 0.00112936/step  Wall: 36.0959, 0.00116813/step, 147.929 ns/days, 0.154128 hours remaining, 0.000000 MB of memory in use.
PERFORMANCE: 25000  averaging 144.625 ns/day, 0.00119482 sec/step with standard deviation 4.11276e-05
ENERGY:   25000       408.0404      1112.0856      1131.0540        72.0710        -114037.3085      9738.8997         0.0000         0.0000     18630.8032         -82944.3545       302.8783   -101575.1578    -82670.9022       301.0317             13.5225        16.0971    299876.5779      -215.8336      -214.9313

TIMING: 30000  CPU: 40.9456, 0.00117272/step  Wall: 42.1639, 0.00121359/step, 142.387 ns/days, 0.158442 hours remaining, 0.000000 MB of memory in use.
PERFORMANCE: 30000  averaging 144.247 ns/day, 0.00119795 sec/step with standard deviation 3.7576e-05
ENERGY:   30000       425.0499      1110.0665      1124.4476        75.8415        -114311.3118      9978.4019         0.0000         0.0000     18736.8469         -82860.6576       304.6022   -101597.5045    -82698.0101       301.5418            111.1102       107.4575    301472.7196      -169.1274      -168.8757

TIMING: 35000  CPU: 46.5431, 0.00111951/step  Wall: 47.9533, 0.00115788/step, 149.239 ns/days, 0.149559 hours remaining, 0.000000 MB of memory in use.
PERFORMANCE: 35000  averaging 144.939 ns/day, 0.00119222 sec/step with standard deviation 3.74965e-05
ENERGY:   35000       434.7895      1112.6272      1115.4060        76.4873        -113809.3506      9709.3770         0.0000         0.0000     18778.0759         -82582.5876       305.2725   -101360.6635    -82683.5823       302.0081           -223.5011      -223.2176    303443.5853      -175.9241      -175.6685

TIMING: 40000  CPU: 52.2633, 0.00114403/step  Wall: 53.8675, 0.00118285/step, 146.088 ns/days, 0.151142 hours remaining, 0.000000 MB of memory in use.
PERFORMANCE: 40000  averaging 145.082 ns/day, 0.00119105 sec/step with standard deviation 3.48728e-05
ENERGY:   40000       426.7673      1145.2613      1143.0463        76.0098        -114256.1277      9802.6164         0.0000         0.0000     18637.3923         -83025.0344       302.9854   -101662.4267    -82721.5214       302.1167            -41.6803       -39.8797    301348.7138      -161.0081      -160.5808

TIMING: 45000  CPU: 57.918, 0.00113094/step  Wall: 59.7301, 0.00117251/step, 147.376 ns/days, 0.148192 hours remaining, 0.000000 MB of memory in use.
PERFORMANCE: 45000  averaging 145.333 ns/day, 0.00118899 sec/step with standard deviation 3.32008e-05
ENERGY:   45000       405.2265      1129.9379      1130.0523        68.8094        -113829.9240      9847.1371         0.0000         0.0000     18375.3162         -82873.4446       298.7249   -101248.7608    -82736.7137       301.7775            -68.3400       -65.4921    301624.0982      -151.7413      -151.0720

TIMING: 50000  CPU: 63.4978, 0.00111595/step  Wall: 65.5283, 0.00115964/step, 149.011 ns/days, 0.144955 hours remaining, 0.000000 MB of memory in use.
PERFORMANCE: 50000  averaging 145.693 ns/day, 0.00118606 sec/step with standard deviation 3.26487e-05
ETITLE:      TS           BOND          ANGLE          DIHED          IMPRP               ELECT            VDW       BOUNDARY           MISC        KINETIC               TOTAL           TEMP      POTENTIAL       TOTALAVG        TEMPAVG            PRESSURE      GPRESSURE         VOLUME       PRESSAVG      GPRESSAVG

ENERGY:   50000       435.3311      1111.1916      1129.7379        77.7066        -113813.7532      9702.9847         0.0000         0.0000     18790.7711         -82566.0302       305.4789   -101356.8013    -82721.1970       302.1140             65.2520        62.4389    301245.3080      -132.0146      -131.6619

TIMING: 55000  CPU: 69.3894, 0.00117833/step  Wall: 71.6144, 0.00121723/step, 141.962 ns/days, 0.150463 hours remaining, 0.000000 MB of memory in use.
PERFORMANCE: 55000  averaging 145.346 ns/day, 0.00118889 sec/step with standard deviation 3.23678e-05
ENERGY:   55000       437.1861      1153.3667      1140.1591        65.1002        -114167.1079      9911.4169         0.0000         0.0000     18648.1354         -82811.7436       303.1601   -101459.8790    -82728.7426       302.2012             67.8007        68.2538    300257.8329      -115.3633      -115.0022

TIMING: 60000  CPU: 74.9811, 0.00111835/step  Wall: 77.4106, 0.00115923/step, 149.065 ns/days, 0.141683 hours remaining, 0.000000 MB of memory in use.
PERFORMANCE: 60000  averaging 145.649 ns/day, 0.00118642 sec/step with standard deviation 3.20274e-05
ENERGY:   60000       424.2283      1111.4205      1131.0276        85.3576        -114333.3000      9874.7641         0.0000         0.0000     18642.2645         -83064.2374       303.0646   -101706.5019    -82754.5499       302.2676            -17.4994       -19.1932    299700.4160      -107.8354      -107.6323

TIMING: 65000  CPU: 80.7123, 0.00114623/step  Wall: 83.3418, 0.00118625/step, 145.67 ns/days, 0.143338 hours remaining, 0.000000 MB of memory in use.
PERFORMANCE: 65000  averaging 145.65 ns/day, 0.0011864 sec/step with standard deviation 3.06639e-05
ENERGY:   65000       423.7939      1124.9061      1118.5290        71.6754        -114248.2687      9860.4676         0.0000         0.0000     18633.1255         -83015.7712       302.9161   -101648.8967    -82773.2085       302.3139           -110.3898      -105.5273    301833.6676      -108.0178      -107.4819

TIMING: 70000  CPU: 86.4574, 0.00114901/step  Wall: 89.3048, 0.0011926/step, 144.893 ns/days, 0.14245 hours remaining, 0.000000 MB of memory in use.
PERFORMANCE: 70000  averaging 145.596 ns/day, 0.00118685 sec/step with standard deviation 2.95075e-05
ENERGY:   70000       431.1100      1161.8079      1098.1646        66.9389        -114051.3179      9876.0275         0.0000         0.0000     18535.0271         -82882.2419       301.3213   -101417.2690    -82780.4774       302.2477            -87.9001       -85.7547    301667.6735      -106.6766      -106.0335

TIMING: 75000  CPU: 92.0669, 0.00112191/step  Wall: 95.1242, 0.00116387/step, 148.47 ns/days, 0.137402 hours remaining, 0.000000 MB of memory in use.
PERFORMANCE: 75000  averaging 145.784 ns/day, 0.00118532 sec/step with standard deviation 2.90462e-05
ENERGY:   75000       437.4495      1139.2207      1104.1224        75.0690        -114037.3196      9844.0671         0.0000         0.0000     18704.6705         -82732.7203       304.0792   -101437.3908    -82777.4926       302.3622            173.6692       177.1941    300566.2255       -89.1550       -88.3317

TIMING: 80000  CPU: 97.882, 0.00116301/step  Wall: 101.134, 0.00120189/step, 143.773 ns/days, 0.140221 hours remaining, 0.000000 MB of memory in use.
PERFORMANCE: 80000  averaging 145.657 ns/day, 0.00118635 sec/step with standard deviation 2.83656e-05
ENERGY:   80000       422.8262      1115.1378      1124.6650        68.7298        -114207.9474      9760.6582         0.0000         0.0000     18724.2591         -82991.6713       304.3976   -101715.9304    -82790.0914       302.4819             17.8995        16.7540    300544.5671       -82.8577       -82.1502

TIMING: 85000  CPU: 103.425, 0.00110862/step  Wall: 106.875, 0.00114836/step, 150.476 ns/days, 0.13238 hours remaining, 0.000000 MB of memory in use.
PERFORMANCE: 85000  averaging 145.932 ns/day, 0.00118412 sec/step with standard deviation 2.89696e-05
ENERGY:   85000       423.2795      1126.3616      1113.9821        77.1307        -114127.1847      9737.0030         0.0000         0.0000     18653.1662         -82996.2615       303.2419   -101649.4277    -82801.5453       302.5242             16.0046        16.6725    301062.6320       -77.3653       -76.6601

TIMING: 90000  CPU: 109.056, 0.00112614/step  Wall: 112.697, 0.00116423/step, 148.424 ns/days, 0.132593 hours remaining, 0.000000 MB of memory in use.
PERFORMANCE: 90000  averaging 146.068 ns/day, 0.00118301 sec/step with standard deviation 2.84927e-05
ENERGY:   90000       457.7060      1117.5354      1137.8306        74.1318        -113676.6396      9607.1768         0.0000         0.0000     18754.4689         -82527.7901       304.8887   -101282.2590    -82787.1371       302.6486           -302.2360      -307.6278    302752.4916       -89.2006       -88.8163

TIMING: 95000  CPU: 114.909, 0.00117059/step  Wall: 118.741, 0.00120884/step, 142.947 ns/days, 0.135994 hours remaining, 0.000000 MB of memory in use.
PERFORMANCE: 95000  averaging 145.9 ns/day, 0.00118437 sec/step with standard deviation 2.83167e-05
ENERGY:   95000       435.0657      1110.7713      1091.8631        76.0804        -114241.9589     10006.6959         0.0000         0.0000     18417.2232         -83104.2594       299.4062   -101521.4826    -82802.9932       302.4865            323.1621       317.8346    300661.9503       -68.5825       -68.4837

TIMING: 100000  CPU: 120.693, 0.0011569/step  Wall: 124.721, 0.00119602/step, 144.48 ns/days, 0.132891 hours remaining, 0.000000 MB of memory in use.
PERFORMANCE: 100000  averaging 145.828 ns/day, 0.00118495 sec/step with standard deviation 2.76842e-05
ETITLE:      TS           BOND          ANGLE          DIHED          IMPRP               ELECT            VDW       BOUNDARY           MISC        KINETIC               TOTAL           TEMP      POTENTIAL       TOTALAVG        TEMPAVG            PRESSURE      GPRESSURE         VOLUME       PRESSAVG      GPRESSAVG

ENERGY:  100000       418.9306      1144.4489      1140.9447        85.1015        -113744.5609      9660.4260         0.0000         0.0000     18717.7615         -82576.9478       304.2920   -101294.7092    -82864.2599       302.7950            -35.7642       -33.1370    301203.8049         2.3470         2.5120

TIMING: 105000  CPU: 126.595, 0.00118034/step  Wall: 130.827, 0.00122123/step, 141.496 ns/days, 0.133996 hours remaining, 0.000000 MB of memory in use.
PERFORMANCE: 105000  averaging 145.616 ns/day, 0.00118668 sec/step with standard deviation 2.81207e-05
ENERGY:  105000       407.6739      1103.5935      1136.3658        71.3811        -114119.7274      9846.5579         0.0000         0.0000     18556.7250         -82997.4303       301.6740   -101554.1553    -82865.3762       302.8714            305.2401       312.6345    298946.1542        22.6092        22.9635

TIMING: 110000  CPU: 132.163, 0.0011137/step  Wall: 136.599, 0.00115447/step, 149.679 ns/days, 0.125068 hours remaining, 0.000000 MB of memory in use.
PERFORMANCE: 110000  averaging 145.796 ns/day, 0.00118522 sec/step with standard deviation 2.8289e-05
ENERGY:  110000       420.4571      1090.6452      1109.3886        68.8583        -113906.3183      9734.4349         0.0000         0.0000     18582.6716         -82899.8626       302.0958   -101482.5342    -82858.8137       302.9287           -134.3246      -135.2765    301699.4694        18.6704        18.8539

TIMING: 115000  CPU: 137.778, 0.00112298/step  Wall: 142.413, 0.00116281/step, 148.605 ns/days, 0.124356 hours remaining, 0.000000 MB of memory in use.
PERFORMANCE: 115000  averaging 145.916 ns/day, 0.00118424 sec/step with standard deviation 2.80307e-05
ENERGY:  115000       445.2377      1158.2407      1110.5304        82.5558        -114417.4232      9902.7708         0.0000         0.0000     18564.9115         -83153.1764       301.8071   -101718.0879    -82883.7814       302.8558             45.0387        45.1979    300163.8018        19.6604        19.8424

TIMING: 120000  CPU: 143.579, 0.00116024/step  Wall: 148.426, 0.0012025/step, 143.701 ns/days, 0.12693 hours remaining, 0.000000 MB of memory in use.
PERFORMANCE: 120000  averaging 145.822 ns/day, 0.001185 sec/step with standard deviation 2.76666e-05
ENERGY:  120000       434.7225      1153.2639      1111.9912        69.9477        -113783.8427      9568.8246         0.0000         0.0000     18518.1717         -82926.9212       301.0473   -101445.0929    -82876.6572       302.8667           -165.8913      -167.9872    300936.8472        -2.4414        -2.1279

TIMING: 125000  CPU: 149.255, 0.00113514/step  Wall: 154.301, 0.00117499/step, 147.065 ns/days, 0.122395 hours remaining, 0.000000 MB of memory in use.
PERFORMANCE: 125000  averaging 145.872 ns/day, 0.0011846 sec/step with standard deviation 2.7158e-05
ENERGY:  125000       466.5394      1153.8923      1137.4420        72.1271        -114073.5033      9801.8783         0.0000         0.0000     18662.2717         -82779.3525       303.3899   -101441.6242    -82868.4071       302.8923           -262.8460      -263.1210    301405.7409       -16.2598       -16.0888

TIMING: 130000  CPU: 155.11, 0.00117087/step  Wall: 160.348, 0.00120944/step, 142.876 ns/days, 0.124303 hours remaining, 0.000000 MB of memory in use.
PERFORMANCE: 130000  averaging 145.754 ns/day, 0.00118556 sec/step with standard deviation 2.70513e-05
ENERGY:  130000       412.4127      1181.3383      1138.9279        76.7755        -113926.7121      9694.3792         0.0000         0.0000     18599.3785         -82823.5000       302.3674   -101422.8785    -82866.5492       302.7805            135.8189       133.9407    299377.0797       -15.0243       -14.7647

TIMING: 135000  CPU: 160.68, 0.00111413/step  Wall: 166.123, 0.00115488/step, 149.625 ns/days, 0.117092 hours remaining, 0.000000 MB of memory in use.
PERFORMANCE: 135000  averaging 145.894 ns/day, 0.00118442 sec/step with standard deviation 2.71749e-05
ENERGY:  135000       449.5670      1162.6189      1122.7320        71.1220        -114450.9347      9957.7042         0.0000         0.0000     18813.8278         -82873.3628       305.8537   -101687.1905    -82881.0880       302.8096            -35.6599       -40.5790    300427.8848        -5.6323        -5.6327

TIMING: 140000  CPU: 166.282, 0.00112043/step  Wall: 171.932, 0.00116187/step, 148.725 ns/days, 0.116187 hours remaining, 0.000000 MB of memory in use.
PERFORMANCE: 140000  averaging 145.993 ns/day, 0.00118362 sec/step with standard deviation 2.70053e-05
ENERGY:  140000       424.5981      1135.8414      1126.7195        71.3001        -113892.0666      9602.1539         0.0000         0.0000     18687.0855         -82844.3680       303.7933   -101531.4535    -82872.0547       302.8500           -260.4311      -258.2785    300993.2458       -16.5698       -16.5527

TIMING: 145000  CPU: 172.097, 0.00116294/step  Wall: 177.94, 0.00120171/step, 143.796 ns/days, 0.118502 hours remaining, 0.000000 MB of memory in use.
PERFORMANCE: 145000  averaging 145.916 ns/day, 0.00118424 sec/step with standard deviation 2.67305e-05
ENERGY:  145000       416.2824      1103.0514      1136.4643        75.6829        -113724.4460      9587.2285         0.0000         0.0000     18420.6567         -82985.0799       299.4620   -101405.7365    -82877.6364       302.8869           -164.6249      -162.8773    300498.4103       -21.3841       -21.4219

TIMING: 150000  CPU: 177.754, 0.0011315/step  Wall: 183.803, 0.0011725/step, 147.377 ns/days, 0.113993 hours remaining, 0.000000 MB of memory in use.
PERFORMANCE: 150000  averaging 145.965 ns/day, 0.00118385 sec/step with standard deviation 2.63529e-05
ETITLE:      TS           BOND          ANGLE          DIHED          IMPRP               ELECT            VDW       BOUNDARY           MISC        KINETIC               TOTAL           TEMP      POTENTIAL       TOTALAVG        TEMPAVG            PRESSURE      GPRESSURE         VOLUME       PRESSAVG      GPRESSAVG

ENERGY:  150000       408.2851      1108.9699      1143.3704        74.6217        -113928.0560      9800.2230         0.0000         0.0000     18587.9568         -82804.6291       302.1818   -101392.5859    -82889.5664       302.7220            230.6350       226.9653    300935.5216       -13.1149       -13.1956

TIMING: 155000  CPU: 183.642, 0.00117753/step  Wall: 189.904, 0.0012203/step, 141.605 ns/days, 0.116945 hours remaining, 0.000000 MB of memory in use.
PERFORMANCE: 155000  averaging 145.82 ns/day, 0.00118503 sec/step with standard deviation 2.67241e-05
ENERGY:  155000       427.8587      1083.1150      1123.7239        67.1747        -114238.3585      9947.9107         0.0000         0.0000     18597.4207         -82991.1548       302.3356   -101588.5754    -82898.5369       302.6808             70.6257        67.2276    300591.5720       -12.9737       -13.2469

TIMING: 160000  CPU: 189.232, 0.00111805/step  Wall: 195.685, 0.00115611/step, 149.467 ns/days, 0.109188 hours remaining, 0.000000 MB of memory in use.
PERFORMANCE: 160000  averaging 145.931 ns/day, 0.00118412 sec/step with standard deviation 2.67819e-05
ENERGY:  160000       430.5429      1056.5834      1151.7547        70.8754        -113989.3804      9787.4484         0.0000         0.0000     18599.0372         -82893.1383       302.3619   -101492.1756    -82889.9820       302.6456            132.0831       133.1598    299429.5084        -5.4945        -5.6293

TIMING: 165000  CPU: 194.839, 0.0011213/step  Wall: 201.495, 0.00116198/step, 148.712 ns/days, 0.108128 hours remaining, 0.000000 MB of memory in use.
PERFORMANCE: 165000  averaging 146.014 ns/day, 0.00118345 sec/step with standard deviation 2.66405e-05
ENERGY:  165000       417.4065      1102.7492      1133.5706        74.4550        -113865.8632      9564.6931         0.0000         0.0000     18761.8167         -82811.1720       305.0082   -101572.9887    -82879.7520       302.7502           -139.4310      -137.3767    300907.4843        -6.9466        -7.2217

TIMING: 170000  CPU: 200.708, 0.00117372/step  Wall: 207.579, 0.00121679/step, 142.013 ns/days, 0.111539 hours remaining, 0.000000 MB of memory in use.
PERFORMANCE: 170000  averaging 145.893 ns/day, 0.00118443 sec/step with standard deviation 2.68497e-05
ENERGY:  170000       423.2407      1148.2146      1152.7103        64.9819        -114124.9141      9936.7791         0.0000         0.0000     18587.1103         -82811.8772       302.1680   -101398.9874    -82876.2338       302.7926            140.9272       140.1429    301126.9092         4.4948         4.0731

TIMING: 175000  CPU: 206.354, 0.00112937/step  Wall: 213.438, 0.00117189/step, 147.454 ns/days, 0.105796 hours remaining, 0.000000 MB of memory in use.
PERFORMANCE: 175000  averaging 145.937 ns/day, 0.00118407 sec/step with standard deviation 2.65367e-05
ENERGY:  175000       431.9430      1124.0278      1121.2106        68.1701        -114338.9902     10011.8158         0.0000         0.0000     18609.5006         -82972.3225       302.5320   -101581.8231    -82888.2139       302.7152            183.5671       188.0956    299808.9601         4.9897         4.6182

TIMING: 180000  CPU: 212.112, 0.00115148/step  Wall: 219.398, 0.00119192/step, 144.977 ns/days, 0.105948 hours remaining, 0.000000 MB of memory in use.
PERFORMANCE: 180000  averaging 145.91 ns/day, 0.00118429 sec/step with standard deviation 2.61875e-05
ENERGY:  180000       456.8180      1122.7245      1111.6847        62.6597        -114175.2251      9807.6753         0.0000         0.0000     18586.2483         -83027.4146       302.1540   -101613.6629    -82890.0010       302.6030           -137.2602      -141.4131    299499.0436        -2.7683        -3.2901

TIMING: 185000  CPU: 217.767, 0.001131/step  Wall: 225.264, 0.00117329/step, 147.278 ns/days, 0.102663 hours remaining, 0.000000 MB of memory in use.
PERFORMANCE: 185000  averaging 145.947 ns/day, 0.00118399 sec/step with standard deviation 2.58845e-05
ENERGY:  185000       423.5318      1109.6161      1108.0261        84.0078        -113870.7083      9725.2982         0.0000         0.0000     18493.9777         -82926.2505       300.6540   -101420.2282    -82886.5005       302.4736           -142.6691      -140.0652    300956.9064       -10.7020       -11.1270

TIMING: 190000  CPU: 223.351, 0.00111677/step  Wall: 231.043, 0.00115572/step, 149.518 ns/days, 0.09952 hours remaining, 0.000000 MB of memory in use.
PERFORMANCE: 190000  averaging 146.039 ns/day, 0.00118325 sec/step with standard deviation 2.59411e-05
ENERGY:  190000       445.2178      1153.4881      1097.0727        68.8130        -113944.1910      9605.9569         0.0000         0.0000     18507.1651         -83066.4775       300.8683   -101573.6426    -82913.4349       302.2726           -157.8943      -155.2312    300527.9950        -3.4849        -3.5072

TIMING: 195000  CPU: 229.284, 0.0011867/step  Wall: 237.182, 0.00122792/step, 140.725 ns/days, 0.104032 hours remaining, 0.000000 MB of memory in use.
PERFORMANCE: 195000  averaging 145.897 ns/day, 0.00118439 sec/step with standard deviation 2.65783e-05
ENERGY:  195000       418.4188      1152.1671      1125.2157        76.4393        -114433.6338      9875.9432         0.0000         0.0000     18527.1444         -83258.3052       301.1931   -101785.4496    -82921.1372       302.3620            268.0903       268.4289    299001.4410        -6.2385        -5.9775

TIMING: 200000  CPU: 234.912, 0.00112561/step  Wall: 243.012, 0.00116598/step, 148.201 ns/days, 0.0971653 hours remaining, 0.000000 MB of memory in use.
PERFORMANCE: 200000  averaging 145.954 ns/day, 0.00118393 sec/step with standard deviation 2.63963e-05
ETITLE:      TS           BOND          ANGLE          DIHED          IMPRP               ELECT            VDW       BOUNDARY           MISC        KINETIC               TOTAL           TEMP      POTENTIAL       TOTALAVG        TEMPAVG            PRESSURE      GPRESSURE         VOLUME       PRESSAVG      GPRESSAVG

ENERGY:  200000       443.0844      1090.5082      1109.4273        73.2956        -113889.5965      9767.1900         0.0000         0.0000     18709.5159         -82696.5751       304.1579   -101406.0910    -82927.1185       302.3553            112.0063       118.5631    299773.7905         1.1500         1.6075

TIMING: 205000  CPU: 240.604, 0.00113838/step  Wall: 248.912, 0.00118/step, 146.441 ns/days, 0.0966945 hours remaining, 0.000000 MB of memory in use.
PERFORMANCE: 205000  averaging 145.966 ns/day, 0.00118384 sec/step with standard deviation 2.60715e-05
ENERGY:  205000       419.8234      1098.2832      1156.2520        71.8586        -113637.6117      9570.0528         0.0000         0.0000     18637.0600         -82684.2818       302.9800   -101321.3418    -82911.4611       302.4206           -122.5772      -125.7371    300550.3624       -20.2409       -20.3110

TIMING: 210000  CPU: 246.291, 0.00113746/step  Wall: 254.803, 0.00117815/step, 146.671 ns/days, 0.0949063 hours remaining, 0.000000 MB of memory in use.
PERFORMANCE: 210000  averaging 145.983 ns/day, 0.0011837 sec/step with standard deviation 2.57666e-05
ENERGY:  210000       434.5937      1140.8919      1138.9175        68.8433        -114134.9171      9648.5537         0.0000         0.0000     18596.7285         -83106.3885       302.3244   -101703.1170    -82921.7874       302.4320           -305.5627      -306.6732    299661.2603       -28.8028       -28.8809

TIMING: 215000  CPU: 251.862, 0.0011141/step  Wall: 260.61, 0.00116142/step, 148.783 ns/days, 0.0919461 hours remaining, 0.000000 MB of memory in use.
PERFORMANCE: 215000  averaging 146.046 ns/day, 0.00118318 sec/step with standard deviation 2.56837e-05
ENERGY:  215000       435.6259      1071.1687      1136.4202        66.1644        -113919.5993      9642.7470         0.0000         0.0000     18571.8624         -82995.6107       301.9201   -101567.4731    -82913.9091       302.4376            -16.3322       -15.6745    300557.0516       -31.8713       -31.9245

TIMING: 220000  CPU: 257.715, 0.00117071/step  Wall: 266.681, 0.00121417/step, 142.319 ns/days, 0.0944358 hours remaining, 0.000000 MB of memory in use.
PERFORMANCE: 220000  averaging 145.96 ns/day, 0.00118389 sec/step with standard deviation 2.58096e-05
ENERGY:  220000       418.5572      1144.5554      1143.4966        75.2819        -114198.6533      9791.8301         0.0000         0.0000     18621.2463         -83003.6858       302.7229   -101624.9321    -82917.7473       302.5214             -9.1228        -7.7463    300140.3365       -24.0329       -23.9125

TIMING: 225000  CPU: 263.288, 0.00111448/step  Wall: 272.465, 0.00115687/step, 149.368 ns/days, 0.0883721 hours remaining, 0.000000 MB of memory in use.
PERFORMANCE: 225000  averaging 146.034 ns/day, 0.00118329 sec/step with standard deviation 2.58306e-05
ENERGY:  225000       410.3895      1078.2986      1138.2571        79.8927        -113896.0917      9844.5831         0.0000         0.0000     18408.7399         -82935.9308       299.2683   -101344.6707    -82925.5763       302.3153            210.9755       206.2349    300967.2650        -0.3418        -0.4447

TIMING: 230000  CPU: 269.076, 0.0011576/step  Wall: 278.456, 0.0011981/step, 144.228 ns/days, 0.0898576 hours remaining, 0.000000 MB of memory in use.
PERFORMANCE: 230000  averaging 145.994 ns/day, 0.00118361 sec/step with standard deviation 2.56352e-05
ENERGY:  230000       438.5546      1146.2093      1128.3531        72.9779        -114186.3824      9639.6715         0.0000         0.0000     18838.8439         -82921.7722       306.2604   -101760.6160    -82930.4899       302.5100           -251.0198      -250.0143    301553.9799       -19.6838       -19.6424

TIMING: 235000  CPU: 274.804, 0.00114563/step  Wall: 284.385, 0.00118577/step, 145.729 ns/days, 0.0872855 hours remaining, 0.000000 MB of memory in use.
PERFORMANCE: 235000  averaging 145.988 ns/day, 0.00118366 sec/step with standard deviation 2.5357e-05
ENERGY:  235000       427.5783      1169.0711      1113.3315        68.2441        -113873.1798      9648.5520         0.0000         0.0000     18670.5287         -82775.8742       303.5241   -101446.4028    -82925.6154       302.3935           -128.8240      -129.3914    300852.3128       -24.3420       -24.0830

TIMING: 240000  CPU: 280.375, 0.00111427/step  Wall: 290.158, 0.00115455/step, 149.669 ns/days, 0.0833842 hours remaining, 0.000000 MB of memory in use.
PERFORMANCE: 240000  averaging 146.063 ns/day, 0.00118305 sec/step with standard deviation 2.54351e-05
ENERGY:  240000       437.4892      1119.2925      1141.9447        81.4732        -114695.9171      9940.5383         0.0000         0.0000     18656.4740         -83318.7052       303.2956   -101975.1792    -82949.3323       302.3686            -11.5693        -9.0531    299972.0851       -11.8989       -11.6218

TIMING: 245000  CPU: 286.206, 0.00116608/step  Wall: 296.205, 0.00120956/step, 142.862 ns/days, 0.0856771 hours remaining, 0.000000 MB of memory in use.
PERFORMANCE: 245000  averaging 145.996 ns/day, 0.00118359 sec/step with standard deviation 2.54521e-05
ENERGY:  245000       446.5217      1140.3856      1099.0770        79.6884        -114549.1144      9975.4010         0.0000         0.0000     18463.4647         -83344.5761       300.1579   -101808.0408    -82967.3071       302.4034             13.6459        10.1588    300569.6531        -2.9853        -2.9700

TIMING: 250000  CPU: 291.784, 0.00111573/step  Wall: 301.984, 0.00115582/step, 149.504 ns/days, 0.0802652 hours remaining, 0.000000 MB of memory in use.
PERFORMANCE: 250000  averaging 146.065 ns/day, 0.00118304 sec/step with standard deviation 2.54954e-05
ETITLE:      TS           BOND          ANGLE          DIHED          IMPRP               ELECT            VDW       BOUNDARY           MISC        KINETIC               TOTAL           TEMP      POTENTIAL       TOTALAVG        TEMPAVG            PRESSURE      GPRESSURE         VOLUME       PRESSAVG      GPRESSAVG

ENERGY:  250000       434.4126      1136.8859      1123.0014        64.3144        -114659.4390     10103.8668         0.0000         0.0000     18749.4186         -83047.5393       304.8066   -101796.9579    -82979.4526       302.5347            204.8230       200.2842    300413.2635        -4.2759        -4.3040

TIMING: 255000  CPU: 297.441, 0.00113139/step  Wall: 307.848, 0.00117271/step, 147.35 ns/days, 0.0798097 hours remaining, 0.000000 MB of memory in use.
PERFORMANCE: 255000  averaging 146.09 ns/day, 0.00118283 sec/step with standard deviation 2.52805e-05
ENERGY:  255000       432.1149      1136.2058      1105.8043        75.7578        -114169.3108     10038.7335         0.0000         0.0000     18609.5910         -82771.1034       302.5335   -101380.6945    -82968.4500       302.5446            161.5783       166.0437    301655.3825         0.2717         0.6368

TIMING: 260000  CPU: 303.312, 0.00117418/step  Wall: 313.917, 0.0012137/step, 142.375 ns/days, 0.0809132 hours remaining, 0.000000 MB of memory in use.
PERFORMANCE: 260000  averaging 146.017 ns/day, 0.00118343 sec/step with standard deviation 2.53947e-05
ENERGY:  260000       419.6734      1151.8346      1120.6270        65.9657        -114282.9543      9824.4008         0.0000         0.0000     18818.2594         -82882.1933       305.9258   -101700.4527    -82967.9028       302.7228             59.0022        54.2719    299972.2006        -3.3824        -3.3076

TIMING: 265000  CPU: 308.864, 0.00111034/step  Wall: 319.672, 0.00115103/step, 150.126 ns/days, 0.0751368 hours remaining, 0.000000 MB of memory in use.
PERFORMANCE: 265000  averaging 146.092 ns/day, 0.00118282 sec/step with standard deviation 2.55399e-05
ENERGY:  265000       459.4741      1151.5287      1119.5106        74.2643        -114035.1124      9815.0984         0.0000         0.0000     18580.2015         -82835.0347       302.0557   -101415.2363    -82969.0959       302.5751              8.0686         8.4755    300684.3821         3.9926         3.9850

TIMING: 270000  CPU: 314.807, 0.00118855/step  Wall: 325.815, 0.00122857/step, 140.651 ns/days, 0.0784922 hours remaining, 0.000000 MB of memory in use.
PERFORMANCE: 270000  averaging 145.987 ns/day, 0.00118366 sec/step with standard deviation 2.60529e-05
ENERGY:  270000       399.1429      1150.5780      1132.6745        75.0013        -114029.6285      9806.2969         0.0000         0.0000     18594.0320         -82871.9029       302.2805   -101465.9349    -82972.0972       302.5808            126.1386       128.4653    300724.5378         3.2532         3.4011

TIMING: 275000  CPU: 320.441, 0.00112679/step  Wall: 331.638, 0.00116474/step, 148.359 ns/days, 0.0727965 hours remaining, 0.000000 MB of memory in use.
PERFORMANCE: 275000  averaging 146.03 ns/day, 0.00118332 sec/step with standard deviation 2.59363e-05
ENERGY:  275000       368.1786      1083.4332      1091.8855        69.6011        -113852.5506      9700.7946         0.0000         0.0000     18733.9395         -82804.7182       304.5550   -101538.6577    -82963.7170       302.6819            -16.4147       -16.3903    301431.0598        -6.7459        -6.8232

TIMING: 280000  CPU: 326.032, 0.00111822/step  Wall: 337.432, 0.00115875/step, 149.126 ns/days, 0.0708125 hours remaining, 0.000000 MB of memory in use.
PERFORMANCE: 280000  averaging 146.084 ns/day, 0.00118288 sec/step with standard deviation 2.59083e-05
ENERGY:  280000       431.7344      1105.6811      1134.8587        67.7265        -113515.7572      9520.0333         0.0000         0.0000     18496.5560         -82759.1673       300.6959   -101255.7233    -82950.3046       302.6090           -182.4028      -182.4588    301981.8227        -9.0030        -8.8755

TIMING: 285000  CPU: 331.892, 0.00117211/step  Wall: 343.495, 0.00121266/step, 142.496 ns/days, 0.0724229 hours remaining, 0.000000 MB of memory in use.
PERFORMANCE: 285000  averaging 146.02 ns/day, 0.0011834 sec/step with standard deviation 2.59772e-05
ENERGY:  285000       443.4778      1137.4865      1113.1691        73.3551        -113849.8477      9586.5325         0.0000         0.0000     18813.0850         -82682.7417       305.8416   -101495.8267    -82938.1292       302.8684            -32.1753       -36.3097    300688.4165        -3.4783        -3.6877

TIMING: 290000  CPU: 337.513, 0.0011241/step  Wall: 349.316, 0.0011642/step, 148.428 ns/days, 0.0679118 hours remaining, 0.000000 MB of memory in use.
PERFORMANCE: 290000  averaging 146.06 ns/day, 0.00118307 sec/step with standard deviation 2.58715e-05
ENERGY:  290000       421.3887      1096.5381      1132.5997        77.5739        -114130.1543      9749.6106         0.0000         0.0000     18763.6910         -82888.7524       305.0386   -101652.4434    -82929.2429       303.0769            -42.4133       -41.0762    300110.6311         2.2957         2.0201

TIMING: 295000  CPU: 343.387, 0.00117487/step  Wall: 355.383, 0.00121335/step, 142.416 ns/days, 0.0690933 hours remaining, 0.000000 MB of memory in use.
PERFORMANCE: 295000  averaging 145.997 ns/day, 0.00118358 sec/step with standard deviation 2.59486e-05
ENERGY:  295000       440.3623      1121.2193      1127.1525        69.2105        -114172.6257      9865.8416         0.0000         0.0000     18673.9261         -82874.9134       303.5794   -101548.8395    -82910.0733       303.1962             50.2093        50.6424    301705.8685        -8.5983        -8.8693

TIMING: 300000  CPU: 348.945, 0.00111163/step  Wall: 361.144, 0.00115218/step, 149.976 ns/days, 0.0640102 hours remaining, 0.000000 MB of memory in use.
PERFORMANCE: 300000  averaging 146.062 ns/day, 0.00118306 sec/step with standard deviation 2.60452e-05
ETITLE:      TS           BOND          ANGLE          DIHED          IMPRP               ELECT            VDW       BOUNDARY           MISC        KINETIC               TOTAL           TEMP      POTENTIAL       TOTALAVG        TEMPAVG            PRESSURE      GPRESSURE         VOLUME       PRESSAVG      GPRESSAVG

ENERGY:  300000       439.7978      1144.8712      1123.5546        70.6230        -113952.6197      9640.5882         0.0000         0.0000     18578.0880         -82955.0970       302.0213   -101533.1850    -82922.9994       303.0894           -229.9948      -232.2701    300588.1463       -25.6984       -26.4109

TIMING: 305000  CPU: 354.535, 0.00111795/step  Wall: 366.931, 0.00115737/step, 149.303 ns/days, 0.0626911 hours remaining, 0.000000 MB of memory in use.
PERFORMANCE: 305000  averaging 146.114 ns/day, 0.00118264 sec/step with standard deviation 2.60358e-05
ENERGY:  305000       404.9762      1154.5430      1102.9573        70.4060        -114423.2958      9944.3018         0.0000         0.0000     18780.4170         -82965.6945       305.3106   -101746.1114    -82937.0701       303.2059            228.0157       228.0624    299796.8934        -8.1687        -8.7209

TIMING: 310000  CPU: 360.415, 0.00117595/step  Wall: 373.005, 0.00121493/step, 142.231 ns/days, 0.0641211 hours remaining, 0.000000 MB of memory in use.
PERFORMANCE: 310000  averaging 146.049 ns/day, 0.00118316 sec/step with standard deviation 2.6145e-05
ENERGY:  310000       420.5576      1104.5650      1117.1515        70.2015        -114399.3505      9950.1621         0.0000         0.0000     18643.6275         -83093.0853       303.0868   -101736.7129    -82936.4049       303.2440            260.0682       262.1200    300589.5830        20.1128        19.7187

TIMING: 315000  CPU: 366.008, 0.00111868/step  Wall: 378.806, 0.00116001/step, 148.964 ns/days, 0.0596116 hours remaining, 0.000000 MB of memory in use.
PERFORMANCE: 315000  averaging 146.095 ns/day, 0.00118279 sec/step with standard deviation 2.60968e-05
ENERGY:  315000       431.7611      1126.4936      1106.3841        71.2079        -114206.1207      9840.6330         0.0000         0.0000     18469.8786         -83159.7624       300.2622   -101629.6411    -82944.6125       303.1611           -197.7511      -198.5824    302713.0193        11.0419        10.5733

TIMING: 320000  CPU: 371.825, 0.00116347/step  Wall: 384.82, 0.00120294/step, 143.648 ns/days, 0.0601469 hours remaining, 0.000000 MB of memory in use.
PERFORMANCE: 320000  averaging 146.056 ns/day, 0.00118311 sec/step with standard deviation 2.6011e-05
ENERGY:  320000       435.2096      1111.1250      1120.3627        63.6104        -114770.4471     10178.2559         0.0000         0.0000     18547.8069         -83314.0766       301.5291   -101861.8835    -82960.1320       303.1014            445.3151       441.8173    299558.6205        33.7638        33.0515

TIMING: 325000  CPU: 377.428, 0.00112048/step  Wall: 390.626, 0.00116124/step, 148.806 ns/days, 0.0564494 hours remaining, 0.000000 MB of memory in use.
PERFORMANCE: 325000  averaging 146.097 ns/day, 0.00118277 sec/step with standard deviation 2.59491e-05
ENERGY:  325000       433.3484      1136.1577      1131.8933        64.0737        -113911.2325      9776.3761         0.0000         0.0000     18517.4589         -82851.9244       301.0357   -101369.3834    -82955.9317       303.1898             69.7036        72.3333    301139.2658        26.7002        26.3564

TIMING: 330000  CPU: 383.03, 0.00112035/step  Wall: 396.427, 0.00116008/step, 148.955 ns/days, 0.0547817 hours remaining, 0.000000 MB of memory in use.
PERFORMANCE: 330000  averaging 146.14 ns/day, 0.00118243 sec/step with standard deviation 2.58998e-05
ENERGY:  330000       397.2112      1085.7575      1122.8272        78.1717        -114108.0330      9875.2436         0.0000         0.0000     18443.3228         -83105.4991       299.8305   -101548.8219    -82965.1181       302.8683             57.9441        62.3117    301056.1424        42.1484        41.9727

TIMING: 335000  CPU: 388.86, 0.00116606/step  Wall: 402.459, 0.00120648/step, 143.227 ns/days, 0.0552969 hours remaining, 0.000000 MB of memory in use.
PERFORMANCE: 335000  averaging 146.096 ns/day, 0.00118279 sec/step with standard deviation 2.58702e-05
ENERGY:  335000       432.8320      1132.2411      1116.6494        64.4922        -113856.3604      9634.3600         0.0000         0.0000     18572.0970         -82903.6889       301.9239   -101475.7858    -82971.5088       302.7883           -194.3814      -191.1668    301672.1433        38.8705        38.8840

TIMING: 340000  CPU: 394.46, 0.00111997/step  Wall: 408.253, 0.00115873/step, 149.129 ns/days, 0.0514991 hours remaining, 0.000000 MB of memory in use.
PERFORMANCE: 340000  averaging 146.139 ns/day, 0.00118243 sec/step with standard deviation 2.58416e-05
ENERGY:  340000       448.1064      1095.8651      1121.1010        74.5815        -113863.9480      9687.7684         0.0000         0.0000     18541.0992         -82895.4263       301.4200   -101436.5256    -82950.3449       302.6945           -152.7183      -151.4650    301602.3491        31.8130        31.7634

TIMING: 345000  CPU: 400.219, 0.00115188/step  Wall: 414.224, 0.00119424/step, 144.694 ns/days, 0.0514188 hours remaining, 0.000000 MB of memory in use.
PERFORMANCE: 345000  averaging 146.118 ns/day, 0.0011826 sec/step with standard deviation 2.56903e-05
ENERGY:  345000       401.5168      1098.2649      1109.4142        74.2953        -114380.0660      9792.9775         0.0000         0.0000     18552.0347         -83351.5627       301.5978   -101903.5973    -82950.6942       302.7665             26.7044        21.8079    299852.4398        32.4660        32.3458

TIMING: 350000  CPU: 405.887, 0.00113365/step  Wall: 420.099, 0.00117488/step, 147.079 ns/days, 0.0489534 hours remaining, 0.000000 MB of memory in use.
PERFORMANCE: 350000  averaging 146.132 ns/day, 0.00118249 sec/step with standard deviation 2.55201e-05
ETITLE:      TS           BOND          ANGLE          DIHED          IMPRP               ELECT            VDW       BOUNDARY           MISC        KINETIC               TOTAL           TEMP      POTENTIAL       TOTALAVG        TEMPAVG            PRESSURE      GPRESSURE         VOLUME       PRESSAVG      GPRESSAVG

ENERGY:  350000       430.5542      1125.2196      1135.3627        79.1862        -114060.0412      9546.4038         0.0000         0.0000     18381.8437         -83361.4711       298.8310   -101743.3147    -82966.3908       302.4677           -317.9020      -315.1528    302048.0328         6.3297         6.5740

TIMING: 355000  CPU: 412.376, 0.00129765/step  Wall: 426.797, 0.00133967/step, 128.987 ns/days, 0.053959 hours remaining, 0.000000 MB of memory in use.
PERFORMANCE: 355000  averaging 145.859 ns/day, 0.00118471 sec/step with standard deviation 3.14631e-05
ENERGY:  355000       429.4046      1155.5749      1152.3648        71.3689        -113750.2316      9665.8786         0.0000         0.0000     18474.7753         -82800.8646       300.3418   -101275.6399    -82967.8788       302.3582            -16.3792       -16.0481    300771.9945        -2.5682        -2.5306

TIMING: 360000  CPU: 418.216, 0.00116811/step  Wall: 432.851, 0.00121078/step, 142.718 ns/days, 0.0470858 hours remaining, 0.000000 MB of memory in use.
PERFORMANCE: 360000  averaging 145.814 ns/day, 0.00118507 sec/step with standard deviation 3.13914e-05
ENERGY:  360000       413.3241      1123.5739      1116.9818        71.9704        -113883.6001      9729.2764         0.0000         0.0000     18653.2444         -82775.2291       303.2431   -101428.4735    -82962.5306       302.2240             -2.1381         0.7151    300474.2626        -5.6252        -5.2085

TIMING: 365000  CPU: 423.824, 0.00112148/step  Wall: 438.656, 0.001161/step, 148.837 ns/days, 0.0435376 hours remaining, 0.000000 MB of memory in use.
PERFORMANCE: 365000  averaging 145.855 ns/day, 0.00118474 sec/step with standard deviation 3.12997e-05
ENERGY:  365000       413.5383      1114.5544      1111.9819        67.0882        -113959.3417      9861.4968         0.0000         0.0000     18451.7260         -82938.9560       299.9671   -101390.6820    -82967.7267       302.1196            177.6028       174.8623    300262.3459         2.8515         3.1109

TIMING: 370000  CPU: 429.475, 0.0011303/step  Wall: 444.547, 0.00117834/step, 146.647 ns/days, 0.0425511 hours remaining, 0.000000 MB of memory in use.
PERFORMANCE: 370000  averaging 145.865 ns/day, 0.00118465 sec/step with standard deviation 3.10935e-05
ENERGY:  370000       394.2301      1139.9115      1123.9869        64.0799        -113969.6203      9822.8492         0.0000         0.0000     18766.1915         -82658.3713       305.0793   -101424.5628    -82957.0501       302.2595            107.2174       110.4656    300140.1338         1.9055         2.2109

TIMING: 375000  CPU: 435.131, 0.00113124/step  Wall: 450.438, 0.00117818/step, 146.666 ns/days, 0.0409091 hours remaining, 0.000000 MB of memory in use.
PERFORMANCE: 375000  averaging 145.876 ns/day, 0.00118457 sec/step with standard deviation 3.08917e-05
ENERGY:  375000       466.9435      1132.2808      1130.2559        79.7086        -114023.3866      9706.9676         0.0000         0.0000     18452.0140         -83055.2162       299.9718   -101507.2302    -82969.5750       302.0304             -5.7087        -0.3566    300750.1213         2.4408         3.0126

TIMING: 380000  CPU: 440.722, 0.00111817/step  Wall: 456.238, 0.00115993/step, 148.975 ns/days, 0.0386642 hours remaining, 0.000000 MB of memory in use.
PERFORMANCE: 380000  averaging 145.916 ns/day, 0.00118424 sec/step with standard deviation 3.0815e-05
ENERGY:  380000       455.0030      1139.1514      1107.2723        75.1225        -113852.3099      9704.2571         0.0000         0.0000     18732.3581         -82639.1455       304.5293   -101371.5036    -82963.5739       302.2220            -66.4758       -65.2450    301198.6115         8.2371         8.8733

TIMING: 385000  CPU: 446.436, 0.00114275/step  Wall: 462.243, 0.00120103/step, 143.876 ns/days, 0.0383664 hours remaining, 0.000000 MB of memory in use.
PERFORMANCE: 385000  averaging 145.889 ns/day, 0.00118446 sec/step with standard deviation 3.06714e-05
ENERGY:  385000       442.1186      1109.4870      1124.7667        68.2006        -114203.2864      9700.8179         0.0000         0.0000     18732.6724         -83025.2232       304.5344   -101757.8956    -82980.6980       302.1567            -27.6684       -25.7507    300527.8279         8.4625         9.4012

TIMING: 390000  CPU: 452.062, 0.00112511/step  Wall: 468.057, 0.00116278/step, 148.609 ns/days, 0.0355294 hours remaining, 0.000000 MB of memory in use.
PERFORMANCE: 390000  averaging 145.923 ns/day, 0.00118418 sec/step with standard deviation 3.05703e-05
ENERGY:  390000       417.0799      1147.6390      1126.5403        72.0307        -113885.7355      9782.3928         0.0000         0.0000     18730.1155         -82609.9374       304.4928   -101340.0529    -82966.7572       302.1294            -46.8819       -51.7406    301950.4511         8.2390         8.8680

TIMING: 395000  CPU: 457.798, 0.00114738/step  Wall: 474.039, 0.00119643/step, 144.43 ns/days, 0.0348959 hours remaining, 0.000000 MB of memory in use.
PERFORMANCE: 395000  averaging 145.904 ns/day, 0.00118434 sec/step with standard deviation 3.04049e-05
ENERGY:  395000       430.5732      1136.1094      1130.5015        68.1246        -114081.3855      9911.9840         0.0000         0.0000     18614.6770         -82789.4158       302.6161   -101404.0928    -82962.4824       302.0812            253.9565       250.6716    300597.5212        18.4264        18.8694

TIMING: 400000  CPU: 463.425, 0.00112537/step  Wall: 479.91, 0.00117413/step, 147.173 ns/days, 0.0326147 hours remaining, 0.000000 MB of memory in use.
PERFORMANCE: 400000  averaging 145.92 ns/day, 0.00118421 sec/step with standard deviation 3.02334e-05
ETITLE:      TS           BOND          ANGLE          DIHED          IMPRP               ELECT            VDW       BOUNDARY           MISC        KINETIC               TOTAL           TEMP      POTENTIAL       TOTALAVG        TEMPAVG            PRESSURE      GPRESSURE         VOLUME       PRESSAVG      GPRESSAVG

ENERGY:  400000       412.8034      1135.7087      1150.1517        74.8200        -113975.8095      9621.0217         0.0000         0.0000     18669.1245         -82912.1795       303.5013   -101581.3040    -82960.3365       302.1552             -0.8355         2.8102    299100.7537        29.8844        30.6235

TIMING: 405000  CPU: 469.002, 0.00111541/step  Wall: 485.685, 0.00115505/step, 149.604 ns/days, 0.0304804 hours remaining, 0.000000 MB of memory in use.
PERFORMANCE: 405000  averaging 145.964 ns/day, 0.00118385 sec/step with standard deviation 3.02181e-05
ENERGY:  405000       444.5346      1148.6928      1134.2560        62.4412        -114028.4223      9562.9718         0.0000         0.0000     18666.2917         -83009.2342       303.4552   -101675.5259    -82962.5135       302.0625           -217.2340      -215.3324    300897.5891         7.6219         8.4537

TIMING: 410000  CPU: 474.729, 0.00114528/step  Wall: 491.757, 0.00121439/step, 142.293 ns/days, 0.0303599 hours remaining, 0.000000 MB of memory in use.
PERFORMANCE: 410000  averaging 145.918 ns/day, 0.00118422 sec/step with standard deviation 3.02198e-05
ENERGY:  410000       414.3379      1122.5185      1103.1032        70.2422        -113797.6711      9644.7801         0.0000         0.0000     18695.8730         -82746.8161       303.9361   -101442.6892    -82945.2000       302.1049           -163.3548      -167.2377    300863.1772       -13.5493       -13.0142

TIMING: 415000  CPU: 480.298, 0.00111377/step  Wall: 497.518, 0.00115219/step, 149.976 ns/days, 0.0272044 hours remaining, 0.000000 MB of memory in use.
PERFORMANCE: 415000  averaging 145.966 ns/day, 0.00118384 sec/step with standard deviation 3.02401e-05
ENERGY:  415000       465.0342      1128.7093      1131.1385        69.4016        -114136.1493      9789.3878         0.0000         0.0000     18661.3759         -82891.1021       303.3753   -101552.4781    -82931.7670       302.2606            -42.7556       -47.2079    301416.5799        -5.7995        -5.4454

TIMING: 420000  CPU: 486.08, 0.00115656/step  Wall: 503.501, 0.00119662/step, 144.406 ns/days, 0.0265916 hours remaining, 0.000000 MB of memory in use.
PERFORMANCE: 420000  averaging 145.947 ns/day, 0.00118399 sec/step with standard deviation 3.00898e-05
ENERGY:  420000       424.8491      1134.6856      1135.6696        78.1617        -114025.7306      9847.0247         0.0000         0.0000     18629.4970         -82775.8428       302.8571   -101405.3398    -82904.8553       302.3270            105.0631       105.7020    301840.0271       -22.8121       -22.2512

TIMING: 425000  CPU: 491.851, 0.00115404/step  Wall: 509.462, 0.00119223/step, 144.938 ns/days, 0.0248382 hours remaining, 0.000000 MB of memory in use.
PERFORMANCE: 425000  averaging 145.935 ns/day, 0.00118409 sec/step with standard deviation 2.99235e-05
ENERGY:  425000       415.5655      1129.8663      1113.5320        79.6441        -114345.7112      9842.1762         0.0000         0.0000     18638.2042         -83126.7228       302.9986   -101764.9270    -82918.5952       302.4251             12.2548        12.1837    300228.2542       -25.6845       -25.2587

TIMING: 430000  CPU: 497.456, 0.00112112/step  Wall: 515.271, 0.0011617/step, 148.748 ns/days, 0.0225886 hours remaining, 0.000000 MB of memory in use.
PERFORMANCE: 430000  averaging 145.967 ns/day, 0.00118383 sec/step with standard deviation 2.98447e-05
ENERGY:  430000       426.0182      1085.4963      1122.1002        76.2301        -114473.1298      9896.6054         0.0000         0.0000     18699.1316         -83167.5479       303.9891   -101866.6795    -82921.6977       302.6331             49.8107        48.7855    299856.8289       -26.0912       -25.9350

TIMING: 435000  CPU: 503.269, 0.00116263/step  Wall: 521.281, 0.001202/step, 143.76 ns/days, 0.0217028 hours remaining, 0.000000 MB of memory in use.
PERFORMANCE: 435000  averaging 145.942 ns/day, 0.00118404 sec/step with standard deviation 2.97346e-05
ENERGY:  435000       437.2253      1086.7943      1128.1761        70.0168        -114390.8469     10102.2421         0.0000         0.0000     18714.4146         -82851.9777       304.2376   -101566.3923    -82919.1121       302.7487            175.7318       174.6673    302120.4398        -7.5855        -7.6433

TIMING: 440000  CPU: 508.853, 0.00111673/step  Wall: 527.059, 0.00115573/step, 149.515 ns/days, 0.0192622 hours remaining, 0.000000 MB of memory in use.
PERFORMANCE: 440000  averaging 145.981 ns/day, 0.00118371 sec/step with standard deviation 2.97168e-05
ENERGY:  440000       406.9566      1119.4214      1103.5711        71.2567        -113959.1561      9673.0285         0.0000         0.0000     18499.2997         -83085.6220       300.7405   -101584.9218    -82928.6219       302.7148             88.4694        86.9809    299865.9982         4.4738         4.2790

TIMING: 445000  CPU: 514.435, 0.00111642/step  Wall: 532.846, 0.00115726/step, 149.318 ns/days, 0.0176804 hours remaining, 0.000000 MB of memory in use.
PERFORMANCE: 445000  averaging 146.018 ns/day, 0.00118342 sec/step with standard deviation 2.96802e-05
ENERGY:  445000       448.2920      1099.5511      1121.1645        66.1688        -114290.3046     10057.6199         0.0000         0.0000     18500.6865         -82996.8217       300.7630   -101497.5082    -82910.8849       302.6730            235.6789       235.9848    299485.2946        14.9226        14.9879

TIMING: 450000  CPU: 520.219, 0.00115687/step  Wall: 538.853, 0.0012015/step, 143.82 ns/days, 0.0166875 hours remaining, 0.000000 MB of memory in use.
PERFORMANCE: 450000  averaging 145.993 ns/day, 0.00118362 sec/step with standard deviation 2.95745e-05
ETITLE:      TS           BOND          ANGLE          DIHED          IMPRP               ELECT            VDW       BOUNDARY           MISC        KINETIC               TOTAL           TEMP      POTENTIAL       TOTALAVG        TEMPAVG            PRESSURE      GPRESSURE         VOLUME       PRESSAVG      GPRESSAVG

ENERGY:  450000       467.0780      1108.7459      1105.2885        59.6291        -114027.5873      9856.2818         0.0000         0.0000     18580.8946         -82849.6693       302.0670   -101430.5639    -82885.2948       302.8348             24.5342        24.6075    300437.8766        32.0444        31.9759

TIMING: 455000  CPU: 525.782, 0.00111253/step  Wall: 544.617, 0.00115274/step, 149.904 ns/days, 0.0144092 hours remaining, 0.000000 MB of memory in use.
PERFORMANCE: 455000  averaging 146.035 ns/day, 0.00118328 sec/step with standard deviation 2.95873e-05
ENERGY:  455000       411.1673      1076.7734      1120.0739        73.5764        -114097.0443      9770.3135         0.0000         0.0000     18489.4317         -83155.7080       300.5801   -101645.1397    -82903.0369       302.8467            -31.2421       -31.1497    299862.2354        31.3012        31.2208

TIMING: 460000  CPU: 531.659, 0.00117534/step  Wall: 550.689, 0.00121433/step, 142.301 ns/days, 0.0134925 hours remaining, 0.000000 MB of memory in use.
PERFORMANCE: 460000  averaging 145.993 ns/day, 0.00118362 sec/step with standard deviation 2.96019e-05
ENERGY:  460000       455.9722      1121.1559      1120.1896        80.8607        -114230.6946      9831.8910         0.0000         0.0000     18549.7014         -83070.9238       301.5598   -101620.6251    -82917.8217       302.7626            -21.1970       -16.9070    300060.6159        30.3483        30.3397

TIMING: 465000  CPU: 537.219, 0.00111198/step  Wall: 556.443, 0.00115095/step, 150.137 ns/days, 0.0111898 hours remaining, 0.000000 MB of memory in use.
PERFORMANCE: 465000  averaging 146.037 ns/day, 0.00118326 sec/step with standard deviation 2.96347e-05
ENERGY:  465000       418.0063      1086.6158      1124.6104        65.7257        -114268.1811      9732.6255         0.0000         0.0000     18627.7859         -83212.8116       302.8293   -101840.5974    -82931.5145       302.9057             21.4096        20.6722    300196.0410        22.5386        22.6302

TIMING: 470000  CPU: 542.781, 0.00111252/step  Wall: 562.216, 0.00115453/step, 149.671 ns/days, 0.00962111 hours remaining, 0.000000 MB of memory in use.
PERFORMANCE: 470000  averaging 146.074 ns/day, 0.00118296 sec/step with standard deviation 2.96236e-05
ENERGY:  470000       416.0460      1149.4846      1127.9704        70.5881        -113977.6831      9758.3762         0.0000         0.0000     18508.8401         -82946.3777       300.8956   -101455.2178    -82945.9148       302.6965            -56.8442       -58.0545    299989.3536        14.3355        14.2042

TIMING: 475000  CPU: 548.668, 0.00117727/step  Wall: 568.309, 0.00121859/step, 141.804 ns/days, 0.00846241 hours remaining, 0.000000 MB of memory in use.
PERFORMANCE: 475000  averaging 146.028 ns/day, 0.00118333 sec/step with standard deviation 2.96914e-05
ENERGY:  475000       446.5559      1132.5867      1109.7159        70.2330        -114258.6704      9905.3998         0.0000         0.0000     18499.6785         -83094.5007       300.7466   -101594.1792    -82947.8790       302.7352            126.0761       120.1939    300341.8243        20.9248        20.2317

TIMING: 480000  CPU: 554.3, 0.00112651/step  Wall: 574.143, 0.00116678/step, 148.1 ns/days, 0.0064821 hours remaining, 0.000000 MB of memory in use.
PERFORMANCE: 480000  averaging 146.049 ns/day, 0.00118316 sec/step with standard deviation 2.95831e-05
ENERGY:  480000       440.2269      1161.8459      1127.5579        65.7016        -114061.9069      9808.9734         0.0000         0.0000     18560.8843         -82896.7169       301.7416   -101457.6012    -82960.7576       302.5959            -19.9764       -19.8866    300890.2115        23.2498        22.4996

TIMING: 485000  CPU: 560.107, 0.00116145/step  Wall: 580.166, 0.00120454/step, 143.458 ns/days, 0.0050189 hours remaining, 0.000000 MB of memory in use.
PERFORMANCE: 485000  averaging 146.022 ns/day, 0.00118338 sec/step with standard deviation 2.95085e-05
ENERGY:  485000       431.1689      1099.7455      1108.3840        69.5031        -114285.5435      9925.1575         0.0000         0.0000     18496.2707         -83155.3140       300.6912   -101651.5846    -82967.2621       302.4037             27.2058        28.6650    300732.0644        25.9935        25.2204

TIMING: 490000  CPU: 565.672, 0.00111291/step  Wall: 585.93, 0.00115296/step, 149.875 ns/days, 0.00320268 hours remaining, 0.000000 MB of memory in use.
PERFORMANCE: 490000  averaging 146.061 ns/day, 0.00118307 sec/step with standard deviation 2.95164e-05
ENERGY:  490000       413.0330      1152.9537      1129.8513        71.1603        -114253.6820      9925.5343         0.0000         0.0000     18634.9277         -82926.2217       302.9454   -101561.1494    -82983.0763       302.3263             95.6436        89.4487    300319.9228        33.1197        32.2799

TIMING: 495000  CPU: 571.256, 0.0011169/step  Wall: 591.703, 0.00115447/step, 149.68 ns/days, 0.00160342 hours remaining, 0.000000 MB of memory in use.
PERFORMANCE: 495000  averaging 146.096 ns/day, 0.00118278 sec/step with standard deviation 2.95058e-05
ENERGY:  495000       400.0588      1135.2426      1134.0384        76.2660        -114431.5262      9928.2568         0.0000         0.0000     18588.5919         -83169.0717       302.1921   -101757.6636    -83002.0591       302.3051            153.1654       157.2255    300653.4425        28.0802        27.6076

TIMING: 500000  CPU: 577.1, 0.00116876/step  Wall: 597.742, 0.00120782/step, 143.067 ns/days, 0 hours remaining, 0.000000 MB of memory in use.
PERFORMANCE: 500000  averaging 146.065 ns/day, 0.00118303 sec/step with standard deviation 2.9463e-05
ETITLE:      TS           BOND          ANGLE          DIHED          IMPRP               ELECT            VDW       BOUNDARY           MISC        KINETIC               TOTAL           TEMP      POTENTIAL       TOTALAVG        TEMPAVG            PRESSURE      GPRESSURE         VOLUME       PRESSAVG      GPRESSAVG

ENERGY:  500000       431.0849      1131.5511      1103.0952        68.5332        -113956.6167      9845.7785         0.0000         0.0000     18499.2722         -82877.3015       300.7400   -101376.5737    -83000.3152       302.1671            225.9801       226.2430    300345.5974        39.4210        38.7792

WRITING EXTENDED SYSTEM TO OUTPUT FILE AT STEP 500000
WRITING COORDINATES TO OUTPUT FILE AT STEP 500000
WRITING VELOCITIES TO OUTPUT FILE AT STEP 500000
====================================================

WallClock: 600.592041  CPUTime: 563.386108  Memory: 0.000000 MB
[Partition 0][Node 0] End of program
