Charm++> Running on MPI library: Open MPI v4.1.5a1, package: Open MPI software@d001.sol.rc.asu.edu Distribution, ident: 4.1.5a1, repo rev: v4.1.4-32-g5abd86cc8c, Unreleased developer copy (MPI standard: 3.1)
Charm++> Level of thread support used: MPI_THREAD_FUNNELED (desired: MPI_THREAD_FUNNELED)
Charm++> Running in SMP mode: 1 processes, 45 worker threads (PEs) + 1 comm threads per process, 45 PEs total
Charm++> The comm. thread both sends and receives messages
Charm++> Using recursive bisection (scheme 3) for topology aware partitions
Converse/Charm++ Commit ID: v8.0.1-devel-35-gf310838d5
Charm++ communication thread will sleep due to single-process run.
CharmLB> Load balancer assumes all CPUs are same.
Charm++> cpu affinity enabled. 
Charm++> Running on 1 hosts (2 sockets x 24 cores x 1 PUs = 48-way SMP)
Charm++> cpu topology info is gathered in 0.003 seconds.
Info: Built with CUDA version 12090
Pe 4 physical rank 4 will use CUDA device of pe 32
Pe 3 physical rank 3 will use CUDA device of pe 32
Pe 2 physical rank 2 will use CUDA device of pe 32
Pe 1 physical rank 1 will use CUDA device of pe 32
Pe 5 physical rank 5 will use CUDA device of pe 32
Pe 33 physical rank 33 will use CUDA device of pe 32
Pe 0 physical rank 0 will use CUDA device of pe 32
Pe 42 physical rank 42 will use CUDA device of pe 32
Pe 41 physical rank 41 will use CUDA device of pe 32
Pe 43 physical rank 43 will use CUDA device of pe 32
Pe 40 physical rank 40 will use CUDA device of pe 32
Pe 44 physical rank 44 will use CUDA device of pe 32
Pe 38 physical rank 38 will use CUDA device of pe 32
Pe 36 physical rank 36 will use CUDA device of pe 32
Pe 39 physical rank 39 will use CUDA device of pe 32
Pe 35 physical rank 35 will use CUDA device of pe 32
Pe 37 physical rank 37 will use CUDA device of pe 32
Pe 21 physical rank 21 will use CUDA device of pe 32
Pe 22 physical rank 22 will use CUDA device of pe 32
Pe 19 physical rank 19 will use CUDA device of pe 32
Pe 18 physical rank 18 will use CUDA device of pe 32
Pe 20 physical rank 20 will use CUDA device of pe 32
Pe 17 physical rank 17 will use CUDA device of pe 32
Pe 24 physical rank 24 will use CUDA device of pe 32
Pe 27 physical rank 27 will use CUDA device of pe 32
Pe 25 physical rank 25 will use CUDA device of pe 32
Pe 26 physical rank 26 will use CUDA device of pe 32
Pe 28 physical rank 28 will use CUDA device of pe 32
Pe 23 physical rank 23 will use CUDA device of pe 32
Pe 12 physical rank 12 will use CUDA device of pe 32
Pe 13 physical rank 13 will use CUDA device of pe 32
Pe 15 physical rank 15 will use CUDA device of pe 32
Pe 16 physical rank 16 will use CUDA device of pe 32
Pe 30 physical rank 30 will use CUDA device of pe 32
Pe 14 physical rank 14 will use CUDA device of pe 32
Pe 32 physical rank 32 binding to CUDA device 0 on sg044: 'NVIDIA A100-SXM4-80GB'  Mem: 81152MB  Rev: 8.0  PCI: 0:1:0
Pe 31 physical rank 31 will use CUDA device of pe 32
Pe 10 physical rank 10 will use CUDA device of pe 32
Pe 29 physical rank 29 will use CUDA device of pe 32
Pe 8 physical rank 8 will use CUDA device of pe 32
Pe 34 physical rank 34 will use CUDA device of pe 32
Pe 6 physical rank 6 will use CUDA device of pe 32
Pe 7 physical rank 7 will use CUDA device of pe 32
Pe 11 physical rank 11 will use CUDA device of pe 32
Pe 9 physical rank 9 will use CUDA device of pe 32
CharmLB> Load balancing instrumentation for communication is off.
Info: NAMD 3.1alpha4pre for Linux-x86_64-MPI-smp-CUDA
Info: 
Info: Please visit http://www.ks.uiuc.edu/Research/namd/
Info: for updates, documentation, and support information.
Info: 
Info: Please cite Phillips et al., J. Chem. Phys. 153:044130 (2020) doi:10.1063/5.0014475
Info: in all publications reporting results obtained with NAMD.
Info: 
Info: Based on Charm++/Converse 80001 for mpi-linux-x86_64
Info: Built Fri Apr 17 06:27:28 MST 2026 by athiru12 on sg013
Info: Source code at Git commit ID 0de8a9017a5e517ce3382a552ac4a3debb0beccb
Info: 1 NAMD  3.1alpha4pre  Linux-x86_64-MPI-smp-CUDA  45    sg044  athiru12
Info: Running on 45 processors, 1 nodes, 1 physical nodes.
Info: CPU topology information available.
Info: Charm++/Converse parallel runtime startup completed at 3.14403 s
CkLoopLib is used in SMP with simple dynamic scheduling (converse-level notification)
Info: 0 MB of memory in use based on /proc/self/stat
Info: Configuration file is input/step5_streaming_streaming_run_1.inp
Info: Changed directory to input
TCL: Suspending until startup complete.
Warning: Option "1-4scaling" has been deprecated. Instead use "oneFourScaling".
Info: EXTENDED SYSTEM FILE   ../output/vanilla/performance/equil/1-0-40/run-1/step4_equilibration.xsc
Info: Tuning parameters to improve GPU-resident performance
Info: Setting margin to 4
Warning: The Langevin gamma parameters differ over the particles,
Warning: requiring extra work per step to constrain rigid bonds.
Info: Enabling PMEOffload because PMEInterpOrder > 4.
Info: Running with GPU-resident mode
Warning: Always using force tables for GPU nonbonded kernel due to unsupported config parameters.
Info: SIMULATION PARAMETERS:
Info: TIMESTEP               2
Info: NUMBER OF STEPS        500000
Info: STEPS PER CYCLE        20
Info: PERIODIC CELL BASIS 1  69 0 0
Info: PERIODIC CELL BASIS 2  0 69 0
Info: PERIODIC CELL BASIS 3  0 0 69
Info: PERIODIC CELL CENTER   0 0 0
Info: WRAPPING WATERS AROUND PERIODIC BOUNDARIES ON OUTPUT.
Info: WRAPPING ALL CLUSTERS AROUND PERIODIC BOUNDARIES ON OUTPUT.
Info: LOAD BALANCER  Centralized
Info: LOAD BALANCING STRATEGY  New Load Balancers -- DEFAULT
Info: LDB PERIOD             4000 steps
Info: FIRST LDB TIMESTEP     100
Info: LAST LDB TIMESTEP     -1
Info: LDB BACKGROUND SCALING 1
Info: HOM BACKGROUND SCALING 1
Info: PME BACKGROUND SCALING 1
Warning: OVERRIDING NOPATCH SETTING. Not supported with GPUresident on
Info: MIN ATOMS PER PATCH    40
Info: EMPTY PATCH LOAD       40 ATOMS
Info: VELOCITY FILE          ../output/vanilla/performance/equil/1-0-40/run-1/step4_equilibration.vel
Info: CENTER OF MASS MOVING INITIALLY? NO
Info: DIELECTRIC             1
Info: EXCLUDE                SCALED ONE-FOUR
Info: 1-4 ELECTROSTATICS SCALED BY 1
Info: MODIFIED 1-4 VDW PARAMETERS WILL BE USED
Info: NO DCD TRAJECTORY OUTPUT
Info: NO EXTENDED SYSTEM TRAJECTORY OUTPUT
Info: NO VELOCITY DCD OUTPUT
Info: NO FORCE DCD OUTPUT
Info: OUTPUT FILENAME        ../output/streaming/performance/prod/1-1-45/frequency-8/run-1/step5_streaming
Info: BINARY OUTPUT FILES WILL BE USED
Info: NO RESTART FILE
Info: NAMD will save positions and velocities to ../output/streaming/performance/prod/1-1-45/frequency-8/run-1/step5_streaming.crash.csv when  atoms are moving too fast.
Info: SWITCHING ACTIVE
Info: VDW FORCE SWITCHING ACTIVE
Info: SWITCHING ON           10
Info: SWITCHING OFF          12
Info: PAIRLIST DISTANCE      16
Info: PAIRLIST SHRINK RATE   0.01
Info: PAIRLIST GROW RATE     0.01
Info: PAIRLIST TRIGGER       0.3
Info: PAIRLISTS PER CYCLE    2
Info: PAIRLISTS ENABLED
Info: MARGIN                 4
Info: HYDROGEN GROUP CUTOFF  2.5
Info: PATCH DIMENSION        22.5
Info: ENERGY OUTPUT STEPS    5000
Info: ENERGY EVALUATION STEPS    5000
Info: OUTPUT ENERGY PRECISION 4
Info: CROSSTERM ENERGY INCLUDED IN DIHEDRAL
Info: TIMING OUTPUT STEPS    5000
Info: INTERACTIVE MD ACTIVE
Info: INTERACTIVE MD VERSION    3
Info: INTERACTIVE MD PORT    8889
Info: INTERACTIVE MD FREQ    8
Info: WILL AWAIT INTERACTIVE MD CONNECTION
Info: INTERACTIVE MD WILL SEND THE FOLLOWING:
Info: WRAPPED COORDINATES
Info: LANGEVIN DYNAMICS ACTIVE
Info: LANGEVIN TEMPERATURE   303.15
Info: LANGEVIN USING BBK INTEGRATOR
Info: LANGEVIN DAMPING COEFFICIENT IS 1 INVERSE PS
Info: LANGEVIN DYNAMICS NOT APPLIED TO HYDROGENS
Info: LANGEVIN PISTON PRESSURE CONTROL ACTIVE
Info:        TARGET PRESSURE IS 1.01325 BAR
Info:     OSCILLATION PERIOD IS 50 FS
Info:             DECAY TIME IS 25 FS
Info:     PISTON TEMPERATURE IS 303.15 K
Info:       PRESSURE CONTROL IS GROUP-BASED
Info:    INITIAL STRAIN RATE IS 0 0 0
Info:       CELL FLUCTUATION IS ISOTROPIC
Info: PARTICLE MESH EWALD (PME) ACTIVE
Info: PME TOLERANCE               1e-06
Info: PME EWALD COEFFICIENT       0.257952
Info: PME INTERPOLATION ORDER     6
Info: PME GRID DIMENSIONS         72 72 72
Info: PME MAXIMUM GRID SPACING    1
Info: PME RECIPROCAL SUM OFFLOADED TO GPU
Info: PME CALCULATION WILL BE PERFORMED ON GPU
Info: FULL ELECTROSTATIC EVALUATION FREQUENCY      1
Info: USING VERLET I (r-RESPA) MTS SCHEME.
Info: C1 SPLITTING OF LONG RANGE ELECTROSTATICS
Info: PLACING ATOMS IN PATCHES BY HYDROGEN GROUPS
Info: RIGID BONDS TO HYDROGEN : ALL
Info:         ERROR TOLERANCE : 1e-08
Info:          MAX ITERATIONS : 100
Info: RIGID WATER USING SETTLE ALGORITHM
Info: RANDOM NUMBER SEED     1776766005
Info: USE HYDROGEN BONDS?    NO
Info: COORDINATE PDB         step3_input.pdb
Info: STRUCTURE FILE         step3_input.psf
Info: PARAMETER file: CHARMM format! 
Info: PARAMETERS             toppar/par_all36m_prot.prm
Info: PARAMETERS             toppar/par_all36_na.prm
Info: PARAMETERS             toppar/par_all36_carb.prm
Info: PARAMETERS             toppar/par_all36_lipid.prm
Info: PARAMETERS             toppar/par_all36_cgenff.prm
Info: PARAMETERS             toppar/par_interface.prm
Info: PARAMETERS             toppar/toppar_all36_moreions.str
Info: PARAMETERS             toppar/toppar_all36_nano_lig.str
Info: PARAMETERS             toppar/toppar_all36_nano_lig_patch.str
Info: PARAMETERS             toppar/toppar_all36_synthetic_polymer.str
Info: PARAMETERS             toppar/toppar_all36_synthetic_polymer_patch.str
Info: PARAMETERS             toppar/toppar_all36_polymer_solvent.str
Info: PARAMETERS             toppar/toppar_water_ions.str
Info: PARAMETERS             toppar/toppar_dum_noble_gases.str
Info: PARAMETERS             toppar/toppar_ions_won.str
Info: PARAMETERS             toppar/cam.str
Info: PARAMETERS             toppar/toppar_all36_prot_arg0.str
Info: PARAMETERS             toppar/toppar_all36_prot_c36m_d_aminoacids.str
Info: PARAMETERS             toppar/toppar_all36_prot_fluoro_alkanes.str
Info: PARAMETERS             toppar/toppar_all36_prot_heme.str
Info: PARAMETERS             toppar/toppar_all36_prot_na_combined.str
Info: PARAMETERS             toppar/toppar_all36_prot_retinol.str
Info: PARAMETERS             toppar/toppar_all36_prot_model.str
Info: PARAMETERS             toppar/toppar_all36_prot_modify_res.str
Info: PARAMETERS             toppar/toppar_all36_na_nad_ppi.str
Info: PARAMETERS             toppar/toppar_all36_na_rna_modified.str
Info: PARAMETERS             toppar/toppar_all36_lipid_sphingo.str
Info: PARAMETERS             toppar/toppar_all36_lipid_archaeal.str
Info: PARAMETERS             toppar/toppar_all36_lipid_bacterial.str
Info: PARAMETERS             toppar/toppar_all36_lipid_cardiolipin.str
Info: PARAMETERS             toppar/toppar_all36_lipid_cholesterol.str
Info: PARAMETERS             toppar/toppar_all36_lipid_dag.str
Info: PARAMETERS             toppar/toppar_all36_lipid_inositol.str
Info: PARAMETERS             toppar/toppar_all36_lipid_lnp.str
Info: PARAMETERS             toppar/toppar_all36_lipid_lps.str
Info: PARAMETERS             toppar/toppar_all36_lipid_mycobacterial.str
Info: PARAMETERS             toppar/toppar_all36_lipid_miscellaneous.str
Info: PARAMETERS             toppar/toppar_all36_lipid_model.str
Info: PARAMETERS             toppar/toppar_all36_lipid_prot.str
Info: PARAMETERS             toppar/toppar_all36_lipid_tag.str
Info: PARAMETERS             toppar/toppar_all36_lipid_yeast.str
Info: PARAMETERS             toppar/toppar_all36_lipid_hmmm.str
Info: PARAMETERS             toppar/toppar_all36_lipid_detergent.str
Info: PARAMETERS             toppar/toppar_all36_lipid_ether.str
Info: PARAMETERS             toppar/toppar_all36_lipid_oxidized.str
Info: PARAMETERS             toppar/toppar_all36_carb_glycolipid.str
Info: PARAMETERS             toppar/toppar_all36_carb_glycopeptide.str
Info: PARAMETERS             toppar/toppar_all36_carb_imlab.str
Info: PARAMETERS             toppar/toppar_all36_label_spin.str
Info: PARAMETERS             toppar/toppar_all36_label_fluorophore.str
Info: USING ARITHMETIC MEAN TO COMBINE L-J SIGMA PARAMETERS
Info: BINARY COORDINATES     ../output/vanilla/performance/equil/1-0-40/run-1/step4_equilibration.coor
Warning: SKIPPING PART OF PARAMETER FILE AFTER RETURN STATEMENT

Warning: DUPLICATE DIHEDRAL ENTRY FOR HAL1-CTO1-C-NHL
PREVIOUS VALUES MULTIPLICITY: 1
  k=0  n=1  delta=0INCREASING MULTIPLICITY TO: 2
  k=0  n=3  delta=0

Warning: DUPLICATE DIHEDRAL ENTRY FOR HAL1-CTO1-C-O
PREVIOUS VALUES MULTIPLICITY: 1
  k=0  n=1  delta=0INCREASING MULTIPLICITY TO: 2
  k=0  n=2  delta=3.14159
Warning: SKIPPING PART OF PARAMETER FILE AFTER RETURN STATEMENT

Warning: DUPLICATE DIHEDRAL ENTRY FOR CTL2-CG2O5-CTL1-CTL3
PREVIOUS VALUES MULTIPLICITY: 1
  k=0.75  n=1  delta=0  k=0.18  n=2  delta=3.14159INCREASING MULTIPLICITY TO: 3
  k=0.065  n=3  delta=0

Warning: DUPLICATE BOND ENTRY FOR CEL1-CL
PREVIOUS VALUES  k=440  x0=1.489
   USING VALUES  k=300  x0=1.48
Info: SUMMARY OF PARAMETERS:
Info: 1988 BONDS
Info: 6776 ANGLES
Info: 19939 DIHEDRAL
Info: 430 IMPROPER
Info: 28 CROSSTERM
Info: 751 VDW
Info: 122 VDW_PAIRS
Info: 0 NBTHOLE_PAIRS
Warning: Ignored 9467 bonds with zero force constants.
Warning: Will get H-H distance in rigid H2O from H-O-H angle.
Info: No lone pairs detected in waters
Info: TIME FOR READING PSF FILE: 0.0767176
Info: Reading pdb file step3_input.pdb
Info: TIME FOR READING PDB FILE: 0.0295366
Info: 
Info: ****************************
Info: STRUCTURE SUMMARY:
Info: 30423 ATOMS
Info: 20918 BONDS
Info: 13014 ANGLES
Info: 5187 DIHEDRALS
Info: 373 IMPROPERS
Info: 127 CROSSTERMS
Info: 0 EXCLUSIONS
Info: 29360 RIGID BONDS
Info: 61909 DEGREES OF FREEDOM
Info: 10530 HYDROGEN GROUPS
Info: 4 ATOMS IN LARGEST HYDROGEN GROUP
Info: 10530 MIGRATION GROUPS
Info: 4 ATOMS IN LARGEST MIGRATION GROUP
Info: TOTAL MASS = 186727 amu
Info: TOTAL CHARGE = 1.31875e-06 e
Info: MASS DENSITY = 0.943883 g/cm^3
Info: ATOM DENSITY = 0.0926093 atoms/A^3
Info: *****************************
Info: Reading from binary file ../output/vanilla/performance/equil/1-0-40/run-1/step4_equilibration.coor
Info: 
Info: Entering startup at 3.39737 s, 0 MB of memory in use
Info: Startup phase 0 took 0.000463556 s, 0 MB of memory in use
Info: ADDED 39038 IMPLICIT EXCLUSIONS
Info: Startup phase 1 took 0.00630936 s, 0 MB of memory in use
Info: NONBONDED TABLE R-SQUARED SPACING: 0.0625
Info: NONBONDED TABLE SIZE: 769 POINTS
Info: INCONSISTENCY IN FAST TABLE ENERGY VS FORCE: 0.000325096 AT 11.9556
Info: INCONSISTENCY IN SCOR TABLE ENERGY VS FORCE: 0.000324844 AT 11.9556
Info: INCONSISTENCY IN VDWA TABLE ENERGY VS FORCE: 0.0040507 AT 0.251946
Info: INCONSISTENCY IN VDWB TABLE ENERGY VS FORCE: 0.00150189 AT 0.251946
Info: Startup phase 2 took 0.014375 s, 0 MB of memory in use
Info: Startup phase 3 took 0.000173277 s, 0 MB of memory in use
Info: Startup phase 4 took 0.00120733 s, 0 MB of memory in use
Info: Startup phase 5 took 0.000173728 s, 0 MB of memory in use
Info: REDUCING NUMBER OF PATCHES TO IMPROVE LOAD BALANCE
Info: PATCH GRID IS 5 (PERIODIC) BY 3 (PERIODIC) BY 3 (PERIODIC)
Info: PATCH GRID IS 2-AWAY BY 1-AWAY BY 1-AWAY
Info: Reading from binary file ../output/vanilla/performance/equil/1-0-40/run-1/step4_equilibration.vel
Info: REMOVING COM VELOCITY -0.0158458 -0.019888 0.00968242
Info: LARGEST PATCH (22) HAS 800 ATOMS
Info: TORUS A SIZE 1 USING 0
Info: TORUS B SIZE 1 USING 0
Info: TORUS C SIZE 1 USING 0
Info: TORUS MINIMAL MESH SIZE IS 1 BY 1 BY 1
Info: Placed 100% of base nodes on same physical node as patch
Info: Startup phase 6 took 0.0276678 s, 0 MB of memory in use
Info: Use 3D box decompostion in PME FFT.
Info: PME using 1 x 1 x 1 pencil grid for FFT and reciprocal sum.
Info: Startup phase 7 took 0.00113656 s, 0 MB of memory in use
Info: Updated CUDA force table with 4096 elements.
Info: Updated CUDA LJ table with 751 x 751 elements.
Info: Startup phase 8 took 0.00604071 s, 0 MB of memory in use
Info: Startup phase 9 took 0.00037582 s, 0 MB of memory in use
Info: Startup phase 10 took 0.000157638 s, 0 MB of memory in use
Info: Startup phase 11 took 0.012759 s, 0 MB of memory in use
LDB: Central LB being created...
Info: Startup phase 12 took 0.135799 s, 0 MB of memory in use
Info: Startup phase 13 took 0.000204115 s, 0 MB of memory in use
Info: Startup phase 14 took 0.00269616 s, 0 MB of memory in use
Info: Startup phase 15 took 0.000176424 s, 0 MB of memory in use
Info: CREATING 1755 COMPUTE OBJECTS
Info: Interactive MD listening on port 8889.
Info: Found 268 unique exclusion lists needing 4316 bytes
Info: Startup phase 16 took 0.0789154 s, 0 MB of memory in use
Info: useSync: 0 useProxySync: 0
Info: Startup phase 17 took 0.00021671 s, 0 MB of memory in use
Info: Startup phase 18 took 5.4122e-05 s, 0 MB of memory in use
Info: Finished startup at 3.68627 s, 0 MB of memory in use

TCL: Original numsteps 500000 will be ignored.
TCL: Running for 500000 steps
Info: INTERACTIVE MD AWAITING CONNECTION
Warning: IMD protocol version 3 detected
Info: IMD connection opened
ETITLE:      TS           BOND          ANGLE          DIHED          IMPRP               ELECT            VDW       BOUNDARY           MISC        KINETIC               TOTAL           TEMP      POTENTIAL       TOTALAVG        TEMPAVG            PRESSURE      GPRESSURE         VOLUME       PRESSAVG      GPRESSAVG

ENERGY:       0       390.0165      1067.9379      1155.8548        69.8147        -111518.5693      9145.1384         0.0000         0.0000     18338.1923         -81351.6148       298.1214    -99689.8070    -81351.6148       298.1214          -1454.3548     -1453.0520    328509.0000     -1454.3548     -1453.0520

The last position output (seq=8) takes 0.001 seconds, 0.000 MB of memory in use
The last position output (seq=16) takes 0.001 seconds, 0.000 MB of memory in use
The last position output (seq=24) takes 0.001 seconds, 0.000 MB of memory in use
The last position output (seq=32) takes 0.001 seconds, 0.000 MB of memory in use
The last position output (seq=40) takes 0.001 seconds, 0.000 MB of memory in use
The last position output (seq=48) takes 0.001 seconds, 0.000 MB of memory in use
The last position output (seq=56) takes 0.001 seconds, 0.000 MB of memory in use
The last position output (seq=64) takes 0.011 seconds, 0.000 MB of memory in use
The last position output (seq=72) takes 0.345 seconds, 0.000 MB of memory in use
The last position output (seq=80) takes 0.001 seconds, 0.000 MB of memory in use
Info: Initial time: 45 CPUs 0.00633337 s/step 27.284 ns/day 0 MB memory
Info: Initial time: 45 CPUs 0.00141554 s/step 122.073 ns/day 0 MB memory
Info: Initial time: 45 CPUs 0.00133065 s/step 129.861 ns/day 0 MB memory
Info: Benchmark time: 45 CPUs 0.00131805 s/step 131.103 ns/day 0 MB memory
Info: Benchmark time: 45 CPUs 0.00135875 s/step 127.176 ns/day 0 MB memory
Info: Benchmark time: 45 CPUs 0.00130571 s/step 132.341 ns/day 0 MB memory
Info: Benchmark time: 45 CPUs 0.00131806 s/step 131.102 ns/day 0 MB memory
Info: Benchmark time: 45 CPUs 0.00135489 s/step 127.538 ns/day 0 MB memory
Info: Benchmark time: 45 CPUs 0.00123849 s/step 139.524 ns/day 0 MB memory
TIMING: 5000  CPU: 13.047, 0.00134862/step  Wall: 13.2053, 0.0014108/step, 122.484 ns/days, 0.193985 hours remaining, 0.000000 MB of memory in use.
PERFORMANCE: 5000  averaging 122.484 ns/day, 0.0014108 sec/step with standard deviation 0
ENERGY:    5000       437.2362      1118.0809      1151.1057        73.0964        -113736.3180      9798.1705         0.0000         0.0000     18728.9401         -82429.6882       304.4737   -101158.6283    -81890.6515       301.2975             35.2820        36.3314    301848.4140      -709.5364      -708.3603

TIMING: 10000  CPU: 19.427, 0.001276/step  Wall: 19.8018, 0.00131928/step, 130.98 ns/days, 0.179569 hours remaining, 0.000000 MB of memory in use.
PERFORMANCE: 10000  averaging 126.59 ns/day, 0.00136504 sec/step with standard deviation 6.47133e-05
ENERGY:   10000       426.8270      1102.0816      1116.6562        75.4865        -113628.2949      9514.6348         0.0000         0.0000     18559.1248         -82833.4840       301.7130   -101392.6088    -82204.9290       301.4360           -182.6641      -180.7470    301044.3329      -533.9123      -532.4892

TIMING: 15000  CPU: 26.0571, 0.00132603/step  Wall: 26.6671, 0.00137307/step, 125.849 ns/days, 0.184983 hours remaining, 0.000000 MB of memory in use.
PERFORMANCE: 15000  averaging 126.342 ns/day, 0.00136772 sec/step with standard deviation 4.59935e-05
ENERGY:   15000       461.7940      1076.9143      1143.8751        64.4815        -114289.2205     10055.6878         0.0000         0.0000     18605.6779         -82880.7898       302.4699   -101486.4678    -82373.8942       301.6945            255.5378       250.5996    300289.0223      -336.5498      -336.7170

TIMING: 20000  CPU: 32.3085, 0.00125027/step  Wall: 33.1498, 0.00129654/step, 133.278 ns/days, 0.172872 hours remaining, 0.000000 MB of memory in use.
PERFORMANCE: 20000  averaging 128.007 ns/day, 0.00134992 sec/step with standard deviation 5.17379e-05
ENERGY:   20000       414.5299      1116.8884      1131.9674        74.1742        -114066.8073      9797.9662         0.0000         0.0000     18753.4243         -82777.8569       304.8717   -101531.2812    -82454.6868       302.3299            -67.3170       -68.6246    301122.0413      -282.7032      -283.0985

TIMING: 25000  CPU: 38.8394, 0.00130618/step  Wall: 39.9097, 0.00135198/step, 127.813 ns/days, 0.178386 hours remaining, 0.000000 MB of memory in use.
PERFORMANCE: 25000  averaging 127.968 ns/day, 0.00135033 sec/step with standard deviation 4.48158e-05
ENERGY:   25000       378.4673      1128.1953      1130.6583        72.8285        -114224.1759      9941.1523         0.0000         0.0000     18452.8424         -83120.0318       299.9852   -101572.8742    -82565.5776       301.9392            285.1652       284.6305    299939.1073      -188.0585      -188.4770

TIMING: 30000  CPU: 45.1465, 0.00126143/step  Wall: 46.4493, 0.00130793/step, 132.118 ns/days, 0.170757 hours remaining, 0.000000 MB of memory in use.
PERFORMANCE: 30000  averaging 128.642 ns/day, 0.00134327 sec/step with standard deviation 4.36636e-05
ENERGY:   30000       422.1244      1157.9658      1141.4196        77.8293        -114252.8963      9851.7589         0.0000         0.0000     18601.9853         -82999.8130       302.4098   -101601.7983    -82627.6112       302.0064            174.0900       172.4593    299674.8742      -136.3230      -136.9147

TIMING: 35000  CPU: 51.6678, 0.00130425/step  Wall: 53.2101, 0.00135215/step, 127.796 ns/days, 0.174653 hours remaining, 0.000000 MB of memory in use.
PERFORMANCE: 35000  averaging 128.52 ns/day, 0.00134454 sec/step with standard deviation 4.00004e-05
ENERGY:   35000       455.0192      1121.0325      1119.8547        62.9534        -114015.8931      9778.0923         0.0000         0.0000     18574.4889         -82904.4521       301.9628   -101478.9410    -82662.2163       302.0009            106.9530       107.2579    300613.0458      -105.9135      -106.3931

TIMING: 40000  CPU: 57.9722, 0.00126087/step  Wall: 59.7439, 0.00130677/step, 132.235 ns/days, 0.166976 hours remaining, 0.000000 MB of memory in use.
PERFORMANCE: 40000  averaging 128.973 ns/day, 0.00133981 sec/step with standard deviation 3.93673e-05
ENERGY:   40000       424.2147      1156.7416      1131.5252        75.0463        -114072.9336      9760.5965         0.0000         0.0000     18525.6796         -82999.1296       301.1693   -101524.8092    -82699.6511       301.9085            -74.2637       -74.8677    301207.8837      -102.3969      -102.8903

TIMING: 45000  CPU: 64.3698, 0.00127952/step  Wall: 66.3889, 0.00132899/step, 130.023 ns/days, 0.16797 hours remaining, 0.000000 MB of memory in use.
PERFORMANCE: 45000  averaging 129.089 ns/day, 0.00133861 sec/step with standard deviation 3.7001e-05
ENERGY:   45000       437.5963      1151.6992      1125.1517        77.6424        -114387.2755      9970.5698         0.0000         0.0000     18426.3096         -83198.3065       299.5539   -101624.6161    -82749.5167       301.6731            225.9632       230.4882    300332.5633       -69.5608       -69.5524

TIMING: 50000  CPU: 70.6757, 0.00126118/step  Wall: 72.9797, 0.00131816/step, 131.091 ns/days, 0.164771 hours remaining, 0.000000 MB of memory in use.
PERFORMANCE: 50000  averaging 129.286 ns/day, 0.00133657 sec/step with standard deviation 3.54791e-05
ETITLE:      TS           BOND          ANGLE          DIHED          IMPRP               ELECT            VDW       BOUNDARY           MISC        KINETIC               TOTAL           TEMP      POTENTIAL       TOTALAVG        TEMPAVG            PRESSURE      GPRESSURE         VOLUME       PRESSAVG      GPRESSAVG

ENERGY:   50000       431.5005      1135.7509      1139.3183        84.8525        -114297.2977      9841.5381         0.0000         0.0000     18370.4865         -83293.8509       298.6464   -101664.3374    -82799.0016       301.3979           -154.4358      -155.1891    301623.0830       -77.2768       -77.3376

TIMING: 55000  CPU: 77.0115, 0.00126717/step  Wall: 79.5454, 0.00131313/step, 131.594 ns/days, 0.162318 hours remaining, 0.000000 MB of memory in use.
PERFORMANCE: 55000  averaging 129.493 ns/day, 0.00133444 sec/step with standard deviation 3.43919e-05
ENERGY:   55000       437.9326      1104.3055      1129.2957        75.4020        -114275.1774      9962.9281         0.0000         0.0000     18681.1953         -82884.1183       303.6975   -101565.3136    -82806.0947       301.5896            198.3285       199.6741    300444.1144       -54.3097       -54.2533

TIMING: 60000  CPU: 83.6399, 0.00132567/step  Wall: 86.46, 0.00138293/step, 124.952 ns/days, 0.169024 hours remaining, 0.000000 MB of memory in use.
PERFORMANCE: 60000  averaging 129.102 ns/day, 0.00133848 sec/step with standard deviation 3.56541e-05
ENERGY:   60000       437.9083      1131.3127      1140.1016        73.3614        -113926.0224      9690.5506         0.0000         0.0000     18417.9724         -83034.8153       299.4184   -101452.7878    -82823.6886       301.4225            -92.5151       -88.5869    301141.3003       -57.2485       -56.8943

TIMING: 65000  CPU: 106.451, 0.0045623/step  Wall: 109.587, 0.00462535/step, 37.3593 ns/days, 0.558897 hours remaining, 0.000000 MB of memory in use.
PERFORMANCE: 65000  averaging 108.589 ns/day, 0.00159131 sec/step with standard deviation 0.000912254
ENERGY:   65000       440.3515      1141.1743      1116.2550        76.6558        -114210.1036      9739.4656         0.0000         0.0000     18508.1078         -83188.0936       300.8837   -101696.2014    -82849.7175       301.3841             15.3904        15.7545    300733.7694       -52.0600       -51.7051

TIMING: 70000  CPU: 112.994, 0.00130845/step  Wall: 116.363, 0.00135521/step, 127.508 ns/days, 0.161872 hours remaining, 0.000000 MB of memory in use.
PERFORMANCE: 70000  averaging 109.753 ns/day, 0.00157445 sec/step with standard deviation 0.000878734
ENERGY:   70000       430.6388      1133.1389      1132.9164        74.0327        -114316.5590      9913.5808         0.0000         0.0000     18609.3684         -83022.8829       302.5298   -101632.2514    -82861.2618       301.4604            247.0250       245.8416    299507.9693       -32.1210       -31.8687

TIMING: 75000  CPU: 119.37, 0.00127532/step  Wall: 122.98, 0.00132339/step, 130.574 ns/days, 0.156233 hours remaining, 0.000000 MB of memory in use.
PERFORMANCE: 75000  averaging 110.932 ns/day, 0.00155771 sec/step with standard deviation 0.000849247
ENERGY:   75000       417.6235      1119.5012      1106.6340        76.2443        -114160.3629      9826.5595         0.0000         0.0000     18571.0538         -83042.7466       301.9070   -101613.8004    -82872.6046       301.4883             59.3179        56.2932    299593.6331       -26.4061       -26.3586

TIMING: 80000  CPU: 125.957, 0.00131737/step  Wall: 129.795, 0.00136301/step, 126.778 ns/days, 0.159018 hours remaining, 0.000000 MB of memory in use.
PERFORMANCE: 80000  averaging 111.805 ns/day, 0.00154554 sec/step with standard deviation 0.000821893
ENERGY:   80000       420.5478      1065.5606      1129.5628        63.1932        -114242.6388      9791.8154         0.0000         0.0000     18488.8015         -83283.1575       300.5698   -101771.9591    -82896.7548       301.4343            -83.0519       -83.4934    301049.0797       -29.7382       -29.7194

TIMING: 85000  CPU: 132.306, 0.00126984/step  Wall: 136.385, 0.00131809/step, 131.098 ns/days, 0.151947 hours remaining, 0.000000 MB of memory in use.
PERFORMANCE: 85000  averaging 112.782 ns/day, 0.00153216 sec/step with standard deviation 0.000797705
ENERGY:   85000       404.3150      1121.6420      1122.8756        71.5927        -113983.0096      9654.1408         0.0000         0.0000     18494.2760         -83114.1675       300.6588   -101608.4435    -82908.8333       301.3912            -96.6440       -95.6724    300249.3352       -33.4552       -33.3835

TIMING: 90000  CPU: 138.774, 0.00129346/step  Wall: 143.091, 0.00134123/step, 128.837 ns/days, 0.152751 hours remaining, 0.000000 MB of memory in use.
PERFORMANCE: 90000  averaging 113.568 ns/day, 0.00152156 sec/step with standard deviation 0.000775195
ENERGY:   90000       425.3249      1137.6277      1159.0156        88.8910        -114336.4885      9950.0303         0.0000         0.0000     18683.1635         -82892.4356       303.7295   -101575.5991    -82907.9703       301.5143            279.1560       276.4258    299917.1050       -17.0020       -17.0777

TIMING: 95000  CPU: 145.094, 0.00126411/step  Wall: 149.648, 0.00131132/step, 131.775 ns/days, 0.147524 hours remaining, 0.000000 MB of memory in use.
PERFORMANCE: 95000  averaging 114.4 ns/day, 0.00151049 sec/step with standard deviation 0.000754896
ENERGY:   95000       424.7400      1117.8498      1141.9128        70.7540        -113901.4080      9695.0693         0.0000         0.0000     18588.3359         -82862.7462       302.1879   -101451.0821    -82905.7091       301.5480           -127.6459      -133.5181    302381.0100       -22.5342       -22.8998

TIMING: 100000  CPU: 151.56, 0.00129323/step  Wall: 156.348, 0.00133998/step, 128.957 ns/days, 0.148886 hours remaining, 0.000000 MB of memory in use.
PERFORMANCE: 100000  averaging 115.049 ns/day, 0.00150197 sec/step with standard deviation 0.00073575
ETITLE:      TS           BOND          ANGLE          DIHED          IMPRP               ELECT            VDW       BOUNDARY           MISC        KINETIC               TOTAL           TEMP      POTENTIAL       TOTALAVG        TEMPAVG            PRESSURE      GPRESSURE         VOLUME       PRESSAVG      GPRESSAVG

ENERGY:  100000       401.0747      1123.0236      1129.4460        65.9365        -114359.3122      9993.1431         0.0000         0.0000     18552.3486         -83094.3396       301.6029   -101646.6882    -82992.8453       301.7221            255.7240       251.4325    300624.6862        62.9698        62.3245

TIMING: 105000  CPU: 157.903, 0.0012685/step  Wall: 162.938, 0.00131795/step, 131.112 ns/days, 0.144609 hours remaining, 0.000000 MB of memory in use.
PERFORMANCE: 105000  averaging 115.724 ns/day, 0.0014932 sec/step with standard deviation 0.000718244
ENERGY:  105000       450.0040      1138.1447      1134.4572        75.8815        -113948.5512      9578.9001         0.0000         0.0000     18540.6104         -83030.5533       301.4121   -101571.1638    -83022.8886       301.5690           -249.0084      -247.4212    301119.8396        48.7552        48.1368

TIMING: 110000  CPU: 164.209, 0.0012612/step  Wall: 169.483, 0.00130913/step, 131.996 ns/days, 0.141822 hours remaining, 0.000000 MB of memory in use.
PERFORMANCE: 110000  averaging 116.376 ns/day, 0.00148484 sec/step with standard deviation 0.000702032
ENERGY:  110000       458.6648      1097.1445      1149.0478        73.8439        -114220.4922      9692.7580         0.0000         0.0000     18594.7593         -83154.2739       302.2923   -101749.0332    -83038.9280       301.5979           -138.4629      -141.0874    300231.6008        50.9653        50.1198

TIMING: 115000  CPU: 170.708, 0.00129977/step  Wall: 176.23, 0.00134934/step, 128.062 ns/days, 0.144305 hours remaining, 0.000000 MB of memory in use.
PERFORMANCE: 115000  averaging 116.84 ns/day, 0.00147895 sec/step with standard deviation 0.000686473
ENERGY:  115000       417.1397      1131.2323      1112.3556        84.0853        -113890.5946      9720.3580         0.0000         0.0000     18437.4267         -82987.9970       299.7346   -101425.4237    -83044.2884       301.4612             -5.5413        -4.4101    301731.6661        37.9114        37.3693

TIMING: 120000  CPU: 177.013, 0.00126101/step  Wall: 182.779, 0.00130977/step, 131.931 ns/days, 0.138254 hours remaining, 0.000000 MB of memory in use.
PERFORMANCE: 120000  averaging 117.4 ns/day, 0.0014719 sec/step with standard deviation 0.000672271
ENERGY:  120000       459.1088      1148.6039      1130.8559        77.4414        -114097.1490      9792.7168         0.0000         0.0000     18552.3235         -82936.0987       301.6025   -101488.4221    -83052.2005       301.2977            -47.2176       -51.7488    300087.3275        38.9163        38.2131

TIMING: 125000  CPU: 183.477, 0.00129295/step  Wall: 189.49, 0.00134221/step, 128.743 ns/days, 0.139813 hours remaining, 0.000000 MB of memory in use.
PERFORMANCE: 125000  averaging 117.815 ns/day, 0.00146671 sec/step with standard deviation 0.000658628
ENERGY:  125000       437.4256      1131.1258      1122.6784        75.3889        -114189.8839      9715.0957         0.0000         0.0000     18677.1852         -83030.9842       303.6323   -101708.1694    -83047.7481       301.4801           -222.5351      -224.6087    301547.2490        13.5313        12.7512

TIMING: 130000  CPU: 189.825, 0.00126955/step  Wall: 196.072, 0.00131646/step, 131.261 ns/days, 0.135303 hours remaining, 0.000000 MB of memory in use.
PERFORMANCE: 130000  averaging 118.281 ns/day, 0.00146093 sec/step with standard deviation 0.000645993
ENERGY:  130000       410.5782      1138.8157      1127.3474        76.8872        -114059.1919      9974.5693         0.0000         0.0000     18599.0592         -82731.9349       302.3623   -101330.9941    -83034.3542       301.4777            295.2371       296.9142    300743.1721        19.5887        18.9739

TIMING: 135000  CPU: 196.325, 0.00129987/step  Wall: 202.817, 0.00134887/step, 128.107 ns/days, 0.13676 hours remaining, 0.000000 MB of memory in use.
PERFORMANCE: 135000  averaging 118.618 ns/day, 0.00145678 sec/step with standard deviation 0.000633815
ENERGY:  135000       414.3797      1137.5124      1133.2837        66.6371        -114582.4419      9736.1619         0.0000         0.0000     18550.9480         -83543.5190       301.5801   -102094.4670    -83066.3076       301.4586           -202.1896      -197.7447    300022.3873         4.1315         3.7238

TIMING: 140000  CPU: 202.569, 0.00124892/step  Wall: 209.292, 0.0012951/step, 133.426 ns/days, 0.12951 hours remaining, 0.000000 MB of memory in use.
PERFORMANCE: 140000  averaging 119.09 ns/day, 0.00145101 sec/step with standard deviation 0.000622717
ENERGY:  140000       435.6106      1158.1499      1122.0360        70.8227        -114048.7962      9773.1741         0.0000         0.0000     18650.9780         -82838.0250       303.2063   -101489.0030    -83058.2523       301.5604             15.4944        16.8549    301060.9496         8.6194         8.3099

TIMING: 145000  CPU: 208.986, 0.00128342/step  Wall: 215.955, 0.00133262/step, 129.67 ns/days, 0.131411 hours remaining, 0.000000 MB of memory in use.
PERFORMANCE: 145000  averaging 119.426 ns/day, 0.00144692 sec/step with standard deviation 0.000611891
ENERGY:  145000       415.3803      1144.0870      1135.2818        72.3173        -114241.2836      9784.0715         0.0000         0.0000     18619.9848         -83070.1609       302.7024   -101690.1457    -83051.8451       301.7178             -5.4488        -2.3981    299897.2298        -2.9512        -3.3344

TIMING: 150000  CPU: 215.327, 0.00126824/step  Wall: 222.536, 0.00131608/step, 131.299 ns/days, 0.127952 hours remaining, 0.000000 MB of memory in use.
PERFORMANCE: 150000  averaging 119.787 ns/day, 0.00144256 sec/step with standard deviation 0.000601723
ETITLE:      TS           BOND          ANGLE          DIHED          IMPRP               ELECT            VDW       BOUNDARY           MISC        KINETIC               TOTAL           TEMP      POTENTIAL       TOTALAVG        TEMPAVG            PRESSURE      GPRESSURE         VOLUME       PRESSAVG      GPRESSAVG

ENERGY:  150000       420.1431      1173.9300      1147.7889        77.3103        -114194.9127      9932.4416         0.0000         0.0000     18694.6688         -82748.6300       303.9166   -101443.2988    -83024.5840       301.9813            143.5250       142.2371    301687.3930        11.9469        11.5369

TIMING: 155000  CPU: 221.545, 0.00124345/step  Wall: 228.999, 0.0012927/step, 133.674 ns/days, 0.123883 hours remaining, 0.000000 MB of memory in use.
PERFORMANCE: 155000  averaging 120.19 ns/day, 0.00143773 sec/step with standard deviation 0.000592222
ENERGY:  155000       405.4818      1125.5466      1137.6184        64.3054        -114133.9599      9994.2080         0.0000         0.0000     18615.9495         -82790.8503       302.6368   -101406.7998    -83019.9206       301.9283            375.3649       373.4819    300568.2175        20.7987        20.2273

TIMING: 160000  CPU: 228.061, 0.00130334/step  Wall: 235.751, 0.00135031/step, 127.97 ns/days, 0.12753 hours remaining, 0.000000 MB of memory in use.
PERFORMANCE: 160000  averaging 120.419 ns/day, 0.001435 sec/step with standard deviation 0.000582796
ENERGY:  160000       418.0888      1090.8426      1115.2229        75.6549        -113998.2280      9812.7935         0.0000         0.0000     18517.8947         -82967.7306       301.0428   -101485.6253    -83016.5664       302.0095            185.9854       182.9941    300315.2331        34.7237        33.8063

TIMING: 165000  CPU: 234.359, 0.00125962/step  Wall: 242.273, 0.00130454/step, 132.461 ns/days, 0.121395 hours remaining, 0.000000 MB of memory in use.
PERFORMANCE: 165000  averaging 120.751 ns/day, 0.00143104 sec/step with standard deviation 0.000574067
ENERGY:  165000       437.0216      1128.5707      1124.6453        68.4779        -113858.5725      9683.7361         0.0000         0.0000     18856.6452         -82559.4756       306.5498   -101416.1207    -82985.1355       302.2928            -79.2648       -84.0902    301066.6676        29.9910        28.8141

TIMING: 170000  CPU: 240.918, 0.00131162/step  Wall: 249.079, 0.00136106/step, 126.96 ns/days, 0.124764 hours remaining, 0.000000 MB of memory in use.
PERFORMANCE: 170000  averaging 120.925 ns/day, 0.00142898 sec/step with standard deviation 0.00056543
ENERGY:  170000       443.2647      1138.4329      1124.5777        70.4060        -113931.4034      9573.1828         0.0000         0.0000     18528.1313         -83053.4081       301.2092   -101581.5393    -82986.6617       302.2268              0.9393         5.1680    299951.1422        17.6867        16.7804

TIMING: 175000  CPU: 247.199, 0.0012563/step  Wall: 255.599, 0.00130407/step, 132.508 ns/days, 0.117728 hours remaining, 0.000000 MB of memory in use.
PERFORMANCE: 175000  averaging 121.228 ns/day, 0.00142541 sec/step with standard deviation 0.000557452
ENERGY:  175000       431.4194      1103.4569      1128.2362        64.3025        -114231.2019      9891.3887         0.0000         0.0000     18633.3819         -82979.0162       302.9202   -101612.3981    -82983.4752       302.2775             45.0077        41.6278    299300.5982        16.9712        16.0472

TIMING: 180000  CPU: 256.409, 0.00184196/step  Wall: 265.075, 0.00189521/step, 91.1771 ns/days, 0.168463 hours remaining, 0.000000 MB of memory in use.
PERFORMANCE: 180000  averaging 120.128 ns/day, 0.00143846 sec/step with standard deviation 0.000554982
ENERGY:  180000       426.8174      1152.0650      1128.7890        73.0190        -113909.4373      9734.5669         0.0000         0.0000     18778.0856         -82616.0943       305.2727   -101394.1799    -82950.1220       302.5126             69.8756        70.1794    300503.3639        24.6176        23.7308

TIMING: 185000  CPU: 262.735, 0.00126518/step  Wall: 271.652, 0.00131541/step, 131.366 ns/days, 0.115099 hours remaining, 0.000000 MB of memory in use.
PERFORMANCE: 185000  averaging 120.406 ns/day, 0.00143514 sec/step with standard deviation 0.000547594
ENERGY:  185000       457.8746      1133.1758      1135.8298        65.9442        -113744.5172      9609.3888         0.0000         0.0000     18602.5302         -82739.7738       302.4187   -101342.3040    -82931.4024       302.6006           -105.0041      -100.8930    300624.4218        24.1996        23.4698

TIMING: 190000  CPU: 269.292, 0.00131137/step  Wall: 278.432, 0.00135605/step, 127.429 ns/days, 0.116771 hours remaining, 0.000000 MB of memory in use.
PERFORMANCE: 190000  averaging 120.581 ns/day, 0.00143306 sec/step with standard deviation 0.000540296
ENERGY:  190000       421.4406      1132.4690      1140.7729        71.1642        -114161.3474      9785.5750         0.0000         0.0000     18602.2518         -83007.6738       302.4142   -101609.9256    -82937.1643       302.5348            -41.4410       -43.9042    300344.8799         8.1697         7.4533

TIMING: 195000  CPU: 275.577, 0.0012571/step  Wall: 284.936, 0.0013008/step, 132.841 ns/days, 0.110207 hours remaining, 0.000000 MB of memory in use.
PERFORMANCE: 195000  averaging 120.867 ns/day, 0.00142967 sec/step with standard deviation 0.000533559
ENERGY:  195000       434.5785      1140.2697      1124.4058        68.3557        -114076.9951      9849.2406         0.0000         0.0000     18713.0600         -82747.0848       304.2155   -101460.1448    -82931.3812       302.6362             22.9341        20.5931    300205.9183        15.6987        15.1588

TIMING: 200000  CPU: 282.01, 0.00128657/step  Wall: 291.606, 0.00133398/step, 129.537 ns/days, 0.111165 hours remaining, 0.000000 MB of memory in use.
PERFORMANCE: 200000  averaging 121.07 ns/day, 0.00142727 sec/step with standard deviation 0.000526892
ETITLE:      TS           BOND          ANGLE          DIHED          IMPRP               ELECT            VDW       BOUNDARY           MISC        KINETIC               TOTAL           TEMP      POTENTIAL       TOTALAVG        TEMPAVG            PRESSURE      GPRESSURE         VOLUME       PRESSAVG      GPRESSAVG

ENERGY:  200000       424.8874      1140.5492      1117.1079        69.0323        -114197.4545      9951.0937         0.0000         0.0000     18594.9491         -82899.8348       302.2954   -101494.7839    -82921.6560       302.6708            213.8863       215.2285    300208.2153        13.6068        13.3486

TIMING: 205000  CPU: 288.314, 0.00126088/step  Wall: 298.142, 0.00130713/step, 132.198 ns/days, 0.107112 hours remaining, 0.000000 MB of memory in use.
PERFORMANCE: 205000  averaging 121.319 ns/day, 0.00142434 sec/step with standard deviation 0.000520602
ENERGY:  205000       440.2183      1086.6975      1143.9746        80.2045        -114031.3871      9754.3674         0.0000         0.0000     18715.2816         -82810.6432       304.2517   -101525.9248    -82910.6605       302.8128            -62.5722       -60.0837    299541.5745        22.9286        22.7155

TIMING: 210000  CPU: 294.568, 0.00125068/step  Wall: 304.633, 0.00129821/step, 133.106 ns/days, 0.104578 hours remaining, 0.000000 MB of memory in use.
PERFORMANCE: 210000  averaging 121.575 ns/day, 0.00142134 sec/step with standard deviation 0.000514582
ENERGY:  210000       424.9086      1124.0765      1112.3049        78.3586        -114119.9267      9813.3139         0.0000         0.0000     18503.0985         -83063.8657       300.8022   -101566.9642    -82906.1400       302.7383            132.8290       130.4490    300285.5348        36.4932        36.2923

TIMING: 215000  CPU: 301.127, 0.00131183/step  Wall: 311.423, 0.00135805/step, 127.241 ns/days, 0.107512 hours remaining, 0.000000 MB of memory in use.
PERFORMANCE: 215000  averaging 121.701 ns/day, 0.00141987 sec/step with standard deviation 0.000508511
ENERGY:  215000       420.5752      1064.3689      1132.5785        70.4644        -113710.5920      9510.7805         0.0000         0.0000     18554.9564         -82956.8683       301.6453   -101511.8247    -82904.5836       302.8338           -166.3347      -168.9346    300395.0438        28.4536        28.0661

TIMING: 220000  CPU: 307.395, 0.00125353/step  Wall: 317.92, 0.00129937/step, 132.988 ns/days, 0.101062 hours remaining, 0.000000 MB of memory in use.
PERFORMANCE: 220000  averaging 121.937 ns/day, 0.00141713 sec/step with standard deviation 0.000502892
ENERGY:  220000       422.7011      1132.5683      1136.2959        74.5715        -114241.9168      9962.1002         0.0000         0.0000     18522.5126         -82991.1672       301.1178   -101513.6798    -82907.3370       302.8096             40.1396        36.0465    301534.8725        32.8214        32.4559

TIMING: 225000  CPU: 313.953, 0.00131173/step  Wall: 324.709, 0.00135771/step, 127.273 ns/days, 0.103714 hours remaining, 0.000000 MB of memory in use.
PERFORMANCE: 225000  averaging 122.05 ns/day, 0.00141581 sec/step with standard deviation 0.000497223
ENERGY:  225000       389.5596      1163.5518      1118.6171        67.0010        -114116.7306      9913.2239         0.0000         0.0000     18393.7327         -83071.0445       299.0243   -101464.7773    -82909.3400       302.5792            225.6747       226.4225    300604.4130        55.2319        55.0074

TIMING: 230000  CPU: 320.272, 0.00126381/step  Wall: 331.275, 0.00131323/step, 131.584 ns/days, 0.098492 hours remaining, 0.000000 MB of memory in use.
PERFORMANCE: 230000  averaging 122.243 ns/day, 0.00141358 sec/step with standard deviation 0.0004919
ENERGY:  230000       427.5068      1170.2998      1140.1806        71.9490        -114157.0001      9815.5803         0.0000         0.0000     18512.5479         -83018.9357       300.9559   -101531.4836    -82923.6901       302.5089            149.3937       149.6393    300554.0034        47.9397        47.6437

TIMING: 235000  CPU: 326.762, 0.00129787/step  Wall: 337.998, 0.00134469/step, 128.505 ns/days, 0.0989843 hours remaining, 0.000000 MB of memory in use.
PERFORMANCE: 235000  averaging 122.37 ns/day, 0.00141211 sec/step with standard deviation 0.000486628
ENERGY:  235000       433.6964      1185.9095      1137.7356        84.6578        -113977.7218      9769.7799         0.0000         0.0000     18593.2383         -82772.7043       302.2676   -101365.9427    -82885.1494       302.5433             -3.5107        -4.2370    301668.9003        57.8737        57.3191

TIMING: 240000  CPU: 333.004, 0.00124849/step  Wall: 344.463, 0.00129306/step, 133.636 ns/days, 0.093388 hours remaining, 0.000000 MB of memory in use.
PERFORMANCE: 240000  averaging 122.585 ns/day, 0.00140963 sec/step with standard deviation 0.000481729
ENERGY:  240000       446.4555      1111.0713      1144.0431        72.7698        -113782.2981      9700.3111         0.0000         0.0000     18594.7485         -82712.8988       302.2922   -101307.6474    -82878.8930       302.4976            -95.0414       -93.7223    301668.7773        52.3469        51.7902

TIMING: 245000  CPU: 339.393, 0.00127771/step  Wall: 351.097, 0.00132662/step, 130.256 ns/days, 0.093969 hours remaining, 0.000000 MB of memory in use.
PERFORMANCE: 245000  averaging 122.733 ns/day, 0.00140794 sec/step with standard deviation 0.000476832
ENERGY:  245000       471.2324      1114.4136      1148.5782        68.1965        -113878.3284      9761.4880         0.0000         0.0000     18533.3657         -82781.0540       301.2943   -101314.4197    -82864.4377       302.4272             40.9710        39.5899    300327.7168        54.6679        53.8896

TIMING: 250000  CPU: 345.748, 0.00127113/step  Wall: 357.683, 0.0013172/step, 131.188 ns/days, 0.091472 hours remaining, 0.000000 MB of memory in use.
PERFORMANCE: 250000  averaging 122.891 ns/day, 0.00140612 sec/step with standard deviation 0.000472116
ETITLE:      TS           BOND          ANGLE          DIHED          IMPRP               ELECT            VDW       BOUNDARY           MISC        KINETIC               TOTAL           TEMP      POTENTIAL       TOTALAVG        TEMPAVG            PRESSURE      GPRESSURE         VOLUME       PRESSAVG      GPRESSAVG

ENERGY:  250000       395.9770      1099.1559      1101.5135        84.7993        -114464.4793     10115.8781         0.0000         0.0000     18962.1885         -82704.9669       308.2656   -101667.1554    -82862.2545       302.6446            358.3291       360.3845    299721.1904        65.4081        64.7970

TIMING: 255000  CPU: 352.027, 0.00125569/step  Wall: 364.197, 0.0013029/step, 132.627 ns/days, 0.0886696 hours remaining, 0.000000 MB of memory in use.
PERFORMANCE: 255000  averaging 123.068 ns/day, 0.0014041 sec/step with standard deviation 0.000467595
ENERGY:  255000       436.9296      1148.5021      1117.6053        68.2672        -114008.3401      9749.0337         0.0000         0.0000     18608.5281         -82879.4742       302.5162   -101488.0022    -82866.6857       302.6386            111.1710       117.3170    301183.7931        52.1984        51.9887

TIMING: 260000  CPU: 358.526, 0.00129984/step  Wall: 370.926, 0.00134573/step, 128.406 ns/days, 0.0897153 hours remaining, 0.000000 MB of memory in use.
PERFORMANCE: 260000  averaging 123.167 ns/day, 0.00140298 sec/step with standard deviation 0.000463058
ENERGY:  260000       441.4466      1131.0275      1115.7246        68.4043        -114027.8536      9815.0668         0.0000         0.0000     18544.7187         -82911.4650       301.4788   -101456.1837    -82863.8725       302.6604            -78.6980       -76.2772    300765.3517        38.9642        39.0251

TIMING: 265000  CPU: 364.753, 0.0012454/step  Wall: 377.394, 0.00129368/step, 133.572 ns/days, 0.0844486 hours remaining, 0.000000 MB of memory in use.
PERFORMANCE: 265000  averaging 123.348 ns/day, 0.00140092 sec/step with standard deviation 0.00045883
ENERGY:  265000       444.8668      1115.1669      1125.3150        69.8208        -114240.6656      9813.1110         0.0000         0.0000     18547.0858         -83125.2993       301.5173   -101672.3851    -82892.1636       302.4088            -17.3023       -12.5937    299642.3331        42.0623        42.6000

TIMING: 270000  CPU: 371.289, 0.00130717/step  Wall: 384.174, 0.00135608/step, 127.426 ns/days, 0.0866386 hours remaining, 0.000000 MB of memory in use.
PERFORMANCE: 270000  averaging 123.421 ns/day, 0.00140009 sec/step with standard deviation 0.000454522
ENERGY:  270000       400.6992      1173.5712      1133.9040        74.2226        -114124.8208      9814.3542         0.0000         0.0000     18551.0563         -82977.0133       301.5819   -101528.0696    -82888.3439       302.4274             58.4620        56.1573    300936.5383        44.9385        45.1494

TIMING: 275000  CPU: 377.648, 0.00127178/step  Wall: 390.775, 0.00132007/step, 130.902 ns/days, 0.0825045 hours remaining, 0.000000 MB of memory in use.
PERFORMANCE: 275000  averaging 123.549 ns/day, 0.00139863 sec/step with standard deviation 0.000450423
ENERGY:  275000       450.9611      1126.7015      1098.4359        66.2865        -114238.4164      9959.7281         0.0000         0.0000     18602.6982         -82933.6050       302.4214   -101536.3032    -82886.0733       302.4024            112.0069       109.8784    300986.5236        48.2884        48.5620

TIMING: 280000  CPU: 384.117, 0.00129382/step  Wall: 397.485, 0.00134204/step, 128.76 ns/days, 0.0820133 hours remaining, 0.000000 MB of memory in use.
PERFORMANCE: 280000  averaging 123.639 ns/day, 0.00139762 sec/step with standard deviation 0.000446373
ENERGY:  280000       417.1391      1083.9277      1148.3671        68.0779        -114101.7565      9850.0307         0.0000         0.0000     18587.9953         -82946.2188       302.1824   -101534.2140    -82902.5796       302.2479             88.5088        92.1774    298677.0417        49.2201        49.6619

TIMING: 285000  CPU: 390.368, 0.00125021/step  Wall: 403.966, 0.00129617/step, 133.316 ns/days, 0.07741 hours remaining, 0.000000 MB of memory in use.
PERFORMANCE: 285000  averaging 123.796 ns/day, 0.00139584 sec/step with standard deviation 0.000442574
ENERGY:  285000       442.1673      1119.1969      1117.4059        72.4374        -113825.5718      9661.3094         0.0000         0.0000     18589.1894         -82823.8656       302.2018   -101413.0550    -82906.7842       302.2371           -254.6466      -251.5232    302086.8937        41.7380        42.1304

TIMING: 290000  CPU: 396.733, 0.00127306/step  Wall: 410.561, 0.00131905/step, 131.003 ns/days, 0.0769448 hours remaining, 0.000000 MB of memory in use.
PERFORMANCE: 290000  averaging 123.914 ns/day, 0.00139452 sec/step with standard deviation 0.00043879
ENERGY:  290000       369.9895      1146.9834      1113.0525        74.6606        -114301.2079      9925.2897         0.0000         0.0000     18701.6423         -82969.5898       304.0299   -101671.2322    -82904.8800       302.3179            284.4410       286.8112    299698.3115        58.0321        58.6661

TIMING: 295000  CPU: 403.128, 0.00127887/step  Wall: 417.187, 0.00132517/step, 130.399 ns/days, 0.0754608 hours remaining, 0.000000 MB of memory in use.
PERFORMANCE: 295000  averaging 124.018 ns/day, 0.00139334 sec/step with standard deviation 0.000435085
ENERGY:  295000       418.8944      1095.9375      1135.0104        75.6899        -114012.0457      9542.0297         0.0000         0.0000     18540.6922         -83203.7916       301.4134   -101744.4838    -82927.7153       302.1778           -379.9606      -376.0770    302614.2412        37.8873        38.8326

TIMING: 300000  CPU: 409.383, 0.00125115/step  Wall: 423.689, 0.00130041/step, 132.881 ns/days, 0.0722451 hours remaining, 0.000000 MB of memory in use.
PERFORMANCE: 300000  averaging 124.156 ns/day, 0.00139179 sec/step with standard deviation 0.000431549
ETITLE:      TS           BOND          ANGLE          DIHED          IMPRP               ELECT            VDW       BOUNDARY           MISC        KINETIC               TOTAL           TEMP      POTENTIAL       TOTALAVG        TEMPAVG            PRESSURE      GPRESSURE         VOLUME       PRESSAVG      GPRESSAVG

ENERGY:  300000       422.7325      1093.4366      1142.7139        61.8447        -113961.1027      9835.4820         0.0000         0.0000     18654.1592         -82750.7338       303.2580   -101404.8931    -82920.2603       302.2259            135.4059       135.3022    301157.7504        33.9633        34.8363

TIMING: 305000  CPU: 415.887, 0.00130069/step  Wall: 430.431, 0.0013483/step, 128.161 ns/days, 0.0730331 hours remaining, 0.000000 MB of memory in use.
PERFORMANCE: 305000  averaging 124.22 ns/day, 0.00139108 sec/step with standard deviation 0.000427974
ENERGY:  305000       446.9044      1095.4610      1120.2720        62.4384        -114319.6292      9963.2672         0.0000         0.0000     18575.7434         -83055.5428       301.9832   -101631.2862    -82932.5052       302.1125            220.2382       221.2501    300044.4539        48.1038        48.9030

TIMING: 310000  CPU: 423.033, 0.00142929/step  Wall: 437.803, 0.0014745/step, 117.192 ns/days, 0.0778208 hours remaining, 0.000000 MB of memory in use.
PERFORMANCE: 310000  averaging 124.1 ns/day, 0.00139242 sec/step with standard deviation 0.000424583
ENERGY:  310000       433.3303      1160.7259      1116.5448        64.4013        -114209.8247     10020.9904         0.0000         0.0000     18530.4270         -82883.4049       301.2465   -101413.8319    -82923.4822       302.1347            289.9155       286.4914    300518.1642        55.9581        56.7051

TIMING: 315000  CPU: 429.496, 0.00129265/step  Wall: 444.49, 0.00133731/step, 129.215 ns/days, 0.0687227 hours remaining, 0.000000 MB of memory in use.
PERFORMANCE: 315000  averaging 124.178 ns/day, 0.00139155 sec/step with standard deviation 0.000421203
ENERGY:  315000       418.0140      1138.7178      1104.2564        73.2003        -113904.3429      9781.1917         0.0000         0.0000     18611.2593         -82777.7035       302.5606   -101388.9628    -82914.5240       302.1805            -34.2647       -35.0721    302371.3594        62.5616        63.3983

TIMING: 320000  CPU: 435.782, 0.00125714/step  Wall: 451.004, 0.00130296/step, 132.621 ns/days, 0.065148 hours remaining, 0.000000 MB of memory in use.
PERFORMANCE: 320000  averaging 124.302 ns/day, 0.00139017 sec/step with standard deviation 0.000417993
ENERGY:  320000       417.9150      1134.1905      1124.7752        72.4978        -113956.3086      9887.0443         0.0000         0.0000     18521.5867         -82798.2992       301.1028   -101319.8859    -82904.8806       302.1797            181.4509       177.8301    301257.8106        69.6272        70.4874

TIMING: 325000  CPU: 442.247, 0.00129299/step  Wall: 457.705, 0.00134015/step, 128.94 ns/days, 0.0651464 hours remaining, 0.000000 MB of memory in use.
PERFORMANCE: 325000  averaging 124.371 ns/day, 0.0013894 sec/step with standard deviation 0.000414761
ENERGY:  325000       466.2575      1129.6598      1123.3114        63.3510        -114044.1703      9686.2068         0.0000         0.0000     18603.4032         -82971.9806       302.4329   -101575.3838    -82899.9274       302.3501           -155.8131      -157.5290    301138.9746        50.5528        51.2899

TIMING: 330000  CPU: 448.496, 0.00124976/step  Wall: 464.187, 0.00129631/step, 133.301 ns/days, 0.0612146 hours remaining, 0.000000 MB of memory in use.
PERFORMANCE: 330000  averaging 124.497 ns/day, 0.00138799 sec/step with standard deviation 0.000411718
ENERGY:  330000       414.9360      1147.5902      1141.0496        67.8533        -114020.1194      9570.8335         0.0000         0.0000     18576.0476         -83101.8092       301.9882   -101677.8567    -82904.0710       302.4017           -154.8357      -156.1960    300528.8396        35.3414        35.9981

TIMING: 335000  CPU: 454.892, 0.00127923/step  Wall: 470.824, 0.00132743/step, 130.176 ns/days, 0.0608407 hours remaining, 0.000000 MB of memory in use.
PERFORMANCE: 335000  averaging 124.578 ns/day, 0.00138708 sec/step with standard deviation 0.000408654
ENERGY:  335000       420.9433      1124.1947      1120.2428        70.8161        -114238.5801      9842.5492         0.0000         0.0000     18494.7769         -83165.0571       300.6669   -101659.8340    -82923.6887       302.3217             23.8701        24.9797    299999.8016        36.7104        37.4589

TIMING: 340000  CPU: 461.238, 0.00126915/step  Wall: 477.415, 0.00131814/step, 131.094 ns/days, 0.0585838 hours remaining, 0.000000 MB of memory in use.
PERFORMANCE: 340000  averaging 124.669 ns/day, 0.00138607 sec/step with standard deviation 0.000405679
ENERGY:  340000       401.4567      1151.2465      1114.6572        64.7154        -113751.4216      9562.9453         0.0000         0.0000     18627.4170         -82828.9835       302.8233   -101456.4004    -82929.4929       302.3483            -89.8221       -89.6767    300332.7921        36.9714        37.6612

TIMING: 345000  CPU: 467.517, 0.00125578/step  Wall: 483.926, 0.00130228/step, 132.69 ns/days, 0.0560705 hours remaining, 0.000000 MB of memory in use.
PERFORMANCE: 345000  averaging 124.779 ns/day, 0.00138485 sec/step with standard deviation 0.000402811
ENERGY:  345000       422.2677      1094.7503      1135.7080        66.7823        -114029.9814      9641.3923         0.0000         0.0000     18571.5641         -83097.5167       301.9153   -101669.0808    -82945.3160       302.3793           -292.9836      -295.5648    300447.6410        20.2736        20.9035

TIMING: 350000  CPU: 474.004, 0.00129743/step  Wall: 490.704, 0.0013556/step, 127.471 ns/days, 0.0564835 hours remaining, 0.000000 MB of memory in use.
PERFORMANCE: 350000  averaging 124.816 ns/day, 0.00138444 sec/step with standard deviation 0.000399897
ETITLE:      TS           BOND          ANGLE          DIHED          IMPRP               ELECT            VDW       BOUNDARY           MISC        KINETIC               TOTAL           TEMP      POTENTIAL       TOTALAVG        TEMPAVG            PRESSURE      GPRESSURE         VOLUME       PRESSAVG      GPRESSAVG

ENERGY:  350000       435.9181      1152.0412      1136.8460        76.2102        -113913.5479      9608.1600         0.0000         0.0000     18698.9704         -82805.4021       303.9865   -101504.3725    -82950.3378       302.1654           -134.6703      -138.6717    300414.3471        -4.3763        -4.0493

TIMING: 355000  CPU: 480.32, 0.00126321/step  Wall: 497.269, 0.00131306/step, 131.601 ns/days, 0.0528872 hours remaining, 0.000000 MB of memory in use.
PERFORMANCE: 355000  averaging 124.907 ns/day, 0.00138343 sec/step with standard deviation 0.00039712
ENERGY:  355000       431.4768      1106.6275      1139.9476        72.7233        -113940.4575      9826.1000         0.0000         0.0000     18742.6511         -82620.9312       304.6966   -101363.5823    -82937.4106       302.2744             69.6925        67.8815    301572.9708        -6.4503        -6.5211

TIMING: 360000  CPU: 486.847, 0.00130539/step  Wall: 504.025, 0.00135111/step, 127.895 ns/days, 0.052543 hours remaining, 0.000000 MB of memory in use.
PERFORMANCE: 360000  averaging 124.947 ns/day, 0.00138298 sec/step with standard deviation 0.000394332
ENERGY:  360000       437.2473      1125.9995      1147.9440        74.5631        -114290.9013      9862.5347         0.0000         0.0000     18618.4433         -83024.1693       302.6774   -101642.6126    -82943.0459       302.3343             72.7416        74.7908    300302.7874         1.1217         1.0323

TIMING: 365000  CPU: 493.124, 0.00125543/step  Wall: 510.569, 0.00130881/step, 132.028 ns/days, 0.0490804 hours remaining, 0.000000 MB of memory in use.
PERFORMANCE: 365000  averaging 125.039 ns/day, 0.00138197 sec/step with standard deviation 0.000391681
ENERGY:  365000       434.7609      1143.0170      1125.8144        79.0581        -114222.6742      9842.2061         0.0000         0.0000     18463.4655         -83134.3524       300.1579   -101597.8178    -82943.4985       302.2663           -159.1898      -160.9140    302354.6370        -5.9727        -6.3837

TIMING: 370000  CPU: 499.758, 0.00132688/step  Wall: 517.445, 0.00137521/step, 125.654 ns/days, 0.0496604 hours remaining, 0.000000 MB of memory in use.
PERFORMANCE: 370000  averaging 125.048 ns/day, 0.00138187 sec/step with standard deviation 0.000388989
ENERGY:  370000       428.1887      1127.9503      1106.2516        72.5137        -114191.8251      9726.4795         0.0000         0.0000     18472.3987         -83258.0425       300.3032   -101730.4412    -82957.5500       302.2024            -12.5751       -12.3879    300305.5290        -9.5245        -9.8110

TIMING: 375000  CPU: 506.019, 0.00125212/step  Wall: 523.943, 0.00129952/step, 132.972 ns/days, 0.0451223 hours remaining, 0.000000 MB of memory in use.
PERFORMANCE: 375000  averaging 125.147 ns/day, 0.00138078 sec/step with standard deviation 0.000386469
ENERGY:  375000       433.6289      1148.6398      1116.0504        73.3123        -114145.8963      9704.5638         0.0000         0.0000     18541.3666         -83128.3345       301.4244   -101669.7011    -82967.2865       302.1526           -193.6198      -198.3578    301648.0148       -24.8058       -25.2228

TIMING: 380000  CPU: 512.414, 0.00127902/step  Wall: 530.579, 0.00132721/step, 130.198 ns/days, 0.0442403 hours remaining, 0.000000 MB of memory in use.
PERFORMANCE: 380000  averaging 125.211 ns/day, 0.00138007 sec/step with standard deviation 0.000383933
ENERGY:  380000       408.3941      1100.5455      1100.2983        73.2896        -113750.0397      9668.2332         0.0000         0.0000     18505.2806         -82893.9985       300.8377   -101399.2791    -82964.6754       302.0853            -25.2855       -22.1187    300859.1659       -30.4956       -30.9376

TIMING: 385000  CPU: 518.789, 0.00127501/step  Wall: 537.186, 0.0013215/step, 130.761 ns/days, 0.0422145 hours remaining, 0.000000 MB of memory in use.
PERFORMANCE: 385000  averaging 125.28 ns/day, 0.00137931 sec/step with standard deviation 0.000381457
ENERGY:  385000       457.1972      1143.3150      1129.7319        71.7166        -114108.0929      9711.1031         0.0000         0.0000     18598.8731         -82996.1559       302.3592   -101595.0290    -82973.2900       302.0932            -58.8690       -55.1943    301385.0328       -20.7067       -21.1211

TIMING: 390000  CPU: 525.035, 0.00124922/step  Wall: 543.655, 0.00129376/step, 133.564 ns/days, 0.0395316 hours remaining, 0.000000 MB of memory in use.
PERFORMANCE: 390000  averaging 125.38 ns/day, 0.00137821 sec/step with standard deviation 0.000379096
ENERGY:  390000       443.9276      1141.0156      1115.6448        78.7775        -114261.5887      9899.8460         0.0000         0.0000     18555.4207         -83026.9566       301.6528   -101582.3773    -82976.1583       301.9743             55.4727        56.8858    300496.9462       -32.1551       -32.6174

TIMING: 395000  CPU: 531.59, 0.00131098/step  Wall: 550.451, 0.00135921/step, 127.132 ns/days, 0.0396437 hours remaining, 0.000000 MB of memory in use.
PERFORMANCE: 395000  averaging 125.402 ns/day, 0.00137797 sec/step with standard deviation 0.000376664
ENERGY:  395000       422.2897      1126.5183      1122.6415        74.7750        -114018.4783      9870.6759         0.0000         0.0000     18616.5338         -82785.0441       302.6463   -101401.5779    -82955.2209       302.0360             70.6085        76.6717    301061.4954        -9.6266        -9.9800

TIMING: 400000  CPU: 537.892, 0.00126035/step  Wall: 556.996, 0.00130892/step, 132.018 ns/days, 0.0363588 hours remaining, 0.000000 MB of memory in use.
PERFORMANCE: 400000  averaging 125.48 ns/day, 0.00137711 sec/step with standard deviation 0.000374352
ETITLE:      TS           BOND          ANGLE          DIHED          IMPRP               ELECT            VDW       BOUNDARY           MISC        KINETIC               TOTAL           TEMP      POTENTIAL       TOTALAVG        TEMPAVG            PRESSURE      GPRESSURE         VOLUME       PRESSAVG      GPRESSAVG

ENERGY:  400000       437.8270      1133.4931      1109.5626        71.0706        -114763.2018     10233.5363         0.0000         0.0000     18583.5994         -83194.1128       302.1109   -101777.7122    -82977.3899       301.9786            326.3519       328.4935    299867.9934        -0.0794        -0.3204

TIMING: 405000  CPU: 544.418, 0.00130523/step  Wall: 563.755, 0.00135191/step, 127.819 ns/days, 0.0356754 hours remaining, 0.000000 MB of memory in use.
PERFORMANCE: 405000  averaging 125.508 ns/day, 0.0013768 sec/step with standard deviation 0.000372016
ENERGY:  405000       423.7217      1155.9213      1101.4266        75.6794        -114215.4741      9746.7696         0.0000         0.0000     18588.4250         -83123.5305       302.1894   -101711.9555    -82980.7892       301.9889            -94.1216       -91.4228    300675.2428       -15.7973       -15.9541

TIMING: 410000  CPU: 550.695, 0.00125541/step  Wall: 570.278, 0.00130467/step, 132.447 ns/days, 0.0326167 hours remaining, 0.000000 MB of memory in use.
PERFORMANCE: 410000  averaging 125.589 ns/day, 0.00137592 sec/step with standard deviation 0.000369798
ENERGY:  410000       425.5379      1143.2331      1122.1343        75.1565        -114276.8662      9860.9217         0.0000         0.0000     18522.4140         -83127.4687       301.1162   -101649.8827    -82992.9924       301.9824             78.8677        80.2510    301026.4624       -26.3497       -26.2661

TIMING: 415000  CPU: 557.281, 0.0013171/step  Wall: 577.093, 0.00136285/step, 126.793 ns/days, 0.0321784 hours remaining, 0.000000 MB of memory in use.
PERFORMANCE: 415000  averaging 125.603 ns/day, 0.00137576 sec/step with standard deviation 0.000367539
ENERGY:  415000       414.6948      1138.9921      1126.7387        76.1231        -114282.1688      9781.0874         0.0000         0.0000     18641.9995         -83102.5332       303.0603   -101744.5327    -83009.2339       302.0074             84.8572        83.8955    300171.6615       -20.3936       -20.3177

TIMING: 420000  CPU: 563.585, 0.00126081/step  Wall: 583.643, 0.00131011/step, 131.897 ns/days, 0.0291136 hours remaining, 0.000000 MB of memory in use.
PERFORMANCE: 420000  averaging 125.674 ns/day, 0.00137498 sec/step with standard deviation 0.000365388
ENERGY:  420000       421.8571      1106.7341      1129.4930        68.9333        -114241.6432      9830.0931         0.0000         0.0000     18439.6759         -83244.8566       299.7712   -101684.5326    -83031.5618       301.9408            151.0055       153.9458    299340.8718       -21.9159       -21.5119

TIMING: 425000  CPU: 570.003, 0.00128372/step  Wall: 590.304, 0.00133224/step, 129.706 ns/days, 0.0277551 hours remaining, 0.000000 MB of memory in use.
PERFORMANCE: 425000  averaging 125.72 ns/day, 0.00137448 sec/step with standard deviation 0.000363237
ENERGY:  425000       401.7397      1154.9186      1123.9980        71.1002        -114138.8102      9786.6131         0.0000         0.0000     18696.7692         -82903.6715       303.9507   -101600.4406    -83028.1463       302.0167           -101.2020      -100.3936    300468.0072       -19.1853       -18.6551

TIMING: 430000  CPU: 576.312, 0.00126167/step  Wall: 596.844, 0.00130786/step, 132.124 ns/days, 0.0254306 hours remaining, 0.000000 MB of memory in use.
PERFORMANCE: 430000  averaging 125.791 ns/day, 0.0013737 sec/step with standard deviation 0.000361165
ENERGY:  430000       450.6265      1157.0167      1129.8291        72.1922        -114189.8451      9780.7325         0.0000         0.0000     18521.2498         -83078.1982       301.0973   -101599.4480    -83026.9658       301.9722           -135.2584      -134.8119    301096.2100       -18.2065       -17.5859

TIMING: 435000  CPU: 582.57, 0.0012516/step  Wall: 603.338, 0.00129879/step, 133.047 ns/days, 0.0234504 hours remaining, 0.000000 MB of memory in use.
PERFORMANCE: 435000  averaging 125.87 ns/day, 0.00137284 sec/step with standard deviation 0.000359149
ENERGY:  435000       402.8818      1085.6229      1130.6384        80.8092        -114378.9167      9905.4265         0.0000         0.0000     18509.3912         -83264.1468       300.9045   -101773.5380    -83031.9203       301.9841            174.3189       175.0696    299697.0848       -10.6840       -10.0814

TIMING: 440000  CPU: 589.101, 0.00130624/step  Wall: 610.11, 0.00135448/step, 127.577 ns/days, 0.0225746 hours remaining, 0.000000 MB of memory in use.
PERFORMANCE: 440000  averaging 125.889 ns/day, 0.00137263 sec/step with standard deviation 0.000357084
ENERGY:  440000       456.6837      1140.2716      1111.0271        79.8940        -114212.5972      9820.8352         0.0000         0.0000     18624.6163         -82979.2693       302.7777   -101603.8856    -83039.4346       301.9818             54.8944        57.2705    299750.6893        -3.4482        -2.7341

TIMING: 445000  CPU: 595.373, 0.00125441/step  Wall: 616.613, 0.00130063/step, 132.858 ns/days, 0.0198708 hours remaining, 0.000000 MB of memory in use.
PERFORMANCE: 445000  averaging 125.964 ns/day, 0.00137182 sec/step with standard deviation 0.000355132
ENERGY:  445000       412.0785      1134.3573      1125.2239        79.7862        -114497.9653      9832.8131         0.0000         0.0000     18567.4028         -83346.3036       301.8476   -101913.7064    -83051.8739       301.9784            -66.8646       -60.6282    300733.0486         7.8577         9.0127

TIMING: 450000  CPU: 601.864, 0.00129824/step  Wall: 623.353, 0.00134794/step, 128.196 ns/days, 0.0187214 hours remaining, 0.000000 MB of memory in use.
PERFORMANCE: 450000  averaging 125.988 ns/day, 0.00137156 sec/step with standard deviation 0.00035314
ETITLE:      TS           BOND          ANGLE          DIHED          IMPRP               ELECT            VDW       BOUNDARY           MISC        KINETIC               TOTAL           TEMP      POTENTIAL       TOTALAVG        TEMPAVG            PRESSURE      GPRESSURE         VOLUME       PRESSAVG      GPRESSAVG

ENERGY:  450000       427.3149      1104.5005      1115.5484        75.4064        -113831.5137      9623.0757         0.0000         0.0000     18605.3942         -82880.2735       302.4652   -101485.6677    -83055.6175       301.9023           -153.7370      -154.3869    301839.8941         6.9044         8.2270

TIMING: 455000  CPU: 608.2, 0.00126714/step  Wall: 629.918, 0.00131307/step, 131.6 ns/days, 0.0164134 hours remaining, 0.000000 MB of memory in use.
PERFORMANCE: 455000  averaging 126.047 ns/day, 0.00137092 sec/step with standard deviation 0.000351226
ENERGY:  455000       427.5006      1112.2966      1103.5711        65.8989        -114007.6244      9709.8807         0.0000         0.0000     18525.2284         -83063.2481       301.1620   -101588.4765    -83077.7333       301.7256           -155.8341      -154.9816    301356.4041        -4.3719        -2.9162

TIMING: 460000  CPU: 614.636, 0.00128721/step  Wall: 636.596, 0.00133561/step, 129.379 ns/days, 0.0148401 hours remaining, 0.000000 MB of memory in use.
PERFORMANCE: 460000  averaging 126.082 ns/day, 0.00137053 sec/step with standard deviation 0.00034931
ENERGY:  460000       453.7203      1160.2073      1097.0857        71.3557        -114477.2453      9787.8287         0.0000         0.0000     18855.0985         -83051.9492       306.5246   -101907.0477    -83079.1223       301.9180             80.7466        79.3987    299557.9763        -3.9717        -2.6858

TIMING: 465000  CPU: 620.978, 0.00126838/step  Wall: 643.183, 0.00131743/step, 131.165 ns/days, 0.0128083 hours remaining, 0.000000 MB of memory in use.
PERFORMANCE: 465000  averaging 126.135 ns/day, 0.00136996 sec/step with standard deviation 0.00034745
ENERGY:  465000       403.3433      1122.6138      1110.9407        74.5134        -114063.4909      9880.3984         0.0000         0.0000     18686.1585         -82785.5227       303.7782   -101471.6813    -83061.6808       302.0990            153.9811       157.7750    300637.4073        11.6869        13.2487

TIMING: 470000  CPU: 627.25, 0.00125443/step  Wall: 649.685, 0.00130028/step, 132.894 ns/days, 0.0108357 hours remaining, 0.000000 MB of memory in use.
PERFORMANCE: 470000  averaging 126.203 ns/day, 0.00136922 sec/step with standard deviation 0.000345652
ENERGY:  470000       432.7866      1113.9452      1094.7781        69.7733        -114330.6404      9796.1047         0.0000         0.0000     18446.8002         -83376.4523       299.8870   -101823.2525    -83067.6013       302.0782            -45.1061       -40.2763    301150.0918        10.0603        11.8543

TIMING: 475000  CPU: 633.827, 0.00131538/step  Wall: 656.491, 0.00136125/step, 126.942 ns/days, 0.00945314 hours remaining, 0.000000 MB of memory in use.
PERFORMANCE: 475000  averaging 126.211 ns/day, 0.00136914 sec/step with standard deviation 0.000343809
ENERGY:  475000       462.1810      1115.5700      1132.9479        75.6411        -113879.2592      9561.8139         0.0000         0.0000     18530.2737         -83000.8317       301.2440   -101531.1054    -83061.2262       302.0692           -255.2038      -252.4697    300647.6348         6.9811         9.1487

TIMING: 480000  CPU: 640.07, 0.00124863/step  Wall: 662.97, 0.00129573/step, 133.361 ns/days, 0.00719852 hours remaining, 0.000000 MB of memory in use.
PERFORMANCE: 480000  averaging 126.281 ns/day, 0.00136837 sec/step with standard deviation 0.000342077
ENERGY:  480000       418.3442      1120.1853      1131.6610        66.3459        -114101.8728      9840.0086         0.0000         0.0000     18476.0428         -83049.2849       300.3624   -101525.3278    -83068.9905       302.0454              8.3166         8.6720    300911.8791         8.6612        10.6882

TIMING: 485000  CPU: 646.545, 0.00129505/step  Wall: 669.674, 0.00134084/step, 128.875 ns/days, 0.00558682 hours remaining, 0.000000 MB of memory in use.
PERFORMANCE: 485000  averaging 126.308 ns/day, 0.00136809 sec/step with standard deviation 0.000340302
ENERGY:  485000       446.9375      1138.0478      1102.2707        75.9005        -114282.4951      9734.9952         0.0000         0.0000     18615.0163         -83169.3271       302.6217   -101784.3434    -83077.6491       302.0585           -109.0026      -110.3087    300451.0433         6.1545         7.9325

TIMING: 490000  CPU: 652.87, 0.001265/step  Wall: 676.236, 0.00131245/step, 131.662 ns/days, 0.0036457 hours remaining, 0.000000 MB of memory in use.
PERFORMANCE: 490000  averaging 126.36 ns/day, 0.00136752 sec/step with standard deviation 0.00033859
ENERGY:  490000       453.9806      1102.2185      1126.5595        67.6218        -113974.7721      9800.7202         0.0000         0.0000     18779.6568         -82644.0146       305.2982   -101423.6714    -83058.5020       302.2408           -126.7497      -122.4383    299787.8202        -2.9566        -1.0337

TIMING: 495000  CPU: 659.356, 0.0012972/step  Wall: 682.97, 0.00134667/step, 128.316 ns/days, 0.00187038 hours remaining, 0.000000 MB of memory in use.
PERFORMANCE: 495000  averaging 126.38 ns/day, 0.00136731 sec/step with standard deviation 0.000336865
ENERGY:  495000       430.6745      1116.6095      1108.8943        66.4922        -113494.7541      9435.6695         0.0000         0.0000     18594.3356         -82742.0785       302.2855   -101336.4141    -83056.3537       302.2227           -158.5203      -155.0704    302029.8101       -14.4130       -12.6208

TIMING: 500000  CPU: 665.598, 0.00124847/step  Wall: 689.443, 0.00129459/step, 133.479 ns/days, 0 hours remaining, 0.000000 MB of memory in use.
PERFORMANCE: 500000  averaging 126.447 ns/day, 0.00136658 sec/step with standard deviation 0.000335238
ETITLE:      TS           BOND          ANGLE          DIHED          IMPRP               ELECT            VDW       BOUNDARY           MISC        KINETIC               TOTAL           TEMP      POTENTIAL       TOTALAVG        TEMPAVG            PRESSURE      GPRESSURE         VOLUME       PRESSAVG      GPRESSAVG

ENERGY:  500000       465.2286      1114.6962      1116.0088        66.8571        -113623.4719      9567.8824         0.0000         0.0000     18636.1189         -82656.6799       302.9647   -101292.7988    -83029.4820       302.2654            -15.4896       -18.9825    300632.9285       -31.5051       -29.9946

WRITING EXTENDED SYSTEM TO OUTPUT FILE AT STEP 500000
WRITING COORDINATES TO OUTPUT FILE AT STEP 500000
WRITING VELOCITIES TO OUTPUT FILE AT STEP 500000
The last velocity output (seq=-2) takes 0.075 seconds, 0.000 MB of memory in use
====================================================

WallClock: 692.802307  CPUTime: 649.437561  Memory: 0.000000 MB
[Partition 0][Node 0] End of program
