Charm++> Running on MPI library: Open MPI v4.1.5a1, package: Open MPI software@d001.sol.rc.asu.edu Distribution, ident: 4.1.5a1, repo rev: v4.1.4-32-g5abd86cc8c, Unreleased developer copy (MPI standard: 3.1)
Charm++> Level of thread support used: MPI_THREAD_FUNNELED (desired: MPI_THREAD_FUNNELED)
Charm++> Running in SMP mode: 1 processes, 45 worker threads (PEs) + 1 comm threads per process, 45 PEs total
Charm++> The comm. thread both sends and receives messages
Charm++> Using recursive bisection (scheme 3) for topology aware partitions
Converse/Charm++ Commit ID: v8.0.1-devel-35-gf310838d5
Charm++ communication thread will sleep due to single-process run.
CharmLB> Load balancer assumes all CPUs are same.
Charm++> cpu affinity enabled. 
Charm++> Running on 1 hosts (2 sockets x 24 cores x 1 PUs = 48-way SMP)
Charm++> cpu topology info is gathered in 0.003 seconds.
Info: Built with CUDA version 12090
Pe 2 physical rank 2 will use CUDA device of pe 32
Pe 3 physical rank 3 will use CUDA device of pe 32
Pe 5 physical rank 5 will use CUDA device of pe 32
Pe 4 physical rank 4 will use CUDA device of pe 32
Pe 1 physical rank 1 will use CUDA device of pe 32
Pe 16 physical rank 16 will use CUDA device of pe 32
Pe 26 physical rank 26 will use CUDA device of pe 32
Pe 27 physical rank 27 will use CUDA device of pe 32
Pe 25 physical rank 25 will use CUDA device of pe 32
Pe 24 physical rank 24 will use CUDA device of pe 32
Pe 28 physical rank 28 will use CUDA device of pe 32
Pe 23 physical rank 23 will use CUDA device of pe 32
Pe 43 physical rank 43 will use CUDA device of pe 32
Pe 42 physical rank 42 will use CUDA device of pe 32
Pe 41 physical rank 41 will use CUDA device of pe 32
Pe 44 physical rank 44 will use CUDA device of pe 32
Pe 40 physical rank 40 will use CUDA device of pe 32
Pe 0 physical rank 0 will use CUDA device of pe 32
Pe 22 physical rank 22 will use CUDA device of pe 32
Pe 18 physical rank 18 will use CUDA device of pe 32
Pe 19 physical rank 19 will use CUDA device of pe 32
Pe 20 physical rank 20 will use CUDA device of pe 32
Pe 17 physical rank 17 will use CUDA device of pe 32
Pe 14 physical rank 14 will use CUDA device of pe 32
Pe 21 physical rank 21 will use CUDA device of pe 32
Pe 13 physical rank 13 will use CUDA device of pe 32
Pe 9 physical rank 9 will use CUDA device of pe 32
Pe 30 physical rank 30 will use CUDA device of pe 32
Pe 31 physical rank 31 will use CUDA device of pe 32
Pe 34 physical rank 34 will use CUDA device of pe 32
Pe 33 physical rank 33 will use CUDA device of pe 32
Pe 7 physical rank 7 will use CUDA device of pe 32
Pe 36 physical rank 36 will use CUDA device of pe 32
Pe 11 physical rank 11 will use CUDA device of pe 32
Pe 29 physical rank 29 will use CUDA device of pe 32
Pe 32 physical rank 32 binding to CUDA device 0 on sg238: 'NVIDIA A100-SXM4-80GB'  Mem: 81152MB  Rev: 8.0  PCI: 0:1:0
Pe 8 physical rank 8 will use CUDA device of pe 32
Pe 10 physical rank 10 will use CUDA device of pe 32
Pe 37 physical rank 37 will use CUDA device of pe 32
Pe 38 physical rank 38 will use CUDA device of pe 32
Pe 35 physical rank 35 will use CUDA device of pe 32
Pe 15 physical rank 15 will use CUDA device of pe 32
Pe 12 physical rank 12 will use CUDA device of pe 32
Pe 39 physical rank 39 will use CUDA device of pe 32
Pe 6 physical rank 6 will use CUDA device of pe 32
CharmLB> Load balancing instrumentation for communication is off.
Info: NAMD 3.1alpha4pre for Linux-x86_64-MPI-smp-CUDA
Info: 
Info: Please visit http://www.ks.uiuc.edu/Research/namd/
Info: for updates, documentation, and support information.
Info: 
Info: Please cite Phillips et al., J. Chem. Phys. 153:044130 (2020) doi:10.1063/5.0014475
Info: in all publications reporting results obtained with NAMD.
Info: 
Info: Based on Charm++/Converse 80001 for mpi-linux-x86_64
Info: Built Fri Apr 17 06:27:28 MST 2026 by athiru12 on sg013
Info: Source code at Git commit ID 0de8a9017a5e517ce3382a552ac4a3debb0beccb
Info: 1 NAMD  3.1alpha4pre  Linux-x86_64-MPI-smp-CUDA  45    sg238  athiru12
Info: Running on 45 processors, 1 nodes, 1 physical nodes.
Info: CPU topology information available.
Info: Charm++/Converse parallel runtime startup completed at 2.20485 s
CkLoopLib is used in SMP with simple dynamic scheduling (converse-level notification)
Info: 0 MB of memory in use based on /proc/self/stat
Info: Configuration file is input/step5_streaming_streaming-3_run_4.inp
Info: Changed directory to input
TCL: Suspending until startup complete.
Warning: Option "1-4scaling" has been deprecated. Instead use "oneFourScaling".
Info: EXTENDED SYSTEM FILE   ../output/vanilla/performance/equil/1-0-40/run-1/step4_equilibration.xsc
Info: Tuning parameters to improve GPU-resident performance
Info: Setting margin to 4
Warning: The Langevin gamma parameters differ over the particles,
Warning: requiring extra work per step to constrain rigid bonds.
Info: Enabling PMEOffload because PMEInterpOrder > 4.
Info: Running with GPU-resident mode
Warning: Always using force tables for GPU nonbonded kernel due to unsupported config parameters.
Info: SIMULATION PARAMETERS:
Info: TIMESTEP               2
Info: NUMBER OF STEPS        500000
Info: STEPS PER CYCLE        20
Info: PERIODIC CELL BASIS 1  69 0 0
Info: PERIODIC CELL BASIS 2  0 69 0
Info: PERIODIC CELL BASIS 3  0 0 69
Info: PERIODIC CELL CENTER   0 0 0
Info: WRAPPING WATERS AROUND PERIODIC BOUNDARIES ON OUTPUT.
Info: WRAPPING ALL CLUSTERS AROUND PERIODIC BOUNDARIES ON OUTPUT.
Info: LOAD BALANCER  Centralized
Info: LOAD BALANCING STRATEGY  New Load Balancers -- DEFAULT
Info: LDB PERIOD             4000 steps
Info: FIRST LDB TIMESTEP     100
Info: LAST LDB TIMESTEP     -1
Info: LDB BACKGROUND SCALING 1
Info: HOM BACKGROUND SCALING 1
Info: PME BACKGROUND SCALING 1
Warning: OVERRIDING NOPATCH SETTING. Not supported with GPUresident on
Info: MIN ATOMS PER PATCH    40
Info: EMPTY PATCH LOAD       40 ATOMS
Info: VELOCITY FILE          ../output/vanilla/performance/equil/1-0-40/run-1/step4_equilibration.vel
Info: CENTER OF MASS MOVING INITIALLY? NO
Info: DIELECTRIC             1
Info: EXCLUDE                SCALED ONE-FOUR
Info: 1-4 ELECTROSTATICS SCALED BY 1
Info: MODIFIED 1-4 VDW PARAMETERS WILL BE USED
Info: NO DCD TRAJECTORY OUTPUT
Info: NO EXTENDED SYSTEM TRAJECTORY OUTPUT
Info: NO VELOCITY DCD OUTPUT
Info: NO FORCE DCD OUTPUT
Info: OUTPUT FILENAME        ../output/streaming-3/performance/prod/1-1-45/frequency-8/run-4/step5_streaming
Info: BINARY OUTPUT FILES WILL BE USED
Info: NO RESTART FILE
Info: NAMD will save positions and velocities to ../output/streaming-3/performance/prod/1-1-45/frequency-8/run-4/step5_streaming.crash.csv when  atoms are moving too fast.
Info: SWITCHING ACTIVE
Info: VDW FORCE SWITCHING ACTIVE
Info: SWITCHING ON           10
Info: SWITCHING OFF          12
Info: PAIRLIST DISTANCE      16
Info: PAIRLIST SHRINK RATE   0.01
Info: PAIRLIST GROW RATE     0.01
Info: PAIRLIST TRIGGER       0.3
Info: PAIRLISTS PER CYCLE    2
Info: PAIRLISTS ENABLED
Info: MARGIN                 4
Info: HYDROGEN GROUP CUTOFF  2.5
Info: PATCH DIMENSION        22.5
Info: ENERGY OUTPUT STEPS    5000
Info: ENERGY EVALUATION STEPS    5000
Info: OUTPUT ENERGY PRECISION 4
Info: CROSSTERM ENERGY INCLUDED IN DIHEDRAL
Info: TIMING OUTPUT STEPS    5000
Info: INTERACTIVE MD ACTIVE
Info: INTERACTIVE MD VERSION    3
Info: INTERACTIVE MD PORT    8889
Info: INTERACTIVE MD FREQ    8
Info: WILL AWAIT INTERACTIVE MD CONNECTION
Info: INTERACTIVE MD WILL SEND THE FOLLOWING:
Info: WRAPPED COORDINATES
Info: VELOCITIES
Info: FORCES
Info: LANGEVIN DYNAMICS ACTIVE
Info: LANGEVIN TEMPERATURE   303.15
Info: LANGEVIN USING BBK INTEGRATOR
Info: LANGEVIN DAMPING COEFFICIENT IS 1 INVERSE PS
Info: LANGEVIN DYNAMICS NOT APPLIED TO HYDROGENS
Info: LANGEVIN PISTON PRESSURE CONTROL ACTIVE
Info:        TARGET PRESSURE IS 1.01325 BAR
Info:     OSCILLATION PERIOD IS 50 FS
Info:             DECAY TIME IS 25 FS
Info:     PISTON TEMPERATURE IS 303.15 K
Info:       PRESSURE CONTROL IS GROUP-BASED
Info:    INITIAL STRAIN RATE IS 0 0 0
Info:       CELL FLUCTUATION IS ISOTROPIC
Info: PARTICLE MESH EWALD (PME) ACTIVE
Info: PME TOLERANCE               1e-06
Info: PME EWALD COEFFICIENT       0.257952
Info: PME INTERPOLATION ORDER     6
Info: PME GRID DIMENSIONS         72 72 72
Info: PME MAXIMUM GRID SPACING    1
Info: PME RECIPROCAL SUM OFFLOADED TO GPU
Info: PME CALCULATION WILL BE PERFORMED ON GPU
Info: FULL ELECTROSTATIC EVALUATION FREQUENCY      1
Info: USING VERLET I (r-RESPA) MTS SCHEME.
Info: C1 SPLITTING OF LONG RANGE ELECTROSTATICS
Info: PLACING ATOMS IN PATCHES BY HYDROGEN GROUPS
Info: RIGID BONDS TO HYDROGEN : ALL
Info:         ERROR TOLERANCE : 1e-08
Info:          MAX ITERATIONS : 100
Info: RIGID WATER USING SETTLE ALGORITHM
Info: RANDOM NUMBER SEED     1776867782
Info: USE HYDROGEN BONDS?    NO
Info: COORDINATE PDB         step3_input.pdb
Info: STRUCTURE FILE         step3_input.psf
Info: PARAMETER file: CHARMM format! 
Info: PARAMETERS             toppar/par_all36m_prot.prm
Info: PARAMETERS             toppar/par_all36_na.prm
Info: PARAMETERS             toppar/par_all36_carb.prm
Info: PARAMETERS             toppar/par_all36_lipid.prm
Info: PARAMETERS             toppar/par_all36_cgenff.prm
Info: PARAMETERS             toppar/par_interface.prm
Info: PARAMETERS             toppar/toppar_all36_moreions.str
Info: PARAMETERS             toppar/toppar_all36_nano_lig.str
Info: PARAMETERS             toppar/toppar_all36_nano_lig_patch.str
Info: PARAMETERS             toppar/toppar_all36_synthetic_polymer.str
Info: PARAMETERS             toppar/toppar_all36_synthetic_polymer_patch.str
Info: PARAMETERS             toppar/toppar_all36_polymer_solvent.str
Info: PARAMETERS             toppar/toppar_water_ions.str
Info: PARAMETERS             toppar/toppar_dum_noble_gases.str
Info: PARAMETERS             toppar/toppar_ions_won.str
Info: PARAMETERS             toppar/cam.str
Info: PARAMETERS             toppar/toppar_all36_prot_arg0.str
Info: PARAMETERS             toppar/toppar_all36_prot_c36m_d_aminoacids.str
Info: PARAMETERS             toppar/toppar_all36_prot_fluoro_alkanes.str
Info: PARAMETERS             toppar/toppar_all36_prot_heme.str
Info: PARAMETERS             toppar/toppar_all36_prot_na_combined.str
Info: PARAMETERS             toppar/toppar_all36_prot_retinol.str
Info: PARAMETERS             toppar/toppar_all36_prot_model.str
Info: PARAMETERS             toppar/toppar_all36_prot_modify_res.str
Info: PARAMETERS             toppar/toppar_all36_na_nad_ppi.str
Info: PARAMETERS             toppar/toppar_all36_na_rna_modified.str
Info: PARAMETERS             toppar/toppar_all36_lipid_sphingo.str
Info: PARAMETERS             toppar/toppar_all36_lipid_archaeal.str
Info: PARAMETERS             toppar/toppar_all36_lipid_bacterial.str
Info: PARAMETERS             toppar/toppar_all36_lipid_cardiolipin.str
Info: PARAMETERS             toppar/toppar_all36_lipid_cholesterol.str
Info: PARAMETERS             toppar/toppar_all36_lipid_dag.str
Info: PARAMETERS             toppar/toppar_all36_lipid_inositol.str
Info: PARAMETERS             toppar/toppar_all36_lipid_lnp.str
Info: PARAMETERS             toppar/toppar_all36_lipid_lps.str
Info: PARAMETERS             toppar/toppar_all36_lipid_mycobacterial.str
Info: PARAMETERS             toppar/toppar_all36_lipid_miscellaneous.str
Info: PARAMETERS             toppar/toppar_all36_lipid_model.str
Info: PARAMETERS             toppar/toppar_all36_lipid_prot.str
Info: PARAMETERS             toppar/toppar_all36_lipid_tag.str
Info: PARAMETERS             toppar/toppar_all36_lipid_yeast.str
Info: PARAMETERS             toppar/toppar_all36_lipid_hmmm.str
Info: PARAMETERS             toppar/toppar_all36_lipid_detergent.str
Info: PARAMETERS             toppar/toppar_all36_lipid_ether.str
Info: PARAMETERS             toppar/toppar_all36_lipid_oxidized.str
Info: PARAMETERS             toppar/toppar_all36_carb_glycolipid.str
Info: PARAMETERS             toppar/toppar_all36_carb_glycopeptide.str
Info: PARAMETERS             toppar/toppar_all36_carb_imlab.str
Info: PARAMETERS             toppar/toppar_all36_label_spin.str
Info: PARAMETERS             toppar/toppar_all36_label_fluorophore.str
Info: USING ARITHMETIC MEAN TO COMBINE L-J SIGMA PARAMETERS
Info: BINARY COORDINATES     ../output/vanilla/performance/equil/1-0-40/run-1/step4_equilibration.coor
Warning: SKIPPING PART OF PARAMETER FILE AFTER RETURN STATEMENT

Warning: DUPLICATE DIHEDRAL ENTRY FOR HAL1-CTO1-C-NHL
PREVIOUS VALUES MULTIPLICITY: 1
  k=0  n=1  delta=0INCREASING MULTIPLICITY TO: 2
  k=0  n=3  delta=0

Warning: DUPLICATE DIHEDRAL ENTRY FOR HAL1-CTO1-C-O
PREVIOUS VALUES MULTIPLICITY: 1
  k=0  n=1  delta=0INCREASING MULTIPLICITY TO: 2
  k=0  n=2  delta=3.14159
Warning: SKIPPING PART OF PARAMETER FILE AFTER RETURN STATEMENT

Warning: DUPLICATE DIHEDRAL ENTRY FOR CTL2-CG2O5-CTL1-CTL3
PREVIOUS VALUES MULTIPLICITY: 1
  k=0.75  n=1  delta=0  k=0.18  n=2  delta=3.14159INCREASING MULTIPLICITY TO: 3
  k=0.065  n=3  delta=0

Warning: DUPLICATE BOND ENTRY FOR CEL1-CL
PREVIOUS VALUES  k=440  x0=1.489
   USING VALUES  k=300  x0=1.48
Info: SUMMARY OF PARAMETERS:
Info: 1988 BONDS
Info: 6776 ANGLES
Info: 19939 DIHEDRAL
Info: 430 IMPROPER
Info: 28 CROSSTERM
Info: 751 VDW
Info: 122 VDW_PAIRS
Info: 0 NBTHOLE_PAIRS
Warning: Ignored 9467 bonds with zero force constants.
Warning: Will get H-H distance in rigid H2O from H-O-H angle.
Info: No lone pairs detected in waters
Info: TIME FOR READING PSF FILE: 0.140088
Info: Reading pdb file step3_input.pdb
Info: TIME FOR READING PDB FILE: 0.0788764
Info: 
Info: ****************************
Info: STRUCTURE SUMMARY:
Info: 30423 ATOMS
Info: 20918 BONDS
Info: 13014 ANGLES
Info: 5187 DIHEDRALS
Info: 373 IMPROPERS
Info: 127 CROSSTERMS
Info: 0 EXCLUSIONS
Info: 29360 RIGID BONDS
Info: 61909 DEGREES OF FREEDOM
Info: 10530 HYDROGEN GROUPS
Info: 4 ATOMS IN LARGEST HYDROGEN GROUP
Info: 10530 MIGRATION GROUPS
Info: 4 ATOMS IN LARGEST MIGRATION GROUP
Info: TOTAL MASS = 186727 amu
Info: TOTAL CHARGE = 1.31875e-06 e
Info: MASS DENSITY = 0.943883 g/cm^3
Info: ATOM DENSITY = 0.0926093 atoms/A^3
Info: *****************************
Info: Reading from binary file ../output/vanilla/performance/equil/1-0-40/run-1/step4_equilibration.coor
Info: 
Info: Entering startup at 3.27172 s, 0 MB of memory in use
Info: Startup phase 0 took 0.000638153 s, 0 MB of memory in use
Info: ADDED 39038 IMPLICIT EXCLUSIONS
Info: Startup phase 1 took 0.00646993 s, 0 MB of memory in use
Info: NONBONDED TABLE R-SQUARED SPACING: 0.0625
Info: NONBONDED TABLE SIZE: 769 POINTS
Info: INCONSISTENCY IN FAST TABLE ENERGY VS FORCE: 0.000325096 AT 11.9556
Info: INCONSISTENCY IN SCOR TABLE ENERGY VS FORCE: 0.000324844 AT 11.9556
Info: INCONSISTENCY IN VDWA TABLE ENERGY VS FORCE: 0.0040507 AT 0.251946
Info: INCONSISTENCY IN VDWB TABLE ENERGY VS FORCE: 0.00150189 AT 0.251946
Info: Startup phase 2 took 0.0150236 s, 0 MB of memory in use
Info: Startup phase 3 took 0.000195438 s, 0 MB of memory in use
Info: Startup phase 4 took 0.00115886 s, 0 MB of memory in use
Info: Startup phase 5 took 0.000157998 s, 0 MB of memory in use
Info: REDUCING NUMBER OF PATCHES TO IMPROVE LOAD BALANCE
Info: PATCH GRID IS 5 (PERIODIC) BY 3 (PERIODIC) BY 3 (PERIODIC)
Info: PATCH GRID IS 2-AWAY BY 1-AWAY BY 1-AWAY
Info: Reading from binary file ../output/vanilla/performance/equil/1-0-40/run-1/step4_equilibration.vel
Info: REMOVING COM VELOCITY -0.0158458 -0.019888 0.00968242
Info: LARGEST PATCH (22) HAS 800 ATOMS
Info: TORUS A SIZE 1 USING 0
Info: TORUS B SIZE 1 USING 0
Info: TORUS C SIZE 1 USING 0
Info: TORUS MINIMAL MESH SIZE IS 1 BY 1 BY 1
Info: Placed 100% of base nodes on same physical node as patch
Info: Startup phase 6 took 0.0478915 s, 0 MB of memory in use
Info: Use 3D box decompostion in PME FFT.
Info: PME using 1 x 1 x 1 pencil grid for FFT and reciprocal sum.
Info: Startup phase 7 took 0.00113056 s, 0 MB of memory in use
Info: Updated CUDA force table with 4096 elements.
Info: Updated CUDA LJ table with 751 x 751 elements.
Info: Startup phase 8 took 0.00636528 s, 0 MB of memory in use
Info: Startup phase 9 took 0.00019127 s, 0 MB of memory in use
Info: Startup phase 10 took 0.000223471 s, 0 MB of memory in use
Info: Startup phase 11 took 0.0139231 s, 0 MB of memory in use
LDB: Central LB being created...
Info: Startup phase 12 took 0.22388 s, 0 MB of memory in use
Info: Startup phase 13 took 0.000190679 s, 0 MB of memory in use
Info: Startup phase 14 took 0.00279025 s, 0 MB of memory in use
Info: Startup phase 15 took 0.000164039 s, 0 MB of memory in use
Info: CREATING 1755 COMPUTE OBJECTS
Info: Interactive MD listening on port 8889.
Info: Found 268 unique exclusion lists needing 4316 bytes
Info: useSync: 0 useProxySync: 0
Info: Startup phase 16 took 0.142785 s, 0 MB of memory in use
Info: Startup phase 17 took 0.000192332 s, 0 MB of memory in use
Info: Startup phase 18 took 5.6757e-05 s, 0 MB of memory in use
Info: Finished startup at 3.73514 s, 0 MB of memory in use

TCL: Original numsteps 500000 will be ignored.
TCL: Running for 500000 steps
Info: INTERACTIVE MD AWAITING CONNECTION
Warning: IMD protocol version 3 detected
Info: IMD connection opened
ETITLE:      TS           BOND          ANGLE          DIHED          IMPRP               ELECT            VDW       BOUNDARY           MISC        KINETIC               TOTAL           TEMP      POTENTIAL       TOTALAVG        TEMPAVG            PRESSURE      GPRESSURE         VOLUME       PRESSAVG      GPRESSAVG

ENERGY:       0       390.0165      1067.9379      1155.8548        69.8147        -111518.5693      9145.1384         0.0000         0.0000     18338.1923         -81351.6147       298.1214    -99689.8070    -81351.6147       298.1214          -1454.3550     -1453.0523    328509.0000     -1454.3550     -1453.0523

The last position output (seq=8) takes 0.001 seconds, 0.000 MB of memory in use
The last velocity output (seq=8) takes 0.000 seconds, 0.000 MB of memory in use
The last force output (seq=8) takes 0.000 seconds, 0.000 MB of memory in use
The last position output (seq=16) takes 0.001 seconds, 0.000 MB of memory in use
The last velocity output (seq=16) takes 0.000 seconds, 0.000 MB of memory in use
The last force output (seq=16) takes 0.000 seconds, 0.000 MB of memory in use
The last position output (seq=24) takes 0.001 seconds, 0.000 MB of memory in use
The last velocity output (seq=24) takes 0.012 seconds, 0.000 MB of memory in use
The last force output (seq=24) takes 0.000 seconds, 0.000 MB of memory in use
The last position output (seq=32) takes 0.001 seconds, 0.000 MB of memory in use
The last velocity output (seq=32) takes 0.068 seconds, 0.000 MB of memory in use
The last force output (seq=32) takes 0.028 seconds, 0.000 MB of memory in use
The last position output (seq=40) takes 0.001 seconds, 0.000 MB of memory in use
The last velocity output (seq=40) takes 0.000 seconds, 0.000 MB of memory in use
The last force output (seq=40) takes 0.000 seconds, 0.000 MB of memory in use
The last position output (seq=48) takes 0.001 seconds, 0.000 MB of memory in use
The last position output (seq=56) takes 0.001 seconds, 0.000 MB of memory in use
The last position output (seq=64) takes 0.001 seconds, 0.000 MB of memory in use
The last position output (seq=72) takes 0.001 seconds, 0.000 MB of memory in use
The last position output (seq=80) takes 0.001 seconds, 0.000 MB of memory in use
Info: Initial time: 45 CPUs 0.00566616 s/step 30.4969 ns/day 0 MB memory
Info: Initial time: 45 CPUs 0.00210036 s/step 82.2714 ns/day 0 MB memory
Info: Initial time: 45 CPUs 0.00206421 s/step 83.7124 ns/day 0 MB memory
Info: Benchmark time: 45 CPUs 0.0020747 s/step 83.2893 ns/day 0 MB memory
Info: Benchmark time: 45 CPUs 0.00211196 s/step 81.8199 ns/day 0 MB memory
Info: Benchmark time: 45 CPUs 0.0020663 s/step 83.6279 ns/day 0 MB memory
Info: Benchmark time: 45 CPUs 0.00205324 s/step 84.1595 ns/day 0 MB memory
Info: Benchmark time: 45 CPUs 0.00206081 s/step 83.8507 ns/day 0 MB memory
Info: Benchmark time: 45 CPUs 0.00210829 s/step 81.962 ns/day 0 MB memory
TIMING: 5000  CPU: 16.3229, 0.00186398/step  Wall: 16.6563, 0.00212495/step, 81.3196 ns/days, 0.292181 hours remaining, 0.000000 MB of memory in use.
PERFORMANCE: 5000  averaging 81.3196 ns/day, 0.00212495 sec/step with standard deviation 0
ENERGY:    5000       443.7579      1107.9981      1119.3461        72.6179        -113844.2444      9952.9482         0.0000         0.0000     18520.0011         -82627.5750       301.0770   -101147.5761    -81989.5949       299.5992            126.1347       123.9139    301689.6871      -664.1101      -664.5692

TIMING: 10000  CPU: 25.9768, 0.00193077/step  Wall: 27.2954, 0.00212782/step, 81.2101 ns/days, 0.289619 hours remaining, 0.000000 MB of memory in use.
PERFORMANCE: 10000  averaging 81.2648 ns/day, 0.00212638 sec/step with standard deviation 2.02611e-06
ENERGY:   10000       412.2887      1122.0343      1135.6515        69.7481        -113820.2632      9551.6508         0.0000         0.0000     18739.9626         -82788.9273       304.6529   -101528.8899    -82256.0390       301.2838           -243.9776      -249.6079    302343.5627      -524.0659      -526.2488

TIMING: 15000  CPU: 35.407, 0.00188604/step  Wall: 37.7149, 0.0020839/step, 82.9213 ns/days, 0.280748 hours remaining, 0.000000 MB of memory in use.
PERFORMANCE: 15000  averaging 81.8095 ns/day, 0.00211222 sec/step with standard deviation 2.45671e-05
ENERGY:   15000       397.8126      1111.7673      1139.6280        75.7365        -114005.1687      9682.7949         0.0000         0.0000     18720.0568         -82877.3726       304.3293   -101597.4294    -82411.3724       302.0451            -31.7294       -28.4486    299949.9246      -400.9818      -401.7987

TIMING: 20000  CPU: 44.4926, 0.00181712/step  Wall: 47.7201, 0.00200102/step, 86.3558 ns/days, 0.266803 hours remaining, 0.000000 MB of memory in use.
PERFORMANCE: 20000  averaging 82.9006 ns/day, 0.00208442 sec/step with standard deviation 5.91072e-05
ENERGY:   20000       433.2547      1125.8834      1148.1138        74.2426        -114015.0704      9552.8319         0.0000         0.0000     18617.8931         -83062.8509       302.6684   -101680.7440    -82541.6681       302.1698           -265.7329      -266.9058    300778.7453      -373.9320      -374.8201

TIMING: 25000  CPU: 54.0432, 0.00191012/step  Wall: 58.2636, 0.0021087/step, 81.9461 ns/days, 0.278232 hours remaining, 0.000000 MB of memory in use.
PERFORMANCE: 25000  averaging 82.708 ns/day, 0.00208928 sec/step with standard deviation 5.23273e-05
ENERGY:   25000       421.2391      1098.1980      1123.3202        69.6392        -113742.0219      9389.5601         0.0000         0.0000     18691.9649         -82948.1003       303.8726   -101640.0652    -82609.4068       302.4536           -396.0489      -395.0760    300462.7873      -377.6182      -378.1961

TIMING: 30000  CPU: 63.5755, 0.00190646/step  Wall: 68.8177, 0.00211083/step, 81.8634 ns/days, 0.275581 hours remaining, 0.000000 MB of memory in use.
PERFORMANCE: 30000  averaging 82.566 ns/day, 0.00209287 sec/step with standard deviation 4.7623e-05
ENERGY:   30000       431.6115      1109.2653      1134.1318        81.8874        -113835.7142      9492.8239         0.0000         0.0000     18499.7891         -83086.2054       300.7484   -101585.9945    -82677.5209       302.2100           -366.6628      -371.8122    300668.3026      -376.0531      -377.2841

TIMING: 35000  CPU: 72.6002, 0.00180495/step  Wall: 78.8017, 0.00199679/step, 86.539 ns/days, 0.257918 hours remaining, 0.000000 MB of memory in use.
PERFORMANCE: 35000  averaging 83.1111 ns/day, 0.00207915 sec/step with standard deviation 5.66466e-05
ENERGY:   35000       424.0939      1115.9762      1150.7868        73.3903        -113962.0642      9778.1668         0.0000         0.0000     18668.2750         -82751.3751       303.4875   -101419.6501    -82686.7527       302.3697            123.1260       121.5139    300422.7359      -313.6557      -314.9344

TIMING: 40000  CPU: 82.0689, 0.00189373/step  Wall: 89.2992, 0.00209951/step, 82.3049 ns/days, 0.268271 hours remaining, 0.000000 MB of memory in use.
PERFORMANCE: 40000  averaging 83.0094 ns/day, 0.00208169 sec/step with standard deviation 5.29365e-05
ENERGY:   40000       422.7269      1133.2268      1123.4412        79.7869        -114075.9200      9865.8505         0.0000         0.0000     18507.3448         -82943.5429       300.8713   -101450.8877    -82715.2849       302.2032             -4.6401        -7.4575    300278.4202      -279.3207      -280.7703

TIMING: 45000  CPU: 91.5496, 0.00189615/step  Wall: 99.7645, 0.00209306/step, 82.5586 ns/days, 0.264539 hours remaining, 0.000000 MB of memory in use.
PERFORMANCE: 45000  averaging 82.9591 ns/day, 0.00208295 sec/step with standard deviation 4.96624e-05
ENERGY:   45000       433.6505      1121.8139      1129.2413        69.2424        -113957.6307      9693.5688         0.0000         0.0000     18534.3786         -82975.7352       301.3107   -101510.1138    -82741.3299       302.1140             29.0512        25.7037    300171.8357      -248.4835      -250.1229

TIMING: 50000  CPU: 100.849, 0.00185996/step  Wall: 110.039, 0.00205481/step, 84.0954 ns/days, 0.256851 hours remaining, 0.000000 MB of memory in use.
PERFORMANCE: 50000  averaging 83.0714 ns/day, 0.00208014 sec/step with standard deviation 4.76605e-05
ETITLE:      TS           BOND          ANGLE          DIHED          IMPRP               ELECT            VDW       BOUNDARY           MISC        KINETIC               TOTAL           TEMP      POTENTIAL       TOTALAVG        TEMPAVG            PRESSURE      GPRESSURE         VOLUME       PRESSAVG      GPRESSAVG

ENERGY:   50000       464.9360      1162.8708      1126.1156        72.5276        -114285.2327      9822.0545         0.0000         0.0000     18582.1913         -83054.5370       302.0880   -101636.7283    -82769.8033       302.1116           -114.6237      -109.4808    300324.3511      -236.3144      -237.3372

TIMING: 55000  CPU: 110.165, 0.00186307/step  Wall: 120.304, 0.00205318/step, 84.1622 ns/days, 0.253796 hours remaining, 0.000000 MB of memory in use.
PERFORMANCE: 55000  averaging 83.1694 ns/day, 0.00207769 sec/step with standard deviation 4.59397e-05
ENERGY:   55000       417.8752      1154.3645      1122.7001        65.3151        -114052.9655      9748.6673         0.0000         0.0000     18546.7481         -82997.2953       301.5118   -101544.0434    -82788.7610       302.0616           -166.4292      -168.8570    301290.4961      -230.4906      -231.6306

TIMING: 60000  CPU: 119.832, 0.00193342/step  Wall: 130.913, 0.0021217/step, 81.4441 ns/days, 0.259319 hours remaining, 0.000000 MB of memory in use.
PERFORMANCE: 60000  averaging 83.0228 ns/day, 0.00208136 sec/step with standard deviation 4.56071e-05
ENERGY:   60000       390.5190      1114.5097      1141.1436        76.7106        -113986.3433      9778.5816         0.0000         0.0000     18732.7531         -82752.1257       304.5357   -101484.8788    -82785.9429       302.2519            191.0470       193.1092    300161.7578      -198.0647      -198.9583

TIMING: 65000  CPU: 129.338, 0.00190117/step  Wall: 141.43, 0.0021034/step, 82.1529 ns/days, 0.25416 hours remaining, 0.000000 MB of memory in use.
PERFORMANCE: 65000  averaging 82.9552 ns/day, 0.00208305 sec/step with standard deviation 4.40913e-05
ENERGY:   65000       443.4711      1076.4952      1130.6187        61.7011        -114284.6787      9953.4216         0.0000         0.0000     18655.8616         -82963.1093       303.2857   -101618.9709    -82798.5976       302.3258            150.0463       151.6546    300962.1446      -173.1996      -173.9145

TIMING: 70000  CPU: 138.4, 0.00181237/step  Wall: 151.439, 0.00200174/step, 86.3249 ns/days, 0.239097 hours remaining, 0.000000 MB of memory in use.
PERFORMANCE: 70000  averaging 83.1872 ns/day, 0.00207724 sec/step with standard deviation 4.76104e-05
ENERGY:   70000       424.5877      1098.6440      1106.5130        66.5816        -114507.7908     10080.5551         0.0000         0.0000     18714.3181         -83016.5913       304.2360   -101730.9094    -82813.1305       302.4531            244.4697       242.6561    300485.2765      -145.3550      -146.1431

TIMING: 75000  CPU: 147.959, 0.00191188/step  Wall: 162.004, 0.00211309/step, 81.7758 ns/days, 0.249463 hours remaining, 0.000000 MB of memory in use.
PERFORMANCE: 75000  averaging 83.0916 ns/day, 0.00207963 sec/step with standard deviation 4.68031e-05
ENERGY:   75000       409.2332      1159.7394      1131.5062        84.7193        -114295.9701      9936.2322         0.0000         0.0000     18556.6556         -83017.8842       301.6729   -101574.5398    -82825.9276       302.4044            202.7613       201.4179    299230.7502      -123.5977      -124.4206

TIMING: 80000  CPU: 157.519, 0.00191191/step  Wall: 172.523, 0.0021038/step, 82.137 ns/days, 0.245444 hours remaining, 0.000000 MB of memory in use.
PERFORMANCE: 80000  averaging 83.0313 ns/day, 0.00208114 sec/step with standard deviation 4.5618e-05
ENERGY:   80000       449.1868      1136.8135      1117.1265        59.4757        -114154.8643      9803.0992         0.0000         0.0000     18565.5725         -83023.5902       301.8179   -101589.1627    -82837.5548       302.3699            -82.8086       -85.1163    300622.8170      -121.1984      -122.1085

TIMING: 85000  CPU: 166.475, 0.00179128/step  Wall: 182.408, 0.00197697/step, 87.4066 ns/days, 0.2279 hours remaining, 0.000000 MB of memory in use.
PERFORMANCE: 85000  averaging 83.2765 ns/day, 0.00207502 sec/step with standard deviation 5.08854e-05
ENERGY:   85000       451.2894      1129.9365      1146.2660        80.9039        -113916.1045      9675.7669         0.0000         0.0000     18432.0856         -82999.8561       299.6478   -101431.9417    -82846.5716       302.2186            -96.5575      -103.4334    301081.9724      -119.8294      -121.0710

TIMING: 90000  CPU: 175.999, 0.00190482/step  Wall: 192.896, 0.0020976/step, 82.3799 ns/days, 0.238893 hours remaining, 0.000000 MB of memory in use.
PERFORMANCE: 90000  averaging 83.2261 ns/day, 0.00207627 sec/step with standard deviation 4.96523e-05
ENERGY:   90000       434.6776      1143.9189      1132.9344        78.3765        -114069.1822      9790.1887         0.0000         0.0000     18667.8871         -82821.1991       303.4812   -101489.0862    -82845.2362       302.2851             40.8229        34.0044    300497.1176      -111.3740      -112.9092

TIMING: 95000  CPU: 185.552, 0.00191058/step  Wall: 203.401, 0.00210102/step, 82.2457 ns/days, 0.236365 hours remaining, 0.000000 MB of memory in use.
PERFORMANCE: 95000  averaging 83.174 ns/day, 0.00207757 sec/step with standard deviation 4.85863e-05
ENERGY:   95000       407.5895      1164.5950      1106.7375        71.1849        -113947.3833      9640.1047         0.0000         0.0000     18718.3441         -82838.8276       304.3015   -101557.1718    -82844.9158       302.3859            -87.5505       -85.6937    300228.6806      -110.1829      -111.5484

TIMING: 100000  CPU: 194.52, 0.00179368/step  Wall: 213.326, 0.00198504/step, 87.0509 ns/days, 0.220561 hours remaining, 0.000000 MB of memory in use.
PERFORMANCE: 100000  averaging 83.3596 ns/day, 0.00207295 sec/step with standard deviation 5.16184e-05
ETITLE:      TS           BOND          ANGLE          DIHED          IMPRP               ELECT            VDW       BOUNDARY           MISC        KINETIC               TOTAL           TEMP      POTENTIAL       TOTALAVG        TEMPAVG            PRESSURE      GPRESSURE         VOLUME       PRESSAVG      GPRESSAVG

ENERGY:  100000       421.1747      1116.0048      1123.4916        68.9825        -114198.1801      9772.8545         0.0000         0.0000     18771.5199         -82924.1522       305.1659   -101695.6720    -82923.5426       302.7381            -19.5494       -14.5285    300377.8893       -38.4426       -39.6222

TIMING: 105000  CPU: 203.958, 0.00188762/step  Wall: 223.735, 0.00208179/step, 83.0056 ns/days, 0.228418 hours remaining, 0.000000 MB of memory in use.
PERFORMANCE: 105000  averaging 83.3427 ns/day, 0.00207337 sec/step with standard deviation 5.03484e-05
ENERGY:  105000       434.0171      1090.4532      1144.0920        73.1401        -114336.1190      9871.9238         0.0000         0.0000     18569.4082         -83153.0846       301.8802   -101722.4928    -82949.8181       302.7783             68.0993        76.1033    299481.5766       -41.3443       -42.0127

TIMING: 110000  CPU: 213.367, 0.00188168/step  Wall: 234.102, 0.00207341/step, 83.3408 ns/days, 0.22462 hours remaining, 0.000000 MB of memory in use.
PERFORMANCE: 110000  averaging 83.3426 ns/day, 0.00207337 sec/step with standard deviation 4.9135e-05
ENERGY:  110000       432.1906      1100.9287      1115.4377        68.9122        -114427.8283     10043.1261         0.0000         0.0000     18559.9594         -83107.2735       301.7266   -101667.2329    -82965.7354       302.6320            255.3397       258.0612    299951.2278       -16.3785       -16.6293

TIMING: 115000  CPU: 222.195, 0.0017656/step  Wall: 243.871, 0.00195381/step, 88.4426 ns/days, 0.208949 hours remaining, 0.000000 MB of memory in use.
PERFORMANCE: 115000  averaging 83.5521 ns/day, 0.00206817 sec/step with standard deviation 5.40927e-05
ENERGY:  115000       471.1323      1169.7417      1124.3119        75.0310        -113733.3291      9645.3583         0.0000         0.0000     18765.2616         -82482.4921       305.0642   -101247.7537    -82945.9914       302.6687            -54.1520       -54.1953    301725.3455       -17.4996       -17.9166

TIMING: 120000  CPU: 231.677, 0.00189645/step  Wall: 254.292, 0.00208422/step, 82.9085 ns/days, 0.220002 hours remaining, 0.000000 MB of memory in use.
PERFORMANCE: 120000  averaging 83.525 ns/day, 0.00206884 sec/step with standard deviation 5.3005e-05
ENERGY:  120000       402.6526      1093.1610      1126.2075        70.6976        -114215.9275      9991.0976         0.0000         0.0000     18643.8905         -82888.2207       303.0911   -101532.1111    -82937.2599       302.6898            191.3597       193.8956    301371.7646         5.3550         5.1235

TIMING: 125000  CPU: 241.02, 0.00186859/step  Wall: 264.664, 0.00207438/step, 83.3022 ns/days, 0.216081 hours remaining, 0.000000 MB of memory in use.
PERFORMANCE: 125000  averaging 83.5161 ns/day, 0.00206906 sec/step with standard deviation 5.19008e-05
ENERGY:  125000       394.7325      1107.6531      1119.7924        60.6566        -114236.8220      9841.6919         0.0000         0.0000     18552.6596         -83159.6359       301.6079   -101712.2955    -82947.8367       302.5766            170.9053       165.8138    299917.4796        33.7027        33.1680

TIMING: 130000  CPU: 250.088, 0.00181355/step  Wall: 274.668, 0.00200063/step, 86.3726 ns/days, 0.205621 hours remaining, 0.000000 MB of memory in use.
PERFORMANCE: 130000  averaging 83.6225 ns/day, 0.00206643 sec/step with standard deviation 5.25931e-05
ENERGY:  130000       454.0779      1123.5371      1124.1261        75.4591        -114244.5566      9859.0936         0.0000         0.0000     18482.6537         -83125.6092       300.4699   -101608.2629    -82949.8069       302.5627            131.5703       132.2975    300448.6947        58.6144        58.3734

TIMING: 135000  CPU: 259.472, 0.0018769/step  Wall: 284.967, 0.00205988/step, 83.8883 ns/days, 0.208849 hours remaining, 0.000000 MB of memory in use.
PERFORMANCE: 135000  averaging 83.6323 ns/day, 0.00206619 sec/step with standard deviation 5.15872e-05
ENERGY:  135000       396.1617      1129.8466      1129.3149        82.3570        -113950.0480      9522.2427         0.0000         0.0000     18664.5581         -83025.5671       303.4271   -101690.1252    -82963.5165       302.5597           -184.2674      -182.0003    299825.1984        43.2447        43.1977

TIMING: 140000  CPU: 268.831, 0.00187168/step  Wall: 295.332, 0.00207308/step, 83.3541 ns/days, 0.207308 hours remaining, 0.000000 MB of memory in use.
PERFORMANCE: 140000  averaging 83.6223 ns/day, 0.00206643 sec/step with standard deviation 5.06396e-05
ENERGY:  140000       424.6890      1133.9848      1110.2600        74.8454        -114446.6692      9968.3847         0.0000         0.0000     18578.0495         -83156.4559       302.0207   -101734.5054    -82974.1621       302.6171            117.5971       122.8978    300730.8492        49.3566        49.7155

TIMING: 145000  CPU: 277.946, 0.00182305/step  Wall: 305.4, 0.00201362/step, 85.8156 ns/days, 0.198565 hours remaining, 0.000000 MB of memory in use.
PERFORMANCE: 145000  averaging 83.6961 ns/day, 0.00206461 sec/step with standard deviation 5.0685e-05
ENERGY:  145000       409.1349      1081.7689      1117.7462        73.4430        -113795.8548      9583.2593         0.0000         0.0000     18595.6269         -82934.8756       302.3065   -101530.5025    -82972.1191       302.6669            -73.6020       -76.5759    300908.5258        44.2239        44.6015

TIMING: 150000  CPU: 287.106, 0.00183191/step  Wall: 315.53, 0.00202587/step, 85.2967 ns/days, 0.19696 hours remaining, 0.000000 MB of memory in use.
PERFORMANCE: 150000  averaging 83.7485 ns/day, 0.00206332 sec/step with standard deviation 5.03033e-05
ETITLE:      TS           BOND          ANGLE          DIHED          IMPRP               ELECT            VDW       BOUNDARY           MISC        KINETIC               TOTAL           TEMP      POTENTIAL       TOTALAVG        TEMPAVG            PRESSURE      GPRESSURE         VOLUME       PRESSAVG      GPRESSAVG

ENERGY:  150000       438.3724      1143.9994      1120.5533        69.3126        -113617.3878      9616.2736         0.0000         0.0000     18515.7921         -82713.0844       301.0086   -101228.8765    -82955.0465       302.6130           -128.3761      -132.1972    301884.7206        43.5363        43.4657

TIMING: 155000  CPU: 296.552, 0.00188923/step  Wall: 325.959, 0.00208584/step, 82.8441 ns/days, 0.199893 hours remaining, 0.000000 MB of memory in use.
PERFORMANCE: 155000  averaging 83.719 ns/day, 0.00206405 sec/step with standard deviation 4.96229e-05
ENERGY:  155000       434.9232      1133.3240      1131.9815        65.7346        -114264.7137      9908.5970         0.0000         0.0000     18671.8170         -82918.3364       303.5451   -101590.1533    -82951.0985       302.7146           -112.8273      -113.8254    301936.7549        46.2164        46.2173

TIMING: 160000  CPU: 305.958, 0.00188125/step  Wall: 336.329, 0.00207399/step, 83.3177 ns/days, 0.195877 hours remaining, 0.000000 MB of memory in use.
PERFORMANCE: 160000  averaging 83.7064 ns/day, 0.00206436 sec/step with standard deviation 4.88476e-05
ENERGY:  160000       444.5671      1125.5385      1131.2260        69.1884        -114224.3420      9848.9431         0.0000         0.0000     18673.1339         -82931.7450       303.5665   -101604.8789    -82960.0795       302.6662             79.1225        79.8789    299134.4861        40.6202        40.5558

TIMING: 165000  CPU: 314.891, 0.00178654/step  Wall: 346.19, 0.00197216/step, 87.6198 ns/days, 0.18352 hours remaining, 0.000000 MB of memory in use.
PERFORMANCE: 165000  averaging 83.8198 ns/day, 0.00206156 sec/step with standard deviation 5.06867e-05
ENERGY:  165000       389.6826      1156.7388      1121.4894        69.1580        -113848.7686      9526.9392         0.0000         0.0000     18569.8030         -83014.9576       301.8866   -101584.7607    -82962.6719       302.5962            -57.6173       -58.7054    300385.9368        30.2370        30.0378

TIMING: 170000  CPU: 324.194, 0.00186067/step  Wall: 356.457, 0.00205348/step, 84.1497 ns/days, 0.188236 hours remaining, 0.000000 MB of memory in use.
PERFORMANCE: 170000  averaging 83.8295 ns/day, 0.00206133 sec/step with standard deviation 4.9932e-05
ENERGY:  170000       377.8848      1102.4541      1124.1618        85.3187        -114196.6569     10070.1117         0.0000         0.0000     18439.8205         -82996.9053       299.7735   -101436.7258    -82961.6876       302.3731            310.9037       316.9323    300678.1371        33.5587        33.7516

TIMING: 175000  CPU: 333.67, 0.0018952/step  Wall: 366.928, 0.00209425/step, 82.5115 ns/days, 0.189065 hours remaining, 0.000000 MB of memory in use.
PERFORMANCE: 175000  averaging 83.7913 ns/day, 0.00206227 sec/step with standard deviation 4.95061e-05
ENERGY:  175000       453.0831      1128.9983      1132.3580        69.1290        -113991.6724      9805.0415         0.0000         0.0000     18711.3973         -82691.6653       304.1885   -101403.0625    -82945.3767       302.4989             59.0035        62.0364    300742.6153        26.3708        26.7825

TIMING: 180000  CPU: 342.662, 0.00179836/step  Wall: 376.844, 0.00198321/step, 87.1317 ns/days, 0.176285 hours remaining, 0.000000 MB of memory in use.
PERFORMANCE: 180000  averaging 83.8806 ns/day, 0.00206007 sec/step with standard deviation 5.05417e-05
ENERGY:  180000       401.7662      1120.3959      1133.2470        70.4702        -114307.2237      9801.1773         0.0000         0.0000     18674.8111         -83105.3560       303.5937   -101780.1671    -82949.4650       302.5876            152.9689       157.5417    300010.4033        38.1597        38.9154

TIMING: 185000  CPU: 352.177, 0.001903/step  Wall: 387.318, 0.00209469/step, 82.4942 ns/days, 0.183286 hours remaining, 0.000000 MB of memory in use.
PERFORMANCE: 185000  averaging 83.8425 ns/day, 0.00206101 sec/step with standard deviation 5.01587e-05
ENERGY:  185000       440.9806      1115.8092      1130.2852        80.1462        -114261.4671      9832.3783         0.0000         0.0000     18702.9822         -82958.8854       304.0517   -101661.8676    -82947.4164       302.8078            -79.3393       -80.7515    300884.4991        39.0206        40.0495

TIMING: 190000  CPU: 361.556, 0.0018759/step  Wall: 397.716, 0.00207956/step, 83.0944 ns/days, 0.179073 hours remaining, 0.000000 MB of memory in use.
PERFORMANCE: 190000  averaging 83.8226 ns/day, 0.0020615 sec/step with standard deviation 4.95678e-05
ENERGY:  190000       454.4251      1093.5620      1121.9845        67.2901        -114060.6480      9768.6096         0.0000         0.0000     18386.3653         -83168.4114       298.9045   -101554.7767    -82964.7771       302.5790           -130.8405      -129.2033    300256.1711        30.4374        31.8891

TIMING: 195000  CPU: 370.525, 0.00179365/step  Wall: 407.606, 0.00197811/step, 87.3563 ns/days, 0.16759 hours remaining, 0.000000 MB of memory in use.
PERFORMANCE: 195000  averaging 83.9097 ns/day, 0.00205936 sec/step with standard deviation 5.07011e-05
ENERGY:  195000       424.3987      1136.8573      1124.0462        77.2751        -114469.3266     10098.8015         0.0000         0.0000     18692.7757         -82915.1721       303.8858   -101607.9478    -82968.5943       302.5582            132.8445       136.0633    301643.6996        41.4572        42.9770

TIMING: 200000  CPU: 379.966, 0.00188829/step  Wall: 417.997, 0.0020782/step, 83.1487 ns/days, 0.173184 hours remaining, 0.000000 MB of memory in use.
PERFORMANCE: 200000  averaging 83.8905 ns/day, 0.00205983 sec/step with standard deviation 5.01355e-05
ETITLE:      TS           BOND          ANGLE          DIHED          IMPRP               ELECT            VDW       BOUNDARY           MISC        KINETIC               TOTAL           TEMP      POTENTIAL       TOTALAVG        TEMPAVG            PRESSURE      GPRESSURE         VOLUME       PRESSAVG      GPRESSAVG

ENERGY:  200000       411.8992      1148.3829      1107.3579        82.8490        -114141.5859      9807.2808         0.0000         0.0000     18516.7441         -83067.0720       301.0241   -101583.8161    -82975.7403       302.3511             33.0628        39.1743    300141.3569        44.0878        45.6621

TIMING: 205000  CPU: 389.383, 0.00188334/step  Wall: 428.438, 0.00208819/step, 82.7512 ns/days, 0.171115 hours remaining, 0.000000 MB of memory in use.
PERFORMANCE: 205000  averaging 83.8623 ns/day, 0.00206052 sec/step with standard deviation 4.97026e-05
ENERGY:  205000       445.1347      1185.3635      1129.2398        74.8753        -114151.8762      9761.6944         0.0000         0.0000     18513.3454         -83042.2231       300.9688   -101555.5684    -82970.1972       302.3056            113.6501       108.0493    300005.7398        46.3653        47.2594

TIMING: 210000  CPU: 398.339, 0.00179119/step  Wall: 438.328, 0.00197791/step, 87.3651 ns/days, 0.159331 hours remaining, 0.000000 MB of memory in use.
PERFORMANCE: 210000  averaging 83.9424 ns/day, 0.00205855 sec/step with standard deviation 5.07207e-05
ENERGY:  210000       467.4697      1106.8081      1123.7407        86.7068        -114450.3605      9937.6474         0.0000         0.0000     18550.2926         -83177.6951       301.5695   -101727.9878    -82973.7183       302.2977            119.8933       120.9773    299517.4090        39.5930        40.4052

TIMING: 215000  CPU: 407.773, 0.00188679/step  Wall: 448.772, 0.00208894/step, 82.7214 ns/days, 0.165374 hours remaining, 0.000000 MB of memory in use.
PERFORMANCE: 215000  averaging 83.9136 ns/day, 0.00205926 sec/step with standard deviation 5.03271e-05
ENERGY:  215000       454.3666      1144.2598      1122.1911        71.6714        -114355.5897      9947.4438         0.0000         0.0000     18661.5138         -82954.1431       303.3776   -101615.6570    -82997.3008       302.2134            142.5594       140.6709    300377.4345        49.4286        50.1485

TIMING: 220000  CPU: 417.048, 0.00185515/step  Wall: 459.176, 0.00208079/step, 83.0456 ns/days, 0.161839 hours remaining, 0.000000 MB of memory in use.
PERFORMANCE: 220000  averaging 83.8937 ns/day, 0.00205975 sec/step with standard deviation 4.98442e-05
ENERGY:  220000       428.0890      1148.1571      1125.7333        69.6780        -113834.2353      9734.3417         0.0000         0.0000     18771.0161         -82557.2201       305.1577   -101328.2362    -82980.7508       302.3167             14.4495        20.2674    300797.9396        40.5831        41.4671

TIMING: 225000  CPU: 426.098, 0.00181002/step  Wall: 469.154, 0.00199549/step, 86.5952 ns/days, 0.152433 hours remaining, 0.000000 MB of memory in use.
PERFORMANCE: 225000  averaging 83.9519 ns/day, 0.00205832 sec/step with standard deviation 5.01969e-05
ENERGY:  225000       412.1045      1126.9870      1098.5975        74.6757        -114536.2361     10072.2811         0.0000         0.0000     18653.2441         -83098.3462       303.2431   -101751.5902    -82977.6863       302.3985            280.2539       276.1955    301065.4430        46.0505        46.9862

TIMING: 230000  CPU: 435.435, 0.00186722/step  Wall: 479.504, 0.00207012/step, 83.4734 ns/days, 0.155259 hours remaining, 0.000000 MB of memory in use.
PERFORMANCE: 230000  averaging 83.9415 ns/day, 0.00205858 sec/step with standard deviation 4.96665e-05
ENERGY:  230000       425.5478      1136.0615      1120.0122        72.2431        -114097.5018      9892.1735         0.0000         0.0000     18580.3734         -82871.0903       302.0585   -101451.4637    -82964.9604       302.4779            272.4377       272.2549    299410.7684        53.0939        53.9841

TIMING: 235000  CPU: 444.803, 0.00187377/step  Wall: 489.888, 0.00207673/step, 83.2077 ns/days, 0.15287 hours remaining, 0.000000 MB of memory in use.
PERFORMANCE: 235000  averaging 83.9257 ns/day, 0.00205896 sec/step with standard deviation 4.9195e-05
ENERGY:  235000       432.4953      1132.8431      1126.8324        69.3757        -114256.2115      9917.4805         0.0000         0.0000     18490.9834         -83086.2010       300.6053   -101577.1844    -82967.9921       302.3368             39.4076        35.0666    300286.5689        64.2776        64.8374

TIMING: 240000  CPU: 453.977, 0.0018347/step  Wall: 499.996, 0.00202167/step, 85.4739 ns/days, 0.146009 hours remaining, 0.000000 MB of memory in use.
PERFORMANCE: 240000  averaging 83.9574 ns/day, 0.00205819 sec/step with standard deviation 4.89657e-05
ENERGY:  240000       402.8520      1132.6575      1110.1924        72.6091        -113952.8276      9695.6592         0.0000         0.0000     18724.8599         -82813.9976       304.4074   -101538.8575    -82950.8691       302.4561           -113.5053      -118.2140    301541.3895        52.7225        52.7818

TIMING: 245000  CPU: 463.093, 0.00182323/step  Wall: 510.114, 0.00202346/step, 85.3982 ns/days, 0.143329 hours remaining, 0.000000 MB of memory in use.
PERFORMANCE: 245000  averaging 83.9863 ns/day, 0.00205748 sec/step with standard deviation 4.87062e-05
ENERGY:  245000       447.9424      1111.5797      1110.9616        65.9712        -113745.4189      9614.2399         0.0000         0.0000     18723.0946         -82671.6295       304.3787   -101394.7241    -82937.7068       302.5598            -23.4625       -23.9239    300229.0229        55.2295        55.4144

TIMING: 250000  CPU: 472.388, 0.00185893/step  Wall: 520.479, 0.00207311/step, 83.3532 ns/days, 0.143966 hours remaining, 0.000000 MB of memory in use.
PERFORMANCE: 250000  averaging 83.9735 ns/day, 0.00205779 sec/step with standard deviation 4.82573e-05
ETITLE:      TS           BOND          ANGLE          DIHED          IMPRP               ELECT            VDW       BOUNDARY           MISC        KINETIC               TOTAL           TEMP      POTENTIAL       TOTALAVG        TEMPAVG            PRESSURE      GPRESSURE         VOLUME       PRESSAVG      GPRESSAVG

ENERGY:  250000       424.0778      1105.2665      1118.5969        73.1518        -114013.1695      9605.0827         0.0000         0.0000     18588.1185         -83098.8752       302.1844   -101686.9937    -82956.9964       302.6185           -240.4593      -241.5031    300259.4687        49.6253        49.9491

TIMING: 255000  CPU: 481.542, 0.00183092/step  Wall: 530.738, 0.00205179/step, 84.2193 ns/days, 0.139635 hours remaining, 0.000000 MB of memory in use.
PERFORMANCE: 255000  averaging 83.9784 ns/day, 0.00205767 sec/step with standard deviation 4.77797e-05
ENERGY:  255000       425.1335      1107.1587      1120.9879        65.1752        -113900.7201      9653.0879         0.0000         0.0000     18696.3599         -82832.8170       303.9441   -101529.1769    -82952.7204       302.6385            -84.9011       -83.4748    300792.6547        51.0216        51.4666

TIMING: 260000  CPU: 490.481, 0.0017877/step  Wall: 540.592, 0.00197072/step, 87.6837 ns/days, 0.131381 hours remaining, 0.000000 MB of memory in use.
PERFORMANCE: 260000  averaging 84.0467 ns/day, 0.002056 sec/step with standard deviation 4.88215e-05
ENERGY:  260000       423.9323      1116.7738      1122.3846        72.1295        -114316.6181     10177.8803         0.0000         0.0000     18398.4988         -83005.0188       299.1018   -101403.5175    -82956.3841       302.4153            399.3371       399.2466    300147.4946        67.0323        67.4350

TIMING: 265000  CPU: 500.019, 0.00190771/step  Wall: 551.094, 0.00210041/step, 82.2698 ns/days, 0.13711 hours remaining, 0.000000 MB of memory in use.
PERFORMANCE: 265000  averaging 84.0124 ns/day, 0.00205684 sec/step with standard deviation 4.8733e-05
ENERGY:  265000       429.7086      1194.8327      1117.3594        65.3567        -114450.4498      9973.4482         0.0000         0.0000     18705.0352         -82964.7091       304.0851   -101669.7443    -82953.8717       302.5252            128.5732       129.5596    301435.3005        76.3419        76.8483

TIMING: 270000  CPU: 509.303, 0.00185681/step  Wall: 561.343, 0.00204988/step, 84.2977 ns/days, 0.130964 hours remaining, 0.000000 MB of memory in use.
PERFORMANCE: 270000  averaging 84.0177 ns/day, 0.00205671 sec/step with standard deviation 4.82803e-05
ENERGY:  270000       424.3386      1081.6521      1110.9834        71.9464        -114066.2682      9711.1919         0.0000         0.0000     18608.3727         -83057.7831       302.5137   -101666.1558    -82956.9156       302.6622           -240.4783      -245.2380    301750.2839        48.7728        48.7398

TIMING: 275000  CPU: 518.247, 0.00178876/step  Wall: 571.212, 0.00197372/step, 87.5503 ns/days, 0.123358 hours remaining, 0.000000 MB of memory in use.
PERFORMANCE: 275000  averaging 84.0794 ns/day, 0.0020552 sec/step with standard deviation 4.91227e-05
ENERGY:  275000       408.0930      1183.3322      1130.5105        76.5061        -114082.1983      9898.2241         0.0000         0.0000     18591.9638         -82793.5687       302.2469   -101385.5325    -82962.0107       302.5651            125.4933       124.9574    301095.7141        52.0973        51.8858

TIMING: 280000  CPU: 527.677, 0.00188599/step  Wall: 581.626, 0.00208282/step, 82.9645 ns/days, 0.127283 hours remaining, 0.000000 MB of memory in use.
PERFORMANCE: 280000  averaging 84.0592 ns/day, 0.00205569 sec/step with standard deviation 4.88138e-05
ENERGY:  280000       462.4827      1148.8084      1127.1023        67.4683        -114719.9966     10145.9458         0.0000         0.0000     18587.7493         -83180.4399       302.1784   -101768.1891    -82965.7649       302.4943            262.4488       263.3569    300027.9171        57.5713        57.1766

TIMING: 285000  CPU: 536.984, 0.00186127/step  Wall: 591.938, 0.00206246/step, 83.7835 ns/days, 0.123175 hours remaining, 0.000000 MB of memory in use.
PERFORMANCE: 285000  averaging 84.0543 ns/day, 0.00205581 sec/step with standard deviation 4.83843e-05
ENERGY:  285000       442.0870      1165.9440      1125.0966        65.9409        -114005.2652      9756.9309         0.0000         0.0000     18419.2661         -83029.9997       299.4394   -101449.2658    -82969.3207       302.2637            -86.8008       -89.8414    301352.2403        57.1982        56.7221

TIMING: 290000  CPU: 545.877, 0.00177877/step  Wall: 601.766, 0.00196551/step, 87.9161 ns/days, 0.114655 hours remaining, 0.000000 MB of memory in use.
PERFORMANCE: 290000  averaging 84.1181 ns/day, 0.00205426 sec/step with standard deviation 4.94021e-05
ENERGY:  290000       433.4980      1096.9146      1120.1168        69.9959        -114516.1579     10112.2232         0.0000         0.0000     18380.5891         -83302.8204       298.8106   -101683.4095    -82976.0411       302.2590            230.6935       229.8121    300548.1550        75.2749        74.6728

TIMING: 295000  CPU: 555.162, 0.00185702/step  Wall: 612.079, 0.00206262/step, 83.7769 ns/days, 0.117455 hours remaining, 0.000000 MB of memory in use.
PERFORMANCE: 295000  averaging 84.1122 ns/day, 0.0020544 sec/step with standard deviation 4.89865e-05
ENERGY:  295000       416.1057      1147.3161      1117.6747        64.8310        -113907.1158      9641.7821         0.0000         0.0000     18638.9759         -82880.4304       303.0112   -101519.4063    -82974.3040       302.2153           -289.1208      -293.8369    301620.4989        54.1766        53.1778

TIMING: 300000  CPU: 564.435, 0.00185448/step  Wall: 622.413, 0.00206686/step, 83.605 ns/days, 0.114826 hours remaining, 0.000000 MB of memory in use.
PERFORMANCE: 300000  averaging 84.1037 ns/day, 0.00205461 sec/step with standard deviation 4.85962e-05
ETITLE:      TS           BOND          ANGLE          DIHED          IMPRP               ELECT            VDW       BOUNDARY           MISC        KINETIC               TOTAL           TEMP      POTENTIAL       TOTALAVG        TEMPAVG            PRESSURE      GPRESSURE         VOLUME       PRESSAVG      GPRESSAVG

ENERGY:  300000       413.5536      1086.1126      1120.9205        77.5520        -114024.4864      9744.8574         0.0000         0.0000     18673.6240         -82907.8662       303.5744   -101581.4902    -82966.3437       302.3428            -45.1286       -48.2397    301308.4665        50.2670        48.8071

TIMING: 305000  CPU: 573.313, 0.00177566/step  Wall: 632.234, 0.0019641/step, 87.9793 ns/days, 0.106389 hours remaining, 0.000000 MB of memory in use.
PERFORMANCE: 305000  averaging 84.1645 ns/day, 0.00205312 sec/step with standard deviation 4.95633e-05
ENERGY:  305000       431.5516      1117.0953      1119.7770        73.4090        -114017.1096      9771.0256         0.0000         0.0000     18637.3629         -82866.8883       302.9849   -101504.2511    -82957.5770       302.4436           -111.0104      -116.2805    301598.2284        39.0340        37.5907

TIMING: 310000  CPU: 582.841, 0.00190566/step  Wall: 642.742, 0.00210171/step, 82.2187 ns/days, 0.110924 hours remaining, 0.000000 MB of memory in use.
PERFORMANCE: 310000  averaging 84.1324 ns/day, 0.00205391 sec/step with standard deviation 4.95412e-05
ENERGY:  310000       420.1496      1139.9538      1113.0671        75.3326        -113953.1742      9644.0706         0.0000         0.0000     18361.5881         -83199.0124       298.5017   -101560.6005    -82958.6429       302.2902           -222.9879      -223.9219    301170.3490        21.8900        20.3457

TIMING: 315000  CPU: 592.232, 0.00187807/step  Wall: 653.091, 0.00206976/step, 83.4879 ns/days, 0.106363 hours remaining, 0.000000 MB of memory in use.
PERFORMANCE: 315000  averaging 84.1221 ns/day, 0.00205416 sec/step with standard deviation 4.91806e-05
ENERGY:  315000       426.4465      1142.3231      1131.2969        70.3221        -113882.6477      9669.4765         0.0000         0.0000     18467.0488         -82975.7339       300.2162   -101442.7827    -82959.7224       302.1322            -47.2404       -43.8980    299149.6834        12.4000        11.1172

TIMING: 320000  CPU: 601.137, 0.00178102/step  Wall: 662.97, 0.00197574/step, 87.4608 ns/days, 0.0987871 hours remaining, 0.000000 MB of memory in use.
PERFORMANCE: 320000  averaging 84.1723 ns/day, 0.00205293 sec/step with standard deviation 4.97636e-05
ENERGY:  320000       438.7092      1177.0588      1135.7463        72.2773        -114425.3581     10028.5729         0.0000         0.0000     18681.8230         -82891.1707       303.7077   -101572.9937    -82976.4199       302.0597            247.9358       243.5761    299875.7310        24.0743        22.2827

TIMING: 325000  CPU: 610.467, 0.00186594/step  Wall: 673.237, 0.00205338/step, 84.1538 ns/days, 0.0998173 hours remaining, 0.000000 MB of memory in use.
PERFORMANCE: 325000  averaging 84.172 ns/day, 0.00205294 sec/step with standard deviation 4.93733e-05
ENERGY:  325000       439.7396      1126.1701      1114.5116        72.7950        -114128.8672      9873.1855         0.0000         0.0000     18740.1180         -82762.3474       304.6554   -101502.4654    -82959.6200       302.1303             51.0243        54.9441    300655.6205        12.6128        11.2201

TIMING: 330000  CPU: 619.659, 0.0018385/step  Wall: 683.45, 0.00204269/step, 84.5943 ns/days, 0.0964604 hours remaining, 0.000000 MB of memory in use.
PERFORMANCE: 330000  averaging 84.1784 ns/day, 0.00205278 sec/step with standard deviation 4.90083e-05
ENERGY:  330000       431.9497      1164.2651      1117.1049        65.5570        -113927.1708      9720.9445         0.0000         0.0000     18597.1228         -82830.2268       302.3308   -101427.3497    -82957.5768       302.1439            -35.9601       -38.5996    299443.6823        -2.8071        -4.3226

TIMING: 335000  CPU: 628.527, 0.00177358/step  Wall: 693.252, 0.00196031/step, 88.1492 ns/days, 0.0898477 hours remaining, 0.000000 MB of memory in use.
PERFORMANCE: 335000  averaging 84.235 ns/day, 0.0020514 sec/step with standard deviation 4.99304e-05
ENERGY:  335000       440.4979      1097.3056      1150.9618        77.0697        -114221.0173      9736.0927         0.0000         0.0000     18623.1806         -83095.9091       302.7544   -101719.0897    -82958.0622       302.2514            -88.7447       -86.8003    300112.3778        -9.2147       -10.4160

TIMING: 340000  CPU: 637.973, 0.00188919/step  Wall: 703.735, 0.00209671/step, 82.415 ns/days, 0.0931869 hours remaining, 0.000000 MB of memory in use.
PERFORMANCE: 340000  averaging 84.2077 ns/day, 0.00205207 sec/step with standard deviation 4.986e-05
ENERGY:  340000       419.6387      1114.2131      1101.6746        81.6522        -114149.3429      9798.0983         0.0000         0.0000     18523.5630         -83110.5031       301.1349   -101634.0661    -82972.8875       302.0877            -32.7315       -30.1099    299480.3173        -5.1760        -6.0108

TIMING: 345000  CPU: 647.279, 0.00186112/step  Wall: 714.035, 0.00205996/step, 83.8853 ns/days, 0.0886925 hours remaining, 0.000000 MB of memory in use.
PERFORMANCE: 345000  averaging 84.203 ns/day, 0.00205218 sec/step with standard deviation 4.95011e-05
ENERGY:  345000       418.9045      1135.3121      1111.9433        73.5543        -113851.6265      9680.4131         0.0000         0.0000     18639.4067         -82792.0924       303.0182   -101431.4991    -82978.9106       302.0197             18.7432        21.8218    299923.3703        -3.0657        -3.7235

TIMING: 350000  CPU: 656.106, 0.00176549/step  Wall: 723.81, 0.00195495/step, 88.391 ns/days, 0.0814563 hours remaining, 0.000000 MB of memory in use.
PERFORMANCE: 350000  averaging 84.26 ns/day, 0.00205079 sec/step with standard deviation 5.04966e-05
ETITLE:      TS           BOND          ANGLE          DIHED          IMPRP               ELECT            VDW       BOUNDARY           MISC        KINETIC               TOTAL           TEMP      POTENTIAL       TOTALAVG        TEMPAVG            PRESSURE      GPRESSURE         VOLUME       PRESSAVG      GPRESSAVG

ENERGY:  350000       410.2490      1159.7567      1112.0192        77.2633        -114019.7915      9663.9193         0.0000         0.0000     18636.0979         -82960.4860       302.9644   -101596.5839    -82971.9912       302.0587           -135.4314      -135.1290    300154.5546         2.1857         1.5952

TIMING: 355000  CPU: 665.569, 0.00189253/step  Wall: 734.273, 0.00209269/step, 82.573 ns/days, 0.0842891 hours remaining, 0.000000 MB of memory in use.
PERFORMANCE: 355000  averaging 84.2358 ns/day, 0.00205138 sec/step with standard deviation 5.03806e-05
ENERGY:  355000       437.9960      1107.1287      1147.1485        71.0902        -114440.4951     10071.0062         0.0000         0.0000     18570.8199         -83035.3055       301.9032   -101606.1254    -82982.1156       301.9567            248.2948       245.6314    300704.6726        18.8455        18.0505

TIMING: 360000  CPU: 674.938, 0.00187395/step  Wall: 744.629, 0.0020712/step, 83.43 ns/days, 0.0805466 hours remaining, 0.000000 MB of memory in use.
PERFORMANCE: 360000  averaging 84.2245 ns/day, 0.00205166 sec/step with standard deviation 5.0079e-05
ENERGY:  360000       459.6555      1060.7680      1117.0860        70.9891        -114189.1128      9777.2264         0.0000         0.0000     18726.5241         -82976.8636       304.4344   -101703.3877    -82980.7078       302.2233            -16.7617       -17.3822    300569.8677        -1.9595        -2.7809

TIMING: 365000  CPU: 683.799, 0.00177206/step  Wall: 754.436, 0.00196126/step, 88.1064 ns/days, 0.0735474 hours remaining, 0.000000 MB of memory in use.
PERFORMANCE: 365000  averaging 84.2753 ns/day, 0.00205042 sec/step with standard deviation 5.0843e-05
ENERGY:  365000       425.6404      1101.1451      1118.7426        60.6040        -114343.5960      9827.8295         0.0000         0.0000     18477.2465         -83332.3879       300.3820   -101809.6344    -82999.0918       302.0381             50.0841        55.1099    301003.3551        -5.8839        -6.5034

TIMING: 370000  CPU: 693.08, 0.00185631/step  Wall: 764.661, 0.00204506/step, 84.4964 ns/days, 0.0738493 hours remaining, 0.000000 MB of memory in use.
PERFORMANCE: 370000  averaging 84.2783 ns/day, 0.00205035 sec/step with standard deviation 5.04974e-05
ENERGY:  370000       416.5220      1142.0735      1127.0281        76.4994        -114135.6497      9613.2754         0.0000         0.0000     18427.8590         -83332.3922       299.5791   -101760.2513    -83012.8222       301.8914           -190.8473      -188.4869    300079.0949        -3.4024        -3.6658

TIMING: 375000  CPU: 702.453, 0.0018746/step  Wall: 774.997, 0.00206723/step, 83.5903 ns/days, 0.0717787 hours remaining, 0.000000 MB of memory in use.
PERFORMANCE: 375000  averaging 84.2691 ns/day, 0.00205057 sec/step with standard deviation 5.01929e-05
ENERGY:  375000       414.5183      1148.6524      1123.2095        75.2809        -114395.6988      9914.4842         0.0000         0.0000     18606.1377         -83113.4158       302.4773   -101719.5535    -83028.8146       301.9029             43.6794        42.0812    302318.6494        -7.4931        -7.8096

TIMING: 380000  CPU: 711.565, 0.00182234/step  Wall: 785.007, 0.0020021/step, 86.3092 ns/days, 0.0667368 hours remaining, 0.000000 MB of memory in use.
PERFORMANCE: 380000  averaging 84.2953 ns/day, 0.00204994 sec/step with standard deviation 5.01662e-05
ENERGY:  380000       440.2440      1101.1215      1122.8549        74.8351        -114496.6279      9924.0290         0.0000         0.0000     18588.5578         -83244.9855       302.1915   -101833.5433    -83032.0419       301.9036             18.2411        17.3631    300089.4019       -19.7035       -20.1093

TIMING: 385000  CPU: 720.773, 0.00184167/step  Wall: 795.167, 0.00203193/step, 85.0424 ns/days, 0.0649088 hours remaining, 0.000000 MB of memory in use.
PERFORMANCE: 385000  averaging 84.3049 ns/day, 0.0020497 sec/step with standard deviation 4.98774e-05
ENERGY:  385000       438.7826      1101.3068      1130.2818        78.6749        -113927.8187      9658.4698         0.0000         0.0000     18463.9432         -83056.3596       300.1657   -101520.3028    -83033.3599       301.9399             40.8526        37.7871    299883.1526       -13.3208       -13.7279

TIMING: 390000  CPU: 730.188, 0.00188301/step  Wall: 805.578, 0.00208225/step, 82.987 ns/days, 0.0636244 hours remaining, 0.000000 MB of memory in use.
PERFORMANCE: 390000  averaging 84.2877 ns/day, 0.00205012 sec/step with standard deviation 4.96893e-05
ENERGY:  390000       418.6697      1133.8216      1120.5854        65.9278        -113969.3608      9500.3957         0.0000         0.0000     18593.6760         -83136.2845       302.2747   -101729.9606    -83025.0331       302.1131           -240.8212      -239.1438    300780.4381       -36.8965       -37.1757

TIMING: 395000  CPU: 739.381, 0.00183848/step  Wall: 815.785, 0.00204124/step, 84.6544 ns/days, 0.0595362 hours remaining, 0.000000 MB of memory in use.
PERFORMANCE: 395000  averaging 84.2924 ns/day, 0.00205001 sec/step with standard deviation 4.93798e-05
ENERGY:  395000       441.4136      1178.3984      1107.3898        75.6318        -114116.3412      9712.0127         0.0000         0.0000     18830.9468         -82770.5481       306.1320   -101601.4949    -83019.5390       302.2692           -139.6816      -140.1459    300673.8609       -29.4246       -29.4911

TIMING: 400000  CPU: 748.231, 0.00177002/step  Wall: 825.567, 0.00195643/step, 88.324 ns/days, 0.0543453 hours remaining, 0.000000 MB of memory in use.
PERFORMANCE: 400000  averaging 84.3405 ns/day, 0.00204884 sec/step with standard deviation 5.01693e-05
ETITLE:      TS           BOND          ANGLE          DIHED          IMPRP               ELECT            VDW       BOUNDARY           MISC        KINETIC               TOTAL           TEMP      POTENTIAL       TOTALAVG        TEMPAVG            PRESSURE      GPRESSURE         VOLUME       PRESSAVG      GPRESSAVG

ENERGY:  400000       426.8040      1117.6498      1103.9754        75.1183        -113988.9388      9754.3100         0.0000         0.0000     18652.1513         -82858.9300       303.2254   -101511.0813    -83017.0921       302.2517           -113.4444      -116.8025    301450.7362       -32.8404       -32.9193

TIMING: 405000  CPU: 757.598, 0.00187335/step  Wall: 835.947, 0.00207612/step, 83.2324 ns/days, 0.0547864 hours remaining, 0.000000 MB of memory in use.
PERFORMANCE: 405000  averaging 84.3266 ns/day, 0.00204917 sec/step with standard deviation 4.99468e-05
ENERGY:  405000       441.4739      1110.5794      1097.0397        72.8084        -114135.9420      9786.0622         0.0000         0.0000     18441.4768         -83186.5015       299.8005   -101627.9783    -83033.0728       302.0925            -61.6184       -56.9962    300786.7691       -30.3708       -29.9551

TIMING: 410000  CPU: 766.857, 0.00185182/step  Wall: 846.16, 0.00204257/step, 84.5992 ns/days, 0.0510643 hours remaining, 0.000000 MB of memory in use.
PERFORMANCE: 410000  averaging 84.3299 ns/day, 0.00204909 sec/step with standard deviation 4.96429e-05
ENERGY:  410000       431.0171      1159.5268      1125.5371        78.2240        -113896.4356      9657.7612         0.0000         0.0000     18747.2017         -82697.1678       304.7706   -101444.3695    -83007.9806       302.4059            -68.5629       -72.5290    300197.6501       -22.6495       -22.3854

TIMING: 415000  CPU: 775.717, 0.00177205/step  Wall: 855.994, 0.00196672/step, 87.8622 ns/days, 0.0464363 hours remaining, 0.000000 MB of memory in use.
PERFORMANCE: 415000  averaging 84.3708 ns/day, 0.0020481 sec/step with standard deviation 5.0161e-05
ENERGY:  415000       406.6793      1137.8627      1117.7845        71.6679        -114563.5906     10192.4700         0.0000         0.0000     18722.1860         -82914.9401       304.3639   -101637.1261    -83004.9409       302.6133            376.9570       379.1747    300513.6535        -1.4396        -1.2318

TIMING: 420000  CPU: 785.089, 0.00187437/step  Wall: 866.318, 0.00206491/step, 83.6841 ns/days, 0.0458869 hours remaining, 0.000000 MB of memory in use.
PERFORMANCE: 420000  averaging 84.3626 ns/day, 0.0020483 sec/step with standard deviation 4.98916e-05
ENERGY:  420000       421.3680      1168.6641      1105.8966        68.5895        -114057.7760      9759.7714         0.0000         0.0000     18546.6343         -82986.8522       301.5100   -101533.4865    -83009.7250       302.5034           -127.6241      -124.4857    301116.4568       -20.2176       -19.6349

TIMING: 425000  CPU: 794.524, 0.0018871/step  Wall: 876.736, 0.00208346/step, 82.939 ns/days, 0.0434054 hours remaining, 0.000000 MB of memory in use.
PERFORMANCE: 425000  averaging 84.3455 ns/day, 0.00204872 sec/step with standard deviation 4.97401e-05
ENERGY:  425000       433.3115      1145.8572      1122.1604        74.9272        -114317.5759     10021.1020         0.0000         0.0000     18630.7540         -82889.4636       302.8775   -101520.2176    -83016.0808       302.4145            332.1666       336.4322    300943.2859        -6.1605        -5.5605

TIMING: 430000  CPU: 803.386, 0.00177236/step  Wall: 886.517, 0.00195631/step, 88.3294 ns/days, 0.0380394 hours remaining, 0.000000 MB of memory in use.
PERFORMANCE: 430000  averaging 84.3898 ns/day, 0.00204764 sec/step with standard deviation 5.04406e-05
ENERGY:  430000       427.5547      1150.1936      1120.9854        82.9199        -113845.2713      9660.6992         0.0000         0.0000     18456.8699         -82946.0487       300.0507   -101402.9186    -83021.8719       302.3005             -4.2078        -5.6140    300552.3356        -4.5729        -3.9112

TIMING: 435000  CPU: 812.876, 0.00189792/step  Wall: 897.069, 0.00211041/step, 81.8798 ns/days, 0.0381046 hours remaining, 0.000000 MB of memory in use.
PERFORMANCE: 435000  averaging 84.3601 ns/day, 0.00204836 sec/step with standard deviation 5.0596e-05
ENERGY:  435000       435.3591      1162.7424      1131.5448        74.6909        -114200.1106      9749.7706         0.0000         0.0000     18534.5413         -83111.4615       301.3134   -101646.0028    -83022.6495       302.2285             16.8572        11.2177    300199.5345         0.7072         0.9897

TIMING: 440000  CPU: 822.11, 0.00184694/step  Wall: 907.242, 0.00203447/step, 84.936 ns/days, 0.0339079 hours remaining, 0.000000 MB of memory in use.
PERFORMANCE: 440000  averaging 84.3666 ns/day, 0.0020482 sec/step with standard deviation 5.03262e-05
ENERGY:  440000       411.4743      1117.8307      1131.0484        66.2670        -113940.4625      9780.2528         0.0000         0.0000     18644.1830         -82789.4063       303.0958   -101433.5893    -83006.5946       302.3265            170.6817       169.0693    300768.2738        10.8778        10.9487

TIMING: 445000  CPU: 831.121, 0.00180204/step  Wall: 917.174, 0.00198649/step, 86.9875 ns/days, 0.0303492 hours remaining, 0.000000 MB of memory in use.
PERFORMANCE: 445000  averaging 84.3951 ns/day, 0.00204751 sec/step with standard deviation 5.04651e-05
ENERGY:  445000       416.2901      1143.9729      1123.2790        83.6019        -114147.5469      9926.1818         0.0000         0.0000     18588.1294         -82866.0918       302.1846   -101454.2211    -83010.2946       302.2848            216.3167       213.7118    301303.0324        20.7565        20.5432

TIMING: 450000  CPU: 840.562, 0.0018882/step  Wall: 927.596, 0.00208441/step, 82.9011 ns/days, 0.0289501 hours remaining, 0.000000 MB of memory in use.
PERFORMANCE: 450000  averaging 84.3782 ns/day, 0.00204792 sec/step with standard deviation 5.03313e-05
ETITLE:      TS           BOND          ANGLE          DIHED          IMPRP               ELECT            VDW       BOUNDARY           MISC        KINETIC               TOTAL           TEMP      POTENTIAL       TOTALAVG        TEMPAVG            PRESSURE      GPRESSURE         VOLUME       PRESSAVG      GPRESSAVG

ENERGY:  450000       420.5609      1161.5952      1097.2154        75.1597        -114023.5648      9642.2876         0.0000         0.0000     18663.3384         -82963.4077       303.4072   -101626.7461    -83010.4407       302.3070            -36.4227       -34.6026    299247.0723        25.7069        25.5695

TIMING: 455000  CPU: 849.994, 0.00188659/step  Wall: 938.017, 0.00208416/step, 82.9112 ns/days, 0.026052 hours remaining, 0.000000 MB of memory in use.
PERFORMANCE: 455000  averaging 84.3618 ns/day, 0.00204832 sec/step with standard deviation 5.01949e-05
ENERGY:  455000       428.5463      1124.4559      1114.0472        77.7610        -113975.0929      9661.5765         0.0000         0.0000     18631.7833         -82936.9227       302.8942   -101568.7059    -83005.5216       302.3565           -202.4752      -201.0092    301322.5773         3.1684         3.2374

TIMING: 460000  CPU: 858.827, 0.00176656/step  Wall: 947.789, 0.0019544/step, 88.4161 ns/days, 0.0217155 hours remaining, 0.000000 MB of memory in use.
PERFORMANCE: 460000  averaging 84.4039 ns/day, 0.0020473 sec/step with standard deviation 5.08697e-05
ENERGY:  460000       433.0397      1151.1063      1103.8409        73.6928        -114158.5579      9743.6034         0.0000         0.0000     18461.2210         -83192.0537       300.1214   -101653.2747    -83016.2811       302.1409            100.1559       102.6110    299413.4478         9.0143         9.2371

TIMING: 465000  CPU: 868.049, 0.00184431/step  Wall: 958.077, 0.00205762/step, 83.9804 ns/days, 0.0200047 hours remaining, 0.000000 MB of memory in use.
PERFORMANCE: 465000  averaging 84.3993 ns/day, 0.00204741 sec/step with standard deviation 5.06038e-05
ENERGY:  465000       433.1575      1098.6322      1131.4031        82.5657        -114292.4941      9766.0607         0.0000         0.0000     18555.2563         -83225.4186       301.6502   -101780.6749    -83010.9326       302.2043            -97.2244       -94.7157    300131.9540         1.6489         1.7458

TIMING: 470000  CPU: 877.335, 0.00185718/step  Wall: 968.39, 0.00206264/step, 83.776 ns/days, 0.0171887 hours remaining, 0.000000 MB of memory in use.
PERFORMANCE: 470000  averaging 84.3927 ns/day, 0.00204757 sec/step with standard deviation 5.03555e-05
ENERGY:  470000       424.2847      1160.1425      1138.3687        79.8016        -113973.7329      9613.1649         0.0000         0.0000     18822.5274         -82735.4432       305.9951   -101557.9706    -82981.0851       302.5251             56.5721        57.7346    299538.6290        14.0199        14.0569

TIMING: 475000  CPU: 886.198, 0.00177273/step  Wall: 978.204, 0.00196272/step, 88.0411 ns/days, 0.01363 hours remaining, 0.000000 MB of memory in use.
PERFORMANCE: 475000  averaging 84.4295 ns/day, 0.00204668 sec/step with standard deviation 5.08379e-05
ENERGY:  475000       454.0398      1161.7412      1104.0027        61.9270        -114680.5787      9901.0520         0.0000         0.0000     18590.4596         -83407.3565       302.2224   -101997.8161    -82995.7822       302.5123             76.5164        78.1257    298018.9478        15.6617        15.8591

TIMING: 480000  CPU: 895.547, 0.00186981/step  Wall: 988.55, 0.00206929/step, 83.507 ns/days, 0.011496 hours remaining, 0.000000 MB of memory in use.
PERFORMANCE: 480000  averaging 84.4198 ns/day, 0.00204691 sec/step with standard deviation 5.06223e-05
ENERGY:  480000       431.9033      1167.4673      1130.9958        73.5715        -113964.9881      9758.1959         0.0000         0.0000     18613.4237         -82789.4307       302.5958   -101402.8543    -82973.0044       302.5326            229.1502       226.1699    299730.1388        26.2072        26.2995

TIMING: 485000  CPU: 904.853, 0.00186102/step  Wall: 998.829, 0.00205565/step, 84.0608 ns/days, 0.00856522 hours remaining, 0.000000 MB of memory in use.
PERFORMANCE: 485000  averaging 84.4161 ns/day, 0.002047 sec/step with standard deviation 5.03657e-05
ENERGY:  485000       418.6708      1096.3615      1139.1965        65.6640        -114074.8019      9673.1309         0.0000         0.0000     18587.4045         -83094.3736       302.1728   -101681.7781    -82974.9051       302.6329            -19.0452       -20.4784    298818.0220        23.2123        23.3862

TIMING: 490000  CPU: 913.623, 0.00175416/step  Wall: 1008.54, 0.00194136/step, 89.0096 ns/days, 0.00539268 hours remaining, 0.000000 MB of memory in use.
PERFORMANCE: 490000  averaging 84.4605 ns/day, 0.00204593 sec/step with standard deviation 5.12292e-05
ENERGY:  490000       454.3473      1167.8203      1127.4577        87.4036        -114056.3651      9697.3034         0.0000         0.0000     18628.3464         -82893.6865       302.8384   -101522.0329    -82962.7752       302.6611             10.1631         9.5302    299583.9818        35.7615        35.8199

TIMING: 495000  CPU: 923.118, 0.00189902/step  Wall: 1019.01, 0.00209405/step, 82.5195 ns/days, 0.0029084 hours remaining, 0.000000 MB of memory in use.
PERFORMANCE: 495000  averaging 84.4405 ns/day, 0.00204641 sec/step with standard deviation 5.11962e-05
ENERGY:  495000       416.9615      1120.0240      1126.7456        68.7478        -113864.5377      9594.2850         0.0000         0.0000     18422.7869         -83114.9871       299.4966   -101537.7739    -82979.9972       302.3293            -36.4528       -35.7459    299545.9713        40.9230        41.0399

TIMING: 500000  CPU: 932.407, 0.00185769/step  Wall: 1029.3, 0.00205893/step, 83.9273 ns/days, 0 hours remaining, 0.000000 MB of memory in use.
PERFORMANCE: 500000  averaging 84.4353 ns/day, 0.00204654 sec/step with standard deviation 5.09523e-05
ETITLE:      TS           BOND          ANGLE          DIHED          IMPRP               ELECT            VDW       BOUNDARY           MISC        KINETIC               TOTAL           TEMP      POTENTIAL       TOTALAVG        TEMPAVG            PRESSURE      GPRESSURE         VOLUME       PRESSAVG      GPRESSAVG

ENERGY:  500000       450.3835      1123.2942      1109.8549        59.8543        -114345.1266      9824.4236         0.0000         0.0000     18689.1571         -83088.1590       303.8270   -101777.3161    -82991.4586       302.3594             95.3331        94.6760    301515.5648        51.3618        51.6138

WRITING EXTENDED SYSTEM TO OUTPUT FILE AT STEP 500000
WRITING COORDINATES TO OUTPUT FILE AT STEP 500000
WRITING VELOCITIES TO OUTPUT FILE AT STEP 500000
====================================================

WallClock: 1032.743286  CPUTime: 921.323059  Memory: 0.000000 MB
[Partition 0][Node 0] End of program
