Charm++> Running on MPI library: Open MPI v4.1.5a1, package: Open MPI software@d001.sol.rc.asu.edu Distribution, ident: 4.1.5a1, repo rev: v4.1.4-32-g5abd86cc8c, Unreleased developer copy (MPI standard: 3.1)
Charm++> Level of thread support used: MPI_THREAD_FUNNELED (desired: MPI_THREAD_FUNNELED)
Charm++> Running in SMP mode: 1 processes, 45 worker threads (PEs) + 1 comm threads per process, 45 PEs total
Charm++> The comm. thread both sends and receives messages
Charm++> Using recursive bisection (scheme 3) for topology aware partitions
Converse/Charm++ Commit ID: v8.0.1-devel-35-gf310838d5
Charm++ communication thread will sleep due to single-process run.
CharmLB> Load balancer assumes all CPUs are same.
Charm++> cpu affinity enabled. 
Charm++> Running on 1 hosts (2 sockets x 24 cores x 1 PUs = 48-way SMP)
Charm++> cpu topology info is gathered in 0.003 seconds.
Info: Built with CUDA version 12090
Pe 38 physical rank 38 will use CUDA device of pe 32
Pe 2 physical rank 2 will use CUDA device of pe 32
Pe 1 physical rank 1 will use CUDA device of pe 32
Pe 3 physical rank 3 will use CUDA device of pe 32
Pe 5 physical rank 5 will use CUDA device of pe 32
Pe 4 physical rank 4 will use CUDA device of pe 32
Pe 18 physical rank 18 will use CUDA device of pe 32
Pe 20 physical rank 20 will use CUDA device of pe 32
Pe 19 physical rank 19 will use CUDA device of pe 32
Pe 22 physical rank 22 will use CUDA device of pe 32
Pe 21 physical rank 21 will use CUDA device of pe 32
Pe 9 physical rank 9 will use CUDA device of pe 32
Pe 11 physical rank 11 will use CUDA device of pe 32
Pe 6 physical rank 6 will use CUDA device of pe 32
Pe 8 physical rank 8 will use CUDA device of pe 32
Pe 7 physical rank 7 will use CUDA device of pe 32
Pe 10 physical rank 10 will use CUDA device of pe 32
Pe 14 physical rank 14 will use CUDA device of pe 32
Pe 17 physical rank 17 will use CUDA device of pe 32
Pe 16 physical rank 16 will use CUDA device of pe 32
Pe 13 physical rank 13 will use CUDA device of pe 32
Pe 0 physical rank 0 will use CUDA device of pe 32
Pe 15 physical rank 15 will use CUDA device of pe 32
Pe 12 physical rank 12 will use CUDA device of pe 32
Pe 29 physical rank 29 will use CUDA device of pe 32
Pe 33 physical rank 33 will use CUDA device of pe 32
Pe 30 physical rank 30 will use CUDA device of pe 32
Pe 31 physical rank 31 will use CUDA device of pe 32
Pe 34 physical rank 34 will use CUDA device of pe 32
Pe 36 physical rank 36 will use CUDA device of pe 32
Pe 37 physical rank 37 will use CUDA device of pe 32
Pe 35 physical rank 35 will use CUDA device of pe 32
Pe 41 physical rank 41 will use CUDA device of pe 32
Pe 43 physical rank 43 will use CUDA device of pe 32
Pe 42 physical rank 42 will use CUDA device of pe 32
Pe 32 physical rank 32 binding to CUDA device 0 on sg044: 'NVIDIA A100-SXM4-80GB'  Mem: 81152MB  Rev: 8.0  PCI: 0:1:0
Pe 39 physical rank 39 will use CUDA device of pe 32
Pe 40 physical rank 40 will use CUDA device of pe 32
Pe 44 physical rank 44 will use CUDA device of pe 32
Pe 24 physical rank 24 will use CUDA device of pe 32
Pe 25 physical rank 25 will use CUDA device of pe 32
Pe 26 physical rank 26 will use CUDA device of pe 32
Pe 27 physical rank 27 will use CUDA device of pe 32
Pe 23 physical rank 23 will use CUDA device of pe 32
Pe 28 physical rank 28 will use CUDA device of pe 32
CharmLB> Load balancing instrumentation for communication is off.
Info: NAMD 3.1alpha4pre for Linux-x86_64-MPI-smp-CUDA
Info: 
Info: Please visit http://www.ks.uiuc.edu/Research/namd/
Info: for updates, documentation, and support information.
Info: 
Info: Please cite Phillips et al., J. Chem. Phys. 153:044130 (2020) doi:10.1063/5.0014475
Info: in all publications reporting results obtained with NAMD.
Info: 
Info: Based on Charm++/Converse 80001 for mpi-linux-x86_64
Info: Built Fri Apr 17 06:27:28 MST 2026 by athiru12 on sg013
Info: Source code at Git commit ID 0de8a9017a5e517ce3382a552ac4a3debb0beccb
Info: 1 NAMD  3.1alpha4pre  Linux-x86_64-MPI-smp-CUDA  45    sg044  athiru12
Info: Running on 45 processors, 1 nodes, 1 physical nodes.
Info: CPU topology information available.
Info: Charm++/Converse parallel runtime startup completed at 2.84783 s
CkLoopLib is used in SMP with simple dynamic scheduling (converse-level notification)
Info: 0 MB of memory in use based on /proc/self/stat
Info: Configuration file is input/step5_streaming_streaming_run_4.inp
Info: Changed directory to input
TCL: Suspending until startup complete.
Warning: Option "1-4scaling" has been deprecated. Instead use "oneFourScaling".
Info: EXTENDED SYSTEM FILE   ../output/vanilla/performance/equil/1-0-40/run-1/step4_equilibration.xsc
Info: Tuning parameters to improve GPU-resident performance
Info: Setting margin to 4
Warning: The Langevin gamma parameters differ over the particles,
Warning: requiring extra work per step to constrain rigid bonds.
Info: Enabling PMEOffload because PMEInterpOrder > 4.
Info: Running with GPU-resident mode
Warning: Always using force tables for GPU nonbonded kernel due to unsupported config parameters.
Info: SIMULATION PARAMETERS:
Info: TIMESTEP               2
Info: NUMBER OF STEPS        500000
Info: STEPS PER CYCLE        20
Info: PERIODIC CELL BASIS 1  69 0 0
Info: PERIODIC CELL BASIS 2  0 69 0
Info: PERIODIC CELL BASIS 3  0 0 69
Info: PERIODIC CELL CENTER   0 0 0
Info: WRAPPING WATERS AROUND PERIODIC BOUNDARIES ON OUTPUT.
Info: WRAPPING ALL CLUSTERS AROUND PERIODIC BOUNDARIES ON OUTPUT.
Info: LOAD BALANCER  Centralized
Info: LOAD BALANCING STRATEGY  New Load Balancers -- DEFAULT
Info: LDB PERIOD             4000 steps
Info: FIRST LDB TIMESTEP     100
Info: LAST LDB TIMESTEP     -1
Info: LDB BACKGROUND SCALING 1
Info: HOM BACKGROUND SCALING 1
Info: PME BACKGROUND SCALING 1
Warning: OVERRIDING NOPATCH SETTING. Not supported with GPUresident on
Info: MIN ATOMS PER PATCH    40
Info: EMPTY PATCH LOAD       40 ATOMS
Info: VELOCITY FILE          ../output/vanilla/performance/equil/1-0-40/run-1/step4_equilibration.vel
Info: CENTER OF MASS MOVING INITIALLY? NO
Info: DIELECTRIC             1
Info: EXCLUDE                SCALED ONE-FOUR
Info: 1-4 ELECTROSTATICS SCALED BY 1
Info: MODIFIED 1-4 VDW PARAMETERS WILL BE USED
Info: NO DCD TRAJECTORY OUTPUT
Info: NO EXTENDED SYSTEM TRAJECTORY OUTPUT
Info: NO VELOCITY DCD OUTPUT
Info: NO FORCE DCD OUTPUT
Info: OUTPUT FILENAME        ../output/streaming/performance/prod/1-1-45/frequency-500/run-4/step5_streaming
Info: BINARY OUTPUT FILES WILL BE USED
Info: NO RESTART FILE
Info: NAMD will save positions and velocities to ../output/streaming/performance/prod/1-1-45/frequency-500/run-4/step5_streaming.crash.csv when  atoms are moving too fast.
Info: SWITCHING ACTIVE
Info: VDW FORCE SWITCHING ACTIVE
Info: SWITCHING ON           10
Info: SWITCHING OFF          12
Info: PAIRLIST DISTANCE      16
Info: PAIRLIST SHRINK RATE   0.01
Info: PAIRLIST GROW RATE     0.01
Info: PAIRLIST TRIGGER       0.3
Info: PAIRLISTS PER CYCLE    2
Info: PAIRLISTS ENABLED
Info: MARGIN                 4
Info: HYDROGEN GROUP CUTOFF  2.5
Info: PATCH DIMENSION        22.5
Info: ENERGY OUTPUT STEPS    5000
Info: ENERGY EVALUATION STEPS    5000
Info: OUTPUT ENERGY PRECISION 4
Info: CROSSTERM ENERGY INCLUDED IN DIHEDRAL
Info: TIMING OUTPUT STEPS    5000
Info: INTERACTIVE MD ACTIVE
Info: INTERACTIVE MD VERSION    3
Info: INTERACTIVE MD PORT    8889
Info: INTERACTIVE MD FREQ    500
Info: WILL AWAIT INTERACTIVE MD CONNECTION
Info: INTERACTIVE MD WILL SEND THE FOLLOWING:
Info: WRAPPED COORDINATES
Info: LANGEVIN DYNAMICS ACTIVE
Info: LANGEVIN TEMPERATURE   303.15
Info: LANGEVIN USING BBK INTEGRATOR
Info: LANGEVIN DAMPING COEFFICIENT IS 1 INVERSE PS
Info: LANGEVIN DYNAMICS NOT APPLIED TO HYDROGENS
Info: LANGEVIN PISTON PRESSURE CONTROL ACTIVE
Info:        TARGET PRESSURE IS 1.01325 BAR
Info:     OSCILLATION PERIOD IS 50 FS
Info:             DECAY TIME IS 25 FS
Info:     PISTON TEMPERATURE IS 303.15 K
Info:       PRESSURE CONTROL IS GROUP-BASED
Info:    INITIAL STRAIN RATE IS 0 0 0
Info:       CELL FLUCTUATION IS ISOTROPIC
Info: PARTICLE MESH EWALD (PME) ACTIVE
Info: PME TOLERANCE               1e-06
Info: PME EWALD COEFFICIENT       0.257952
Info: PME INTERPOLATION ORDER     6
Info: PME GRID DIMENSIONS         72 72 72
Info: PME MAXIMUM GRID SPACING    1
Info: PME RECIPROCAL SUM OFFLOADED TO GPU
Info: PME CALCULATION WILL BE PERFORMED ON GPU
Info: FULL ELECTROSTATIC EVALUATION FREQUENCY      1
Info: USING VERLET I (r-RESPA) MTS SCHEME.
Info: C1 SPLITTING OF LONG RANGE ELECTROSTATICS
Info: PLACING ATOMS IN PATCHES BY HYDROGEN GROUPS
Info: RIGID BONDS TO HYDROGEN : ALL
Info:         ERROR TOLERANCE : 1e-08
Info:          MAX ITERATIONS : 100
Info: RIGID WATER USING SETTLE ALGORITHM
Info: RANDOM NUMBER SEED     1776756556
Info: USE HYDROGEN BONDS?    NO
Info: COORDINATE PDB         step3_input.pdb
Info: STRUCTURE FILE         step3_input.psf
Info: PARAMETER file: CHARMM format! 
Info: PARAMETERS             toppar/par_all36m_prot.prm
Info: PARAMETERS             toppar/par_all36_na.prm
Info: PARAMETERS             toppar/par_all36_carb.prm
Info: PARAMETERS             toppar/par_all36_lipid.prm
Info: PARAMETERS             toppar/par_all36_cgenff.prm
Info: PARAMETERS             toppar/par_interface.prm
Info: PARAMETERS             toppar/toppar_all36_moreions.str
Info: PARAMETERS             toppar/toppar_all36_nano_lig.str
Info: PARAMETERS             toppar/toppar_all36_nano_lig_patch.str
Info: PARAMETERS             toppar/toppar_all36_synthetic_polymer.str
Info: PARAMETERS             toppar/toppar_all36_synthetic_polymer_patch.str
Info: PARAMETERS             toppar/toppar_all36_polymer_solvent.str
Info: PARAMETERS             toppar/toppar_water_ions.str
Info: PARAMETERS             toppar/toppar_dum_noble_gases.str
Info: PARAMETERS             toppar/toppar_ions_won.str
Info: PARAMETERS             toppar/cam.str
Info: PARAMETERS             toppar/toppar_all36_prot_arg0.str
Info: PARAMETERS             toppar/toppar_all36_prot_c36m_d_aminoacids.str
Info: PARAMETERS             toppar/toppar_all36_prot_fluoro_alkanes.str
Info: PARAMETERS             toppar/toppar_all36_prot_heme.str
Info: PARAMETERS             toppar/toppar_all36_prot_na_combined.str
Info: PARAMETERS             toppar/toppar_all36_prot_retinol.str
Info: PARAMETERS             toppar/toppar_all36_prot_model.str
Info: PARAMETERS             toppar/toppar_all36_prot_modify_res.str
Info: PARAMETERS             toppar/toppar_all36_na_nad_ppi.str
Info: PARAMETERS             toppar/toppar_all36_na_rna_modified.str
Info: PARAMETERS             toppar/toppar_all36_lipid_sphingo.str
Info: PARAMETERS             toppar/toppar_all36_lipid_archaeal.str
Info: PARAMETERS             toppar/toppar_all36_lipid_bacterial.str
Info: PARAMETERS             toppar/toppar_all36_lipid_cardiolipin.str
Info: PARAMETERS             toppar/toppar_all36_lipid_cholesterol.str
Info: PARAMETERS             toppar/toppar_all36_lipid_dag.str
Info: PARAMETERS             toppar/toppar_all36_lipid_inositol.str
Info: PARAMETERS             toppar/toppar_all36_lipid_lnp.str
Info: PARAMETERS             toppar/toppar_all36_lipid_lps.str
Info: PARAMETERS             toppar/toppar_all36_lipid_mycobacterial.str
Info: PARAMETERS             toppar/toppar_all36_lipid_miscellaneous.str
Info: PARAMETERS             toppar/toppar_all36_lipid_model.str
Info: PARAMETERS             toppar/toppar_all36_lipid_prot.str
Info: PARAMETERS             toppar/toppar_all36_lipid_tag.str
Info: PARAMETERS             toppar/toppar_all36_lipid_yeast.str
Info: PARAMETERS             toppar/toppar_all36_lipid_hmmm.str
Info: PARAMETERS             toppar/toppar_all36_lipid_detergent.str
Info: PARAMETERS             toppar/toppar_all36_lipid_ether.str
Info: PARAMETERS             toppar/toppar_all36_lipid_oxidized.str
Info: PARAMETERS             toppar/toppar_all36_carb_glycolipid.str
Info: PARAMETERS             toppar/toppar_all36_carb_glycopeptide.str
Info: PARAMETERS             toppar/toppar_all36_carb_imlab.str
Info: PARAMETERS             toppar/toppar_all36_label_spin.str
Info: PARAMETERS             toppar/toppar_all36_label_fluorophore.str
Info: USING ARITHMETIC MEAN TO COMBINE L-J SIGMA PARAMETERS
Info: BINARY COORDINATES     ../output/vanilla/performance/equil/1-0-40/run-1/step4_equilibration.coor
Warning: SKIPPING PART OF PARAMETER FILE AFTER RETURN STATEMENT

Warning: DUPLICATE DIHEDRAL ENTRY FOR HAL1-CTO1-C-NHL
PREVIOUS VALUES MULTIPLICITY: 1
  k=0  n=1  delta=0INCREASING MULTIPLICITY TO: 2
  k=0  n=3  delta=0

Warning: DUPLICATE DIHEDRAL ENTRY FOR HAL1-CTO1-C-O
PREVIOUS VALUES MULTIPLICITY: 1
  k=0  n=1  delta=0INCREASING MULTIPLICITY TO: 2
  k=0  n=2  delta=3.14159
Warning: SKIPPING PART OF PARAMETER FILE AFTER RETURN STATEMENT

Warning: DUPLICATE DIHEDRAL ENTRY FOR CTL2-CG2O5-CTL1-CTL3
PREVIOUS VALUES MULTIPLICITY: 1
  k=0.75  n=1  delta=0  k=0.18  n=2  delta=3.14159INCREASING MULTIPLICITY TO: 3
  k=0.065  n=3  delta=0

Warning: DUPLICATE BOND ENTRY FOR CEL1-CL
PREVIOUS VALUES  k=440  x0=1.489
   USING VALUES  k=300  x0=1.48
Info: SUMMARY OF PARAMETERS:
Info: 1988 BONDS
Info: 6776 ANGLES
Info: 19939 DIHEDRAL
Info: 430 IMPROPER
Info: 28 CROSSTERM
Info: 751 VDW
Info: 122 VDW_PAIRS
Info: 0 NBTHOLE_PAIRS
Warning: Ignored 9467 bonds with zero force constants.
Warning: Will get H-H distance in rigid H2O from H-O-H angle.
Info: No lone pairs detected in waters
Info: TIME FOR READING PSF FILE: 0.0635772
Info: Reading pdb file step3_input.pdb
Info: TIME FOR READING PDB FILE: 0.0287484
Info: 
Info: ****************************
Info: STRUCTURE SUMMARY:
Info: 30423 ATOMS
Info: 20918 BONDS
Info: 13014 ANGLES
Info: 5187 DIHEDRALS
Info: 373 IMPROPERS
Info: 127 CROSSTERMS
Info: 0 EXCLUSIONS
Info: 29360 RIGID BONDS
Info: 61909 DEGREES OF FREEDOM
Info: 10530 HYDROGEN GROUPS
Info: 4 ATOMS IN LARGEST HYDROGEN GROUP
Info: 10530 MIGRATION GROUPS
Info: 4 ATOMS IN LARGEST MIGRATION GROUP
Info: TOTAL MASS = 186727 amu
Info: TOTAL CHARGE = 1.31875e-06 e
Info: MASS DENSITY = 0.943883 g/cm^3
Info: ATOM DENSITY = 0.0926093 atoms/A^3
Info: *****************************
Info: Reading from binary file ../output/vanilla/performance/equil/1-0-40/run-1/step4_equilibration.coor
Info: 
Info: Entering startup at 3.04922 s, 0 MB of memory in use
Info: Startup phase 0 took 0.000459058 s, 0 MB of memory in use
Info: ADDED 39038 IMPLICIT EXCLUSIONS
Info: Startup phase 1 took 0.0064795 s, 0 MB of memory in use
Info: NONBONDED TABLE R-SQUARED SPACING: 0.0625
Info: NONBONDED TABLE SIZE: 769 POINTS
Info: INCONSISTENCY IN FAST TABLE ENERGY VS FORCE: 0.000325096 AT 11.9556
Info: INCONSISTENCY IN SCOR TABLE ENERGY VS FORCE: 0.000324844 AT 11.9556
Info: INCONSISTENCY IN VDWA TABLE ENERGY VS FORCE: 0.0040507 AT 0.251946
Info: INCONSISTENCY IN VDWB TABLE ENERGY VS FORCE: 0.00150189 AT 0.251946
Info: Startup phase 2 took 0.0150774 s, 0 MB of memory in use
Info: Startup phase 3 took 0.000183898 s, 0 MB of memory in use
Info: Startup phase 4 took 0.0013816 s, 0 MB of memory in use
Info: Startup phase 5 took 0.000204887 s, 0 MB of memory in use
Info: REDUCING NUMBER OF PATCHES TO IMPROVE LOAD BALANCE
Info: PATCH GRID IS 5 (PERIODIC) BY 3 (PERIODIC) BY 3 (PERIODIC)
Info: PATCH GRID IS 2-AWAY BY 1-AWAY BY 1-AWAY
Info: Reading from binary file ../output/vanilla/performance/equil/1-0-40/run-1/step4_equilibration.vel
Info: REMOVING COM VELOCITY -0.0158458 -0.019888 0.00968242
Info: LARGEST PATCH (22) HAS 800 ATOMS
Info: TORUS A SIZE 1 USING 0
Info: TORUS B SIZE 1 USING 0
Info: TORUS C SIZE 1 USING 0
Info: TORUS MINIMAL MESH SIZE IS 1 BY 1 BY 1
Info: Placed 100% of base nodes on same physical node as patch
Info: Startup phase 6 took 0.0146923 s, 0 MB of memory in use
Info: Use 3D box decompostion in PME FFT.
Info: PME using 1 x 1 x 1 pencil grid for FFT and reciprocal sum.
Info: Startup phase 7 took 0.000895793 s, 0 MB of memory in use
Info: Updated CUDA force table with 4096 elements.
Info: Updated CUDA LJ table with 751 x 751 elements.
Info: Startup phase 8 took 0.00615041 s, 0 MB of memory in use
Info: Startup phase 9 took 0.000177536 s, 0 MB of memory in use
Info: Startup phase 10 took 0.000166164 s, 0 MB of memory in use
Info: Startup phase 11 took 0.0118196 s, 0 MB of memory in use
LDB: Central LB being created...
Info: Startup phase 12 took 0.042081 s, 0 MB of memory in use
Info: Startup phase 13 took 0.000186232 s, 0 MB of memory in use
Info: Startup phase 14 took 0.00281922 s, 0 MB of memory in use
Info: Startup phase 15 took 0.00017406 s, 0 MB of memory in use
Info: CREATING 1755 COMPUTE OBJECTS
Info: Interactive MD listening on port 8889.
Info: Found 268 unique exclusion lists needing 4316 bytes
Info: Startup phase 16 took 0.0751536 s, 0 MB of memory in use
Info: useSync: 0 useProxySync: 0
Info: Startup phase 17 took 0.000189729 s, 0 MB of memory in use
Info: Startup phase 18 took 6.8169e-05 s, 0 MB of memory in use
Info: Finished startup at 3.22758 s, 0 MB of memory in use

TCL: Original numsteps 500000 will be ignored.
TCL: Running for 500000 steps
Info: INTERACTIVE MD AWAITING CONNECTION
Warning: IMD protocol version 3 detected
Info: IMD connection opened
ETITLE:      TS           BOND          ANGLE          DIHED          IMPRP               ELECT            VDW       BOUNDARY           MISC        KINETIC               TOTAL           TEMP      POTENTIAL       TOTALAVG        TEMPAVG            PRESSURE      GPRESSURE         VOLUME       PRESSAVG      GPRESSAVG

ENERGY:       0       390.0165      1067.9379      1155.8548        69.8147        -111518.5693      9145.1384         0.0000         0.0000     18338.1923         -81351.6147       298.1214    -99689.8070    -81351.6147       298.1214          -1454.3547     -1453.0520    328509.0000     -1454.3547     -1453.0520

Info: Initial time: 45 CPUs 0.00218713 s/step 79.0076 ns/day 0 MB memory
Info: Initial time: 45 CPUs 0.00117624 s/step 146.909 ns/day 0 MB memory
Info: Initial time: 45 CPUs 0.00113267 s/step 152.56 ns/day 0 MB memory
Info: Benchmark time: 45 CPUs 0.00110934 s/step 155.768 ns/day 0 MB memory
Info: Benchmark time: 45 CPUs 0.00115576 s/step 149.512 ns/day 0 MB memory
The last position output (seq=500) takes 0.001 seconds, 0.000 MB of memory in use
Info: Benchmark time: 45 CPUs 0.00113354 s/step 152.443 ns/day 0 MB memory
Info: Benchmark time: 45 CPUs 0.000984148 s/step 175.583 ns/day 0 MB memory
Info: Benchmark time: 45 CPUs 0.00111495 s/step 154.985 ns/day 0 MB memory
Info: Benchmark time: 45 CPUs 0.000953048 s/step 181.313 ns/day 0 MB memory
The last position output (seq=1000) takes 0.001 seconds, 0.000 MB of memory in use
The last position output (seq=1500) takes 0.001 seconds, 0.000 MB of memory in use
The last position output (seq=2000) takes 0.001 seconds, 0.000 MB of memory in use
The last position output (seq=2500) takes 0.001 seconds, 0.000 MB of memory in use
The last position output (seq=3000) takes 0.001 seconds, 0.000 MB of memory in use
The last position output (seq=3500) takes 0.001 seconds, 0.000 MB of memory in use
The last position output (seq=4000) takes 0.001 seconds, 0.000 MB of memory in use
The last position output (seq=4500) takes 0.001 seconds, 0.000 MB of memory in use
TIMING: 5000  CPU: 11.504, 0.00103173/step  Wall: 11.5875, 0.00104942/step, 164.663 ns/days, 0.144295 hours remaining, 0.000000 MB of memory in use.
PERFORMANCE: 5000  averaging 164.663 ns/day, 0.00104942 sec/step with standard deviation 0
ENERGY:    5000       430.5618      1136.3221      1139.5676        65.1196        -113565.2415      9641.7609         0.0000         0.0000     18625.6490         -82526.2605       302.7945   -101151.9095    -81938.9376       300.4579            -21.2066       -17.0656    301122.4500      -737.7806      -735.0588

The last position output (seq=5000) takes 0.001 seconds, 0.000 MB of memory in use
TIMING: 10000  CPU: 16.4817, 0.000995545/step  Wall: 16.6409, 0.00101067/step, 170.975 ns/days, 0.137564 hours remaining, 0.000000 MB of memory in use.
PERFORMANCE: 10000  averaging 167.76 ns/day, 0.00103004 sec/step with standard deviation 2.73973e-05
ENERGY:   10000       415.2559      1122.2399      1132.5470        74.5325        -113476.0573      9356.8004         0.0000         0.0000     18540.5470         -82834.1346       301.4110   -101374.6817    -82237.3366       300.7756           -440.6303      -444.0395    303556.0375      -638.7305      -638.0524

TIMING: 15000  CPU: 21.7009, 0.00104385/step  Wall: 21.9362, 0.00105906/step, 163.163 ns/days, 0.142679 hours remaining, 0.000000 MB of memory in use.
PERFORMANCE: 15000  averaging 166.199 ns/day, 0.00103972 sec/step with standard deviation 2.56125e-05
ENERGY:   15000       428.2551      1111.4820      1126.1493        69.4127        -114725.8327     10204.5072         0.0000         0.0000     18570.0087         -83216.0177       301.8900   -101786.0264    -82482.0069       301.0542            465.1289       465.3960    299608.5135      -362.7657      -362.1903

TIMING: 20000  CPU: 26.66, 0.00099182/step  Wall: 26.9682, 0.0010064/step, 171.702 ns/days, 0.134186 hours remaining, 0.000000 MB of memory in use.
PERFORMANCE: 20000  averaging 167.541 ns/day, 0.00103139 sec/step with standard deviation 2.67374e-05
ENERGY:   20000       392.8342      1138.6286      1106.3188        69.7352        -114208.4164      9807.3897         0.0000         0.0000     18747.2662         -82946.2437       304.7716   -101693.5099    -82574.8543       301.7977           -139.9154      -143.3945    301215.0834      -318.1956      -318.4311

TIMING: 25000  CPU: 31.6773, 0.00100347/step  Wall: 32.0602, 0.0010184/step, 169.678 ns/days, 0.134372 hours remaining, 0.000000 MB of memory in use.
PERFORMANCE: 25000  averaging 167.964 ns/day, 0.00102879 sec/step with standard deviation 2.38729e-05
ENERGY:   25000       426.0191      1137.3301      1137.2768        68.5555        -114412.2597     10068.7494         0.0000         0.0000     18688.7840         -82885.5448       303.8209   -101574.3288    -82626.6360       302.1349            238.7623       241.0355    300190.0362      -225.3693      -225.1867

TIMING: 30000  CPU: 36.856, 0.00103574/step  Wall: 37.3156, 0.00105108/step, 164.402 ns/days, 0.137224 hours remaining, 0.000000 MB of memory in use.
PERFORMANCE: 30000  averaging 167.36 ns/day, 0.0010325 sec/step with standard deviation 2.3211e-05
ENERGY:   30000       424.6521      1196.6845      1139.8528        67.4978        -113896.8680      9621.1047         0.0000         0.0000     18455.8589         -82991.2170       300.0343   -101447.0760    -82678.7190       301.8348           -221.8732      -219.0857    301797.1270      -224.8699      -224.3151

TIMING: 35000  CPU: 41.7802, 0.00098484/step  Wall: 42.3108, 0.000999043/step, 172.966 ns/days, 0.129043 hours remaining, 0.000000 MB of memory in use.
PERFORMANCE: 35000  averaging 168.138 ns/day, 0.00102772 sec/step with standard deviation 2.46761e-05
ENERGY:   35000       444.8238      1162.7716      1126.0350        73.6111        -114336.3449      9937.7516         0.0000         0.0000     18597.1438         -82994.2081       302.3311   -101591.3519    -82718.1552       301.8969            168.1410       166.9885    298421.6606      -175.7435      -175.4021

TIMING: 40000  CPU: 46.7515, 0.00099426/step  Wall: 47.3557, 0.00100899/step, 171.26 ns/days, 0.128927 hours remaining, 0.000000 MB of memory in use.
PERFORMANCE: 40000  averaging 168.522 ns/day, 0.00102538 sec/step with standard deviation 2.37862e-05
ENERGY:   40000       426.4875      1138.6999      1119.8226        77.0518        -114199.9007      9828.3061         0.0000         0.0000     18682.4462         -82927.0865       303.7179   -101609.5327    -82741.3698       302.0992            -50.1086       -50.3025    300657.4274      -161.7841      -161.5022

TIMING: 45000  CPU: 51.9319, 0.00103607/step  Wall: 52.6081, 0.00105048/step, 164.496 ns/days, 0.132769 hours remaining, 0.000000 MB of memory in use.
PERFORMANCE: 45000  averaging 168.065 ns/day, 0.00102817 sec/step with standard deviation 2.37707e-05
ENERGY:   45000       454.5907      1124.6849      1114.7233        70.7029        -113995.8225      9768.1141         0.0000         0.0000     18421.6731         -83041.3333       299.4785   -101463.0064    -82771.3661       301.8371           -189.0096      -188.0399    301148.7012      -164.5066      -164.1560

TIMING: 50000  CPU: 56.8957, 0.000992772/step  Wall: 57.6439, 0.00100715/step, 171.573 ns/days, 0.125894 hours remaining, 0.000000 MB of memory in use.
PERFORMANCE: 50000  averaging 168.41 ns/day, 0.00102607 sec/step with standard deviation 2.33762e-05
ETITLE:      TS           BOND          ANGLE          DIHED          IMPRP               ELECT            VDW       BOUNDARY           MISC        KINETIC               TOTAL           TEMP      POTENTIAL       TOTALAVG        TEMPAVG            PRESSURE      GPRESSURE         VOLUME       PRESSAVG      GPRESSAVG

ENERGY:   50000       424.1997      1121.5578      1123.9101        71.4944        -113837.1958      9686.0243         0.0000         0.0000     18677.2203         -82732.7891       303.6329   -101410.0094    -82767.8591       302.0004            -26.7082       -33.4719    301059.0041      -151.9795      -152.2756

TIMING: 55000  CPU: 61.8685, 0.000994559/step  Wall: 62.6889, 0.001009/step, 171.259 ns/days, 0.124723 hours remaining, 0.000000 MB of memory in use.
PERFORMANCE: 55000  averaging 168.665 ns/day, 0.00102452 sec/step with standard deviation 2.27661e-05
ENERGY:   55000       439.7941      1091.5762      1153.2068        74.2517        -114505.4300     10019.9434         0.0000         0.0000     18387.0369         -83339.6208       298.9154   -101726.6577    -82815.5059       301.7433            214.0565       211.2467    299752.9391      -121.4765      -121.9821

TIMING: 60000  CPU: 67.024, 0.00103109/step  Wall: 67.9178, 0.00104579/step, 165.234 ns/days, 0.127818 hours remaining, 0.000000 MB of memory in use.
PERFORMANCE: 60000  averaging 168.373 ns/day, 0.00102629 sec/step with standard deviation 2.25583e-05
ENERGY:   60000       444.8479      1148.6914      1133.4939        68.9705        -113832.8020      9734.4584         0.0000         0.0000     18405.5539         -82896.7860       299.2165   -101302.3399    -82821.7582       301.5489            -35.3134       -40.4801    300636.5615      -114.8486      -115.7127

TIMING: 65000  CPU: 71.996, 0.000994403/step  Wall: 72.9619, 0.00100882/step, 171.29 ns/days, 0.121899 hours remaining, 0.000000 MB of memory in use.
PERFORMANCE: 65000  averaging 168.594 ns/day, 0.00102495 sec/step with standard deviation 2.21349e-05
ENERGY:   65000       430.3115      1137.8349      1120.8962        70.5517        -113931.8627      9644.1836         0.0000         0.0000     18478.6518         -83049.4329       300.4048   -101528.0847    -82838.0207       301.4672           -190.2087      -189.4555    301751.3473      -120.2314      -120.9800

TIMING: 70000  CPU: 76.9266, 0.000986107/step  Wall: 77.9652, 0.00100066/step, 172.685 ns/days, 0.119524 hours remaining, 0.000000 MB of memory in use.
PERFORMANCE: 70000  averaging 168.88 ns/day, 0.00102321 sec/step with standard deviation 2.22347e-05
ENERGY:   70000       428.2650      1119.0785      1143.6020        81.9834        -114176.6136      9904.5836         0.0000         0.0000     18628.6851         -82870.4160       302.8439   -101499.1010    -82840.1804       301.5590            132.4470       132.1463    300956.5280      -103.3862      -104.1049

TIMING: 75000  CPU: 82.0065, 0.00101598/step  Wall: 83.1622, 0.00103939/step, 166.251 ns/days, 0.122706 hours remaining, 0.000000 MB of memory in use.
PERFORMANCE: 75000  averaging 168.702 ns/day, 0.00102429 sec/step with standard deviation 2.18293e-05
ENERGY:   75000       438.1999      1113.6314      1103.8752        84.6085        -114608.1750     10125.0993         0.0000         0.0000     18633.5579         -83109.2029       302.9231   -101742.7608    -82856.9943       301.6442            227.3999       224.7712    299651.3209       -82.7121       -83.5502

TIMING: 80000  CPU: 86.945, 0.000987701/step  Wall: 88.1735, 0.00100227/step, 172.409 ns/days, 0.116931 hours remaining, 0.000000 MB of memory in use.
PERFORMANCE: 80000  averaging 168.929 ns/day, 0.00102291 sec/step with standard deviation 2.1796e-05
ENERGY:   80000       451.8673      1129.3672      1129.0353        59.5507        -114226.9490      9855.2920         0.0000         0.0000     18493.8662         -83107.9704       300.6521   -101601.8366    -82871.7576       301.5859           -146.4913      -148.3268    301737.1862       -86.4638       -87.3606

TIMING: 85000  CPU: 91.946, 0.00100021/step  Wall: 93.2495, 0.00101519/step, 170.214 ns/days, 0.117029 hours remaining, 0.000000 MB of memory in use.
PERFORMANCE: 85000  averaging 169.004 ns/day, 0.00102246 sec/step with standard deviation 2.11868e-05
ENERGY:   85000       433.4214      1112.1673      1099.2698        71.2504        -113893.4205      9634.0706         0.0000         0.0000     18834.0476         -82709.1935       306.1824   -101543.2411    -82862.7263       301.8412           -172.5091      -175.9545    300911.9409       -91.2441       -92.2825

TIMING: 90000  CPU: 97.1526, 0.00104131/step  Wall: 98.5307, 0.00105624/step, 163.599 ns/days, 0.120294 hours remaining, 0.000000 MB of memory in use.
PERFORMANCE: 90000  averaging 168.695 ns/day, 0.00102434 sec/step with standard deviation 2.20426e-05
ENERGY:   90000       451.2224      1113.2428      1110.3776        70.1105        -114366.3961     10039.8207         0.0000         0.0000     18631.0637         -82950.5584       302.8825   -101581.6222    -82867.3490       301.8960            162.7255       160.2681    301286.7775       -77.8773       -78.9903

TIMING: 95000  CPU: 102.104, 0.000990271/step  Wall: 103.554, 0.00100468/step, 171.995 ns/days, 0.113026 hours remaining, 0.000000 MB of memory in use.
PERFORMANCE: 95000  averaging 168.865 ns/day, 0.0010233 sec/step with standard deviation 2.18911e-05
ENERGY:   95000       427.2339      1138.9214      1118.5159        73.0448        -114156.4056      9729.5095         0.0000         0.0000     18687.4581         -82981.7221       303.7993   -101669.1801    -82873.0677       301.9912            -79.0025       -79.0679    300127.5614       -77.9335       -78.9942

TIMING: 100000  CPU: 107.111, 0.00100134/step  Wall: 108.634, 0.00101602/step, 170.075 ns/days, 0.112891 hours remaining, 0.000000 MB of memory in use.
PERFORMANCE: 100000  averaging 168.925 ns/day, 0.00102294 sec/step with standard deviation 2.13693e-05
ETITLE:      TS           BOND          ANGLE          DIHED          IMPRP               ELECT            VDW       BOUNDARY           MISC        KINETIC               TOTAL           TEMP      POTENTIAL       TOTALAVG        TEMPAVG            PRESSURE      GPRESSURE         VOLUME       PRESSAVG      GPRESSAVG

ENERGY:  100000       437.3848      1144.0859      1127.9812        72.9479        -114166.6142      9677.1310         0.0000         0.0000     18628.5736         -83078.5098       302.8421   -101707.0834    -82959.4124       302.2272            -65.7096       -61.4897    300936.2620        -8.5013        -9.4161

TIMING: 105000  CPU: 112.291, 0.00103601/step  Wall: 113.889, 0.00105087/step, 164.435 ns/days, 0.115304 hours remaining, 0.000000 MB of memory in use.
PERFORMANCE: 105000  averaging 168.706 ns/day, 0.00102427 sec/step with standard deviation 2.17021e-05
ENERGY:  105000       441.7800      1091.8165      1128.2777        90.4290        -114240.7534      9908.9487         0.0000         0.0000     18690.7340         -82888.7674       303.8526   -101579.5014    -82977.5377       302.2801            -37.6384       -34.3886    301493.8439        -9.3229       -10.2822

TIMING: 110000  CPU: 117.301, 0.00100208/step  Wall: 118.973, 0.00101685/step, 169.936 ns/days, 0.110159 hours remaining, 0.000000 MB of memory in use.
PERFORMANCE: 110000  averaging 168.761 ns/day, 0.00102393 sec/step with standard deviation 2.1238e-05
ENERGY:  110000       436.0777      1117.8194      1116.4473        85.2020        -113797.5521      9629.4871         0.0000         0.0000     18619.0052         -82793.5133       302.6865   -101412.5186    -82975.5067       302.3439            -39.9315       -42.5529    299955.5675        10.7121         9.7921

TIMING: 115000  CPU: 122.299, 0.000999526/step  Wall: 124.044, 0.00101426/step, 170.37 ns/days, 0.10847 hours remaining, 0.000000 MB of memory in use.
PERFORMANCE: 115000  averaging 168.831 ns/day, 0.00102351 sec/step with standard deviation 2.08474e-05
ENERGY:  115000       419.3828      1162.2349      1107.3273        67.1198        -113701.2895      9493.8928         0.0000         0.0000     18600.9152         -82850.4168       302.3924   -101451.3319    -82957.2266       302.3690           -126.2537      -130.0908    300586.4592       -18.8570       -19.9822

TIMING: 120000  CPU: 127.514, 0.00104311/step  Wall: 129.333, 0.00105772/step, 163.371 ns/days, 0.111648 hours remaining, 0.000000 MB of memory in use.
PERFORMANCE: 120000  averaging 168.596 ns/day, 0.00102494 sec/step with standard deviation 2.15516e-05
ENERGY:  120000       459.7514      1142.1313      1112.7061        77.4277        -114121.9837      9863.2924         0.0000         0.0000     18780.8825         -82685.7923       305.3181   -101466.6748    -82944.2041       302.3964             22.8665        20.1486    300179.9751       -10.7179       -11.8051

TIMING: 125000  CPU: 132.496, 0.00099631/step  Wall: 134.389, 0.00101116/step, 170.892 ns/days, 0.10533 hours remaining, 0.000000 MB of memory in use.
PERFORMANCE: 125000  averaging 168.687 ns/day, 0.00102438 sec/step with standard deviation 2.12768e-05
ENERGY:  125000       431.6983      1115.9506      1145.1642        78.8917        -114431.5204      9786.0220         0.0000         0.0000     18698.6217         -83175.1719       303.9808   -101873.7936    -82958.6854       302.4044           -130.0038      -131.9507    300223.2850       -29.1563       -30.4544

TIMING: 130000  CPU: 137.495, 0.00099986/step  Wall: 139.461, 0.00101457/step, 170.319 ns/days, 0.104275 hours remaining, 0.000000 MB of memory in use.
PERFORMANCE: 130000  averaging 168.749 ns/day, 0.00102401 sec/step with standard deviation 2.09357e-05
ENERGY:  130000       428.7798      1119.5088      1116.8587        72.5953        -114091.7799      9827.8706         0.0000         0.0000     18509.4789         -83016.6880       300.9060   -101526.1669    -82959.9590       302.4480             46.9678        47.3913    300175.0599       -15.7142       -17.1306

TIMING: 135000  CPU: 142.709, 0.00104279/step  Wall: 144.749, 0.00105755/step, 163.396 ns/days, 0.107224 hours remaining, 0.000000 MB of memory in use.
PERFORMANCE: 135000  averaging 168.544 ns/day, 0.00102525 sec/step with standard deviation 2.15202e-05
ENERGY:  135000       453.4089      1115.3410      1121.1660        71.3358        -114199.1838      9875.7853         0.0000         0.0000     18648.6612         -82913.4857       303.1686   -101562.1469    -82955.9228       302.4898            -39.1032       -35.9737    301009.5146       -26.0764       -27.2787

TIMING: 140000  CPU: 147.687, 0.000995601/step  Wall: 149.798, 0.00100977/step, 171.128 ns/days, 0.100977 hours remaining, 0.000000 MB of memory in use.
PERFORMANCE: 140000  averaging 168.635 ns/day, 0.0010247 sec/step with standard deviation 2.13195e-05
ENERGY:  140000       418.5226      1168.2278      1138.3970        71.1818        -114202.3200      9777.4486         0.0000         0.0000     18670.0775         -82958.4647       303.5168   -101628.5422    -82957.4918       302.4798             79.6064        81.4645    300057.4706       -19.5907       -20.6903

TIMING: 145000  CPU: 152.848, 0.00103213/step  Wall: 155.031, 0.00104668/step, 165.093 ns/days, 0.103214 hours remaining, 0.000000 MB of memory in use.
PERFORMANCE: 145000  averaging 168.511 ns/day, 0.00102545 sec/step with standard deviation 2.13296e-05
ENERGY:  145000       421.3065      1127.1715      1111.4191        66.6986        -114447.7430      9997.7335         0.0000         0.0000     18521.2758         -83202.1379       301.0977   -101723.4137    -82965.5320       302.5607            255.3192       257.6423    300144.1291         2.6258         1.5938

TIMING: 150000  CPU: 157.835, 0.000997544/step  Wall: 160.092, 0.00101221/step, 170.715 ns/days, 0.0984094 hours remaining, 0.000000 MB of memory in use.
PERFORMANCE: 150000  averaging 168.583 ns/day, 0.00102501 sec/step with standard deviation 2.10977e-05
ETITLE:      TS           BOND          ANGLE          DIHED          IMPRP               ELECT            VDW       BOUNDARY           MISC        KINETIC               TOTAL           TEMP      POTENTIAL       TOTALAVG        TEMPAVG            PRESSURE      GPRESSURE         VOLUME       PRESSAVG      GPRESSAVG

ENERGY:  150000       419.2642      1120.0381      1111.6945        67.4151        -114421.9929     10002.8039         0.0000         0.0000     18570.4029         -83130.3742       301.8964   -101700.7771    -82985.4112       302.4739            198.6550       202.2963    300369.9891        13.8939        13.3822

TIMING: 155000  CPU: 162.816, 0.000996123/step  Wall: 165.145, 0.00101045/step, 171.013 ns/days, 0.0968348 hours remaining, 0.000000 MB of memory in use.
PERFORMANCE: 155000  averaging 168.66 ns/day, 0.00102454 sec/step with standard deviation 2.09073e-05
ENERGY:  155000       421.8091      1105.8375      1110.5009        65.5411        -114229.5048      9836.5537         0.0000         0.0000     18554.3611         -83134.9014       301.6356   -101689.2626    -82975.1753       302.6099            -28.2483       -26.8768    300455.0006         1.7787         1.4760

TIMING: 160000  CPU: 167.945, 0.00102585/step  Wall: 170.349, 0.00104092/step, 166.007 ns/days, 0.0983094 hours remaining, 0.000000 MB of memory in use.
PERFORMANCE: 160000  averaging 168.576 ns/day, 0.00102506 sec/step with standard deviation 2.07701e-05
ENERGY:  160000       452.3090      1092.4810      1113.3109        73.4977        -114040.7668      9873.8267         0.0000         0.0000     18502.9294         -82932.4120       300.7995   -101435.3414    -82976.9566       302.6891            -44.1382       -43.2292    302086.3822         1.3375         1.3386

TIMING: 165000  CPU: 173.022, 0.00101532/step  Wall: 175.5, 0.00103016/step, 167.741 ns/days, 0.095862 hours remaining, 0.000000 MB of memory in use.
PERFORMANCE: 165000  averaging 168.551 ns/day, 0.00102521 sec/step with standard deviation 2.04623e-05
ENERGY:  165000       414.2130      1084.6559      1112.1502        81.9099        -113991.8560      9608.4764         0.0000         0.0000     18636.3506         -83054.0999       302.9685   -101690.4505    -82977.1899       302.8173           -204.2293      -210.1163    301066.9198         0.6364         0.3055

TIMING: 170000  CPU: 178.063, 0.00100818/step  Wall: 180.615, 0.00102299/step, 168.916 ns/days, 0.0937742 hours remaining, 0.000000 MB of memory in use.
PERFORMANCE: 170000  averaging 168.562 ns/day, 0.00102514 sec/step with standard deviation 2.01535e-05
ENERGY:  170000       417.8140      1085.2202      1137.6530        67.3491        -114230.1812      9702.2613         0.0000         0.0000     18479.9998         -83339.8836       300.4267   -101819.8835    -83000.6633       302.6964           -155.4766      -159.6624    299563.3803       -13.7598       -14.2849

TIMING: 175000  CPU: 183.202, 0.00102787/step  Wall: 185.83, 0.00104289/step, 165.693 ns/days, 0.0941501 hours remaining, 0.000000 MB of memory in use.
PERFORMANCE: 175000  averaging 168.478 ns/day, 0.00102565 sec/step with standard deviation 2.00803e-05
ENERGY:  175000       435.5083      1141.5199      1126.0239        68.6553        -113953.8450      9581.6366         0.0000         0.0000     18613.4581         -82987.0430       302.5963   -101600.5010    -82994.5553       302.6801           -401.8704      -401.8277    301088.5836       -45.2233       -45.6149

TIMING: 180000  CPU: 188.247, 0.00100892/step  Wall: 190.947, 0.00102356/step, 168.823 ns/days, 0.090983 hours remaining, 0.000000 MB of memory in use.
PERFORMANCE: 180000  averaging 168.488 ns/day, 0.00102559 sec/step with standard deviation 1.97944e-05
ENERGY:  180000       440.5495      1119.3526      1113.5870        73.0666        -113811.6944      9535.2968         0.0000         0.0000     18535.9003         -82993.9416       301.3355   -101529.8419    -82988.8539       302.7142           -231.5451      -233.7123    301493.3845       -49.4760       -49.8841

TIMING: 185000  CPU: 193.254, 0.00100151/step  Wall: 196.028, 0.00101605/step, 170.071 ns/days, 0.088904 hours remaining, 0.000000 MB of memory in use.
PERFORMANCE: 185000  averaging 168.53 ns/day, 0.00102534 sec/step with standard deviation 1.95806e-05
ENERGY:  185000       447.6238      1143.9759      1102.8167        69.8887        -114120.2567      9797.8290         0.0000         0.0000     18785.0041         -82773.1186       305.3851   -101558.1226    -82992.0501       302.6744            -91.6695       -90.2958    301173.8723       -45.4340       -45.6012

TIMING: 190000  CPU: 198.356, 0.00102033/step  Wall: 201.202, 0.0010349/step, 166.972 ns/days, 0.0891166 hours remaining, 0.000000 MB of memory in use.
PERFORMANCE: 190000  averaging 168.489 ns/day, 0.00102559 sec/step with standard deviation 1.93764e-05
ENERGY:  190000       436.1296      1052.3073      1124.4973        70.5144        -114533.0627     10033.5569         0.0000         0.0000     18526.7460         -83289.3111       301.1867   -101816.0572    -83008.9878       302.5896            136.8283       135.4550    300744.7639       -46.7289       -46.8419

TIMING: 195000  CPU: 203.418, 0.00101243/step  Wall: 206.337, 0.00102702/step, 168.254 ns/days, 0.087011 hours remaining, 0.000000 MB of memory in use.
PERFORMANCE: 195000  averaging 168.483 ns/day, 0.00102562 sec/step with standard deviation 1.91211e-05
ENERGY:  195000       441.3396      1115.9625      1113.5302        64.8032        -113823.3190      9595.9338         0.0000         0.0000     18531.1440         -82960.6056       301.2582   -101491.7497    -83007.9319       302.4625           -260.7370      -265.6036    301348.7942       -55.8156       -56.1686

TIMING: 200000  CPU: 208.382, 0.000992738/step  Wall: 211.374, 0.00100728/step, 171.552 ns/days, 0.0839397 hours remaining, 0.000000 MB of memory in use.
PERFORMANCE: 200000  averaging 168.558 ns/day, 0.00102517 sec/step with standard deviation 1.9096e-05
ETITLE:      TS           BOND          ANGLE          DIHED          IMPRP               ELECT            VDW       BOUNDARY           MISC        KINETIC               TOTAL           TEMP      POTENTIAL       TOTALAVG        TEMPAVG            PRESSURE      GPRESSURE         VOLUME       PRESSAVG      GPRESSAVG

ENERGY:  200000       435.8694      1154.3470      1152.2008        66.6205        -113946.0683      9741.8392         0.0000         0.0000     18605.5402         -82789.6512       302.4676   -101395.1914    -82993.4890       302.4438              6.6077         6.3596    300419.6312       -52.1997       -52.7762

TIMING: 205000  CPU: 213.65, 0.00105372/step  Wall: 216.716, 0.00106842/step, 161.734 ns/days, 0.0875513 hours remaining, 0.000000 MB of memory in use.
PERFORMANCE: 205000  averaging 168.385 ns/day, 0.00102622 sec/step with standard deviation 2.00295e-05
ENERGY:  205000       424.2492      1072.3958      1122.6076        72.3227        -114256.3888      9819.4756         0.0000         0.0000     18616.1349         -83129.2031       302.6398   -101745.3380    -83005.5108       302.3831             59.2436        56.0851    299677.7407       -47.3556       -48.2525

TIMING: 210000  CPU: 218.591, 0.000988056/step  Wall: 221.729, 0.00100263/step, 172.347 ns/days, 0.0807674 hours remaining, 0.000000 MB of memory in use.
PERFORMANCE: 210000  averaging 168.477 ns/day, 0.00102566 sec/step with standard deviation 2.01158e-05
ENERGY:  210000       415.3695      1116.7561      1116.7774        79.4960        -114130.2963      9577.0214         0.0000         0.0000     18657.3115         -83167.5644       303.3093   -101824.8759    -83024.2133       302.4143           -188.5286      -186.7387    301163.7867       -54.7855       -55.4618

TIMING: 215000  CPU: 223.604, 0.00100261/step  Wall: 226.815, 0.00101721/step, 169.877 ns/days, 0.080529 hours remaining, 0.000000 MB of memory in use.
PERFORMANCE: 215000  averaging 168.509 ns/day, 0.00102546 sec/step with standard deviation 1.99167e-05
ENERGY:  215000       417.8854      1127.1372      1104.2257        71.7266        -114171.0466      9947.0213         0.0000         0.0000     18704.7909         -82798.2594       304.0811   -101503.0504    -83021.6055       302.4987            271.6605       273.7801    299875.9893       -34.8898       -35.2682

TIMING: 220000  CPU: 228.808, 0.0010408/step  Wall: 232.096, 0.00105621/step, 163.603 ns/days, 0.08215 hours remaining, 0.000000 MB of memory in use.
PERFORMANCE: 220000  averaging 168.395 ns/day, 0.00102616 sec/step with standard deviation 2.02223e-05
ENERGY:  220000       414.8154      1067.0664      1122.5674        66.0437        -113873.2338      9658.3060         0.0000         0.0000     18559.7379         -82984.6970       301.7230   -101544.4349    -83036.5507       302.3190            -78.2882       -78.8713    301600.6795       -39.9475       -40.2192

TIMING: 225000  CPU: 233.832, 0.00100494/step  Wall: 237.196, 0.00101994/step, 169.422 ns/days, 0.0779118 hours remaining, 0.000000 MB of memory in use.
PERFORMANCE: 225000  averaging 168.417 ns/day, 0.00102602 sec/step with standard deviation 2.00127e-05
ENERGY:  225000       415.9802      1126.5485      1114.6486        74.4554        -113911.2265      9803.6998         0.0000         0.0000     18611.2127         -82764.6813       302.5598   -101375.8940    -83016.0262       302.2479             17.3546        13.9925    302405.3677       -32.5796       -32.9221

TIMING: 230000  CPU: 238.847, 0.00100289/step  Wall: 242.285, 0.00101784/step, 169.772 ns/days, 0.0763378 hours remaining, 0.000000 MB of memory in use.
PERFORMANCE: 230000  averaging 168.447 ns/day, 0.00102584 sec/step with standard deviation 1.98258e-05
ENERGY:  230000       445.9230      1116.7014      1142.6849        63.8456        -113870.8372      9653.6295         0.0000         0.0000     18756.6525         -82691.4003       304.9242   -101448.0527    -82999.7618       302.4488           -216.7883      -221.5132    301272.0550       -45.7674       -46.3673

TIMING: 235000  CPU: 243.996, 0.0010299/step  Wall: 247.51, 0.00104514/step, 165.336 ns/days, 0.0769342 hours remaining, 0.000000 MB of memory in use.
PERFORMANCE: 235000  averaging 168.379 ns/day, 0.00102626 sec/step with standard deviation 1.98102e-05
ENERGY:  235000       420.2018      1084.3331      1122.4709        76.3770        -113591.8777      9785.4430         0.0000         0.0000     18645.0728         -82457.9792       303.1103   -101103.0520    -82976.9865       302.4459             21.0801        21.7694    301668.2239       -42.7582       -43.4801

TIMING: 240000  CPU: 248.972, 0.000995153/step  Wall: 252.558, 0.00100951/step, 171.172 ns/days, 0.0729093 hours remaining, 0.000000 MB of memory in use.
PERFORMANCE: 240000  averaging 168.436 ns/day, 0.00102591 sec/step with standard deviation 1.97467e-05
ENERGY:  240000       436.1795      1127.6962      1105.8414        76.3812        -114193.6827      9874.3433         0.0000         0.0000     18520.6869         -83052.5542       301.0882   -101573.2411    -82981.6910       302.3245            215.0111       223.2252    299510.2425       -35.9880       -36.3921

TIMING: 245000  CPU: 253.956, 0.000996748/step  Wall: 257.615, 0.00101141/step, 170.851 ns/days, 0.0716413 hours remaining, 0.000000 MB of memory in use.
PERFORMANCE: 245000  averaging 168.485 ns/day, 0.00102561 sec/step with standard deviation 1.96494e-05
ENERGY:  245000       418.6156      1114.7834      1113.6023        76.7778        -113679.8682      9595.4442         0.0000         0.0000     18561.9594         -82798.6854       301.7591   -101360.6448    -82961.5183       302.3575            -47.0171       -38.5541    301692.8455       -51.1048       -51.2019

TIMING: 250000  CPU: 259.123, 0.00103347/step  Wall: 262.857, 0.00104831/step, 164.836 ns/days, 0.0727995 hours remaining, 0.000000 MB of memory in use.
PERFORMANCE: 250000  averaging 168.41 ns/day, 0.00102606 sec/step with standard deviation 1.97111e-05
ETITLE:      TS           BOND          ANGLE          DIHED          IMPRP               ELECT            VDW       BOUNDARY           MISC        KINETIC               TOTAL           TEMP      POTENTIAL       TOTALAVG        TEMPAVG            PRESSURE      GPRESSURE         VOLUME       PRESSAVG      GPRESSAVG

ENERGY:  250000       434.4651      1130.8706      1123.7925        66.8269        -113794.1376      9603.1509         0.0000         0.0000     18684.1950         -82750.8366       303.7463   -101435.0316    -82942.5415       302.4500           -106.3655      -108.8570    301482.3872       -66.3558       -66.7596

TIMING: 255000  CPU: 264.04, 0.000983292/step  Wall: 267.845, 0.000997763/step, 173.187 ns/days, 0.0679033 hours remaining, 0.000000 MB of memory in use.
PERFORMANCE: 255000  averaging 168.502 ns/day, 0.00102551 sec/step with standard deviation 1.99114e-05
ENERGY:  255000       457.5472      1164.9599      1121.3537        81.3741        -114144.7873      9831.2307         0.0000         0.0000     18484.4738         -83003.8479       300.4995   -101488.3217    -82935.9888       302.3932             14.3625         9.9885    301466.3921       -64.2253       -64.9163

TIMING: 260000  CPU: 269.043, 0.00100072/step  Wall: 272.927, 0.00101628/step, 170.032 ns/days, 0.0677518 hours remaining, 0.000000 MB of memory in use.
PERFORMANCE: 260000  averaging 168.531 ns/day, 0.00102533 sec/step with standard deviation 1.97567e-05
ENERGY:  260000       412.9925      1150.0417      1119.5182        73.2670        -114047.7592      9752.3089         0.0000         0.0000     18647.3202         -82892.3109       303.1468   -101539.6311    -82933.9837       302.5106             70.7553        73.0800    300250.9681       -58.4806       -59.1009

TIMING: 265000  CPU: 274.271, 0.00104555/step  Wall: 278.229, 0.00106046/step, 162.948 ns/days, 0.0692246 hours remaining, 0.000000 MB of memory in use.
PERFORMANCE: 265000  averaging 168.422 ns/day, 0.001026 sec/step with standard deviation 2.01521e-05
ENERGY:  265000       431.3943      1117.2896      1119.6713        75.5691        -114172.9414      9751.8269         0.0000         0.0000     18575.7876         -83101.4025       301.9839   -101677.1901    -82936.3488       302.4614            -76.1868       -77.9006    300256.5912       -52.0785       -52.4901

TIMING: 270000  CPU: 279.218, 0.000989359/step  Wall: 283.246, 0.00100331/step, 172.229 ns/days, 0.0641007 hours remaining, 0.000000 MB of memory in use.
PERFORMANCE: 270000  averaging 168.491 ns/day, 0.00102558 sec/step with standard deviation 2.01983e-05
ENERGY:  270000       414.3428      1112.2342      1134.2597        66.2422        -113996.8193      9793.1821         0.0000         0.0000     18608.1562         -82868.4021       302.5101   -101476.5583    -82912.7748       302.5655             68.2461        66.5657    300578.8824       -40.8923       -41.1787

TIMING: 275000  CPU: 284.183, 0.000992999/step  Wall: 288.287, 0.00100832/step, 171.375 ns/days, 0.0630198 hours remaining, 0.000000 MB of memory in use.
PERFORMANCE: 275000  averaging 168.542 ns/day, 0.00102526 sec/step with standard deviation 2.01453e-05
ENERGY:  275000       466.5092      1153.3696      1125.8923        70.0853        -113965.7400      9696.8706         0.0000         0.0000     18560.3094         -82892.7036       301.7323   -101453.0130    -82908.0578       302.5223           -178.6186      -176.6315    301373.7001       -29.7298       -29.9189

TIMING: 280000  CPU: 289.375, 0.00103847/step  Wall: 293.555, 0.00105363/step, 164.005 ns/days, 0.0643882 hours remaining, 0.000000 MB of memory in use.
PERFORMANCE: 280000  averaging 168.459 ns/day, 0.00102577 sec/step with standard deviation 2.0318e-05
ENERGY:  280000       428.8147      1178.9945      1100.2032        65.9639        -114611.0948     10212.7627         0.0000         0.0000     18566.9164         -83057.4395       301.8397   -101624.3559    -82911.2327       302.5476            491.8661       489.3917    299403.8924         6.4408         6.2363

TIMING: 285000  CPU: 294.374, 0.000999716/step  Wall: 298.629, 0.00101481/step, 170.279 ns/days, 0.0606064 hours remaining, 0.000000 MB of memory in use.
PERFORMANCE: 285000  averaging 168.491 ns/day, 0.00102558 sec/step with standard deviation 2.0188e-05
ENERGY:  285000       428.3727      1136.4807      1103.7986        65.8029        -113926.0114      9602.3430         0.0000         0.0000     18671.2089         -82918.0047       303.5352   -101589.2136    -82918.4770       302.4551           -115.3636      -113.7727    299770.9401         5.2561         5.0625

TIMING: 290000  CPU: 299.341, 0.000993477/step  Wall: 303.671, 0.00100832/step, 171.373 ns/days, 0.0588189 hours remaining, 0.000000 MB of memory in use.
PERFORMANCE: 290000  averaging 168.54 ns/day, 0.00102528 sec/step with standard deviation 2.0138e-05
ENERGY:  290000       419.8874      1129.6816      1095.6007        74.0583        -113997.7050      9672.3871         0.0000         0.0000     18474.7363         -83131.3536       300.3412   -101606.0899    -82910.5791       302.4128             38.7961        36.8917    300660.2985         0.3545         0.1343

TIMING: 295000  CPU: 304.534, 0.00103854/step  Wall: 308.939, 0.00105365/step, 164.001 ns/days, 0.0599998 hours remaining, 0.000000 MB of memory in use.
PERFORMANCE: 295000  averaging 168.461 ns/day, 0.00102576 sec/step with standard deviation 2.03025e-05
ENERGY:  295000       430.5867      1194.6246      1107.7313        60.4232        -114345.4815      9851.5809         0.0000         0.0000     18833.3653         -82867.1693       306.1713   -101700.5346    -82905.9073       302.6584             -1.6581        -1.1159    300226.0773        13.3084        13.3587

TIMING: 300000  CPU: 309.467, 0.000986552/step  Wall: 313.944, 0.00100095/step, 172.636 ns/days, 0.0556084 hours remaining, 0.000000 MB of memory in use.
PERFORMANCE: 300000  averaging 168.529 ns/day, 0.00102535 sec/step with standard deviation 2.03829e-05
ETITLE:      TS           BOND          ANGLE          DIHED          IMPRP               ELECT            VDW       BOUNDARY           MISC        KINETIC               TOTAL           TEMP      POTENTIAL       TOTALAVG        TEMPAVG            PRESSURE      GPRESSURE         VOLUME       PRESSAVG      GPRESSAVG

ENERGY:  300000       442.5903      1149.4259      1108.3594        71.3435        -114365.4636      9846.0103         0.0000         0.0000     18572.1797         -83175.5546       301.9253   -101747.7343    -82925.2025       302.6313             67.5370        74.0405    300224.1267        16.3549        16.7428

TIMING: 305000  CPU: 314.396, 0.000985975/step  Wall: 318.947, 0.00100059/step, 172.698 ns/days, 0.0541987 hours remaining, 0.000000 MB of memory in use.
PERFORMANCE: 305000  averaging 168.595 ns/day, 0.00102494 sec/step with standard deviation 2.04593e-05
ENERGY:  305000       434.6705      1114.4976      1102.7703        62.9983        -114060.7339      9678.9636         0.0000         0.0000     18637.7081         -83029.1255       302.9906   -101666.8336    -82920.1986       302.6489            -85.1274       -87.4629    300641.5573         9.1364         9.5654

TIMING: 310000  CPU: 319.638, 0.00104837/step  Wall: 324.264, 0.00106337/step, 162.502 ns/days, 0.0561222 hours remaining, 0.000000 MB of memory in use.
PERFORMANCE: 310000  averaging 168.493 ns/day, 0.00102556 sec/step with standard deviation 2.08696e-05
ENERGY:  310000       406.6754      1131.1759      1127.3724        76.7122        -114017.2071      9803.6123         0.0000         0.0000     18628.8565         -82842.8024       302.8467   -101471.6589    -82903.9605       302.6257            146.3403       146.3508    300245.3768        25.8798        26.2198

TIMING: 315000  CPU: 324.607, 0.000993702/step  Wall: 329.304, 0.00100798/step, 171.431 ns/days, 0.0517992 hours remaining, 0.000000 MB of memory in use.
PERFORMANCE: 315000  averaging 168.539 ns/day, 0.00102528 sec/step with standard deviation 2.08187e-05
ENERGY:  315000       415.2469      1096.5282      1151.5268        67.4426        -114271.5537      9949.9598         0.0000         0.0000     18542.4213         -83048.4283       301.4415   -101590.8495    -82916.4689       302.4937            201.9776       205.2538    300623.8285        22.3957        22.7935

TIMING: 320000  CPU: 329.607, 0.000999968/step  Wall: 334.379, 0.00101504/step, 170.239 ns/days, 0.0507522 hours remaining, 0.000000 MB of memory in use.
PERFORMANCE: 320000  averaging 168.566 ns/day, 0.00102512 sec/step with standard deviation 2.06924e-05
ENERGY:  320000       447.1604      1130.2996      1124.4477        66.9135        -114166.7005      9861.2461         0.0000         0.0000     18487.9735         -83048.6598       300.5563   -101536.6333    -82919.6671       302.4354            -25.9082       -21.2657    301594.3194        25.0147        25.6738

TIMING: 325000  CPU: 334.811, 0.00104084/step  Wall: 339.658, 0.00105571/step, 163.681 ns/days, 0.0513194 hours remaining, 0.000000 MB of memory in use.
PERFORMANCE: 325000  averaging 168.488 ns/day, 0.00102559 sec/step with standard deviation 2.08778e-05
ENERGY:  325000       431.9663      1106.2312      1100.9679        79.9041        -113776.4098      9774.4594         0.0000         0.0000     18504.0533         -82778.8277       300.8178   -101282.8810    -82920.3744       302.3483            229.7147       225.6576    300118.3107        35.6327        36.2571

TIMING: 330000  CPU: 339.784, 0.000994533/step  Wall: 344.705, 0.0010095/step, 171.174 ns/days, 0.0476709 hours remaining, 0.000000 MB of memory in use.
PERFORMANCE: 330000  averaging 168.528 ns/day, 0.00102535 sec/step with standard deviation 2.08111e-05
ENERGY:  330000       439.9489      1114.6733      1118.5224        72.4538        -114582.4577     10126.5394         0.0000         0.0000     18391.8064         -83318.5135       298.9930   -101710.3199    -82951.7301       302.0517            256.5771       256.7238    300052.6002        59.3009        60.1689

TIMING: 335000  CPU: 344.742, 0.000991777/step  Wall: 349.736, 0.00100625/step, 171.727 ns/days, 0.0461196 hours remaining, 0.000000 MB of memory in use.
PERFORMANCE: 335000  averaging 168.575 ns/day, 0.00102506 sec/step with standard deviation 2.07842e-05
ENERGY:  335000       400.5411      1121.3878      1115.3371        70.3456        -114195.7408      9756.5134         0.0000         0.0000     18735.6204         -82995.9954       304.5823   -101731.6158    -82978.6309       302.1253            -49.7065       -53.9442    300765.9152        55.7616        56.3832

TIMING: 340000  CPU: 349.895, 0.00103042/step  Wall: 354.96, 0.00104477/step, 165.395 ns/days, 0.0464342 hours remaining, 0.000000 MB of memory in use.
PERFORMANCE: 340000  averaging 168.527 ns/day, 0.00102535 sec/step with standard deviation 2.07665e-05
ENERGY:  340000       452.1556      1123.9365      1134.8056        68.7651        -114039.9199      9589.1844         0.0000         0.0000     18577.3534         -83093.7193       302.0094   -101671.0727    -82980.6891       302.1714           -203.4851      -200.9736    300632.0928        34.8368        35.1733

TIMING: 345000  CPU: 354.951, 0.00101128/step  Wall: 360.091, 0.0010262/step, 168.388 ns/days, 0.0441836 hours remaining, 0.000000 MB of memory in use.
PERFORMANCE: 345000  averaging 168.525 ns/day, 0.00102536 sec/step with standard deviation 2.06135e-05
ENERGY:  345000       453.0382      1103.4994      1129.3954        77.5662        -114051.3583      9870.7099         0.0000         0.0000     18598.1071         -82819.0421       302.3468   -101417.1493    -82981.7070       302.2008            173.1979       176.8616    300731.0400        45.8475        45.9441

TIMING: 350000  CPU: 360.068, 0.00102349/step  Wall: 365.283, 0.00103838/step, 166.413 ns/days, 0.0432659 hours remaining, 0.000000 MB of memory in use.
PERFORMANCE: 350000  averaging 168.495 ns/day, 0.00102555 sec/step with standard deviation 2.05226e-05
ETITLE:      TS           BOND          ANGLE          DIHED          IMPRP               ELECT            VDW       BOUNDARY           MISC        KINETIC               TOTAL           TEMP      POTENTIAL       TOTALAVG        TEMPAVG            PRESSURE      GPRESSURE         VOLUME       PRESSAVG      GPRESSAVG

ENERGY:  350000       419.1854      1122.7042      1093.1983        61.2506        -113959.7185      9711.0697         0.0000         0.0000     18499.7375         -83052.5727       300.7476   -101552.3102    -82996.7938       302.0509            -21.1750       -20.7451    299772.3132        50.1071        50.3497

TIMING: 355000  CPU: 365.115, 0.00100938/step  Wall: 370.404, 0.00102411/step, 168.731 ns/days, 0.041249 hours remaining, 0.000000 MB of memory in use.
PERFORMANCE: 355000  averaging 168.498 ns/day, 0.00102553 sec/step with standard deviation 2.03762e-05
ENERGY:  355000       454.5295      1156.3332      1112.3429        86.7837        -114351.1157      9808.2479         0.0000         0.0000     18726.7073         -83006.1711       304.4374   -101732.8785    -82996.9099       302.2478            110.5362       109.6389    299356.9338        54.9157        55.3322

TIMING: 360000  CPU: 370.035, 0.000984017/step  Wall: 375.396, 0.000998554/step, 173.05 ns/days, 0.0388327 hours remaining, 0.000000 MB of memory in use.
PERFORMANCE: 360000  averaging 168.56 ns/day, 0.00102516 sec/step with standard deviation 2.04804e-05
ENERGY:  360000       438.1818      1166.8888      1103.7866        74.6269        -113732.6380      9685.9660         0.0000         0.0000     18625.3000         -82637.8878       302.7888   -101263.1878    -82984.1888       302.2299             51.1994        49.2136    301365.8941        53.9380        54.1389

TIMING: 365000  CPU: 375.187, 0.00103024/step  Wall: 380.621, 0.00104499/step, 165.36 ns/days, 0.0391873 hours remaining, 0.000000 MB of memory in use.
PERFORMANCE: 365000  averaging 168.515 ns/day, 0.00102543 sec/step with standard deviation 2.04698e-05
ENERGY:  365000       423.3307      1071.1852      1127.1350        71.9007        -114007.4280      9846.1988         0.0000         0.0000     18612.9567         -82854.7210       302.5882   -101467.6777    -82971.8547       302.2601            106.4485       104.2512    300338.8450        63.0697        63.2465

TIMING: 370000  CPU: 380.174, 0.000997422/step  Wall: 385.679, 0.00101161/step, 170.816 ns/days, 0.0365305 hours remaining, 0.000000 MB of memory in use.
PERFORMANCE: 370000  averaging 168.546 ns/day, 0.00102524 sec/step with standard deviation 2.03925e-05
ENERGY:  370000       438.7152      1123.0822      1114.2050        69.8987        -114019.8795      9732.1359         0.0000         0.0000     18600.3523         -82941.4902       302.3833   -101541.8425    -82975.5091       302.2537           -245.7663      -246.2199    301940.5772        47.3691        47.6072

TIMING: 375000  CPU: 385.111, 0.000987453/step  Wall: 390.69, 0.00100203/step, 172.45 ns/days, 0.0347926 hours remaining, 0.000000 MB of memory in use.
PERFORMANCE: 375000  averaging 168.597 ns/day, 0.00102493 sec/step with standard deviation 2.04308e-05
ENERGY:  375000       415.2756      1124.6664      1125.3305        61.0675        -114316.9198      9925.5390         0.0000         0.0000     18426.6562         -83238.3846       299.5595   -101665.0407    -82992.7932       302.1451            265.7052       262.7894    299457.6943        69.5853        69.5782

TIMING: 380000  CPU: 390.243, 0.00102634/step  Wall: 395.899, 0.00104178/step, 165.87 ns/days, 0.034726 hours remaining, 0.000000 MB of memory in use.
PERFORMANCE: 380000  averaging 168.56 ns/day, 0.00102515 sec/step with standard deviation 2.0386e-05
ENERGY:  380000       417.7654      1134.0456      1123.3083        75.5433        -114467.0253     10143.6834         0.0000         0.0000     18486.4642         -83086.2151       300.5318   -101572.6793    -82994.2319       302.0797            357.5591       351.6136    300634.6219        62.8699        62.6893

TIMING: 385000  CPU: 395.317, 0.0010149/step  Wall: 401.046, 0.00102945/step, 167.856 ns/days, 0.0328853 hours remaining, 0.000000 MB of memory in use.
PERFORMANCE: 385000  averaging 168.551 ns/day, 0.00102521 sec/step with standard deviation 2.02573e-05
ENERGY:  385000       428.6976      1095.7341      1127.7293        73.0117        -113927.4156      9777.0570         0.0000         0.0000     18423.7968         -83001.3892       299.5130   -101425.1860    -82998.4012       301.8786            109.3515       111.1393    300095.9751        74.1057        73.9349

TIMING: 390000  CPU: 400.285, 0.000993589/step  Wall: 406.085, 0.00100794/step, 171.439 ns/days, 0.0307981 hours remaining, 0.000000 MB of memory in use.
PERFORMANCE: 390000  averaging 168.587 ns/day, 0.00102499 sec/step with standard deviation 2.02201e-05
ENERGY:  390000       441.0213      1148.3328      1108.1222        56.8683        -113943.9464      9715.8492         0.0000         0.0000     18488.3657         -82985.3869       300.5627   -101473.7526    -82991.1028       301.8897             38.1525        33.1997    299467.9598        74.0735        73.7503

TIMING: 395000  CPU: 405.418, 0.00102656/step  Wall: 411.29, 0.00104083/step, 166.021 ns/days, 0.0303576 hours remaining, 0.000000 MB of memory in use.
PERFORMANCE: 395000  averaging 168.554 ns/day, 0.00102519 sec/step with standard deviation 2.01691e-05
ENERGY:  395000       412.9914      1113.4936      1115.6063        74.5640        -114337.1181      9765.1554         0.0000         0.0000     18586.5102         -83268.7972       302.1582   -101855.3073    -83011.1842       301.6890              6.6283        11.0876    299265.5476        74.4878        74.3605

TIMING: 400000  CPU: 410.504, 0.00101713/step  Wall: 416.447, 0.00103149/step, 167.525 ns/days, 0.0286524 hours remaining, 0.000000 MB of memory in use.
PERFORMANCE: 400000  averaging 168.542 ns/day, 0.00102527 sec/step with standard deviation 2.00534e-05
ETITLE:      TS           BOND          ANGLE          DIHED          IMPRP               ELECT            VDW       BOUNDARY           MISC        KINETIC               TOTAL           TEMP      POTENTIAL       TOTALAVG        TEMPAVG            PRESSURE      GPRESSURE         VOLUME       PRESSAVG      GPRESSAVG

ENERGY:  400000       435.6478      1110.5572      1115.4753        73.4628        -114156.0110      9711.9346         0.0000         0.0000     18635.2677         -83073.6656       302.9509   -101708.9333    -83006.0898       301.7403           -235.3678      -234.0120    300050.0391        59.3426        58.9579

TIMING: 405000  CPU: 415.483, 0.000995942/step  Wall: 421.5, 0.00101068/step, 170.973 ns/days, 0.0266708 hours remaining, 0.000000 MB of memory in use.
PERFORMANCE: 405000  averaging 168.571 ns/day, 0.00102509 sec/step with standard deviation 1.99934e-05
ENERGY:  405000       439.5100      1118.6012      1098.6889        75.7741        -114093.2488      9639.9627         0.0000         0.0000     18619.8617         -83100.8502       302.7004   -101720.7119    -83009.6760       301.7258            -62.4693       -64.6343    299627.7404        60.4755        60.0993

TIMING: 410000  CPU: 420.683, 0.00103992/step  Wall: 426.772, 0.00105428/step, 163.903 ns/days, 0.026357 hours remaining, 0.000000 MB of memory in use.
PERFORMANCE: 410000  averaging 168.513 ns/day, 0.00102544 sec/step with standard deviation 2.01294e-05
ENERGY:  410000       451.0135      1112.9801      1122.4086        66.3116        -114247.4368      9978.1160         0.0000         0.0000     18506.5014         -83010.1056       300.8576   -101516.6070    -83018.0412       301.6263             93.7327        97.5175    301251.9111        57.8451        57.6576

TIMING: 415000  CPU: 425.623, 0.000988092/step  Wall: 431.782, 0.00100205/step, 172.447 ns/days, 0.0236594 hours remaining, 0.000000 MB of memory in use.
PERFORMANCE: 415000  averaging 168.559 ns/day, 0.00102516 sec/step with standard deviation 2.01705e-05
ENERGY:  415000       423.3399      1095.3741      1117.2390        74.3020        -114040.7363      9685.0102         0.0000         0.0000     18593.9812         -83051.4897       302.2797   -101645.4709    -83018.1942       301.6682           -179.7860      -176.0839    301956.0382        38.7569        38.5908

TIMING: 420000  CPU: 430.552, 0.000985825/step  Wall: 436.785, 0.00100053/step, 172.708 ns/days, 0.0222341 hours remaining, 0.000000 MB of memory in use.
PERFORMANCE: 420000  averaging 168.607 ns/day, 0.00102487 sec/step with standard deviation 2.02278e-05
ENERGY:  420000       423.5553      1129.5479      1110.8123        69.8993        -114267.8109      9793.5646         0.0000         0.0000     18587.6667         -83152.7647       302.1770   -101740.4314    -83023.3995       301.7493            -48.9219       -51.7182    300935.1157        37.6063        37.0681

TIMING: 425000  CPU: 435.764, 0.00104234/step  Wall: 442.07, 0.00105698/step, 163.485 ns/days, 0.0220203 hours remaining, 0.000000 MB of memory in use.
PERFORMANCE: 425000  averaging 168.545 ns/day, 0.00102525 sec/step with standard deviation 2.04065e-05
ENERGY:  425000       469.2391      1136.5903      1094.1906        68.4798        -114232.8809      9809.5863         0.0000         0.0000     18633.5147         -83021.2801       302.9224   -101654.7948    -83035.5221       301.8545            129.0920       126.6984    300769.0120        32.5751        32.1202

TIMING: 430000  CPU: 440.741, 0.000995427/step  Wall: 447.119, 0.00100991/step, 171.105 ns/days, 0.0196371 hours remaining, 0.000000 MB of memory in use.
PERFORMANCE: 430000  averaging 168.574 ns/day, 0.00102507 sec/step with standard deviation 2.03534e-05
ENERGY:  430000       440.7035      1143.3944      1133.5827        65.3817        -113932.8661      9681.7179         0.0000         0.0000     18491.1066         -82976.9793       300.6073   -101468.0859    -83018.4454       301.9352           -102.6224      -105.4324    301956.3471        14.6151        14.0124

TIMING: 435000  CPU: 445.735, 0.000998808/step  Wall: 452.193, 0.0010148/step, 170.279 ns/days, 0.0183229 hours remaining, 0.000000 MB of memory in use.
PERFORMANCE: 435000  averaging 168.594 ns/day, 0.00102495 sec/step with standard deviation 2.02646e-05
ENERGY:  435000       431.5050      1129.1299      1112.7177        73.4232        -114202.8582      9878.0004         0.0000         0.0000     18722.8161         -82855.2658       304.3742   -101578.0819    -83011.4089       301.9248             53.1863        57.0419    301194.8848        19.7598        19.5617

TIMING: 440000  CPU: 450.916, 0.00103612/step  Wall: 457.446, 0.00105064/step, 164.471 ns/days, 0.0175107 hours remaining, 0.000000 MB of memory in use.
PERFORMANCE: 440000  averaging 168.546 ns/day, 0.00102524 sec/step with standard deviation 2.03331e-05
ENERGY:  440000       444.3177      1125.5234      1122.1177        74.4374        -113809.1131      9773.4560         0.0000         0.0000     18488.5107         -82780.7502       300.5651   -101269.2608    -82995.7605       301.8526           -108.4862      -109.2813    301486.9891        24.5097        24.1463

TIMING: 445000  CPU: 455.876, 0.000991921/step  Wall: 462.478, 0.00100622/step, 171.732 ns/days, 0.0153728 hours remaining, 0.000000 MB of memory in use.
PERFORMANCE: 445000  averaging 168.581 ns/day, 0.00102503 sec/step with standard deviation 2.03175e-05
ENERGY:  445000       442.9641      1106.7214      1134.4818        62.6112        -114103.0599      9823.5296         0.0000         0.0000     18402.3149         -83130.4370       299.1638   -101532.7520    -83011.3302       301.6934            -89.0690       -86.5821    301631.6238        11.3964        10.9741

TIMING: 450000  CPU: 460.876, 0.00100011/step  Wall: 467.551, 0.00101463/step, 170.308 ns/days, 0.0140921 hours remaining, 0.000000 MB of memory in use.
PERFORMANCE: 450000  averaging 168.6 ns/day, 0.00102491 sec/step with standard deviation 2.02328e-05
ETITLE:      TS           BOND          ANGLE          DIHED          IMPRP               ELECT            VDW       BOUNDARY           MISC        KINETIC               TOTAL           TEMP      POTENTIAL       TOTALAVG        TEMPAVG            PRESSURE      GPRESSURE         VOLUME       PRESSAVG      GPRESSAVG

ENERGY:  450000       420.4804      1108.7749      1132.4444        77.4433        -114244.9817      9811.2569         0.0000         0.0000     18446.9677         -83247.6142       299.8897   -101694.5819    -83021.0823       301.6506           -101.3395      -101.7391    300003.3707         7.3882         6.9244

TIMING: 455000  CPU: 466.142, 0.00105317/step  Wall: 472.891, 0.00106816/step, 161.773 ns/days, 0.013352 hours remaining, 0.000000 MB of memory in use.
PERFORMANCE: 455000  averaging 168.522 ns/day, 0.00102539 sec/step with standard deviation 2.06246e-05
ENERGY:  455000       413.8386      1110.4854      1122.8277        78.1018        -114128.3582      9823.6987         0.0000         0.0000     18432.9898         -83146.4160       299.6625   -101579.4059    -83028.0945       301.4118             68.8542        68.7734    301090.5906         5.3041         4.8811

TIMING: 460000  CPU: 471.134, 0.00099849/step  Wall: 477.957, 0.0010131/step, 170.565 ns/days, 0.0112567 hours remaining, 0.000000 MB of memory in use.
PERFORMANCE: 460000  averaging 168.544 ns/day, 0.00102525 sec/step with standard deviation 2.05509e-05
ENERGY:  460000       459.3387      1116.0946      1123.4705        69.8156        -113935.1760      9854.0122         0.0000         0.0000     18673.1841         -82639.2603       303.5673   -101312.4444    -83028.1631       301.4507             60.2074        62.3026    299511.3398         5.7545         5.5356

TIMING: 465000  CPU: 476.109, 0.000994923/step  Wall: 483.003, 0.00100914/step, 171.235 ns/days, 0.00981106 hours remaining, 0.000000 MB of memory in use.
PERFORMANCE: 465000  averaging 168.572 ns/day, 0.00102508 sec/step with standard deviation 2.05071e-05
ENERGY:  465000       410.6993      1114.2597      1126.7254        64.9302        -114170.8824      9838.7207         0.0000         0.0000     18477.5481         -83137.9990       300.3869   -101615.5471    -83042.3270       301.3407            -12.5110       -17.4520    300521.7468        -0.1935        -0.5496

TIMING: 470000  CPU: 481.317, 0.00104151/step  Wall: 488.282, 0.00105583/step, 163.662 ns/days, 0.0087986 hours remaining, 0.000000 MB of memory in use.
PERFORMANCE: 470000  averaging 168.518 ns/day, 0.00102541 sec/step with standard deviation 2.06417e-05
ENERGY:  470000       429.5645      1122.3676      1115.6047        67.0775        -114384.1471      9935.7895         0.0000         0.0000     18398.4573         -83315.2861       299.1011   -101713.7434    -83061.0168       301.1766            201.6663       205.4381    298649.8340        22.1781        22.0333

TIMING: 475000  CPU: 486.264, 0.000989465/step  Wall: 493.301, 0.00100392/step, 172.126 ns/days, 0.00697164 hours remaining, 0.000000 MB of memory in use.
PERFORMANCE: 475000  averaging 168.556 ns/day, 0.00102518 sec/step with standard deviation 2.06497e-05
ENERGY:  475000       446.5253      1100.3830      1089.9359        72.0899        -114160.7746      9843.4826         0.0000         0.0000     18504.3326         -83104.0252       300.8223   -101608.3578    -83054.2989       301.2397           -113.9011      -110.6741    300733.6925         3.1978         3.3601

TIMING: 480000  CPU: 491.211, 0.000989325/step  Wall: 498.32, 0.00100365/step, 172.172 ns/days, 0.00557583 hours remaining, 0.000000 MB of memory in use.
PERFORMANCE: 480000  averaging 168.592 ns/day, 0.00102496 sec/step with standard deviation 2.06579e-05
ENERGY:  480000       442.6641      1147.9715      1137.4651        72.3150        -114362.1314      9763.2625         0.0000         0.0000     18532.0010         -83266.4521       301.2721   -101798.4531    -83063.3107       301.2767            -85.7284       -90.1767    299965.2168       -18.9666       -18.7294

TIMING: 485000  CPU: 496.395, 0.00103698/step  Wall: 503.577, 0.00105138/step, 164.356 ns/days, 0.00438074 hours remaining, 0.000000 MB of memory in use.
PERFORMANCE: 485000  averaging 168.548 ns/day, 0.00102523 sec/step with standard deviation 2.07244e-05
ENERGY:  485000       413.9410      1107.2022      1124.9462        76.7637        -113959.9903      9778.0117         0.0000         0.0000     18563.0488         -82896.0768       301.7768   -101459.1255    -83058.0451       301.3899            133.0912       129.3278    300242.9702       -17.7796       -17.8199

TIMING: 490000  CPU: 501.361, 0.000993043/step  Wall: 508.616, 0.00100786/step, 171.453 ns/days, 0.0027996 hours remaining, 0.000000 MB of memory in use.
PERFORMANCE: 490000  averaging 168.577 ns/day, 0.00102505 sec/step with standard deviation 2.06918e-05
ENERGY:  490000       441.5887      1129.0668      1117.8152        65.9584        -113840.0997      9542.7978         0.0000         0.0000     18437.7668         -83105.1060       299.7401   -101542.8728    -83064.0311       301.3488           -238.3254      -241.4605    301167.4459       -31.6035       -31.5530

TIMING: 495000  CPU: 506.368, 0.00100152/step  Wall: 513.695, 0.00101586/step, 170.102 ns/days, 0.00141092 hours remaining, 0.000000 MB of memory in use.
PERFORMANCE: 495000  averaging 168.592 ns/day, 0.00102496 sec/step with standard deviation 2.06067e-05
ENERGY:  495000       456.5403      1122.0055      1131.5838        79.6285        -114155.3539      9876.3884         0.0000         0.0000     18591.1929         -82898.0145       302.2344   -101489.2074    -83045.4919       301.3526            150.4054       147.0536    300061.1388       -24.4146       -24.7547

TIMING: 500000  CPU: 511.608, 0.00104792/step  Wall: 519.006, 0.00106216/step, 162.687 ns/days, 0 hours remaining, 0.000000 MB of memory in use.
PERFORMANCE: 500000  averaging 168.531 ns/day, 0.00102533 sec/step with standard deviation 2.08372e-05
ETITLE:      TS           BOND          ANGLE          DIHED          IMPRP               ELECT            VDW       BOUNDARY           MISC        KINETIC               TOTAL           TEMP      POTENTIAL       TOTALAVG        TEMPAVG            PRESSURE      GPRESSURE         VOLUME       PRESSAVG      GPRESSAVG

ENERGY:  500000       424.1685      1177.4410      1128.7981        71.3040        -113987.3220      9699.1175         0.0000         0.0000     18632.4997         -82853.9932       302.9059   -101486.4928    -83034.5083       301.3503           -141.9816      -144.0519    302537.6094       -19.7453       -20.2567

WRITING EXTENDED SYSTEM TO OUTPUT FILE AT STEP 500000
WRITING COORDINATES TO OUTPUT FILE AT STEP 500000
WRITING VELOCITIES TO OUTPUT FILE AT STEP 500000
The last velocity output (seq=-2) takes 0.124 seconds, 0.000 MB of memory in use
====================================================

WallClock: 522.091858  CPUTime: 497.945953  Memory: 0.000000 MB
[Partition 0][Node 0] End of program
