Charm++> Running on MPI library: Open MPI v4.1.5a1, package: Open MPI software@d001.sol.rc.asu.edu Distribution, ident: 4.1.5a1, repo rev: v4.1.4-32-g5abd86cc8c, Unreleased developer copy (MPI standard: 3.1)
Charm++> Level of thread support used: MPI_THREAD_FUNNELED (desired: MPI_THREAD_FUNNELED)
Charm++> Running in SMP mode: 1 processes, 45 worker threads (PEs) + 1 comm threads per process, 45 PEs total
Charm++> The comm. thread both sends and receives messages
Charm++> Using recursive bisection (scheme 3) for topology aware partitions
Converse/Charm++ Commit ID: v8.0.1-devel-35-gf310838d5
Charm++ communication thread will sleep due to single-process run.
CharmLB> Load balancer assumes all CPUs are same.
Charm++> cpu affinity enabled. 
Charm++> Running on 1 hosts (2 sockets x 24 cores x 1 PUs = 48-way SMP)
Charm++> cpu topology info is gathered in 0.004 seconds.
Info: Built with CUDA version 12090
Pe 5 physical rank 5 will use CUDA device of pe 32
Pe 1 physical rank 1 will use CUDA device of pe 32
Pe 2 physical rank 2 will use CUDA device of pe 32
Pe 4 physical rank 4 will use CUDA device of pe 32
Pe 3 physical rank 3 will use CUDA device of pe 32
Pe 24 physical rank 24 will use CUDA device of pe 32
Pe 6 physical rank 6 will use CUDA device of pe 32
Pe 10 physical rank 10 will use CUDA device of pe 32
Pe 8 physical rank 8 will use CUDA device of pe 32
Pe 7 physical rank 7 will use CUDA device of pe 32
Pe 9 physical rank 9 will use CUDA device of pe 32
Pe 11 physical rank 11 will use CUDA device of pe 32
Pe 29 physical rank 29 will use CUDA device of pe 32
Pe 30 physical rank 30 will use CUDA device of pe 32
Pe 0 physical rank 0 will use CUDA device of pe 32
Pe 33 physical rank 33 will use CUDA device of pe 32
Pe 31 physical rank 31 will use CUDA device of pe 32
Pe 20 physical rank 20 will use CUDA device of pe 32
Pe 16 physical rank 16 will use CUDA device of pe 32
Pe 12 physical rank 12 will use CUDA device of pe 32
Pe 14 physical rank 14 will use CUDA device of pe 32
Pe 13 physical rank 13 will use CUDA device of pe 32
Pe 15 physical rank 15 will use CUDA device of pe 32
Pe 34 physical rank 34 will use CUDA device of pe 32
Pe 35 physical rank 35 will use CUDA device of pe 32
Pe 43 physical rank 43 will use CUDA device of pe 32
Pe 41 physical rank 41 will use CUDA device of pe 32
Pe 40 physical rank 40 will use CUDA device of pe 32
Pe 42 physical rank 42 will use CUDA device of pe 32
Pe 44 physical rank 44 will use CUDA device of pe 32
Pe 22 physical rank 22 will use CUDA device of pe 32
Pe 18 physical rank 18 will use CUDA device of pe 32
Pe 36 physical rank 36 will use CUDA device of pe 32
Pe 37 physical rank 37 will use CUDA device of pe 32
Pe 38 physical rank 38 will use CUDA device of pe 32
Pe 32 physical rank 32 binding to CUDA device 0 on sg016: 'NVIDIA A100-SXM4-80GB'  Mem: 81152MB  Rev: 8.0  PCI: 0:1:0
Pe 39 physical rank 39 will use CUDA device of pe 32
Pe 17 physical rank 17 will use CUDA device of pe 32
Pe 23 physical rank 23 will use CUDA device of pe 32
Pe 28 physical rank 28 will use CUDA device of pe 32
Pe 19 physical rank 19 will use CUDA device of pe 32
Pe 27 physical rank 27 will use CUDA device of pe 32
Pe 21 physical rank 21 will use CUDA device of pe 32
Pe 25 physical rank 25 will use CUDA device of pe 32
Pe 26 physical rank 26 will use CUDA device of pe 32
CharmLB> Load balancing instrumentation for communication is off.
Info: NAMD 3.1alpha4pre for Linux-x86_64-MPI-smp-CUDA
Info: 
Info: Please visit http://www.ks.uiuc.edu/Research/namd/
Info: for updates, documentation, and support information.
Info: 
Info: Please cite Phillips et al., J. Chem. Phys. 153:044130 (2020) doi:10.1063/5.0014475
Info: in all publications reporting results obtained with NAMD.
Info: 
Info: Based on Charm++/Converse 80001 for mpi-linux-x86_64
Info: Built Fri Apr 17 06:27:28 MST 2026 by athiru12 on sg013
Info: Source code at Git commit ID 0de8a9017a5e517ce3382a552ac4a3debb0beccb
Info: 1 NAMD  3.1alpha4pre  Linux-x86_64-MPI-smp-CUDA  45    sg016  athiru12
Info: Running on 45 processors, 1 nodes, 1 physical nodes.
Info: CPU topology information available.
Info: Charm++/Converse parallel runtime startup completed at 2.566 s
CkLoopLib is used in SMP with simple dynamic scheduling (converse-level notification)
Info: 0 MB of memory in use based on /proc/self/stat
Info: Configuration file is input/step5_streaming_streaming-3_run_1.inp
Info: Changed directory to input
TCL: Suspending until startup complete.
Warning: Option "1-4scaling" has been deprecated. Instead use "oneFourScaling".
Info: EXTENDED SYSTEM FILE   ../output/vanilla/performance/equil/1-0-40/run-1/step4_equilibration.xsc
Info: Tuning parameters to improve GPU-resident performance
Info: Setting margin to 4
Warning: The Langevin gamma parameters differ over the particles,
Warning: requiring extra work per step to constrain rigid bonds.
Info: Enabling PMEOffload because PMEInterpOrder > 4.
Info: Running with GPU-resident mode
Warning: Always using force tables for GPU nonbonded kernel due to unsupported config parameters.
Info: SIMULATION PARAMETERS:
Info: TIMESTEP               2
Info: NUMBER OF STEPS        500000
Info: STEPS PER CYCLE        20
Info: PERIODIC CELL BASIS 1  69 0 0
Info: PERIODIC CELL BASIS 2  0 69 0
Info: PERIODIC CELL BASIS 3  0 0 69
Info: PERIODIC CELL CENTER   0 0 0
Info: WRAPPING WATERS AROUND PERIODIC BOUNDARIES ON OUTPUT.
Info: WRAPPING ALL CLUSTERS AROUND PERIODIC BOUNDARIES ON OUTPUT.
Info: LOAD BALANCER  Centralized
Info: LOAD BALANCING STRATEGY  New Load Balancers -- DEFAULT
Info: LDB PERIOD             4000 steps
Info: FIRST LDB TIMESTEP     100
Info: LAST LDB TIMESTEP     -1
Info: LDB BACKGROUND SCALING 1
Info: HOM BACKGROUND SCALING 1
Info: PME BACKGROUND SCALING 1
Warning: OVERRIDING NOPATCH SETTING. Not supported with GPUresident on
Info: MIN ATOMS PER PATCH    40
Info: EMPTY PATCH LOAD       40 ATOMS
Info: VELOCITY FILE          ../output/vanilla/performance/equil/1-0-40/run-1/step4_equilibration.vel
Info: CENTER OF MASS MOVING INITIALLY? NO
Info: DIELECTRIC             1
Info: EXCLUDE                SCALED ONE-FOUR
Info: 1-4 ELECTROSTATICS SCALED BY 1
Info: MODIFIED 1-4 VDW PARAMETERS WILL BE USED
Info: NO DCD TRAJECTORY OUTPUT
Info: NO EXTENDED SYSTEM TRAJECTORY OUTPUT
Info: NO VELOCITY DCD OUTPUT
Info: NO FORCE DCD OUTPUT
Info: OUTPUT FILENAME        ../output/streaming-3/performance/prod/1-1-45/frequency-1/run-1/step5_streaming
Info: BINARY OUTPUT FILES WILL BE USED
Info: NO RESTART FILE
Info: NAMD will save positions and velocities to ../output/streaming-3/performance/prod/1-1-45/frequency-1/run-1/step5_streaming.crash.csv when  atoms are moving too fast.
Info: SWITCHING ACTIVE
Info: VDW FORCE SWITCHING ACTIVE
Info: SWITCHING ON           10
Info: SWITCHING OFF          12
Info: PAIRLIST DISTANCE      16
Info: PAIRLIST SHRINK RATE   0.01
Info: PAIRLIST GROW RATE     0.01
Info: PAIRLIST TRIGGER       0.3
Info: PAIRLISTS PER CYCLE    2
Info: PAIRLISTS ENABLED
Info: MARGIN                 4
Info: HYDROGEN GROUP CUTOFF  2.5
Info: PATCH DIMENSION        22.5
Info: ENERGY OUTPUT STEPS    5000
Info: ENERGY EVALUATION STEPS    5000
Info: OUTPUT ENERGY PRECISION 4
Info: CROSSTERM ENERGY INCLUDED IN DIHEDRAL
Info: TIMING OUTPUT STEPS    5000
Info: INTERACTIVE MD ACTIVE
Info: INTERACTIVE MD VERSION    3
Info: INTERACTIVE MD PORT    8889
Info: INTERACTIVE MD FREQ    1
Info: WILL AWAIT INTERACTIVE MD CONNECTION
Info: INTERACTIVE MD WILL SEND THE FOLLOWING:
Info: WRAPPED COORDINATES
Info: VELOCITIES
Info: FORCES
Info: LANGEVIN DYNAMICS ACTIVE
Info: LANGEVIN TEMPERATURE   303.15
Info: LANGEVIN USING BBK INTEGRATOR
Info: LANGEVIN DAMPING COEFFICIENT IS 1 INVERSE PS
Info: LANGEVIN DYNAMICS NOT APPLIED TO HYDROGENS
Info: LANGEVIN PISTON PRESSURE CONTROL ACTIVE
Info:        TARGET PRESSURE IS 1.01325 BAR
Info:     OSCILLATION PERIOD IS 50 FS
Info:             DECAY TIME IS 25 FS
Info:     PISTON TEMPERATURE IS 303.15 K
Info:       PRESSURE CONTROL IS GROUP-BASED
Info:    INITIAL STRAIN RATE IS 0 0 0
Info:       CELL FLUCTUATION IS ISOTROPIC
Info: PARTICLE MESH EWALD (PME) ACTIVE
Info: PME TOLERANCE               1e-06
Info: PME EWALD COEFFICIENT       0.257952
Info: PME INTERPOLATION ORDER     6
Info: PME GRID DIMENSIONS         72 72 72
Info: PME MAXIMUM GRID SPACING    1
Info: PME RECIPROCAL SUM OFFLOADED TO GPU
Info: PME CALCULATION WILL BE PERFORMED ON GPU
Info: FULL ELECTROSTATIC EVALUATION FREQUENCY      1
Info: USING VERLET I (r-RESPA) MTS SCHEME.
Info: C1 SPLITTING OF LONG RANGE ELECTROSTATICS
Info: PLACING ATOMS IN PATCHES BY HYDROGEN GROUPS
Info: RIGID BONDS TO HYDROGEN : ALL
Info:         ERROR TOLERANCE : 1e-08
Info:          MAX ITERATIONS : 100
Info: RIGID WATER USING SETTLE ALGORITHM
Info: RANDOM NUMBER SEED     1777554477
Info: USE HYDROGEN BONDS?    NO
Info: COORDINATE PDB         step3_input.pdb
Info: STRUCTURE FILE         step3_input.psf
Info: PARAMETER file: CHARMM format! 
Info: PARAMETERS             toppar/par_all36m_prot.prm
Info: PARAMETERS             toppar/par_all36_na.prm
Info: PARAMETERS             toppar/par_all36_carb.prm
Info: PARAMETERS             toppar/par_all36_lipid.prm
Info: PARAMETERS             toppar/par_all36_cgenff.prm
Info: PARAMETERS             toppar/par_interface.prm
Info: PARAMETERS             toppar/toppar_all36_moreions.str
Info: PARAMETERS             toppar/toppar_all36_nano_lig.str
Info: PARAMETERS             toppar/toppar_all36_nano_lig_patch.str
Info: PARAMETERS             toppar/toppar_all36_synthetic_polymer.str
Info: PARAMETERS             toppar/toppar_all36_synthetic_polymer_patch.str
Info: PARAMETERS             toppar/toppar_all36_polymer_solvent.str
Info: PARAMETERS             toppar/toppar_water_ions.str
Info: PARAMETERS             toppar/toppar_dum_noble_gases.str
Info: PARAMETERS             toppar/toppar_ions_won.str
Info: PARAMETERS             toppar/cam.str
Info: PARAMETERS             toppar/toppar_all36_prot_arg0.str
Info: PARAMETERS             toppar/toppar_all36_prot_c36m_d_aminoacids.str
Info: PARAMETERS             toppar/toppar_all36_prot_fluoro_alkanes.str
Info: PARAMETERS             toppar/toppar_all36_prot_heme.str
Info: PARAMETERS             toppar/toppar_all36_prot_na_combined.str
Info: PARAMETERS             toppar/toppar_all36_prot_retinol.str
Info: PARAMETERS             toppar/toppar_all36_prot_model.str
Info: PARAMETERS             toppar/toppar_all36_prot_modify_res.str
Info: PARAMETERS             toppar/toppar_all36_na_nad_ppi.str
Info: PARAMETERS             toppar/toppar_all36_na_rna_modified.str
Info: PARAMETERS             toppar/toppar_all36_lipid_sphingo.str
Info: PARAMETERS             toppar/toppar_all36_lipid_archaeal.str
Info: PARAMETERS             toppar/toppar_all36_lipid_bacterial.str
Info: PARAMETERS             toppar/toppar_all36_lipid_cardiolipin.str
Info: PARAMETERS             toppar/toppar_all36_lipid_cholesterol.str
Info: PARAMETERS             toppar/toppar_all36_lipid_dag.str
Info: PARAMETERS             toppar/toppar_all36_lipid_inositol.str
Info: PARAMETERS             toppar/toppar_all36_lipid_lnp.str
Info: PARAMETERS             toppar/toppar_all36_lipid_lps.str
Info: PARAMETERS             toppar/toppar_all36_lipid_mycobacterial.str
Info: PARAMETERS             toppar/toppar_all36_lipid_miscellaneous.str
Info: PARAMETERS             toppar/toppar_all36_lipid_model.str
Info: PARAMETERS             toppar/toppar_all36_lipid_prot.str
Info: PARAMETERS             toppar/toppar_all36_lipid_tag.str
Info: PARAMETERS             toppar/toppar_all36_lipid_yeast.str
Info: PARAMETERS             toppar/toppar_all36_lipid_hmmm.str
Info: PARAMETERS             toppar/toppar_all36_lipid_detergent.str
Info: PARAMETERS             toppar/toppar_all36_lipid_ether.str
Info: PARAMETERS             toppar/toppar_all36_lipid_oxidized.str
Info: PARAMETERS             toppar/toppar_all36_carb_glycolipid.str
Info: PARAMETERS             toppar/toppar_all36_carb_glycopeptide.str
Info: PARAMETERS             toppar/toppar_all36_carb_imlab.str
Info: PARAMETERS             toppar/toppar_all36_label_spin.str
Info: PARAMETERS             toppar/toppar_all36_label_fluorophore.str
Info: USING ARITHMETIC MEAN TO COMBINE L-J SIGMA PARAMETERS
Info: BINARY COORDINATES     ../output/vanilla/performance/equil/1-0-40/run-1/step4_equilibration.coor
Warning: SKIPPING PART OF PARAMETER FILE AFTER RETURN STATEMENT

Warning: DUPLICATE DIHEDRAL ENTRY FOR HAL1-CTO1-C-NHL
PREVIOUS VALUES MULTIPLICITY: 1
  k=0  n=1  delta=0INCREASING MULTIPLICITY TO: 2
  k=0  n=3  delta=0

Warning: DUPLICATE DIHEDRAL ENTRY FOR HAL1-CTO1-C-O
PREVIOUS VALUES MULTIPLICITY: 1
  k=0  n=1  delta=0INCREASING MULTIPLICITY TO: 2
  k=0  n=2  delta=3.14159
Warning: SKIPPING PART OF PARAMETER FILE AFTER RETURN STATEMENT

Warning: DUPLICATE DIHEDRAL ENTRY FOR CTL2-CG2O5-CTL1-CTL3
PREVIOUS VALUES MULTIPLICITY: 1
  k=0.75  n=1  delta=0  k=0.18  n=2  delta=3.14159INCREASING MULTIPLICITY TO: 3
  k=0.065  n=3  delta=0

Warning: DUPLICATE BOND ENTRY FOR CEL1-CL
PREVIOUS VALUES  k=440  x0=1.489
   USING VALUES  k=300  x0=1.48
Info: SUMMARY OF PARAMETERS:
Info: 1988 BONDS
Info: 6776 ANGLES
Info: 19939 DIHEDRAL
Info: 430 IMPROPER
Info: 28 CROSSTERM
Info: 751 VDW
Info: 122 VDW_PAIRS
Info: 0 NBTHOLE_PAIRS
Warning: Ignored 9467 bonds with zero force constants.
Warning: Will get H-H distance in rigid H2O from H-O-H angle.
Info: No lone pairs detected in waters
Info: TIME FOR READING PSF FILE: 0.326086
Info: Reading pdb file step3_input.pdb
Info: TIME FOR READING PDB FILE: 0.500364
Info: 
Info: ****************************
Info: STRUCTURE SUMMARY:
Info: 30423 ATOMS
Info: 20918 BONDS
Info: 13014 ANGLES
Info: 5187 DIHEDRALS
Info: 373 IMPROPERS
Info: 127 CROSSTERMS
Info: 0 EXCLUSIONS
Info: 29360 RIGID BONDS
Info: 61909 DEGREES OF FREEDOM
Info: 10530 HYDROGEN GROUPS
Info: 4 ATOMS IN LARGEST HYDROGEN GROUP
Info: 10530 MIGRATION GROUPS
Info: 4 ATOMS IN LARGEST MIGRATION GROUP
Info: TOTAL MASS = 186727 amu
Info: TOTAL CHARGE = 1.31875e-06 e
Info: MASS DENSITY = 0.943883 g/cm^3
Info: ATOM DENSITY = 0.0926093 atoms/A^3
Info: *****************************
Info: Reading from binary file ../output/vanilla/performance/equil/1-0-40/run-1/step4_equilibration.coor
Info: 
Info: Entering startup at 7.75924 s, 0 MB of memory in use
Info: Startup phase 0 took 0.000701438 s, 0 MB of memory in use
Info: ADDED 39038 IMPLICIT EXCLUSIONS
Info: Startup phase 1 took 0.00707389 s, 0 MB of memory in use
Info: NONBONDED TABLE R-SQUARED SPACING: 0.0625
Info: NONBONDED TABLE SIZE: 769 POINTS
Info: INCONSISTENCY IN FAST TABLE ENERGY VS FORCE: 0.000325096 AT 11.9556
Info: INCONSISTENCY IN SCOR TABLE ENERGY VS FORCE: 0.000324844 AT 11.9556
Info: INCONSISTENCY IN VDWA TABLE ENERGY VS FORCE: 0.0040507 AT 0.251946
Info: INCONSISTENCY IN VDWB TABLE ENERGY VS FORCE: 0.00150189 AT 0.251946
Info: Startup phase 2 took 0.0156146 s, 0 MB of memory in use
Info: Startup phase 3 took 0.000184727 s, 0 MB of memory in use
Info: Startup phase 4 took 0.0011137 s, 0 MB of memory in use
Info: Startup phase 5 took 0.000171682 s, 0 MB of memory in use
Info: REDUCING NUMBER OF PATCHES TO IMPROVE LOAD BALANCE
Info: PATCH GRID IS 5 (PERIODIC) BY 3 (PERIODIC) BY 3 (PERIODIC)
Info: PATCH GRID IS 2-AWAY BY 1-AWAY BY 1-AWAY
Info: Reading from binary file ../output/vanilla/performance/equil/1-0-40/run-1/step4_equilibration.vel
Info: REMOVING COM VELOCITY -0.0158458 -0.019888 0.00968242
Info: LARGEST PATCH (22) HAS 800 ATOMS
Info: TORUS A SIZE 1 USING 0
Info: TORUS B SIZE 1 USING 0
Info: TORUS C SIZE 1 USING 0
Info: TORUS MINIMAL MESH SIZE IS 1 BY 1 BY 1
Info: Placed 100% of base nodes on same physical node as patch
Info: Startup phase 6 took 0.209613 s, 0 MB of memory in use
Info: Use 3D box decompostion in PME FFT.
Info: PME using 1 x 1 x 1 pencil grid for FFT and reciprocal sum.
Info: Startup phase 7 took 0.00103935 s, 0 MB of memory in use
Info: Updated CUDA force table with 4096 elements.
Info: Updated CUDA LJ table with 751 x 751 elements.
Info: Startup phase 8 took 0.00647696 s, 0 MB of memory in use
Info: Startup phase 9 took 0.000197612 s, 0 MB of memory in use
Info: Startup phase 10 took 0.000172745 s, 0 MB of memory in use
Info: Startup phase 11 took 0.0150876 s, 0 MB of memory in use
LDB: Central LB being created...
Info: Startup phase 12 took 0.314756 s, 0 MB of memory in use
Info: Startup phase 13 took 0.000191891 s, 0 MB of memory in use
Info: Startup phase 14 took 0.00279489 s, 0 MB of memory in use
Info: Startup phase 15 took 0.000159179 s, 0 MB of memory in use
Info: CREATING 1755 COMPUTE OBJECTS
Info: Interactive MD listening on port 8889.
Info: Found 268 unique exclusion lists needing 4316 bytes
Info: useSync: 0 useProxySync: 0
Info: Startup phase 16 took 0.116368 s, 0 MB of memory in use
Info: Startup phase 17 took 0.000217169 s, 0 MB of memory in use
Info: Startup phase 18 took 7.0612e-05 s, 0 MB of memory in use
Info: Finished startup at 8.45124 s, 0 MB of memory in use

TCL: Original numsteps 500000 will be ignored.
TCL: Running for 500000 steps
Info: INTERACTIVE MD AWAITING CONNECTION
Warning: IMD protocol version 3 detected
Info: IMD connection opened
ETITLE:      TS           BOND          ANGLE          DIHED          IMPRP               ELECT            VDW       BOUNDARY           MISC        KINETIC               TOTAL           TEMP      POTENTIAL       TOTALAVG        TEMPAVG            PRESSURE      GPRESSURE         VOLUME       PRESSAVG      GPRESSAVG

ENERGY:       0       390.0165      1067.9379      1155.8548        69.8147        -111518.5693      9145.1384         0.0000         0.0000     18338.1923         -81351.6148       298.1214    -99689.8070    -81351.6148       298.1214          -1454.3548     -1453.0520    328509.0000     -1454.3548     -1453.0520

The last position output (seq=1) takes 0.001 seconds, 0.000 MB of memory in use
The last velocity output (seq=1) takes 0.000 seconds, 0.000 MB of memory in use
The last force output (seq=1) takes 0.000 seconds, 0.000 MB of memory in use
The last position output (seq=2) takes 0.001 seconds, 0.000 MB of memory in use
The last velocity output (seq=2) takes 0.000 seconds, 0.000 MB of memory in use
The last force output (seq=2) takes 0.000 seconds, 0.000 MB of memory in use
The last position output (seq=3) takes 0.001 seconds, 0.000 MB of memory in use
The last velocity output (seq=3) takes 0.028 seconds, 0.000 MB of memory in use
The last force output (seq=3) takes 0.000 seconds, 0.000 MB of memory in use
The last position output (seq=4) takes 0.001 seconds, 0.000 MB of memory in use
The last velocity output (seq=4) takes 0.075 seconds, 0.000 MB of memory in use
The last force output (seq=4) takes 1.036 seconds, 0.000 MB of memory in use
The last position output (seq=5) takes 0.001 seconds, 0.000 MB of memory in use
The last velocity output (seq=5) takes 0.000 seconds, 0.000 MB of memory in use
The last force output (seq=5) takes 0.000 seconds, 0.000 MB of memory in use
The last position output (seq=6) takes 0.001 seconds, 0.000 MB of memory in use
The last position output (seq=7) takes 0.001 seconds, 0.000 MB of memory in use
The last position output (seq=8) takes 0.001 seconds, 0.000 MB of memory in use
The last position output (seq=9) takes 0.001 seconds, 0.000 MB of memory in use
The last position output (seq=10) takes 0.001 seconds, 0.000 MB of memory in use
Info: Initial time: 45 CPUs 0.0254419 s/step 6.79195 ns/day 0 MB memory
Info: Initial time: 45 CPUs 0.0100916 s/step 17.1231 ns/day 0 MB memory
Info: Initial time: 45 CPUs 0.00949156 s/step 18.2056 ns/day 0 MB memory
Info: Benchmark time: 45 CPUs 0.00943841 s/step 18.3082 ns/day 0 MB memory
Info: Benchmark time: 45 CPUs 0.00953434 s/step 18.124 ns/day 0 MB memory
Info: Benchmark time: 45 CPUs 0.00981575 s/step 17.6044 ns/day 0 MB memory
Info: Benchmark time: 45 CPUs 0.00965808 s/step 17.8918 ns/day 0 MB memory
Info: Benchmark time: 45 CPUs 0.0101965 s/step 16.9469 ns/day 0 MB memory
Info: Benchmark time: 45 CPUs 0.00982742 s/step 17.5834 ns/day 0 MB memory
TIMING: 5000  CPU: 50.3465, 0.00822388/step  Wall: 53.5757, 0.0098852/step, 17.4807 ns/days, 1.35922 hours remaining, 0.000000 MB of memory in use.
PERFORMANCE: 5000  averaging 17.4807 ns/day, 0.0098852 sec/step with standard deviation 0
ENERGY:    5000       455.6198      1084.3125      1135.8708        79.3158        -114024.1795      9713.7404         0.0000         0.0000     18555.1332         -83000.1869       301.6482   -101555.3201    -82175.9008       299.8848           -174.6545      -179.2403    301153.0563      -814.5046      -816.1462

TIMING: 10000  CPU: 89.6056, 0.00785183/step  Wall: 100.181, 0.00932112/step, 18.5385 ns/days, 1.26871 hours remaining, 0.000000 MB of memory in use.
PERFORMANCE: 10000  averaging 17.9941 ns/day, 0.00960316 sec/step with standard deviation 0.000398865
ENERGY:   10000       427.0246      1120.2761      1122.6420        74.6753        -114399.2372     10129.9616         0.0000         0.0000     18622.1798         -82902.4778       302.7381   -101524.6577    -82418.0932       300.8359            283.8932       287.8048    300432.5728      -448.3720      -448.1625

TIMING: 15000  CPU: 128.241, 0.00772708/step  Wall: 145.959, 0.00915561/step, 18.8737 ns/days, 1.23346 hours remaining, 0.000000 MB of memory in use.
PERFORMANCE: 15000  averaging 18.278 ns/day, 0.00945398 sec/step with standard deviation 0.000382511
ENERGY:   15000       419.2010      1168.3385      1143.6939        69.5930        -114096.0551      9687.5783         0.0000         0.0000     18598.0235         -83009.6269       302.3454   -101607.6504    -82565.9766       301.2133           -173.5513      -175.4607    301522.2554      -379.6668      -379.9870

TIMING: 20000  CPU: 166.242, 0.00760019/step  Wall: 191.241, 0.0090564/step, 19.0804 ns/days, 1.20752 hours remaining, 0.000000 MB of memory in use.
PERFORMANCE: 20000  averaging 18.4722 ns/day, 0.00935458 sec/step with standard deviation 0.000370218
ENERGY:   20000       400.7627      1092.4837      1126.1291        69.0388        -113918.7578      9830.7725         0.0000         0.0000     18600.8044         -82798.7666       302.3906   -101399.5710    -82612.5346       301.4487            205.1998       204.9929    300589.8928      -262.6935      -262.9911

TIMING: 25000  CPU: 204.422, 0.00763594/step  Wall: 236.897, 0.00913121/step, 18.9241 ns/days, 1.20481 hours remaining, 0.000000 MB of memory in use.
PERFORMANCE: 25000  averaging 18.5609 ns/day, 0.00930991 sec/step with standard deviation 0.00033582
ENERGY:   25000       416.8505      1102.4970      1145.8896        57.0376        -114439.5791      9832.0581         0.0000         0.0000     18563.8530         -83321.3931       301.7899   -101885.2462    -82730.6777       301.5056           -105.6044      -107.7703    301362.6270      -236.5120      -237.1209

TIMING: 30000  CPU: 242.566, 0.00762886/step  Wall: 282.591, 0.00913872/step, 18.9086 ns/days, 1.19311 hours remaining, 0.000000 MB of memory in use.
PERFORMANCE: 30000  averaging 18.6179 ns/day, 0.00928138 sec/step with standard deviation 0.00030839
ENERGY:   30000       451.6761      1122.2421      1124.9869        78.7156        -113833.6913      9750.0095         0.0000         0.0000     18656.6605         -82649.4007       303.2987   -101306.0612    -82719.0667       301.7618              1.0497        -1.6218    300767.6948      -202.5746      -203.4782

TIMING: 35000  CPU: 281.425, 0.0077718/step  Wall: 329.068, 0.0092953/step, 18.59 ns/days, 1.20064 hours remaining, 0.000000 MB of memory in use.
PERFORMANCE: 35000  averaging 18.6139 ns/day, 0.00928337 sec/step with standard deviation 0.00028157
ENERGY:   35000       457.6472      1153.8966      1145.3317        75.8546        -114260.6890      9944.9112         0.0000         0.0000     18549.1425         -82933.9052       301.5508   -101483.0477    -82745.9215       301.7354            236.7198       235.3461    300416.1244      -147.6628      -148.6252

TIMING: 40000  CPU: 318.596, 0.00743413/step  Wall: 373.669, 0.00892026/step, 19.3716 ns/days, 1.13981 hours remaining, 0.000000 MB of memory in use.
PERFORMANCE: 40000  averaging 18.7054 ns/day, 0.00923798 sec/step with standard deviation 0.00029058
ENERGY:   40000       418.1663      1150.1927      1129.7641        73.3482        -114201.6384      9802.4828         0.0000         0.0000     18511.4881         -83116.1960       300.9386   -101627.6842    -82787.0631       301.6469            -99.8956       -95.2559    300566.5903      -142.3553      -142.6953

TIMING: 45000  CPU: 355.972, 0.00747526/step  Wall: 418.38, 0.00894222/step, 19.3241 ns/days, 1.1302 hours remaining, 0.000000 MB of memory in use.
PERFORMANCE: 45000  averaging 18.7722 ns/day, 0.00920512 sec/step with standard deviation 0.000289138
ENERGY:   45000       411.8270      1099.3500      1123.8204        72.9125        -114063.0603      9828.3248         0.0000         0.0000     18575.7734         -82951.0523       301.9837   -101526.8257    -82803.4620       301.6805            122.1044       117.2387    300565.8368      -115.9094      -116.7019

TIMING: 50000  CPU: 395.299, 0.00786544/step  Wall: 465.363, 0.00939666/step, 18.3895 ns/days, 1.17458 hours remaining, 0.000000 MB of memory in use.
PERFORMANCE: 50000  averaging 18.7332 ns/day, 0.00922427 sec/step with standard deviation 0.00027925
ETITLE:      TS           BOND          ANGLE          DIHED          IMPRP               ELECT            VDW       BOUNDARY           MISC        KINETIC               TOTAL           TEMP      POTENTIAL       TOTALAVG        TEMPAVG            PRESSURE      GPRESSURE         VOLUME       PRESSAVG      GPRESSAVG

ENERGY:   50000       444.0398      1131.1867      1118.3538        67.4490        -114037.5829      9605.8068         0.0000         0.0000     18548.4692         -83122.2776       301.5398   -101670.7468    -82832.4453       301.6677             -3.7589         1.5421    299339.0622      -105.7139      -105.9524

TIMING: 55000  CPU: 432.92, 0.00752416/step  Wall: 510.499, 0.00902713/step, 19.1423 ns/days, 1.11585 hours remaining, 0.000000 MB of memory in use.
PERFORMANCE: 55000  averaging 18.7697 ns/day, 0.00920635 sec/step with standard deviation 0.000271507
ENERGY:   55000       408.0289      1114.9454      1144.2782        84.1503        -113608.4703      9459.7709         0.0000         0.0000     18602.5584         -82794.7380       302.4191   -101397.2965    -82829.3030       301.7304            -92.4925       -95.7937    300769.5042      -104.6121      -105.1058

TIMING: 60000  CPU: 470.344, 0.00748479/step  Wall: 555.341, 0.00896852/step, 19.2674 ns/days, 1.09615 hours remaining, 0.000000 MB of memory in use.
PERFORMANCE: 60000  averaging 18.8102 ns/day, 0.00918653 sec/step with standard deviation 0.000267821
ENERGY:   60000       410.1091      1160.5913      1120.7968        79.4246        -114139.0986     10057.9579         0.0000         0.0000     18378.0408         -82932.1781       298.7692   -101310.2189    -82837.2165       301.5026            335.6190       339.0586    300251.2780       -70.7482       -70.9393

TIMING: 65000  CPU: 507.524, 0.00743596/step  Wall: 599.842, 0.00890005/step, 19.4156 ns/days, 1.07542 hours remaining, 0.000000 MB of memory in use.
PERFORMANCE: 65000  averaging 18.8554 ns/day, 0.00916449 sec/step with standard deviation 0.000268447
ENERGY:   65000       433.4081      1073.6114      1127.3796        90.8220        -114073.0519      9809.2897         0.0000         0.0000     18679.7756         -82858.7655       303.6744   -101538.5411    -82838.7557       301.6577            -86.5255       -86.0152    301848.7014       -71.8751       -72.0162

TIMING: 70000  CPU: 544.459, 0.00738702/step  Wall: 643.796, 0.00879084/step, 19.6568 ns/days, 1.05002 hours remaining, 0.000000 MB of memory in use.
PERFORMANCE: 70000  averaging 18.9105 ns/day, 0.0091378 sec/step with standard deviation 0.000276574
ENERGY:   70000       412.5363      1137.2580      1123.6243        70.4151        -114079.7965      9869.4364         0.0000         0.0000     18457.6870         -83008.8392       300.0640   -101466.5263    -82850.0946       301.5515            122.5755       118.0129    301588.3781       -58.9117       -59.3476

TIMING: 75000  CPU: 581.608, 0.00742994/step  Wall: 687.995, 0.00883985/step, 19.5478 ns/days, 1.04359 hours remaining, 0.000000 MB of memory in use.
PERFORMANCE: 75000  averaging 18.9517 ns/day, 0.00911794 sec/step with standard deviation 0.000277394
ENERGY:   75000       392.2497      1127.8908      1119.2479        83.3026        -113789.5604      9632.9124         0.0000         0.0000     18530.8335         -82903.1235       301.2531   -101433.9570    -82853.4089       301.5328           -162.2845      -156.2427    301267.3927       -65.3725       -65.4035

TIMING: 80000  CPU: 618.627, 0.00740377/step  Wall: 732.24, 0.00884905/step, 19.5275 ns/days, 1.03239 hours remaining, 0.000000 MB of memory in use.
PERFORMANCE: 80000  averaging 18.9866 ns/day, 0.00910113 sec/step with standard deviation 0.000276291
ENERGY:   80000       411.8894      1154.0067      1132.2066        74.0535        -113932.1853      9551.8039         0.0000         0.0000     18751.6122         -82856.6130       304.8423   -101608.2251    -82853.5974       301.7275           -238.2077      -237.6607    301297.4114       -75.5393       -75.5363

TIMING: 85000  CPU: 657.139, 0.00770225/step  Wall: 778.128, 0.00917756/step, 18.8285 ns/days, 1.05797 hours remaining, 0.000000 MB of memory in use.
PERFORMANCE: 85000  averaging 18.9773 ns/day, 0.00910563 sec/step with standard deviation 0.000268159
ENERGY:   85000       425.5796      1098.6253      1121.3380        70.3177        -114040.5843      9955.6153         0.0000         0.0000     18569.7727         -82799.3356       301.8861   -101369.1083    -82850.5828       301.7363            197.5366       199.9279    300362.1457       -60.3684       -60.2327

TIMING: 90000  CPU: 696.333, 0.00783884/step  Wall: 824.979, 0.0093702/step, 18.4414 ns/days, 1.06716 hours remaining, 0.000000 MB of memory in use.
PERFORMANCE: 90000  averaging 18.9467 ns/day, 0.00912033 sec/step with standard deviation 0.000267522
ENERGY:   90000       418.4119      1130.7452      1137.7055        69.3949        -113921.4474      9823.5709         0.0000         0.0000     18710.2376         -82631.3814       304.1697   -101341.6191    -82839.0459       301.8644            204.4607       201.4295    301574.6448       -46.4300       -46.4610

TIMING: 95000  CPU: 735.115, 0.00775639/step  Wall: 871.327, 0.00926947/step, 18.6418 ns/days, 1.04282 hours remaining, 0.000000 MB of memory in use.
PERFORMANCE: 95000  averaging 18.9304 ns/day, 0.00912818 sec/step with standard deviation 0.000262227
ENERGY:   95000       453.2841      1112.9731      1104.8648        63.7684        -114015.1629      9726.3427         0.0000         0.0000     18511.8439         -83042.0860       300.9444   -101553.9299    -82849.1979       301.8184            -45.5690       -49.1450    300406.1257       -46.3870       -46.5952

TIMING: 100000  CPU: 774.005, 0.00777805/step  Wall: 917.741, 0.00928281/step, 18.615 ns/days, 1.03142 hours remaining, 0.000000 MB of memory in use.
PERFORMANCE: 100000  averaging 18.9144 ns/day, 0.00913591 sec/step with standard deviation 0.000257564
ETITLE:      TS           BOND          ANGLE          DIHED          IMPRP               ELECT            VDW       BOUNDARY           MISC        KINETIC               TOTAL           TEMP      POTENTIAL       TOTALAVG        TEMPAVG            PRESSURE      GPRESSURE         VOLUME       PRESSAVG      GPRESSAVG

ENERGY:  100000       402.0005      1165.1006      1108.0565        74.2311        -113728.1437      9530.3828         0.0000         0.0000     18612.7708         -82835.6015       302.5852   -101448.3723    -82923.3973       302.0416           -130.7300      -129.3792    299450.9812        19.7942        19.5884

TIMING: 105000  CPU: 813.076, 0.00781414/step  Wall: 964.361, 0.00932399/step, 18.5328 ns/days, 1.02305 hours remaining, 0.000000 MB of memory in use.
PERFORMANCE: 105000  averaging 18.8958 ns/day, 0.00914487 sec/step with standard deviation 0.000254375
ENERGY:  105000       419.6512      1101.4741      1131.5420        72.5976        -113968.9884      9668.0804         0.0000         0.0000     18706.7947         -82868.8484       304.1137   -101575.6430    -82916.8303       302.1648           -133.4940      -135.0770    301412.2868        21.8523        21.7966

TIMING: 110000  CPU: 851.453, 0.0076755/step  Wall: 1010.25, 0.00917829/step, 18.827 ns/days, 0.994315 hours remaining, 0.000000 MB of memory in use.
PERFORMANCE: 110000  averaging 18.8927 ns/day, 0.00914638 sec/step with standard deviation 0.000248347
ENERGY:  110000       428.6663      1117.6864      1104.4428        77.9358        -114036.0807      9655.2943         0.0000         0.0000     18511.8914         -83140.1637       300.9452   -101652.0551    -82928.7146       302.0752           -142.7286      -144.0008    299240.1993         0.5212         0.2063

TIMING: 115000  CPU: 889.932, 0.00769569/step  Wall: 1056.17, 0.00918391/step, 18.8155 ns/days, 0.982168 hours remaining, 0.000000 MB of memory in use.
PERFORMANCE: 115000  averaging 18.8893 ns/day, 0.00914802 sec/step with standard deviation 0.000242764
ENERGY:  115000       450.4245      1181.1031      1119.2351        72.6542        -113841.6559      9563.0984         0.0000         0.0000     18519.8760         -82935.2646       301.0750   -101455.1406    -82924.9965       302.0117           -247.3795      -246.5213    300576.2420        -3.1702        -3.3467

TIMING: 120000  CPU: 927.47, 0.00750778/step  Wall: 1100.85, 0.00893582/step, 19.3379 ns/days, 0.943225 hours remaining, 0.000000 MB of memory in use.
PERFORMANCE: 120000  averaging 18.9076 ns/day, 0.00913917 sec/step with standard deviation 0.000241346
ENERGY:  120000       432.0364      1160.5650      1111.3793        78.8658        -114325.0688      9956.2691         0.0000         0.0000     18648.3759         -82937.5772       303.1640   -101585.9531    -82931.9370       302.0503            255.3949       259.0390    299428.0725        -0.6605        -0.6444

TIMING: 125000  CPU: 966.786, 0.00786306/step  Wall: 1147.75, 0.00937987/step, 18.4224 ns/days, 0.977069 hours remaining, 0.000000 MB of memory in use.
PERFORMANCE: 125000  averaging 18.8877 ns/day, 0.0091488 sec/step with standard deviation 0.000241119
ENERGY:  125000       432.0042      1106.2921      1113.6238        73.5320        -114020.2772      9724.0346         0.0000         0.0000     18727.3045         -82843.4860       304.4471   -101570.7905    -82908.0417       302.1832           -147.2115      -144.6915    302118.6945        -2.7408        -2.4905

TIMING: 130000  CPU: 1005.97, 0.00783677/step  Wall: 1194.43, 0.00933513/step, 18.5107 ns/days, 0.959444 hours remaining, 0.000000 MB of memory in use.
PERFORMANCE: 130000  averaging 18.8729 ns/day, 0.00915597 sec/step with standard deviation 0.000239057
ENERGY:  130000       426.2727      1105.4694      1078.7374        63.5087        -114014.0692      9849.8092         0.0000         0.0000     18636.9837         -82853.2880       302.9788   -101490.2716    -82918.2360       302.1672             13.2140        12.0426    300384.5387        -2.1326        -1.8073

TIMING: 135000  CPU: 1043.9, 0.00758643/step  Wall: 1239.78, 0.00907167/step, 19.0483 ns/days, 0.919766 hours remaining, 0.000000 MB of memory in use.
PERFORMANCE: 135000  averaging 18.8794 ns/day, 0.00915285 sec/step with standard deviation 0.000234975
ENERGY:  135000       417.1807      1152.9532      1093.6946        67.3113        -114232.3835      9880.4480         0.0000         0.0000     18555.2262         -83065.5695       301.6497   -101620.7956    -82924.8193       302.1722            116.8921       116.8540    300019.3114        -8.1240        -7.7319

TIMING: 140000  CPU: 1083.12, 0.00784431/step  Wall: 1286.45, 0.00933395/step, 18.5131 ns/days, 0.933395 hours remaining, 0.000000 MB of memory in use.
PERFORMANCE: 140000  averaging 18.866 ns/day, 0.00915931 sec/step with standard deviation 0.000233109
ENERGY:  140000       405.6246      1125.2172      1109.3060        66.2771        -113854.8109      9581.6533         0.0000         0.0000     18618.8585         -82947.8742       302.6841   -101566.7327    -82916.4032       302.2594            -32.5616       -31.4434    300330.1118        -4.7573        -4.5413

TIMING: 145000  CPU: 1121.99, 0.00777244/step  Wall: 1332.58, 0.00922482/step, 18.7321 ns/days, 0.90967 hours remaining, 0.000000 MB of memory in use.
PERFORMANCE: 145000  averaging 18.8614 ns/day, 0.00916157 sec/step with standard deviation 0.000229231
ENERGY:  145000       413.0949      1178.0516      1118.7438        73.9514        -113978.1528      9766.4028         0.0000         0.0000     18601.4464         -82826.4619       302.4011   -101427.9083    -82910.1736       302.2803             -5.2960        -5.3384    300705.3940       -11.1273       -10.6701

TIMING: 150000  CPU: 1160.43, 0.00768887/step  Wall: 1378.53, 0.00918964/step, 18.8038 ns/days, 0.893438 hours remaining, 0.000000 MB of memory in use.
PERFORMANCE: 150000  averaging 18.8595 ns/day, 0.00916251 sec/step with standard deviation 0.000225303
ETITLE:      TS           BOND          ANGLE          DIHED          IMPRP               ELECT            VDW       BOUNDARY           MISC        KINETIC               TOTAL           TEMP      POTENTIAL       TOTALAVG        TEMPAVG            PRESSURE      GPRESSURE         VOLUME       PRESSAVG      GPRESSAVG

ENERGY:  150000       433.5232      1169.7804      1130.3824        80.0094        -113831.7415      9720.2604         0.0000         0.0000     18549.3207         -82748.4650       301.5537   -101297.7858    -82891.4830       302.2810             38.0328        37.5378    301133.9864        -9.0377        -8.8703

TIMING: 155000  CPU: 1198.96, 0.00770536/step  Wall: 1424.54, 0.00920335/step, 18.7758 ns/days, 0.881988 hours remaining, 0.000000 MB of memory in use.
PERFORMANCE: 155000  averaging 18.8568 ns/day, 0.00916383 sec/step with standard deviation 0.000221637
ENERGY:  155000       426.1865      1111.5606      1119.7800        80.6832        -113734.5854      9420.8890         0.0000         0.0000     18801.7354         -82773.7506       305.6571   -101575.4860    -82890.4336       302.4429            -50.4981       -51.3604    299804.4434        -6.9380        -6.6487

TIMING: 160000  CPU: 1237.06, 0.00761989/step  Wall: 1470.13, 0.00911723/step, 18.9531 ns/days, 0.861072 hours remaining, 0.000000 MB of memory in use.
PERFORMANCE: 160000  averaging 18.8597 ns/day, 0.00916237 sec/step with standard deviation 0.000218189
ENERGY:  160000       441.9285      1126.3000      1136.3396        69.4552        -113769.9442      9674.8411         0.0000         0.0000     18479.4445         -82841.6352       300.4177   -101321.0797    -82885.9065       302.5253            113.7118       110.4671    300786.8096       -18.0334       -18.0782

TIMING: 165000  CPU: 1275.71, 0.00773114/step  Wall: 1516.26, 0.00922615/step, 18.7294 ns/days, 0.858545 hours remaining, 0.000000 MB of memory in use.
PERFORMANCE: 165000  averaging 18.8558 ns/day, 0.0091643 sec/step with standard deviation 0.000215039
ENERGY:  165000       442.4451      1172.3492      1115.3712        68.1684        -113816.4296      9678.3059         0.0000         0.0000     18660.5884         -82679.2014       303.3625   -101339.7898    -82876.9283       302.5097             79.2275        77.5556    300492.0478        -9.7457        -9.8997

TIMING: 170000  CPU: 1314.39, 0.00773465/step  Wall: 1562.29, 0.00920513/step, 18.7721 ns/days, 0.843804 hours remaining, 0.000000 MB of memory in use.
PERFORMANCE: 170000  averaging 18.8533 ns/day, 0.0091655 sec/step with standard deviation 0.000211872
ENERGY:  170000       430.0414      1144.0680      1091.3372        72.0342        -114610.6963     10111.2200         0.0000         0.0000     18684.5912         -83077.4044       303.7527   -101761.9956    -82880.3566       302.6942            291.9552       288.4497    300909.7910        -1.2767        -1.3779

TIMING: 175000  CPU: 1352.51, 0.00762454/step  Wall: 1607.93, 0.0091295/step, 18.9276 ns/days, 0.824191 hours remaining, 0.000000 MB of memory in use.
PERFORMANCE: 175000  averaging 18.8554 ns/day, 0.00916448 sec/step with standard deviation 0.000208821
ENERGY:  175000       423.7048      1137.5699      1115.0114        74.2723        -114284.5950      9875.5370         0.0000         0.0000     18616.1555         -83042.3441       302.6402   -101658.4996    -82887.3176       302.7635            153.6346       147.1978    299707.0005        14.5192        13.7942

TIMING: 180000  CPU: 1390.01, 0.00750048/step  Wall: 1652.69, 0.00895076/step, 19.3056 ns/days, 0.795623 hours remaining, 0.000000 MB of memory in use.
PERFORMANCE: 180000  averaging 18.8676 ns/day, 0.00915854 sec/step with standard deviation 0.000208876
ENERGY:  180000       402.5132      1120.9213      1131.4858        75.8745        -113835.4096      9750.2544         0.0000         0.0000     18628.3596         -82726.0009       302.8386   -101354.3605    -82880.7870       302.6633             35.1013        32.3296    301282.2284        28.1847        27.2937

TIMING: 185000  CPU: 1425.59, 0.00711531/step  Wall: 1695.18, 0.00849965/step, 20.3303 ns/days, 0.743719 hours remaining, 0.000000 MB of memory in use.
PERFORMANCE: 185000  averaging 18.9044 ns/day, 0.00914073 sec/step with standard deviation 0.000232703
ENERGY:  185000       426.7096      1089.0799      1115.6825        74.6096        -114329.7702     10024.3814         0.0000         0.0000     18465.5057         -83133.8015       300.1911   -101599.3072    -82897.5103       302.5786            249.3933       246.0668    300264.5414        30.7775        29.6006

TIMING: 190000  CPU: 1463.41, 0.00756438/step  Wall: 1740.44, 0.00905142/step, 19.0909 ns/days, 0.779428 hours remaining, 0.000000 MB of memory in use.
PERFORMANCE: 190000  averaging 18.9093 ns/day, 0.00913838 sec/step with standard deviation 0.000229994
ENERGY:  190000       436.1947      1158.0922      1114.9717        88.4343        -113814.2579      9554.2854         0.0000         0.0000     18650.3742         -82811.9055       303.1965   -101462.2797    -82906.5365       302.5299           -293.0341      -295.3555    302553.3505         5.9028         4.7614

TIMING: 195000  CPU: 1501.38, 0.00759503/step  Wall: 1785.9, 0.00909175/step, 19.0062 ns/days, 0.770273 hours remaining, 0.000000 MB of memory in use.
PERFORMANCE: 195000  averaging 18.9117 ns/day, 0.00913718 sec/step with standard deviation 0.00022707
ENERGY:  195000       420.4331      1129.4828      1118.1237        66.6809        -113742.1500      9611.4210         0.0000         0.0000     18641.7342         -82754.2743       303.0560   -101396.0085    -82892.1459       302.6355           -253.2874      -258.2297    302169.9256        -4.4832        -5.6929

TIMING: 200000  CPU: 1538.98, 0.00751964/step  Wall: 1830.96, 0.00901222/step, 19.174 ns/days, 0.751019 hours remaining, 0.000000 MB of memory in use.
PERFORMANCE: 200000  averaging 18.9182 ns/day, 0.00913406 sec/step with standard deviation 0.000225009
ETITLE:      TS           BOND          ANGLE          DIHED          IMPRP               ELECT            VDW       BOUNDARY           MISC        KINETIC               TOTAL           TEMP      POTENTIAL       TOTALAVG        TEMPAVG            PRESSURE      GPRESSURE         VOLUME       PRESSAVG      GPRESSAVG

ENERGY:  200000       431.5273      1149.6526      1110.7478        71.5546        -114052.1147      9706.1413         0.0000         0.0000     18457.4558         -83125.0353       300.0602   -101582.4911    -82906.6176       302.5092             10.8496        16.8281    300045.8739         2.5958         1.6175

TIMING: 205000  CPU: 1575.78, 0.00735972/step  Wall: 1874.87, 0.00878173/step, 19.6772 ns/days, 0.719614 hours remaining, 0.000000 MB of memory in use.
PERFORMANCE: 205000  averaging 18.936 ns/day, 0.00912547 sec/step with standard deviation 0.000228891
ENERGY:  205000       414.4370      1126.2720      1110.1228        62.8109        -114413.1047      9715.2017         0.0000         0.0000     18675.3258         -83308.9344       303.6021   -101984.2602    -82928.6219       302.4837           -102.3382      -100.8867    299919.7111         4.1536         3.3270

TIMING: 210000  CPU: 1614.76, 0.00779586/step  Wall: 1921.46, 0.00931694/step, 18.5469 ns/days, 0.750532 hours remaining, 0.000000 MB of memory in use.
PERFORMANCE: 210000  averaging 18.9266 ns/day, 0.00913003 sec/step with standard deviation 0.000228005
ENERGY:  210000       414.3601      1081.7683      1117.6732        78.0811        -113949.1451      9848.9681         0.0000         0.0000     18532.5520         -82875.7422       301.2811   -101408.2942    -82915.4008       302.5005            222.4549       225.3371    300226.1929        22.4128        21.7939

TIMING: 215000  CPU: 1653.53, 0.00775453/step  Wall: 1967.73, 0.00925524/step, 18.6705 ns/days, 0.732707 hours remaining, 0.000000 MB of memory in use.
PERFORMANCE: 215000  averaging 18.9205 ns/day, 0.00913294 sec/step with standard deviation 0.000226082
ENERGY:  215000       432.3658      1148.5749      1128.6997        74.3562        -114431.7252      9824.0961         0.0000         0.0000     18543.1928         -83280.4396       301.4540   -101823.6324    -82932.6596       302.5194           -200.8424      -205.4902    300511.6843        24.7396        23.8455

TIMING: 220000  CPU: 1693.12, 0.0079168/step  Wall: 2014.95, 0.00944427/step, 18.2968 ns/days, 0.734555 hours remaining, 0.000000 MB of memory in use.
PERFORMANCE: 220000  averaging 18.9059 ns/day, 0.00914001 sec/step with standard deviation 0.000228314
ENERGY:  220000       434.3877      1127.1161      1141.0440        70.4837        -114040.6350      9770.9624         0.0000         0.0000     18650.8309         -82845.8103       303.2039   -101496.6412    -82928.0712       302.5214             83.0434        83.6193    302273.3068        16.1221        15.0745

TIMING: 225000  CPU: 1733.38, 0.00805336/step  Wall: 2063.22, 0.00965266/step, 17.9018 ns/days, 0.737356 hours remaining, 0.000000 MB of memory in use.
PERFORMANCE: 225000  averaging 18.8823 ns/day, 0.00915141 sec/step with standard deviation 0.000238291
ENERGY:  225000       411.8010      1145.3132      1123.9024        63.4341        -114405.9994     10006.2909         0.0000         0.0000     18778.5418         -82876.7161       305.2801   -101655.2579    -82929.7327       302.5631            165.2946       164.5790    300571.6222        31.7474        30.5380

TIMING: 230000  CPU: 1772.17, 0.00775744/step  Wall: 2109.65, 0.00928732/step, 18.606 ns/days, 0.696549 hours remaining, 0.000000 MB of memory in use.
PERFORMANCE: 230000  averaging 18.8762 ns/day, 0.00915436 sec/step with standard deviation 0.000236479
ENERGY:  230000       429.6767      1116.0314      1105.9731        71.3214        -113715.7723      9663.8698         0.0000         0.0000     18688.5708         -82640.3291       303.8174   -101328.9000    -82919.0848       302.6050            -33.3102       -32.2995    302621.3746        29.4212        28.3209

TIMING: 235000  CPU: 1809.94, 0.00755444/step  Wall: 2154.9, 0.00904882/step, 19.0964 ns/days, 0.666093 hours remaining, 0.000000 MB of memory in use.
PERFORMANCE: 235000  averaging 18.8809 ns/day, 0.00915212 sec/step with standard deviation 0.000234401
ENERGY:  235000       437.4220      1145.5013      1124.4736        72.6948        -114025.1755      9646.8758         0.0000         0.0000     18515.1481         -83083.0599       300.9981   -101598.2080    -82919.9593       302.5724           -155.4665      -154.4693    300352.8806        15.8032        14.7547

TIMING: 240000  CPU: 1850.22, 0.00805503/step  Wall: 2202.96, 0.00961252/step, 17.9766 ns/days, 0.694238 hours remaining, 0.000000 MB of memory in use.
PERFORMANCE: 240000  averaging 18.8611 ns/day, 0.00916171 sec/step with standard deviation 0.000241228
ENERGY:  240000       424.0461      1177.8185      1118.7011        82.7270        -114368.8456      9778.5304         0.0000         0.0000     18783.6585         -83003.3640       305.3633   -101787.0225    -82922.7338       302.7064             28.3940        27.6706    299009.5492        18.8510        17.7104

TIMING: 245000  CPU: 1888.37, 0.00763066/step  Wall: 2248.83, 0.00917362/step, 18.8366 ns/days, 0.649798 hours remaining, 0.000000 MB of memory in use.
PERFORMANCE: 245000  averaging 18.8606 ns/day, 0.00916195 sec/step with standard deviation 0.000238708
ENERGY:  245000       421.3705      1135.6450      1110.6755        65.3968        -114130.3676      9917.4418         0.0000         0.0000     18644.5804         -82835.2575       303.1023   -101479.8380    -82923.1736       302.7414            232.5423       229.9055    299880.4786        30.7429        29.4726

TIMING: 250000  CPU: 1927.32, 0.00779003/step  Wall: 2295.54, 0.00934328/step, 18.4946 ns/days, 0.648839 hours remaining, 0.000000 MB of memory in use.
PERFORMANCE: 250000  averaging 18.8532 ns/day, 0.00916558 sec/step with standard deviation 0.000237647
ETITLE:      TS           BOND          ANGLE          DIHED          IMPRP               ELECT            VDW       BOUNDARY           MISC        KINETIC               TOTAL           TEMP      POTENTIAL       TOTALAVG        TEMPAVG            PRESSURE      GPRESSURE         VOLUME       PRESSAVG      GPRESSAVG

ENERGY:  250000       433.4481      1143.4521      1123.7481        76.3972        -114001.6652      9789.3790         0.0000         0.0000     18524.1019         -82911.1386       301.1437   -101435.2405    -82931.3072       302.7209            121.2979       125.6057    300093.7083        34.9062        33.8760

TIMING: 255000  CPU: 1964.31, 0.00739871/step  Wall: 2339.73, 0.00883627/step, 19.5558 ns/days, 0.601358 hours remaining, 0.000000 MB of memory in use.
PERFORMANCE: 255000  averaging 18.8664 ns/day, 0.00915912 sec/step with standard deviation 0.000239735
ENERGY:  255000       454.8610      1119.1664      1123.8938        75.6413        -114368.9225      9967.3514         0.0000         0.0000     18668.6283         -82959.3803       303.4932   -101628.0086    -82940.5887       302.6127            139.0113       139.8863    299276.4753        44.3816        43.4384

TIMING: 260000  CPU: 2002.96, 0.00772991/step  Wall: 2385.65, 0.00918527/step, 18.8127 ns/days, 0.612351 hours remaining, 0.000000 MB of memory in use.
PERFORMANCE: 260000  averaging 18.8654 ns/day, 0.00915962 sec/step with standard deviation 0.000237401
ENERGY:  260000       416.7592      1126.2932      1138.6405        69.4676        -113952.0537      9778.4015         0.0000         0.0000     18744.2574         -82678.2342       304.7227   -101422.4916    -82932.4187       302.8280            -14.3420       -16.7079    301422.1773        37.9790        37.0796

TIMING: 265000  CPU: 2039.08, 0.0072239/step  Wall: 2428.81, 0.00863215/step, 20.0182 ns/days, 0.563488 hours remaining, 0.000000 MB of memory in use.
PERFORMANCE: 265000  averaging 18.8859 ns/day, 0.00914967 sec/step with standard deviation 0.000246018
ENERGY:  265000       405.8611      1063.9009      1152.3629        64.5253        -114037.9984      9727.5286         0.0000         0.0000     18590.6686         -83033.1512       302.2258   -101623.8198    -82950.1162       302.7712           -116.4856      -116.9392    302062.7568        28.1933        27.3549

TIMING: 270000  CPU: 2077.83, 0.00774928/step  Wall: 2475.48, 0.00933447/step, 18.512 ns/days, 0.596369 hours remaining, 0.000000 MB of memory in use.
PERFORMANCE: 270000  averaging 18.8789 ns/day, 0.00915309 sec/step with standard deviation 0.00024498
ENERGY:  270000       445.6602      1133.2457      1111.4222        66.2470        -114258.0836      9838.9810         0.0000         0.0000     18671.4167         -82991.1107       303.5386   -101662.5274    -82945.8015       302.7604            -15.3997       -11.2811    300329.2790        12.8256        12.3683

TIMING: 275000  CPU: 2116.96, 0.00782635/step  Wall: 2522.32, 0.00936724/step, 18.4473 ns/days, 0.585452 hours remaining, 0.000000 MB of memory in use.
PERFORMANCE: 275000  averaging 18.8708 ns/day, 0.00915699 sec/step with standard deviation 0.000244413
ENERGY:  275000       432.4318      1147.9068      1108.8212        75.0762        -113952.8347      9663.4285         0.0000         0.0000     18503.3237         -83021.8464       300.8059   -101525.1702    -82944.7766       302.6687              4.5149         6.2124    300210.1187         5.3696         5.3191

TIMING: 280000  CPU: 2156.15, 0.00783694/step  Wall: 2568.98, 0.00933225/step, 18.5164 ns/days, 0.570304 hours remaining, 0.000000 MB of memory in use.
PERFORMANCE: 280000  averaging 18.8644 ns/day, 0.00916012 sec/step with standard deviation 0.000243311
ENERGY:  280000       449.0500      1150.7136      1113.9210        62.2319        -113843.7350      9812.7391         0.0000         0.0000     18667.4691         -82587.6103       303.4744   -101255.0794    -82937.8571       302.7005            114.0815       110.0039    300697.3258         9.3186         9.2028

TIMING: 285000  CPU: 2193.87, 0.00754448/step  Wall: 2614.02, 0.00900693/step, 19.1852 ns/days, 0.537914 hours remaining, 0.000000 MB of memory in use.
PERFORMANCE: 285000  averaging 18.8699 ns/day, 0.00915743 sec/step with standard deviation 0.000241981
ENERGY:  285000       425.6456      1166.8384      1114.6972        62.1984        -114194.1714      9807.9336         0.0000         0.0000     18806.7070         -82810.1513       305.7380   -101616.8583    -82921.6746       302.9779            117.5453       118.3787    299919.9345         2.7262         2.8184

TIMING: 290000  CPU: 2232.03, 0.00763282/step  Wall: 2659.64, 0.00912453/step, 18.938 ns/days, 0.532264 hours remaining, 0.000000 MB of memory in use.
PERFORMANCE: 290000  averaging 18.8711 ns/day, 0.00915686 sec/step with standard deviation 0.000239887
ENERGY:  290000       430.6599      1149.9942      1107.0345        70.9886        -114084.6399      9678.9749         0.0000         0.0000     18599.2212         -83047.7667       302.3649   -101646.9878    -82933.4676       302.9363           -183.7275      -181.8375    300314.1290         8.1915         8.4943

TIMING: 295000  CPU: 2270.51, 0.00769597/step  Wall: 2705.48, 0.00916831/step, 18.8475 ns/days, 0.522084 hours remaining, 0.000000 MB of memory in use.
PERFORMANCE: 295000  averaging 18.8707 ns/day, 0.00915706 sec/step with standard deviation 0.000237815
ENERGY:  295000       419.0294      1153.9864      1115.7571        72.8555        -113647.9570      9483.8985         0.0000         0.0000     18645.9500         -82756.4801       303.1245   -101402.4301    -82933.5779       302.9397           -318.1008      -322.8842    301266.6999         4.9508         5.2616

TIMING: 300000  CPU: 2308.83, 0.00766429/step  Wall: 2751.37, 0.00917851/step, 18.8266 ns/days, 0.509917 hours remaining, 0.000000 MB of memory in use.
PERFORMANCE: 300000  averaging 18.87 ns/day, 0.00915741 sec/step with standard deviation 0.000235807
ETITLE:      TS           BOND          ANGLE          DIHED          IMPRP               ELECT            VDW       BOUNDARY           MISC        KINETIC               TOTAL           TEMP      POTENTIAL       TOTALAVG        TEMPAVG            PRESSURE      GPRESSURE         VOLUME       PRESSAVG      GPRESSAVG

ENERGY:  300000       423.1437      1118.7249      1134.6724        85.2620        -114288.3504      9803.1255         0.0000         0.0000     18552.8505         -83170.5715       301.6110   -101723.4220    -82935.8547       303.0173           -156.7615      -157.0583    300500.6252        -3.4297        -3.4328

TIMING: 305000  CPU: 2346.57, 0.00754642/step  Wall: 2796.51, 0.00902827/step, 19.1399 ns/days, 0.489031 hours remaining, 0.000000 MB of memory in use.
PERFORMANCE: 305000  averaging 18.8743 ns/day, 0.0091553 sec/step with standard deviation 0.000234418
ENERGY:  305000       448.7540      1110.9417      1107.9007        66.9864        -113492.5407      9348.4654         0.0000         0.0000     18614.1137         -82795.3788       302.6070   -101409.4925    -82910.1769       302.9675           -394.0014      -397.1620    302314.0565       -18.0129       -18.2465

TIMING: 310000  CPU: 2384.95, 0.00767636/step  Wall: 2842.35, 0.00916734/step, 18.8495 ns/days, 0.483832 hours remaining, 0.000000 MB of memory in use.
PERFORMANCE: 310000  averaging 18.8739 ns/day, 0.00915549 sec/step with standard deviation 0.000232494
ENERGY:  310000       429.1911      1159.4160      1119.5505        80.2460        -114000.3876      9800.0712         0.0000         0.0000     18578.4277         -82833.4850       302.0268   -101411.9127    -82908.0641       303.0048            168.4367       168.5298    299796.3603       -20.7138       -21.0869

TIMING: 315000  CPU: 2423.19, 0.00764766/step  Wall: 2888.02, 0.00913382/step, 18.9187 ns/days, 0.469377 hours remaining, 0.000000 MB of memory in use.
PERFORMANCE: 315000  averaging 18.8746 ns/day, 0.00915515 sec/step with standard deviation 0.000230627
ENERGY:  315000       408.4602      1132.7771      1111.6210        77.8243        -114123.4474      9743.9420         0.0000         0.0000     18433.9559         -83214.8669       299.6782   -101648.8228    -82904.7854       302.9160              6.6460         6.3694    300411.6087       -10.3394       -10.4939

TIMING: 320000  CPU: 2461.76, 0.00771458/step  Wall: 2934.07, 0.00921044/step, 18.7613 ns/days, 0.460522 hours remaining, 0.000000 MB of memory in use.
PERFORMANCE: 320000  averaging 18.8728 ns/day, 0.00915601 sec/step with standard deviation 0.000228894
ENERGY:  320000       408.5549      1146.2280      1119.7030        76.8979        -114293.1541      9955.0257         0.0000         0.0000     18475.3877         -83111.3569       300.3517   -101586.7446    -82918.0628       302.7734            249.2758       249.6431    299963.7809        -2.0278        -2.1927

TIMING: 325000  CPU: 2500.77, 0.00780182/step  Wall: 2980.59, 0.0093043/step, 18.5721 ns/days, 0.452292 hours remaining, 0.000000 MB of memory in use.
PERFORMANCE: 325000  averaging 18.8681 ns/day, 0.00915829 sec/step with standard deviation 0.000227842
ENERGY:  325000       395.1312      1139.4622      1132.6697        61.0337        -114669.7985     10081.9948         0.0000         0.0000     18656.1400         -83203.3670       303.2902   -101859.5070    -82934.3953       302.6739            402.6263       402.3792    299878.6738         9.8388         9.6973

TIMING: 330000  CPU: 2539.19, 0.00768468/step  Wall: 3026.59, 0.00920003/step, 18.7825 ns/days, 0.434446 hours remaining, 0.000000 MB of memory in use.
PERFORMANCE: 330000  averaging 18.8668 ns/day, 0.00915892 sec/step with standard deviation 0.000226141
ENERGY:  330000       419.3850      1113.4257      1111.6835        80.2300        -114134.4690      9738.7967         0.0000         0.0000     18665.8723         -83005.0759       303.4484   -101670.9481    -82952.6326       302.6554           -237.5633      -235.8966    300397.7890        -0.3738        -0.4826

TIMING: 335000  CPU: 2574.85, 0.00713095/step  Wall: 3069.1, 0.00850096/step, 20.3271 ns/days, 0.389628 hours remaining, 0.000000 MB of memory in use.
PERFORMANCE: 335000  averaging 18.8871 ns/day, 0.0091491 sec/step with standard deviation 0.000238383
ENERGY:  335000       398.7338      1103.6961      1119.1795        72.7223        -113777.5336      9670.2736         0.0000         0.0000     18552.3074         -82860.6209       301.6022   -101412.9283    -82941.5107       302.6856            -73.2253       -68.4569    301794.8089         3.7382         3.8181

TIMING: 340000  CPU: 2612.87, 0.00760469/step  Wall: 3114.37, 0.00905402/step, 19.0854 ns/days, 0.402401 hours remaining, 0.000000 MB of memory in use.
PERFORMANCE: 340000  averaging 18.89 ns/day, 0.00914771 sec/step with standard deviation 0.000236878
ENERGY:  340000       419.9042      1100.8418      1097.9330        66.4003        -113894.6137      9628.5036         0.0000         0.0000     18671.2947         -82909.7361       303.5366   -101581.0308    -82936.8293       302.5943           -153.2368      -159.5128    301234.8094        -5.3433        -5.5411

TIMING: 345000  CPU: 2649.85, 0.00739654/step  Wall: 3158.58, 0.00884191/step, 19.5433 ns/days, 0.380693 hours remaining, 0.000000 MB of memory in use.
PERFORMANCE: 345000  averaging 18.8991 ns/day, 0.00914327 sec/step with standard deviation 0.000237994
ENERGY:  345000       431.6683      1137.0303      1097.4450        72.4393        -114049.8255      9671.2136         0.0000         0.0000     18502.8487         -83137.1804       300.7982   -101640.0290    -82951.9254       302.4791           -265.1756      -266.2824    301975.0295       -30.2292       -30.3505

TIMING: 350000  CPU: 2687.65, 0.00755966/step  Wall: 3203.86, 0.00905663/step, 19.0799 ns/days, 0.37736 hours remaining, 0.000000 MB of memory in use.
PERFORMANCE: 350000  averaging 18.9017 ns/day, 0.00914204 sec/step with standard deviation 0.00023649
ETITLE:      TS           BOND          ANGLE          DIHED          IMPRP               ELECT            VDW       BOUNDARY           MISC        KINETIC               TOTAL           TEMP      POTENTIAL       TOTALAVG        TEMPAVG            PRESSURE      GPRESSURE         VOLUME       PRESSAVG      GPRESSAVG

ENERGY:  350000       443.6418      1126.4826      1094.5827        73.8147        -113690.4853      9386.2937         0.0000         0.0000     18622.6279         -82943.0420       302.7454   -101565.6699    -82953.5206       302.5592           -449.5222      -453.9155    301285.7342       -58.7702       -59.3266

TIMING: 355000  CPU: 2726.92, 0.00785373/step  Wall: 3250.49, 0.00932632/step, 18.5282 ns/days, 0.375643 hours remaining, 0.000000 MB of memory in use.
PERFORMANCE: 355000  averaging 18.8963 ns/day, 0.00914463 sec/step with standard deviation 0.000235811
ENERGY:  355000       410.1857      1122.7547      1110.0314        71.4050        -114306.9371      9903.4322         0.0000         0.0000     18703.7212         -82985.4069       304.0637   -101689.1281    -82954.8219       302.5877            279.8679       276.8255    300151.4313       -51.7274       -52.4796

TIMING: 360000  CPU: 2765.15, 0.00764669/step  Wall: 3296.09, 0.00911969/step, 18.948 ns/days, 0.354655 hours remaining, 0.000000 MB of memory in use.
PERFORMANCE: 360000  averaging 18.897 ns/day, 0.00914428 sec/step with standard deviation 0.000234163
ENERGY:  360000       404.2120      1113.0555      1107.6225        73.8716        -114146.8507      9789.0292         0.0000         0.0000     18455.5151         -83203.5449       300.0287   -101659.0600    -82981.0875       302.3530            216.7593       213.9828    299833.1923       -40.1723       -40.9451

TIMING: 365000  CPU: 2801.05, 0.00717885/step  Wall: 3338.93, 0.00856764/step, 20.1689 ns/days, 0.321286 hours remaining, 0.000000 MB of memory in use.
PERFORMANCE: 365000  averaging 18.9134 ns/day, 0.00913639 sec/step with standard deviation 0.000242128
ENERGY:  365000       430.4059      1152.4431      1118.2514        64.1851        -113881.5393      9737.0522         0.0000         0.0000     18585.5439         -82793.6577       302.1425   -101379.2016    -82969.1128       302.3488             96.0878        94.0254    300644.7974       -29.5436       -30.3968

TIMING: 370000  CPU: 2838.34, 0.00745841/step  Wall: 3383.54, 0.00892197/step, 19.3679 ns/days, 0.322182 hours remaining, 0.000000 MB of memory in use.
PERFORMANCE: 370000  averaging 18.9194 ns/day, 0.00913349 sec/step with standard deviation 0.000241752
ENERGY:  370000       440.1251      1159.9933      1111.7274        74.2041        -113971.1491      9614.5252         0.0000         0.0000     18770.7192         -82799.8547       305.1529   -101570.5740    -82959.5500       302.4296            -94.0926       -96.1177    300461.2240       -33.4783       -34.6387

TIMING: 375000  CPU: 2875.62, 0.00745656/step  Wall: 3428.12, 0.00891593/step, 19.381 ns/days, 0.309581 hours remaining, 0.000000 MB of memory in use.
PERFORMANCE: 375000  averaging 18.9254 ns/day, 0.00913059 sec/step with standard deviation 0.000241424
ENERGY:  375000       421.8701      1144.0788      1116.8867        69.8509        -114342.7824     10016.0817         0.0000         0.0000     18765.1019         -82808.9123       305.0616   -101574.0142    -82948.9033       302.6424            238.4804       235.5392    299643.0444       -21.7800       -23.1723

TIMING: 380000  CPU: 2914.05, 0.00768487/step  Wall: 3474.07, 0.00919071/step, 18.8016 ns/days, 0.306357 hours remaining, 0.000000 MB of memory in use.
PERFORMANCE: 380000  averaging 18.9238 ns/day, 0.00913138 sec/step with standard deviation 0.000239908
ENERGY:  380000       430.3196      1140.7372      1105.3736        71.9501        -114213.6332      9742.7714         0.0000         0.0000     18673.7380         -83048.7432       303.5763   -101722.4812    -82971.9600       302.6474            -59.8372       -59.3152    300231.9933       -30.4759       -31.6383

TIMING: 385000  CPU: 2952.71, 0.00773241/step  Wall: 3520.12, 0.00920998/step, 18.7622 ns/days, 0.294208 hours remaining, 0.000000 MB of memory in use.
PERFORMANCE: 385000  averaging 18.9216 ns/day, 0.0091324 sec/step with standard deviation 0.000238493
ENERGY:  385000       420.2215      1129.5343      1115.5075        68.7991        -113895.2059      9737.9309         0.0000         0.0000     18497.1006         -82926.1120       300.7047   -101423.2126    -82977.7580       302.3958            -32.1723       -31.0057    301933.4932       -37.9618       -39.1075

TIMING: 390000  CPU: 2992.29, 0.00791617/step  Wall: 3567.28, 0.00943124/step, 18.3221 ns/days, 0.288177 hours remaining, 0.000000 MB of memory in use.
PERFORMANCE: 390000  averaging 18.9137 ns/day, 0.00913623 sec/step with standard deviation 0.000239343
ENERGY:  390000       423.4382      1143.0508      1127.0773        79.5048        -114314.9641      9905.4082         0.0000         0.0000     18685.0777         -82951.4071       303.7606   -101636.4848    -82972.9400       302.4656            102.8986       105.9187    300877.7172       -23.6305       -24.7197

TIMING: 395000  CPU: 3031.68, 0.0078773/step  Wall: 3614.46, 0.0094351/step, 18.3146 ns/days, 0.27519 hours remaining, 0.000000 MB of memory in use.
PERFORMANCE: 395000  averaging 18.9059 ns/day, 0.00914001 sec/step with standard deviation 0.000240169
ENERGY:  395000       432.0688      1115.1880      1100.8655        61.2867        -113916.4623      9757.3757         0.0000         0.0000     18645.0512         -82804.6263       303.1099   -101449.6776    -82975.3473       302.4648            162.7431       162.7464    300710.1320         0.4117        -0.4382

TIMING: 400000  CPU: 3069.44, 0.00755371/step  Wall: 3659.49, 0.00900697/step, 19.1851 ns/days, 0.250194 hours remaining, 0.000000 MB of memory in use.
PERFORMANCE: 400000  averaging 18.9093 ns/day, 0.00913835 sec/step with standard deviation 0.000239107
ETITLE:      TS           BOND          ANGLE          DIHED          IMPRP               ELECT            VDW       BOUNDARY           MISC        KINETIC               TOTAL           TEMP      POTENTIAL       TOTALAVG        TEMPAVG            PRESSURE      GPRESSURE         VOLUME       PRESSAVG      GPRESSAVG

ENERGY:  400000       433.0969      1083.1481      1113.1316        76.2773        -114057.3362      9957.8482         0.0000         0.0000     18521.0685         -82872.7655       301.0944   -101393.8340    -82960.4570       302.4390            176.5856       173.9303    301811.8562        17.0790        16.1113

TIMING: 405000  CPU: 3107.61, 0.0076339/step  Wall: 3705.03, 0.00910747/step, 18.9734 ns/days, 0.240336 hours remaining, 0.000000 MB of memory in use.
PERFORMANCE: 405000  averaging 18.9101 ns/day, 0.00913797 sec/step with standard deviation 0.000237633
ENERGY:  405000       452.7359      1098.5024      1101.5297        79.2229        -114142.6578      9930.8830         0.0000         0.0000     18540.2680         -82939.5159       301.4065   -101479.7839    -82967.6639       302.3790            207.7240       210.0947    299949.9481        47.1653        46.4741

TIMING: 410000  CPU: 3145.53, 0.00758218/step  Wall: 3750.27, 0.0090484/step, 19.0973 ns/days, 0.22621 hours remaining, 0.000000 MB of memory in use.
PERFORMANCE: 410000  averaging 18.9124 ns/day, 0.00913688 sec/step with standard deviation 0.000236369
ENERGY:  410000       467.4124      1150.6299      1099.5780        65.6405        -114111.6161      9788.6391         0.0000         0.0000     18657.4726         -82882.2436       303.3119   -101539.7162    -82970.1018       302.4432             46.6208        49.7103    300401.3549        41.0745        40.5331

TIMING: 415000  CPU: 3183.1, 0.00751395/step  Wall: 3795.47, 0.00903953/step, 19.116 ns/days, 0.213433 hours remaining, 0.000000 MB of memory in use.
PERFORMANCE: 415000  averaging 18.9148 ns/day, 0.0091357 sec/step with standard deviation 0.000235166
ENERGY:  415000       428.2112      1170.1954      1089.3979        70.8368        -113754.5432      9698.9904         0.0000         0.0000     18546.5320         -82750.3796       301.5083   -101296.9116    -82946.8775       302.5347            -25.9257       -29.8368    301154.7176        39.4459        38.7228

TIMING: 420000  CPU: 3221.99, 0.0077797/step  Wall: 3841.82, 0.00926973/step, 18.6413 ns/days, 0.205994 hours remaining, 0.000000 MB of memory in use.
PERFORMANCE: 420000  averaging 18.9115 ns/day, 0.0091373 sec/step with standard deviation 0.000234202
ENERGY:  420000       414.4718      1131.9205      1115.3263        72.5373        -113530.4184      9458.5931         0.0000         0.0000     18571.6282         -82765.9410       301.9163   -101337.5692    -82929.6067       302.6130           -313.3526      -310.3144    301306.6423        11.3145        10.7249

TIMING: 425000  CPU: 3259.25, 0.00745202/step  Wall: 3886.37, 0.00891095/step, 19.3919 ns/days, 0.185645 hours remaining, 0.000000 MB of memory in use.
PERFORMANCE: 425000  averaging 18.917 ns/day, 0.00913464 sec/step with standard deviation 0.000234095
ENERGY:  425000       405.9581      1108.7701      1120.1785        68.2601        -113930.8294      9797.7308         0.0000         0.0000     18483.8054         -82946.1264       300.4886   -101429.9318    -82916.7446       302.4729            131.4780       135.7216    300334.2317        -2.2429        -2.6079

TIMING: 430000  CPU: 3298.47, 0.00784251/step  Wall: 3932.97, 0.00932074/step, 18.5393 ns/days, 0.181237 hours remaining, 0.000000 MB of memory in use.
PERFORMANCE: 430000  averaging 18.9125 ns/day, 0.0091368 sec/step with standard deviation 0.000233577
ENERGY:  430000       381.8013      1142.3902      1096.6486        73.6575        -113634.0141      9604.7227         0.0000         0.0000     18604.8592         -82729.9347       302.4565   -101334.7939    -82902.9876       302.4233             32.0328        27.0812    301316.0104        11.2369        10.5409

TIMING: 435000  CPU: 3337.12, 0.00773096/step  Wall: 3978.96, 0.00919716/step, 18.7884 ns/days, 0.16606 hours remaining, 0.000000 MB of memory in use.
PERFORMANCE: 435000  averaging 18.9111 ns/day, 0.00913749 sec/step with standard deviation 0.000232305
ENERGY:  435000       417.2568      1111.1051      1117.8275        70.0564        -113773.3026      9608.4707         0.0000         0.0000     18753.8678         -82694.7183       304.8790   -101448.5861    -82894.6924       302.5871           -137.0211      -130.0453    301002.4480         8.0471         7.4615

TIMING: 440000  CPU: 3375.58, 0.0076911/step  Wall: 4025.01, 0.00920999/step, 18.7622 ns/days, 0.1535 hours remaining, 0.000000 MB of memory in use.
PERFORMANCE: 440000  averaging 18.9094 ns/day, 0.00913832 sec/step with standard deviation 0.000231096
ENERGY:  440000       445.9644      1195.3109      1100.0437        64.0202        -113812.9347      9583.2087         0.0000         0.0000     18840.0267         -82584.3603       306.2796   -101424.3869    -82878.4236       302.7243           -314.9141      -318.2026    300933.5537        -0.0368        -0.4730

TIMING: 445000  CPU: 3414.48, 0.00778017/step  Wall: 4071.49, 0.00929592/step, 18.5888 ns/days, 0.142021 hours remaining, 0.000000 MB of memory in use.
PERFORMANCE: 445000  averaging 18.9057 ns/day, 0.00914009 sec/step with standard deviation 0.000230385
ENERGY:  445000       402.5838      1137.6282      1139.6434        65.7802        -113665.3921      9528.8001         0.0000         0.0000     18564.4096         -82826.5468       301.7990   -101390.9564    -82862.8920       302.7743           -165.5392      -158.3500    302014.7514         4.9451         4.9237

TIMING: 450000  CPU: 3453.28, 0.00775977/step  Wall: 4117.9, 0.00928164/step, 18.6174 ns/days, 0.128912 hours remaining, 0.000000 MB of memory in use.
PERFORMANCE: 450000  averaging 18.9025 ns/day, 0.00914166 sec/step with standard deviation 0.000229573
ETITLE:      TS           BOND          ANGLE          DIHED          IMPRP               ELECT            VDW       BOUNDARY           MISC        KINETIC               TOTAL           TEMP      POTENTIAL       TOTALAVG        TEMPAVG            PRESSURE      GPRESSURE         VOLUME       PRESSAVG      GPRESSAVG

ENERGY:  450000       419.7871      1114.1950      1131.9404        77.1923        -113821.1005      9492.1181         0.0000         0.0000     18593.3220         -82992.5456       302.2690   -101585.8675    -82865.3671       302.7505           -432.5932      -435.5898    300801.8634         5.7915         5.8399

TIMING: 455000  CPU: 3490.02, 0.00734887/step  Wall: 4161.78, 0.00877684/step, 19.6882 ns/days, 0.10971 hours remaining, 0.000000 MB of memory in use.
PERFORMANCE: 455000  averaging 18.9108 ns/day, 0.00913765 sec/step with standard deviation 0.000231475
ENERGY:  455000       414.8875      1143.0718      1120.6809        67.0551        -114445.4354     10034.6182         0.0000         0.0000     18675.2930         -82989.8289       303.6016   -101665.1219    -82865.5882       302.7274            384.7746       381.6570    299154.9345        11.0369        11.0815

TIMING: 460000  CPU: 3528.32, 0.00766083/step  Wall: 4207.63, 0.00917017/step, 18.8437 ns/days, 0.101891 hours remaining, 0.000000 MB of memory in use.
PERFORMANCE: 460000  averaging 18.91 ns/day, 0.00913801 sec/step with standard deviation 0.000230225
ENERGY:  460000       447.2826      1117.3501      1094.7408        72.5017        -113915.5177      9629.8751         0.0000         0.0000     18612.7436         -82941.0238       302.5847   -101553.7674    -82852.4622       302.8552            -15.7394       -13.6998    299319.9036        -0.5881        -0.3026

TIMING: 465000  CPU: 3567.87, 0.00790951/step  Wall: 4254.7, 0.00941367/step, 18.3563 ns/days, 0.0915218 hours remaining, 0.000000 MB of memory in use.
PERFORMANCE: 465000  averaging 18.9039 ns/day, 0.00914097 sec/step with standard deviation 0.000230747
ENERGY:  465000       434.6545      1120.6913      1101.9164        62.3751        -114044.7039      9699.4439         0.0000         0.0000     18629.3226         -82996.2999       302.8542   -101625.6225    -82862.5943       302.8908            -88.5276       -89.0054    299549.9709        -9.8189        -9.4541

TIMING: 470000  CPU: 3605.15, 0.00745531/step  Wall: 4299.17, 0.00889407/step, 19.4287 ns/days, 0.0741172 hours remaining, 0.000000 MB of memory in use.
PERFORMANCE: 470000  averaging 18.9093 ns/day, 0.00913834 sec/step with standard deviation 0.000230912
ENERGY:  470000       396.2708      1136.0297      1106.3245        64.5044        -114165.1203      9944.5870         0.0000         0.0000     18791.0578         -82726.3461       305.4835   -101517.4040    -82858.9189       302.9073            161.9061       162.5995    300937.6444         2.9811         3.4817

TIMING: 475000  CPU: 3644.36, 0.00784227/step  Wall: 4345.98, 0.0093622/step, 18.4572 ns/days, 0.0650153 hours remaining, 0.000000 MB of memory in use.
PERFORMANCE: 475000  averaging 18.9045 ns/day, 0.0091407 sec/step with standard deviation 0.000230826
ENERGY:  475000       422.1640      1135.5883      1116.8558        72.8574        -114247.0184      9842.2011         0.0000         0.0000     18687.2797         -82970.0721       303.7964   -101657.3518    -82866.9769       302.8441             55.8599        51.2473    300228.9774        -6.1499        -5.7329

TIMING: 480000  CPU: 3680.63, 0.00725347/step  Wall: 4389.27, 0.00865706/step, 19.9606 ns/days, 0.0480948 hours remaining, 0.000000 MB of memory in use.
PERFORMANCE: 480000  averaging 18.9149 ns/day, 0.00913566 sec/step with standard deviation 0.000234854
ENERGY:  480000       429.5443      1095.9737      1112.9531        70.7316        -114048.2361      9658.0118         0.0000         0.0000     18531.6543         -83149.3674       301.2665   -101681.0217    -82872.0081       302.7286           -183.5168      -181.5999    300382.4814       -12.3339       -11.8471

TIMING: 485000  CPU: 3719.54, 0.00778264/step  Wall: 4435.63, 0.00927266/step, 18.6354 ns/days, 0.0386361 hours remaining, 0.000000 MB of memory in use.
PERFORMANCE: 485000  averaging 18.912 ns/day, 0.00913707 sec/step with standard deviation 0.000234041
ENERGY:  485000       433.9071      1161.5157      1103.9087        75.6891        -114171.1266      9690.9900         0.0000         0.0000     18752.6362         -82952.4797       304.8589   -101705.1160    -82873.3265       302.9363           -207.6126      -211.0179    301540.4787       -21.1059       -20.8477

TIMING: 490000  CPU: 3758.08, 0.00770858/step  Wall: 4481.78, 0.00922891/step, 18.7238 ns/days, 0.0256359 hours remaining, 0.000000 MB of memory in use.
PERFORMANCE: 490000  averaging 18.91 ns/day, 0.00913801 sec/step with standard deviation 0.000233016
ENERGY:  490000       431.8820      1100.0974      1108.9888        75.9711        -113761.5266      9562.7328         0.0000         0.0000     18650.6182         -82831.2363       303.2004   -101481.8545    -82867.3179       302.9083           -285.4086      -286.3117    302675.3275       -40.5213       -40.4592

TIMING: 495000  CPU: 3796.32, 0.00764737/step  Wall: 4527.35, 0.00911391/step, 18.96 ns/days, 0.0126582 hours remaining, 0.000000 MB of memory in use.
PERFORMANCE: 495000  averaging 18.9105 ns/day, 0.00913777 sec/step with standard deviation 0.000231837
ENERGY:  495000       425.6808      1085.5267      1121.7760        65.0151        -114095.3839      9791.5933         0.0000         0.0000     18632.5489         -82973.2432       302.9067   -101605.7921    -82875.7488       302.8981           -137.0245      -133.0595    300852.6210       -55.5097       -55.2495

TIMING: 500000  CPU: 3834.32, 0.00760007/step  Wall: 4572.73, 0.00907689/step, 19.0374 ns/days, 0 hours remaining, 0.000000 MB of memory in use.
PERFORMANCE: 500000  averaging 18.9118 ns/day, 0.00913716 sec/step with standard deviation 0.000230744
ETITLE:      TS           BOND          ANGLE          DIHED          IMPRP               ELECT            VDW       BOUNDARY           MISC        KINETIC               TOTAL           TEMP      POTENTIAL       TOTALAVG        TEMPAVG            PRESSURE      GPRESSURE         VOLUME       PRESSAVG      GPRESSAVG

ENERGY:  500000       425.8675      1068.0032      1097.3940        70.4486        -113910.3605      9631.1435         0.0000         0.0000     18531.6603         -83085.8434       301.2666   -101617.5037    -82886.4027       302.9067           -123.7594      -122.6667    300447.1917       -70.5269       -70.0794

WRITING EXTENDED SYSTEM TO OUTPUT FILE AT STEP 500000
WRITING COORDINATES TO OUTPUT FILE AT STEP 500000
WRITING VELOCITIES TO OUTPUT FILE AT STEP 500000
====================================================

WallClock: 4580.616211  CPUTime: 3861.662354  Memory: 0.000000 MB
[Partition 0][Node 0] End of program
