Charm++> Running on MPI library: Open MPI v4.1.5a1, package: Open MPI software@d001.sol.rc.asu.edu Distribution, ident: 4.1.5a1, repo rev: v4.1.4-32-g5abd86cc8c, Unreleased developer copy (MPI standard: 3.1)
Charm++> Level of thread support used: MPI_THREAD_FUNNELED (desired: MPI_THREAD_FUNNELED)
Charm++> Running in SMP mode: 1 processes, 11 worker threads (PEs) + 1 comm threads per process, 11 PEs total
Charm++> The comm. thread both sends and receives messages
Charm++> Using recursive bisection (scheme 3) for topology aware partitions
Converse/Charm++ Commit ID: v8.0.1-devel-35-gf310838d5
Charm++ communication thread will sleep due to single-process run.
CharmLB> Load balancer assumes all CPUs are same.
Charm++> cpu affinity enabled. 
Charm++> Running on 1 hosts (2 sockets x 6 cores x 1 PUs = 12-way SMP)
Charm++> cpu topology info is gathered in 0.003 seconds.
Info: Built with CUDA version 12090
Pe 2 physical rank 2 will use CUDA device of pe 8
Pe 4 physical rank 4 will use CUDA device of pe 8
Pe 3 physical rank 3 will use CUDA device of pe 8
Pe 9 physical rank 9 will use CUDA device of pe 8
Pe 1 physical rank 1 will use CUDA device of pe 8
Pe 5 physical rank 5 will use CUDA device of pe 8
Pe 6 physical rank 6 will use CUDA device of pe 8
Pe 7 physical rank 7 will use CUDA device of pe 8
Pe 10 physical rank 10 will use CUDA device of pe 8
Pe 0 physical rank 0 will use CUDA device of pe 8
Pe 8 physical rank 8 binding to CUDA device 0 on sg044: 'NVIDIA A100-SXM4-80GB'  Mem: 81152MB  Rev: 8.0  PCI: 0:1:0
CharmLB> Load balancing instrumentation for communication is off.
Info: NAMD 3.1alpha4pre for Linux-x86_64-MPI-smp-CUDA
Info: 
Info: Please visit http://www.ks.uiuc.edu/Research/namd/
Info: for updates, documentation, and support information.
Info: 
Info: Please cite Phillips et al., J. Chem. Phys. 153:044130 (2020) doi:10.1063/5.0014475
Info: in all publications reporting results obtained with NAMD.
Info: 
Info: Based on Charm++/Converse 80001 for mpi-linux-x86_64
Info: Built Tue Mar 10 15:59:42 MST 2026 by athiru12 on sg236
Info: Source code at Git commit ID 6669d58345b330ce455c3341de1e9ec803325dda
Info: 1 NAMD  3.1alpha4pre  Linux-x86_64-MPI-smp-CUDA  11    sg044  athiru12
Info: Running on 11 processors, 1 nodes, 1 physical nodes.
Info: CPU topology information available.
Info: Charm++/Converse parallel runtime startup completed at 0.174902 s
CkLoopLib is used in SMP with simple dynamic scheduling (converse-level notification)
Info: 0 MB of memory in use based on /proc/self/stat
Info: Configuration file is input/step5_opt_main_run_1.inp
Info: Changed directory to input
TCL: Suspending until startup complete.
Warning: Option "1-4scaling" has been deprecated. Instead use "oneFourScaling".
Info: EXTENDED SYSTEM FILE   ../output/vanilla/performance/equil/1-1-40/run-1/step4_equilibration.xsc
Info: Tuning parameters to improve GPU-resident performance
Info: Setting margin to 4
Warning: The Langevin gamma parameters differ over the particles,
Warning: requiring extra work per step to constrain rigid bonds.
Info: Enabling PMEOffload because PMEInterpOrder > 4.
Info: Running with GPU-resident mode
Warning: Always using force tables for GPU nonbonded kernel due to unsupported config parameters.
Info: SIMULATION PARAMETERS:
Info: TIMESTEP               2
Info: NUMBER OF STEPS        500000
Info: STEPS PER CYCLE        20
Info: PERIODIC CELL BASIS 1  69 0 0
Info: PERIODIC CELL BASIS 2  0 69 0
Info: PERIODIC CELL BASIS 3  0 0 69
Info: PERIODIC CELL CENTER   0 0 0
Info: WRAPPING WATERS AROUND PERIODIC BOUNDARIES ON OUTPUT.
Info: WRAPPING ALL CLUSTERS AROUND PERIODIC BOUNDARIES ON OUTPUT.
Info: LOAD BALANCER  Centralized
Info: LOAD BALANCING STRATEGY  New Load Balancers -- DEFAULT
Info: LDB PERIOD             4000 steps
Info: FIRST LDB TIMESTEP     100
Info: LAST LDB TIMESTEP     -1
Info: LDB BACKGROUND SCALING 1
Info: HOM BACKGROUND SCALING 1
Info: PME BACKGROUND SCALING 1
Info: MIN ATOMS PER PATCH    40
Info: EMPTY PATCH LOAD       40 ATOMS
Info: VELOCITY FILE          ../output/vanilla/performance/equil/1-1-40/run-1/step4_equilibration.vel
Info: CENTER OF MASS MOVING INITIALLY? NO
Info: DIELECTRIC             1
Info: EXCLUDE                SCALED ONE-FOUR
Info: 1-4 ELECTROSTATICS SCALED BY 1
Info: MODIFIED 1-4 VDW PARAMETERS WILL BE USED
Info: NO DCD TRAJECTORY OUTPUT
Info: NO EXTENDED SYSTEM TRAJECTORY OUTPUT
Info: NO VELOCITY DCD OUTPUT
Info: NO FORCE DCD OUTPUT
Info: OUTPUT FILENAME        ../output/main/optimization/prod/1-1-11/run-1/step5_opt_main
Info: BINARY OUTPUT FILES WILL BE USED
Info: NO RESTART FILE
Info: NAMD will save positions and velocities to ../output/main/optimization/prod/1-1-11/run-1/step5_opt_main.crash.csv when  atoms are moving too fast.
Info: SWITCHING ACTIVE
Info: VDW FORCE SWITCHING ACTIVE
Info: SWITCHING ON           10
Info: SWITCHING OFF          12
Info: PAIRLIST DISTANCE      16
Info: PAIRLIST SHRINK RATE   0.01
Info: PAIRLIST GROW RATE     0.01
Info: PAIRLIST TRIGGER       0.3
Info: PAIRLISTS PER CYCLE    2
Info: PAIRLISTS ENABLED
Info: MARGIN                 4
Info: HYDROGEN GROUP CUTOFF  2.5
Info: PATCH DIMENSION        22.5
Info: ENERGY OUTPUT STEPS    5000
Info: ENERGY EVALUATION STEPS    5000
Info: OUTPUT ENERGY PRECISION 4
Info: CROSSTERM ENERGY INCLUDED IN DIHEDRAL
Info: TIMING OUTPUT STEPS    5000
Info: LANGEVIN DYNAMICS ACTIVE
Info: LANGEVIN TEMPERATURE   303.15
Info: LANGEVIN USING BBK INTEGRATOR
Info: LANGEVIN DAMPING COEFFICIENT IS 1 INVERSE PS
Info: LANGEVIN DYNAMICS NOT APPLIED TO HYDROGENS
Info: LANGEVIN PISTON PRESSURE CONTROL ACTIVE
Info:        TARGET PRESSURE IS 1.01325 BAR
Info:     OSCILLATION PERIOD IS 50 FS
Info:             DECAY TIME IS 25 FS
Info:     PISTON TEMPERATURE IS 303.15 K
Info:       PRESSURE CONTROL IS GROUP-BASED
Info:    INITIAL STRAIN RATE IS 0 0 0
Info:       CELL FLUCTUATION IS ISOTROPIC
Info: PARTICLE MESH EWALD (PME) ACTIVE
Info: PME TOLERANCE               1e-06
Info: PME EWALD COEFFICIENT       0.257952
Info: PME INTERPOLATION ORDER     6
Info: PME GRID DIMENSIONS         72 72 72
Info: PME MAXIMUM GRID SPACING    1
Info: PME RECIPROCAL SUM OFFLOADED TO GPU
Info: PME CALCULATION WILL BE PERFORMED ON GPU
Info: FULL ELECTROSTATIC EVALUATION FREQUENCY      1
Info: USING VERLET I (r-RESPA) MTS SCHEME.
Info: C1 SPLITTING OF LONG RANGE ELECTROSTATICS
Info: PLACING ATOMS IN PATCHES BY HYDROGEN GROUPS
Info: RIGID BONDS TO HYDROGEN : ALL
Info:         ERROR TOLERANCE : 1e-08
Info:          MAX ITERATIONS : 100
Info: RIGID WATER USING SETTLE ALGORITHM
Info: RANDOM NUMBER SEED     1773339214
Info: USE HYDROGEN BONDS?    NO
Info: COORDINATE PDB         step3_input.pdb
Info: STRUCTURE FILE         step3_input.psf
Info: PARAMETER file: CHARMM format! 
Info: PARAMETERS             toppar/par_all36m_prot.prm
Info: PARAMETERS             toppar/par_all36_na.prm
Info: PARAMETERS             toppar/par_all36_carb.prm
Info: PARAMETERS             toppar/par_all36_lipid.prm
Info: PARAMETERS             toppar/par_all36_cgenff.prm
Info: PARAMETERS             toppar/par_interface.prm
Info: PARAMETERS             toppar/toppar_all36_moreions.str
Info: PARAMETERS             toppar/toppar_all36_nano_lig.str
Info: PARAMETERS             toppar/toppar_all36_nano_lig_patch.str
Info: PARAMETERS             toppar/toppar_all36_synthetic_polymer.str
Info: PARAMETERS             toppar/toppar_all36_synthetic_polymer_patch.str
Info: PARAMETERS             toppar/toppar_all36_polymer_solvent.str
Info: PARAMETERS             toppar/toppar_water_ions.str
Info: PARAMETERS             toppar/toppar_dum_noble_gases.str
Info: PARAMETERS             toppar/toppar_ions_won.str
Info: PARAMETERS             toppar/cam.str
Info: PARAMETERS             toppar/toppar_all36_prot_arg0.str
Info: PARAMETERS             toppar/toppar_all36_prot_c36m_d_aminoacids.str
Info: PARAMETERS             toppar/toppar_all36_prot_fluoro_alkanes.str
Info: PARAMETERS             toppar/toppar_all36_prot_heme.str
Info: PARAMETERS             toppar/toppar_all36_prot_na_combined.str
Info: PARAMETERS             toppar/toppar_all36_prot_retinol.str
Info: PARAMETERS             toppar/toppar_all36_prot_model.str
Info: PARAMETERS             toppar/toppar_all36_prot_modify_res.str
Info: PARAMETERS             toppar/toppar_all36_na_nad_ppi.str
Info: PARAMETERS             toppar/toppar_all36_na_rna_modified.str
Info: PARAMETERS             toppar/toppar_all36_lipid_sphingo.str
Info: PARAMETERS             toppar/toppar_all36_lipid_archaeal.str
Info: PARAMETERS             toppar/toppar_all36_lipid_bacterial.str
Info: PARAMETERS             toppar/toppar_all36_lipid_cardiolipin.str
Info: PARAMETERS             toppar/toppar_all36_lipid_cholesterol.str
Info: PARAMETERS             toppar/toppar_all36_lipid_dag.str
Info: PARAMETERS             toppar/toppar_all36_lipid_inositol.str
Info: PARAMETERS             toppar/toppar_all36_lipid_lnp.str
Info: PARAMETERS             toppar/toppar_all36_lipid_lps.str
Info: PARAMETERS             toppar/toppar_all36_lipid_mycobacterial.str
Info: PARAMETERS             toppar/toppar_all36_lipid_miscellaneous.str
Info: PARAMETERS             toppar/toppar_all36_lipid_model.str
Info: PARAMETERS             toppar/toppar_all36_lipid_prot.str
Info: PARAMETERS             toppar/toppar_all36_lipid_tag.str
Info: PARAMETERS             toppar/toppar_all36_lipid_yeast.str
Info: PARAMETERS             toppar/toppar_all36_lipid_hmmm.str
Info: PARAMETERS             toppar/toppar_all36_lipid_detergent.str
Info: PARAMETERS             toppar/toppar_all36_lipid_ether.str
Info: PARAMETERS             toppar/toppar_all36_lipid_oxidized.str
Info: PARAMETERS             toppar/toppar_all36_carb_glycolipid.str
Info: PARAMETERS             toppar/toppar_all36_carb_glycopeptide.str
Info: PARAMETERS             toppar/toppar_all36_carb_imlab.str
Info: PARAMETERS             toppar/toppar_all36_label_spin.str
Info: PARAMETERS             toppar/toppar_all36_label_fluorophore.str
Info: USING ARITHMETIC MEAN TO COMBINE L-J SIGMA PARAMETERS
Info: BINARY COORDINATES     ../output/vanilla/performance/equil/1-1-40/run-1/step4_equilibration.coor
Warning: SKIPPING PART OF PARAMETER FILE AFTER RETURN STATEMENT

Warning: DUPLICATE DIHEDRAL ENTRY FOR HAL1-CTO1-C-NHL
PREVIOUS VALUES MULTIPLICITY: 1
  k=0  n=1  delta=0INCREASING MULTIPLICITY TO: 2
  k=0  n=3  delta=0

Warning: DUPLICATE DIHEDRAL ENTRY FOR HAL1-CTO1-C-O
PREVIOUS VALUES MULTIPLICITY: 1
  k=0  n=1  delta=0INCREASING MULTIPLICITY TO: 2
  k=0  n=2  delta=3.14159
Warning: SKIPPING PART OF PARAMETER FILE AFTER RETURN STATEMENT

Warning: DUPLICATE DIHEDRAL ENTRY FOR CTL2-CG2O5-CTL1-CTL3
PREVIOUS VALUES MULTIPLICITY: 1
  k=0.75  n=1  delta=0  k=0.18  n=2  delta=3.14159INCREASING MULTIPLICITY TO: 3
  k=0.065  n=3  delta=0

Warning: DUPLICATE BOND ENTRY FOR CEL1-CL
PREVIOUS VALUES  k=440  x0=1.489
   USING VALUES  k=300  x0=1.48
Info: SUMMARY OF PARAMETERS:
Info: 1988 BONDS
Info: 6776 ANGLES
Info: 19939 DIHEDRAL
Info: 430 IMPROPER
Info: 28 CROSSTERM
Info: 751 VDW
Info: 122 VDW_PAIRS
Info: 0 NBTHOLE_PAIRS
Warning: Ignored 9467 bonds with zero force constants.
Warning: Will get H-H distance in rigid H2O from H-O-H angle.
Info: No lone pairs detected in waters
Info: TIME FOR READING PSF FILE: 0.0775258
Info: Reading pdb file step3_input.pdb
Info: TIME FOR READING PDB FILE: 0.0562731
Info: 
Info: ****************************
Info: STRUCTURE SUMMARY:
Info: 30423 ATOMS
Info: 20918 BONDS
Info: 13014 ANGLES
Info: 5187 DIHEDRALS
Info: 373 IMPROPERS
Info: 127 CROSSTERMS
Info: 0 EXCLUSIONS
Info: 29360 RIGID BONDS
Info: 61909 DEGREES OF FREEDOM
Info: 10530 HYDROGEN GROUPS
Info: 4 ATOMS IN LARGEST HYDROGEN GROUP
Info: 10530 MIGRATION GROUPS
Info: 4 ATOMS IN LARGEST MIGRATION GROUP
Info: TOTAL MASS = 186727 amu
Info: TOTAL CHARGE = 1.31875e-06 e
Info: MASS DENSITY = 0.943883 g/cm^3
Info: ATOM DENSITY = 0.0926093 atoms/A^3
Info: *****************************
Info: Reading from binary file ../output/vanilla/performance/equil/1-1-40/run-1/step4_equilibration.coor
Info: 
Info: Entering startup at 0.404315 s, 0 MB of memory in use
Info: Startup phase 0 took 0.000122241 s, 0 MB of memory in use
Info: ADDED 39038 IMPLICIT EXCLUSIONS
Info: Startup phase 1 took 0.00632092 s, 0 MB of memory in use
Info: NONBONDED TABLE R-SQUARED SPACING: 0.0625
Info: NONBONDED TABLE SIZE: 769 POINTS
Info: INCONSISTENCY IN FAST TABLE ENERGY VS FORCE: 0.000325096 AT 11.9556
Info: INCONSISTENCY IN SCOR TABLE ENERGY VS FORCE: 0.000324844 AT 11.9556
Info: INCONSISTENCY IN VDWA TABLE ENERGY VS FORCE: 0.0040507 AT 0.251946
Info: INCONSISTENCY IN VDWB TABLE ENERGY VS FORCE: 0.00150189 AT 0.251946
Info: Startup phase 2 took 0.0145498 s, 0 MB of memory in use
Info: Startup phase 3 took 0.000143642 s, 0 MB of memory in use
Info: Startup phase 4 took 0.000281532 s, 0 MB of memory in use
Info: Startup phase 5 took 6.356e-05 s, 0 MB of memory in use
Info: PATCH GRID IS 3 (PERIODIC) BY 3 (PERIODIC) BY 3 (PERIODIC)
Info: PATCH GRID IS 1-AWAY BY 1-AWAY BY 1-AWAY
Info: Reading from binary file ../output/vanilla/performance/equil/1-1-40/run-1/step4_equilibration.vel
Info: REMOVING COM VELOCITY -0.0336669 0.0174485 0.0184506
Info: LARGEST PATCH (13) HAS 1314 ATOMS
Info: TORUS A SIZE 1 USING 0
Info: TORUS B SIZE 1 USING 0
Info: TORUS C SIZE 1 USING 0
Info: TORUS MINIMAL MESH SIZE IS 1 BY 1 BY 1
Info: Placed 100% of base nodes on same physical node as patch
Info: Startup phase 6 took 0.014071 s, 0 MB of memory in use
Info: Use 3D box decompostion in PME FFT.
Info: PME using 1 x 1 x 1 pencil grid for FFT and reciprocal sum.
Info: Startup phase 7 took 0.00048123 s, 0 MB of memory in use
Info: Updated CUDA force table with 4096 elements.
Info: Updated CUDA LJ table with 751 x 751 elements.
Info: Startup phase 8 took 0.0060347 s, 0 MB of memory in use
Info: Startup phase 9 took 7.1806e-05 s, 0 MB of memory in use
Info: Startup phase 10 took 5.6186e-05 s, 0 MB of memory in use
Info: Startup phase 11 took 0.00718336 s, 0 MB of memory in use
LDB: Central LB being created...
Info: Startup phase 12 took 0.0584129 s, 0 MB of memory in use
Info: Startup phase 13 took 8.8578e-05 s, 0 MB of memory in use
Info: Startup phase 14 took 0.000346775 s, 0 MB of memory in use
Info: Startup phase 15 took 6.2959e-05 s, 0 MB of memory in use
Info: CREATING 655 COMPUTE OBJECTS
Info: Found 268 unique exclusion lists needing 4316 bytes
Info: useSync: 0 useProxySync: 0
Info: Startup phase 16 took 0.0340274 s, 0 MB of memory in use
Info: Startup phase 17 took 6.5664e-05 s, 0 MB of memory in use
Info: Startup phase 18 took 2.4777e-05 s, 0 MB of memory in use
Info: Finished startup at 0.546724 s, 0 MB of memory in use

TCL: Original numsteps 500000 will be ignored.
TCL: Running for 500000 steps
ETITLE:      TS           BOND          ANGLE          DIHED          IMPRP               ELECT            VDW       BOUNDARY           MISC        KINETIC               TOTAL           TEMP      POTENTIAL       TOTALAVG        TEMPAVG            PRESSURE      GPRESSURE         VOLUME       PRESSAVG      GPRESSAVG

ENERGY:       0       415.9882      1126.4020      1113.9287        73.0728        -111469.0288      9146.7412         0.0000         0.0000     18644.8552         -80948.0407       303.1068    -99592.8959    -80948.0407       303.1068          -1236.5344     -1238.2667    328509.0000     -1236.5344     -1238.2667

Info: Initial time: 11 CPUs 0.00160467 s/step 107.686 ns/day 0 MB memory
Info: Initial time: 11 CPUs 0.00117217 s/step 147.419 ns/day 0 MB memory
Info: Initial time: 11 CPUs 0.00118786 s/step 145.472 ns/day 0 MB memory
Info: Benchmark time: 11 CPUs 0.00118486 s/step 145.84 ns/day 0 MB memory
Info: Benchmark time: 11 CPUs 0.00125731 s/step 137.437 ns/day 0 MB memory
Info: Benchmark time: 11 CPUs 0.0011945 s/step 144.663 ns/day 0 MB memory
Info: Benchmark time: 11 CPUs 0.00121393 s/step 142.348 ns/day 0 MB memory
Info: Benchmark time: 11 CPUs 0.00121658 s/step 142.037 ns/day 0 MB memory
Info: Benchmark time: 11 CPUs 0.00121445 s/step 142.286 ns/day 0 MB memory
TIMING: 5000  CPU: 6.22901, 0.0011912/step  Wall: 6.12811, 0.00120396/step, 143.526 ns/days, 0.165544 hours remaining, 0.000000 MB of memory in use.
PERFORMANCE: 5000  averaging 143.526 ns/day, 0.00120396 sec/step with standard deviation 0
ENERGY:    5000       424.2761      1168.7798      1120.6129        64.8778        -114121.6949      9829.4013         0.0000         0.0000     18757.1917         -82756.5553       304.9330   -101513.7470    -81852.2980       304.0199            -10.9668       -11.5625    300859.8696      -623.7506      -624.9146

TIMING: 10000  CPU: 12.2039, 0.00119498/step  Wall: 12.1221, 0.0011988/step, 144.144 ns/days, 0.16317 hours remaining, 0.000000 MB of memory in use.
PERFORMANCE: 10000  averaging 143.835 ns/day, 0.00120138 sec/step with standard deviation 3.64773e-06
ENERGY:   10000       445.6301      1139.0168      1151.2026        76.7663        -114001.2045      9822.3119         0.0000         0.0000     18485.3583         -82880.9186       300.5138   -101366.2768    -82195.1715       302.8512              8.4000         8.5991    299731.4923      -413.0337      -413.7434

TIMING: 15000  CPU: 18.1565, 0.00119052/step  Wall: 18.094, 0.00119437/step, 144.678 ns/days, 0.160909 hours remaining, 0.000000 MB of memory in use.
PERFORMANCE: 15000  averaging 144.115 ns/day, 0.00119904 sec/step with standard deviation 4.79785e-06
ENERGY:   15000       434.6514      1164.9747      1109.6099        72.6372        -114249.8811      9827.2707         0.0000         0.0000     18307.4944         -83333.2429       297.6223   -101640.7373    -82479.6894       301.5440            -99.6540      -100.1033    301118.8595      -334.6888      -335.3333

TIMING: 20000  CPU: 24.0996, 0.00118862/step  Wall: 24.0565, 0.0011925/step, 144.906 ns/days, 0.159 hours remaining, 0.000000 MB of memory in use.
PERFORMANCE: 20000  averaging 144.312 ns/day, 0.00119741 sec/step with standard deviation 5.10517e-06
ENERGY:   20000       482.9315      1147.2815      1129.1678        67.5633        -114159.0833      9819.1902         0.0000         0.0000     18512.2916         -83000.6575       300.9517   -101512.9491    -82583.8830       301.4255           -137.0587      -133.5529    300952.4795      -295.1628      -294.9772

TIMING: 25000  CPU: 30.0396, 0.001188/step  Wall: 30.0166, 0.00119202/step, 144.964 ns/days, 0.157281 hours remaining, 0.000000 MB of memory in use.
PERFORMANCE: 25000  averaging 144.442 ns/day, 0.00119633 sec/step with standard deviation 5.03451e-06
ENERGY:   25000       445.8911      1146.7684      1121.0235        68.7204        -114344.7571      9952.5267         0.0000         0.0000     18496.2454         -83113.5816       300.6908   -101609.8270    -82672.1661       301.3031            248.7630       243.5296    300203.9288      -204.5085      -205.2261

TIMING: 30000  CPU: 36.0201, 0.0011961/step  Wall: 36.0158, 0.00119984/step, 144.019 ns/days, 0.156646 hours remaining, 0.000000 MB of memory in use.
PERFORMANCE: 30000  averaging 144.371 ns/day, 0.00119692 sec/step with standard deviation 4.72579e-06
ENERGY:   30000       402.2141      1117.2965      1118.6961        75.2061        -113821.2185      9540.2286         0.0000         0.0000     18485.8650         -83081.7121       300.5221   -101567.5772    -82730.6727       301.1915           -300.8477      -303.4551    301924.2829      -218.2712      -219.2588

TIMING: 35000  CPU: 41.973, 0.00119058/step  Wall: 41.9882, 0.00119449/step, 144.665 ns/days, 0.154288 hours remaining, 0.000000 MB of memory in use.
PERFORMANCE: 35000  averaging 144.413 ns/day, 0.00119657 sec/step with standard deviation 4.41073e-06
ENERGY:   35000       442.5919      1155.8834      1118.5558        65.5955        -113886.6888      9815.4076         0.0000         0.0000     18664.6033         -82624.0515       303.4278   -101288.6548    -82717.3450       301.4710            145.0994       144.5333    301884.3370      -172.8499      -173.7848

TIMING: 40000  CPU: 47.9037, 0.00118614/step  Wall: 47.9379, 0.00118993/step, 145.219 ns/days, 0.152047 hours remaining, 0.000000 MB of memory in use.
PERFORMANCE: 40000  averaging 144.513 ns/day, 0.00119574 sec/step with standard deviation 4.70993e-06
ENERGY:   40000       398.9754      1124.9949      1127.3760        75.8884        -114056.8168      9906.3590         0.0000         0.0000     18595.3405         -82827.8826       302.3018   -101423.2231    -82729.6270       301.5633             93.5428        92.9861    301397.0669      -143.2507      -144.1436

TIMING: 45000  CPU: 53.8836, 0.00119598/step  Wall: 53.9375, 0.00119993/step, 144.009 ns/days, 0.151658 hours remaining, 0.000000 MB of memory in use.
PERFORMANCE: 45000  averaging 144.457 ns/day, 0.0011962 sec/step with standard deviation 4.62172e-06
ENERGY:   45000       453.1329      1156.7779      1133.3210        68.7279        -114243.2223      9792.3733         0.0000         0.0000     18331.5300         -83307.3592       298.0131   -101638.8893    -82787.4002       301.2083              5.2123         4.4720    300280.4368      -128.4044      -129.2820

TIMING: 50000  CPU: 59.8521, 0.0011937/step  Wall: 59.9282, 0.00119814/step, 144.223 ns/days, 0.149768 hours remaining, 0.000000 MB of memory in use.
PERFORMANCE: 50000  averaging 144.434 ns/day, 0.0011964 sec/step with standard deviation 4.40038e-06
ETITLE:      TS           BOND          ANGLE          DIHED          IMPRP               ELECT            VDW       BOUNDARY           MISC        KINETIC               TOTAL           TEMP      POTENTIAL       TOTALAVG        TEMPAVG            PRESSURE      GPRESSURE         VOLUME       PRESSAVG      GPRESSAVG

ENERGY:   50000       458.1945      1160.2772      1111.6061        62.3960        -114130.2936      9913.7895         0.0000         0.0000     18453.5601         -82970.4703       299.9969   -101424.0303    -82804.0429       301.0982             52.0745        49.9879    301312.8914      -111.9972      -112.9848

TIMING: 55000  CPU: 65.8192, 0.00119343/step  Wall: 65.9154, 0.00119744/step, 144.307 ns/days, 0.148017 hours remaining, 0.000000 MB of memory in use.
PERFORMANCE: 55000  averaging 144.422 ns/day, 0.00119649 sec/step with standard deviation 4.18645e-06
ENERGY:   55000       414.4269      1129.5967      1138.6107        71.7363        -114448.5033      9904.1360         0.0000         0.0000     18633.2216         -83156.7753       302.9176   -101789.9968    -82833.4373       301.2498            161.8789       160.2655    300716.9734       -89.1742       -90.2139

TIMING: 60000  CPU: 71.7467, 0.00118548/step  Wall: 71.8616, 0.00118922/step, 145.305 ns/days, 0.14535 hours remaining, 0.000000 MB of memory in use.
PERFORMANCE: 60000  averaging 144.495 ns/day, 0.00119589 sec/step with standard deviation 4.50967e-06
ENERGY:   60000       429.5413      1145.5176      1091.1585        69.6573        -114488.4451      9973.2280         0.0000         0.0000     18550.3653         -83228.9770       301.5706   -101779.3423    -82863.8634       301.2745            110.7121       111.8238    299250.3611       -73.7984       -74.6725

TIMING: 65000  CPU: 77.6853, 0.00118774/step  Wall: 77.8191, 0.0011915/step, 145.027 ns/days, 0.143973 hours remaining, 0.000000 MB of memory in use.
PERFORMANCE: 65000  averaging 144.536 ns/day, 0.00119555 sec/step with standard deviation 4.48591e-06
ENERGY:   65000       421.1247      1082.5424      1130.3282        75.6906        -114628.6093     10085.5022         0.0000         0.0000     18421.6573         -83411.7637       299.4783   -101833.4210    -82902.9992       301.1462             86.7576        91.1831    300425.3906       -62.3301       -62.8257

TIMING: 70000  CPU: 83.6638, 0.00119569/step  Wall: 83.8166, 0.00119952/step, 144.058 ns/days, 0.143276 hours remaining, 0.000000 MB of memory in use.
PERFORMANCE: 70000  averaging 144.502 ns/day, 0.00119583 sec/step with standard deviation 4.43836e-06
ENERGY:   70000       456.3851      1094.8984      1123.7504        74.3006        -114073.0732      9873.3479         0.0000         0.0000     18478.7439         -82971.6469       300.4063   -101450.3908    -82907.5757       301.0969            154.0763       152.7496    301203.2400       -47.9030       -48.4540

TIMING: 75000  CPU: 89.5864, 0.00118452/step  Wall: 89.7572, 0.00118812/step, 145.44 ns/days, 0.140264 hours remaining, 0.000000 MB of memory in use.
PERFORMANCE: 75000  averaging 144.564 ns/day, 0.00119532 sec/step with standard deviation 4.71823e-06
ENERGY:   75000       438.6767      1120.3890      1133.0025        76.0477        -114219.9037      9867.6846         0.0000         0.0000     18654.4976         -82929.6055       303.2635   -101584.1031    -82908.9526       301.2323            -19.3832       -18.2548    300703.6583       -46.1205       -46.5666

TIMING: 80000  CPU: 95.5004, 0.0011828/step  Wall: 95.6911, 0.00118678/step, 145.604 ns/days, 0.138458 hours remaining, 0.000000 MB of memory in use.
PERFORMANCE: 80000  averaging 144.629 ns/day, 0.00119478 sec/step with standard deviation 5.03336e-06
ENERGY:   80000       421.6422      1151.0577      1122.9340        65.6119        -114094.1466      9950.7134         0.0000         0.0000     18724.4485         -82657.7390       304.4007   -101382.1875    -82894.1753       301.4187            269.9054       264.3226    300356.8469       -27.5307       -28.2790

TIMING: 85000  CPU: 101.426, 0.00118502/step  Wall: 101.635, 0.00118881/step, 145.355 ns/days, 0.137044 hours remaining, 0.000000 MB of memory in use.
PERFORMANCE: 85000  averaging 144.671 ns/day, 0.00119443 sec/step with standard deviation 5.08423e-06
ENERGY:   85000       418.4113      1163.6517      1132.8146        74.2821        -114293.8059      9925.7333         0.0000         0.0000     18533.1185         -83045.7943       301.2903   -101578.9128    -82902.5986       301.4115            140.0719       141.0277    299932.0911       -18.2195       -18.8730

TIMING: 90000  CPU: 107.379, 0.00119069/step  Wall: 107.608, 0.00119461/step, 144.649 ns/days, 0.136053 hours remaining, 0.000000 MB of memory in use.
PERFORMANCE: 90000  averaging 144.67 ns/day, 0.00119444 sec/step with standard deviation 4.93261e-06
ENERGY:   90000       423.2631      1117.6339      1118.5704        75.2904        -114232.2446      9808.8879         0.0000         0.0000     18537.8447         -83150.7543       301.3671   -101688.5990    -82915.6594       301.4092            -28.3716       -27.2463    300092.0858       -18.7538       -19.3137

TIMING: 95000  CPU: 113.334, 0.00119091/step  Wall: 113.581, 0.00119451/step, 144.662 ns/days, 0.134382 hours remaining, 0.000000 MB of memory in use.
PERFORMANCE: 95000  averaging 144.669 ns/day, 0.00119445 sec/step with standard deviation 4.79366e-06
ENERGY:   95000       433.1415      1127.3408      1103.1978        72.4015        -113850.9535      9692.5903         0.0000         0.0000     18531.2434         -82891.0381       301.2598   -101422.2815    -82914.4283       301.4017            -98.8120      -100.1949    301124.5600       -22.7567       -23.3578

TIMING: 100000  CPU: 119.321, 0.0011975/step  Wall: 119.588, 0.00120141/step, 143.83 ns/days, 0.133491 hours remaining, 0.000000 MB of memory in use.
PERFORMANCE: 100000  averaging 144.627 ns/day, 0.0011948 sec/step with standard deviation 4.91908e-06
ETITLE:      TS           BOND          ANGLE          DIHED          IMPRP               ELECT            VDW       BOUNDARY           MISC        KINETIC               TOTAL           TEMP      POTENTIAL       TOTALAVG        TEMPAVG            PRESSURE      GPRESSURE         VOLUME       PRESSAVG      GPRESSAVG

ENERGY:  100000       402.4795      1082.5761      1114.4863        75.3069        -114380.3037     10078.5764         0.0000         0.0000     18515.7937         -83111.0848       301.0086   -101626.8785    -83022.5805       301.2968            336.4121       338.8302    301081.3544        55.8906        55.4970

TIMING: 105000  CPU: 125.271, 0.00118997/step  Wall: 125.557, 0.0011938/step, 144.748 ns/days, 0.130986 hours remaining, 0.000000 MB of memory in use.
PERFORMANCE: 105000  averaging 144.633 ns/day, 0.00119475 sec/step with standard deviation 4.79945e-06
ENERGY:  105000       437.8742      1151.7021      1111.7090        78.3818        -114266.3217      9872.1137         0.0000         0.0000     18570.9603         -83043.5804       301.9055   -101614.5407    -83036.9318       301.1454            111.7898       115.5428    300242.7316        62.0284        61.8523

TIMING: 110000  CPU: 131.247, 0.00119528/step  Wall: 131.552, 0.00119899/step, 144.121 ns/days, 0.129891 hours remaining, 0.000000 MB of memory in use.
PERFORMANCE: 110000  averaging 144.61 ns/day, 0.00119494 sec/step with standard deviation 4.77047e-06
ENERGY:  110000       431.1936      1136.0734      1124.4734        66.0085        -113786.3270      9497.4219         0.0000         0.0000     18729.2509         -82801.9053       304.4788   -101531.1562    -83032.9811       301.3437           -147.7871      -146.1276    301482.1781        54.2191        54.1160

TIMING: 115000  CPU: 137.201, 0.00119079/step  Wall: 137.525, 0.00119458/step, 144.653 ns/days, 0.127754 hours remaining, 0.000000 MB of memory in use.
PERFORMANCE: 115000  averaging 144.612 ns/day, 0.00119493 sec/step with standard deviation 4.66139e-06
ENERGY:  115000       409.0644      1129.4136      1117.9075        64.7001        -114331.5057     10009.7022         0.0000         0.0000     18586.5427         -83014.1752       302.1588   -101600.7179    -83017.0277       301.5705            246.9711       247.2476    299885.8907        71.5503        71.4835

TIMING: 120000  CPU: 143.161, 0.0011919/step  Wall: 143.503, 0.00119572/step, 144.515 ns/days, 0.126215 hours remaining, 0.000000 MB of memory in use.
PERFORMANCE: 120000  averaging 144.608 ns/day, 0.00119496 sec/step with standard deviation 4.56183e-06
ENERGY:  120000       436.5024      1137.3344      1116.3022        67.7538        -114155.6545      9616.5231         0.0000         0.0000     18409.6606         -83371.5780       299.2832   -101781.2386    -83035.5738       301.4871           -153.8365      -156.5512    300665.9869        70.7115        70.3336

TIMING: 125000  CPU: 149.149, 0.00119765/step  Wall: 149.511, 0.00120146/step, 143.825 ns/days, 0.125153 hours remaining, 0.000000 MB of memory in use.
PERFORMANCE: 125000  averaging 144.576 ns/day, 0.00119522 sec/step with standard deviation 4.65146e-06
ENERGY:  125000       451.6725      1152.8325      1111.4176        62.3806        -113705.0358      9754.4684         0.0000         0.0000     18561.1218         -82611.1424       301.7455   -101172.2642    -83010.4518       301.5398           -133.8406      -130.9051    301591.3037        51.5813        51.6119

TIMING: 130000  CPU: 155.102, 0.00119061/step  Wall: 155.482, 0.00119428/step, 144.69 ns/days, 0.122745 hours remaining, 0.000000 MB of memory in use.
PERFORMANCE: 130000  averaging 144.58 ns/day, 0.00119518 sec/step with standard deviation 4.56124e-06
ENERGY:  130000       441.4510      1122.2016      1112.5919        76.2507        -113477.5138      9345.6267         0.0000         0.0000     18663.7029         -82715.6890       303.4132   -101379.3919    -82992.1506       301.6844           -330.2749      -328.9587    301030.5357        50.1099        50.3367

TIMING: 135000  CPU: 161.051, 0.0011897/step  Wall: 161.45, 0.00119352/step, 144.782 ns/days, 0.12101 hours remaining, 0.000000 MB of memory in use.
PERFORMANCE: 135000  averaging 144.588 ns/day, 0.00119512 sec/step with standard deviation 4.48409e-06
ENERGY:  135000       423.5581      1117.8333      1130.0694        77.7430        -114443.2435     10034.6972         0.0000         0.0000     18520.7916         -83138.5508       301.0899   -101659.3424    -83017.8756       301.5675            315.6250       312.3338    299884.0329        58.6362        58.7267

TIMING: 140000  CPU: 167.027, 0.0011952/step  Wall: 167.444, 0.00119881/step, 144.143 ns/days, 0.119881 hours remaining, 0.000000 MB of memory in use.
PERFORMANCE: 140000  averaging 144.572 ns/day, 0.00119525 sec/step with standard deviation 4.45524e-06
ENERGY:  140000       445.6007      1136.2860      1122.7231        72.2517        -113577.5885      9547.0254         0.0000         0.0000     18519.3547         -82734.3470       301.0665   -101253.7017    -83013.1988       301.5057           -211.2295      -203.4167    301246.7550        43.3976        43.9066

TIMING: 145000  CPU: 172.979, 0.00119047/step  Wall: 173.415, 0.00119426/step, 144.692 ns/days, 0.117767 hours remaining, 0.000000 MB of memory in use.
PERFORMANCE: 145000  averaging 144.576 ns/day, 0.00119522 sec/step with standard deviation 4.37885e-06
ENERGY:  145000       457.3667      1161.6847      1117.2476        75.8716        -114213.6728      9851.4399         0.0000         0.0000     18525.7212         -83024.3410       301.1700   -101550.0622    -82999.0479       301.6635            -29.6408       -28.7550    301498.9587        41.6549        42.2452

TIMING: 150000  CPU: 178.945, 0.00119331/step  Wall: 179.4, 0.00119709/step, 144.35 ns/days, 0.116384 hours remaining, 0.000000 MB of memory in use.
PERFORMANCE: 150000  averaging 144.569 ns/day, 0.00119528 sec/step with standard deviation 4.31622e-06
ETITLE:      TS           BOND          ANGLE          DIHED          IMPRP               ELECT            VDW       BOUNDARY           MISC        KINETIC               TOTAL           TEMP      POTENTIAL       TOTALAVG        TEMPAVG            PRESSURE      GPRESSURE         VOLUME       PRESSAVG      GPRESSAVG

ENERGY:  150000       462.5353      1112.5506      1122.2884        80.3792        -114199.5082      9776.9186         0.0000         0.0000     18543.1330         -83101.7030       301.4531   -101644.8360    -83005.6096       301.7364           -133.4560      -132.7943    300660.4719        32.3784        33.1061

TIMING: 155000  CPU: 184.868, 0.00118455/step  Wall: 185.342, 0.0011884/step, 145.406 ns/days, 0.113888 hours remaining, 0.000000 MB of memory in use.
PERFORMANCE: 155000  averaging 144.595 ns/day, 0.00119506 sec/step with standard deviation 4.42017e-06
ENERGY:  155000       437.1195      1127.9557      1096.4008        70.3679        -114337.7479      9928.3612         0.0000         0.0000     18480.0270         -83197.5158       300.4272   -101677.5428    -83007.6466       301.6118            -15.9826       -13.2927    300935.5067        23.4853        24.4282

TIMING: 160000  CPU: 190.816, 0.00118961/step  Wall: 191.309, 0.00119338/step, 144.799 ns/days, 0.112708 hours remaining, 0.000000 MB of memory in use.
PERFORMANCE: 160000  averaging 144.602 ns/day, 0.00119501 sec/step with standard deviation 4.35846e-06
ENERGY:  160000       418.6079      1110.2798      1130.4079        63.5586        -114324.3164     10060.8227         0.0000         0.0000     18649.6195         -82891.0199       303.1842   -101540.6394    -82990.7487       301.6925            357.6963       360.9265    299484.4986        35.8345        36.8833

TIMING: 165000  CPU: 196.798, 0.00119633/step  Wall: 197.31, 0.00120008/step, 143.99 ns/days, 0.111675 hours remaining, 0.000000 MB of memory in use.
PERFORMANCE: 165000  averaging 144.583 ns/day, 0.00119516 sec/step with standard deviation 4.37998e-06
ENERGY:  165000       429.8724      1117.6984      1113.1733        73.2942        -114196.5161      9803.6041         0.0000         0.0000     18583.2995         -83075.5741       302.1060   -101658.8736    -82973.9392       301.8239           -264.1606      -264.9271    302163.7557        18.2886        19.0778

TIMING: 170000  CPU: 202.764, 0.00119324/step  Wall: 203.295, 0.00119708/step, 144.351 ns/days, 0.109732 hours remaining, 0.000000 MB of memory in use.
PERFORMANCE: 170000  averaging 144.576 ns/day, 0.00119522 sec/step with standard deviation 4.32565e-06
ENERGY:  170000       433.2835      1123.6480      1150.7642        77.6959        -114233.1779      9899.9077         0.0000         0.0000     18606.6206         -82941.2581       302.4852   -101547.8787    -82972.4198       301.9278            189.9350       193.2603    300900.5535        20.0816        21.1034

TIMING: 175000  CPU: 208.714, 0.00119007/step  Wall: 209.264, 0.00119382/step, 144.746 ns/days, 0.107775 hours remaining, 0.000000 MB of memory in use.
PERFORMANCE: 175000  averaging 144.581 ns/day, 0.00119518 sec/step with standard deviation 4.26813e-06
ENERGY:  175000       449.5270      1124.8977      1117.4750        68.5146        -114269.7724      9867.5716         0.0000         0.0000     18704.8318         -82936.9548       304.0818   -101641.7865    -82972.7873       301.9688            237.0905       230.1138    299459.0127        32.9052        33.5218

TIMING: 180000  CPU: 214.689, 0.00119498/step  Wall: 215.258, 0.00119876/step, 144.148 ns/days, 0.106557 hours remaining, 0.000000 MB of memory in use.
PERFORMANCE: 180000  averaging 144.569 ns/day, 0.00119528 sec/step with standard deviation 4.24902e-06
ENERGY:  180000       400.6804      1160.4511      1118.2742        66.3099        -113597.7057      9662.7666         0.0000         0.0000     18745.3537         -82443.8699       304.7405   -101189.2236    -82962.0938       301.9858            101.0277        99.3134    300939.7394        24.4614        25.2713

TIMING: 185000  CPU: 220.597, 0.00118156/step  Wall: 221.188, 0.00118601/step, 145.699 ns/days, 0.103776 hours remaining, 0.000000 MB of memory in use.
PERFORMANCE: 185000  averaging 144.599 ns/day, 0.00119503 sec/step with standard deviation 4.45794e-06
ENERGY:  185000       435.6685      1078.5514      1117.8158        66.1384        -114119.6716     10005.2408         0.0000         0.0000     18588.9092         -82827.3475       302.1972   -101416.2567    -82951.1715       302.0311            219.3198       216.3604    300727.7445        28.4237        29.0380

TIMING: 190000  CPU: 226.542, 0.00118903/step  Wall: 227.152, 0.00119275/step, 144.876 ns/days, 0.102709 hours remaining, 0.000000 MB of memory in use.
PERFORMANCE: 190000  averaging 144.607 ns/day, 0.00119497 sec/step with standard deviation 4.41279e-06
ENERGY:  190000       442.1705      1104.7829      1124.1575        52.5650        -113839.3013      9674.5130         0.0000         0.0000     18628.3979         -82812.7145       302.8392   -101441.1123    -82934.2695       302.1047            -74.2983       -74.2938    300506.6269        26.1274        26.6856

TIMING: 195000  CPU: 232.488, 0.0011891/step  Wall: 233.116, 0.00119277/step, 144.872 ns/days, 0.101055 hours remaining, 0.000000 MB of memory in use.
PERFORMANCE: 195000  averaging 144.613 ns/day, 0.00119491 sec/step with standard deviation 4.36846e-06
ENERGY:  195000       394.4836      1129.7950      1109.1608        60.7938        -114020.7119      9811.4362         0.0000         0.0000     18813.4020         -82701.6406       305.8468   -101515.0426    -82924.7996       302.3341            155.2489       158.1243    300776.4602        38.8305        39.6015

TIMING: 200000  CPU: 238.457, 0.00119377/step  Wall: 239.105, 0.00119791/step, 144.251 ns/days, 0.0998259 hours remaining, 0.000000 MB of memory in use.
PERFORMANCE: 200000  averaging 144.604 ns/day, 0.00119498 sec/step with standard deviation 4.33813e-06
ETITLE:      TS           BOND          ANGLE          DIHED          IMPRP               ELECT            VDW       BOUNDARY           MISC        KINETIC               TOTAL           TEMP      POTENTIAL       TOTALAVG        TEMPAVG            PRESSURE      GPRESSURE         VOLUME       PRESSAVG      GPRESSAVG

ENERGY:  200000       453.2943      1102.2906      1124.6808        67.6859        -113920.4548      9715.3676         0.0000         0.0000     18590.4850         -82866.6508       302.2229   -101457.1358    -82912.5779       302.3948            -52.5164       -54.5027    300431.0756        19.3840        19.9349

TIMING: 205000  CPU: 244.437, 0.00119609/step  Wall: 245.111, 0.00120107/step, 143.871 ns/days, 0.0984213 hours remaining, 0.000000 MB of memory in use.
PERFORMANCE: 205000  averaging 144.586 ns/day, 0.00119513 sec/step with standard deviation 4.38782e-06
ENERGY:  205000       401.3998      1108.2194      1134.7457        75.9295        -113858.2827      9659.3562         0.0000         0.0000     18577.0218         -82901.6102       302.0040   -101478.6321    -82905.4794       302.3997           -162.5298      -159.3501    301469.2513         5.6681         6.1903

TIMING: 210000  CPU: 250.365, 0.00118553/step  Wall: 251.056, 0.00118909/step, 145.321 ns/days, 0.0957877 hours remaining, 0.000000 MB of memory in use.
PERFORMANCE: 210000  averaging 144.604 ns/day, 0.00119499 sec/step with standard deviation 4.4332e-06
ENERGY:  210000       418.6439      1120.9669      1130.2493        74.4637        -114027.4746      9872.1508         0.0000         0.0000     18577.0112         -82833.9888       302.0038   -101411.0000    -82907.0836       302.2759            195.0497       192.9677    299677.8292        22.8099        23.1450

TIMING: 215000  CPU: 256.327, 0.00119241/step  Wall: 257.038, 0.0011963/step, 144.445 ns/days, 0.0947074 hours remaining, 0.000000 MB of memory in use.
PERFORMANCE: 215000  averaging 144.6 ns/day, 0.00119502 sec/step with standard deviation 4.38469e-06
ENERGY:  215000       433.8483      1117.0345      1121.5702        63.6709        -114331.0272      9879.5315         0.0000         0.0000     18589.3208         -83126.0510       302.2039   -101715.3718    -82912.6774       302.2782            204.8894       203.6398    299668.0280        20.7058        20.9646

TIMING: 220000  CPU: 262.263, 0.00118716/step  Wall: 262.991, 0.00119075/step, 145.119 ns/days, 0.0926135 hours remaining, 0.000000 MB of memory in use.
PERFORMANCE: 220000  averaging 144.612 ns/day, 0.00119492 sec/step with standard deviation 4.38106e-06
ENERGY:  220000       421.3045      1132.6127      1124.8834        82.6997        -114204.6598      9859.0816         0.0000         0.0000     18559.4013         -83024.6766       301.7175   -101584.0779    -82895.3323       302.3999             38.3777        40.4472    301263.4766        30.3165        30.8145

TIMING: 225000  CPU: 268.201, 0.00118767/step  Wall: 268.948, 0.0011913/step, 145.052 ns/days, 0.0910021 hours remaining, 0.000000 MB of memory in use.
PERFORMANCE: 225000  averaging 144.622 ns/day, 0.00119484 sec/step with standard deviation 4.36451e-06
ENERGY:  225000       432.9354      1128.3416      1109.5325        63.0853        -113902.2016      9589.4943         0.0000         0.0000     18638.3160         -82940.4965       303.0004   -101578.8125    -82911.8000       302.4627           -227.5458      -226.3757    300513.0210        25.6313        26.0410

TIMING: 230000  CPU: 274.181, 0.00119598/step  Wall: 274.947, 0.0011998/step, 144.024 ns/days, 0.0899853 hours remaining, 0.000000 MB of memory in use.
PERFORMANCE: 230000  averaging 144.609 ns/day, 0.00119495 sec/step with standard deviation 4.3773e-06
ENERGY:  230000       424.1944      1114.5840      1128.7251        69.0317        -114346.5059     10029.4274         0.0000         0.0000     18421.1616         -83159.3817       299.4702   -101580.5433    -82933.9846       302.2655            251.7233       250.4580    300257.6188        54.7312        55.0118

TIMING: 235000  CPU: 280.159, 0.00119572/step  Wall: 280.945, 0.00119967/step, 144.04 ns/days, 0.0883087 hours remaining, 0.000000 MB of memory in use.
PERFORMANCE: 235000  averaging 144.596 ns/day, 0.00119505 sec/step with standard deviation 4.38375e-06
ENERGY:  235000       427.4723      1153.0828      1118.7193        78.5181        -114143.1814      9924.7579         0.0000         0.0000     18455.9517         -82984.6792       300.0358   -101440.6309    -82926.2911       302.2128            186.3170       188.9677    300010.6885        48.2658        48.8435

TIMING: 240000  CPU: 286.099, 0.00118796/step  Wall: 286.904, 0.00119181/step, 144.989 ns/days, 0.0860754 hours remaining, 0.000000 MB of memory in use.
PERFORMANCE: 240000  averaging 144.605 ns/day, 0.00119498 sec/step with standard deviation 4.36197e-06
ENERGY:  240000       416.4949      1118.3993      1109.7308        70.4064        -113912.7084      9734.5670         0.0000         0.0000     18689.9619         -82773.1482       303.8400   -101463.1101    -82928.2311       302.3515            121.3474       122.2724    299941.0658        64.8946        65.1280

TIMING: 245000  CPU: 292.079, 0.00119589/step  Wall: 292.902, 0.00119962/step, 144.046 ns/days, 0.0849731 hours remaining, 0.000000 MB of memory in use.
PERFORMANCE: 245000  averaging 144.593 ns/day, 0.00119508 sec/step with standard deviation 4.36684e-06
ENERGY:  245000       417.6804      1132.8304      1135.4315        66.3228        -114067.6923      9938.4295         0.0000         0.0000     18559.1236         -82817.8741       301.7130   -101376.9976    -82917.9078       302.3786            113.0791       110.3702    302293.1009        72.0306        72.0843

TIMING: 250000  CPU: 298.012, 0.00118664/step  Wall: 298.854, 0.00119031/step, 145.172 ns/days, 0.0826604 hours remaining, 0.000000 MB of memory in use.
PERFORMANCE: 250000  averaging 144.605 ns/day, 0.00119498 sec/step with standard deviation 4.37434e-06
ETITLE:      TS           BOND          ANGLE          DIHED          IMPRP               ELECT            VDW       BOUNDARY           MISC        KINETIC               TOTAL           TEMP      POTENTIAL       TOTALAVG        TEMPAVG            PRESSURE      GPRESSURE         VOLUME       PRESSAVG      GPRESSAVG

ENERGY:  250000       425.5086      1166.4838      1105.3172        64.5943        -114248.2516      9865.7280         0.0000         0.0000     18639.1042         -82981.5155       303.0133   -101620.6197    -82911.8984       302.4567            -73.4972       -75.2883    300547.7434        75.0285        74.9596

TIMING: 255000  CPU: 303.959, 0.00118933/step  Wall: 304.821, 0.00119336/step, 144.802 ns/days, 0.0812145 hours remaining, 0.000000 MB of memory in use.
PERFORMANCE: 255000  averaging 144.609 ns/day, 0.00119495 sec/step with standard deviation 4.33636e-06
ENERGY:  255000       429.2413      1170.5679      1137.8146        68.3602        -114084.7834      9731.9573         0.0000         0.0000     18746.3746         -82800.4676       304.7571   -101546.8421    -82892.0460       302.6732           -146.8051      -149.1557    301177.6796        68.4874        68.1664

TIMING: 260000  CPU: 309.901, 0.00118844/step  Wall: 310.781, 0.0011921/step, 144.954 ns/days, 0.0794736 hours remaining, 0.000000 MB of memory in use.
PERFORMANCE: 260000  averaging 144.615 ns/day, 0.0011949 sec/step with standard deviation 4.31174e-06
ENERGY:  260000       417.4018      1073.0103      1118.9289        71.2275        -114178.5902      9711.3882         0.0000         0.0000     18538.9905         -83247.6430       301.3857   -101786.6335    -82909.8771       302.5832             -6.5280       -11.4205    299480.0860        50.2762        49.5491

TIMING: 265000  CPU: 315.913, 0.0012025/step  Wall: 316.813, 0.00120639/step, 143.238 ns/days, 0.0787502 hours remaining, 0.000000 MB of memory in use.
PERFORMANCE: 265000  averaging 144.589 ns/day, 0.00119511 sec/step with standard deviation 4.55245e-06
ENERGY:  265000       454.5772      1128.2673      1115.4697        74.8322        -114040.2571      9644.7507         0.0000         0.0000     18602.3438         -83020.0162       302.4157   -101622.3600    -82907.0992       302.5987           -148.8568      -142.8340    301305.5653        56.0414        55.6537

TIMING: 270000  CPU: 321.88, 0.00119344/step  Wall: 322.8, 0.0011973/step, 144.324 ns/days, 0.0764944 hours remaining, 0.000000 MB of memory in use.
PERFORMANCE: 270000  averaging 144.584 ns/day, 0.00119515 sec/step with standard deviation 4.51915e-06
ENERGY:  270000       421.6687      1102.1005      1116.0239        73.7383        -114037.7785      9807.4780         0.0000         0.0000     18544.6348         -82972.1344       301.4775   -101516.7691    -82908.6430       302.5483            -73.8291       -72.1582    301451.1483        42.8532        42.3828

TIMING: 275000  CPU: 327.824, 0.00118864/step  Wall: 328.761, 0.0011923/step, 144.93 ns/days, 0.0745185 hours remaining, 0.000000 MB of memory in use.
PERFORMANCE: 275000  averaging 144.59 ns/day, 0.0011951 sec/step with standard deviation 4.49365e-06
ENERGY:  275000       435.5917      1175.5931      1116.1839        61.6439        -114376.1654      9855.3035         0.0000         0.0000     18682.5013         -83049.3480       303.7188   -101731.8493    -82914.2627       302.5302             -5.9763         0.3365    300160.2775        30.6999        30.8939

TIMING: 280000  CPU: 333.78, 0.00119125/step  Wall: 334.739, 0.00119556/step, 144.534 ns/days, 0.0730622 hours remaining, 0.000000 MB of memory in use.
PERFORMANCE: 280000  averaging 144.589 ns/day, 0.00119511 sec/step with standard deviation 4.45304e-06
ENERGY:  280000       419.4605      1155.2273      1125.0191        70.3526        -114305.8830      9908.5959         0.0000         0.0000     18566.6639         -83060.5637       301.8356   -101627.2276    -82945.0974       302.3849            203.7263       204.3870    299852.7814        35.8348        36.1476

TIMING: 285000  CPU: 339.729, 0.00118975/step  Wall: 340.714, 0.00119504/step, 144.598 ns/days, 0.0713703 hours remaining, 0.000000 MB of memory in use.
PERFORMANCE: 285000  averaging 144.589 ns/day, 0.00119511 sec/step with standard deviation 4.41311e-06
ENERGY:  285000       436.7956      1114.0575      1113.1234        75.6056        -113927.7644      9728.4273         0.0000         0.0000     18585.2482         -82874.5067       302.1377   -101459.7550    -82947.4554       302.3819            -88.1917       -90.9053    300809.5541        20.4592        20.7843

TIMING: 290000  CPU: 345.666, 0.00118742/step  Wall: 346.674, 0.00119193/step, 144.974 ns/days, 0.0695295 hours remaining, 0.000000 MB of memory in use.
PERFORMANCE: 290000  averaging 144.596 ns/day, 0.00119505 sec/step with standard deviation 4.39404e-06
ENERGY:  290000       395.3824      1130.8827      1134.0346        75.4401        -113841.8247      9703.5575         0.0000         0.0000     18660.2680         -82742.2595       303.3573   -101402.5276    -82943.9326       302.4079             98.7854       101.4569    299552.8589        29.1134        29.5719

TIMING: 295000  CPU: 351.621, 0.00119115/step  Wall: 352.649, 0.00119502/step, 144.6 ns/days, 0.0680498 hours remaining, 0.000000 MB of memory in use.
PERFORMANCE: 295000  averaging 144.596 ns/day, 0.00119505 sec/step with standard deviation 4.356e-06
ENERGY:  295000       439.8557      1111.2643      1120.5317        64.5634        -113938.8861      9781.7366         0.0000         0.0000     18618.9088         -82802.0256       302.6849   -101420.9343    -82948.9519       302.2498            -79.6605       -77.9440    302337.3440        17.3679        17.7684

TIMING: 300000  CPU: 357.592, 0.00119418/step  Wall: 358.639, 0.00119802/step, 144.238 ns/days, 0.0665565 hours remaining, 0.000000 MB of memory in use.
PERFORMANCE: 300000  averaging 144.59 ns/day, 0.0011951 sec/step with standard deviation 4.33584e-06
ETITLE:      TS           BOND          ANGLE          DIHED          IMPRP               ELECT            VDW       BOUNDARY           MISC        KINETIC               TOTAL           TEMP      POTENTIAL       TOTALAVG        TEMPAVG            PRESSURE      GPRESSURE         VOLUME       PRESSAVG      GPRESSAVG

ENERGY:  300000       439.8527      1130.4100      1136.9791        78.0353        -114216.2400      9763.7144         0.0000         0.0000     18621.3730         -83045.8757       302.7250   -101667.2487    -82957.9131       302.2749           -229.9011      -224.7105    302508.3289         8.4987         9.2581

TIMING: 305000  CPU: 363.578, 0.0011971/step  Wall: 364.644, 0.0012011/step, 143.869 ns/days, 0.0650593 hours remaining, 0.000000 MB of memory in use.
PERFORMANCE: 305000  averaging 144.578 ns/day, 0.0011952 sec/step with standard deviation 4.3675e-06
ENERGY:  305000       450.7068      1118.8946      1145.8599        85.8740        -114234.6095      9948.5968         0.0000         0.0000     18374.2376         -83110.4398       298.7074   -101484.6774    -82968.3546       302.1100             43.8521        45.7163    300297.7663        18.8178        19.5114

TIMING: 310000  CPU: 369.526, 0.00118956/step  Wall: 370.611, 0.00119324/step, 144.815 ns/days, 0.0629768 hours remaining, 0.000000 MB of memory in use.
PERFORMANCE: 310000  averaging 144.582 ns/day, 0.00119517 sec/step with standard deviation 4.33867e-06
ENERGY:  310000       454.4459      1099.4698      1130.5859        73.0360        -114219.1215      9833.2853         0.0000         0.0000     18700.4631         -82927.8356       304.0108   -101628.2986    -82973.0469       302.2104            -29.3178       -23.3197    300880.9585         7.5994         8.6970

TIMING: 315000  CPU: 375.49, 0.00119279/step  Wall: 376.593, 0.0011965/step, 144.422 ns/days, 0.0614867 hours remaining, 0.000000 MB of memory in use.
PERFORMANCE: 315000  averaging 144.58 ns/day, 0.00119519 sec/step with standard deviation 4.30679e-06
ENERGY:  315000       432.3635      1140.1957      1118.8920        66.5401        -113946.1339      9685.6969         0.0000         0.0000     18661.2103         -82841.2355       303.3726   -101502.4457    -82958.8061       302.2688           -190.0364      -189.3594    300706.5455       -12.1469       -10.9530

TIMING: 320000  CPU: 381.442, 0.00119039/step  Wall: 382.564, 0.00119417/step, 144.703 ns/days, 0.0597084 hours remaining, 0.000000 MB of memory in use.
PERFORMANCE: 320000  averaging 144.581 ns/day, 0.00119517 sec/step with standard deviation 4.27438e-06
ENERGY:  320000       427.6707      1105.2074      1117.3915        70.1333        -114062.1433      9901.5412         0.0000         0.0000     18491.1416         -82949.0575       300.6079   -101440.1991    -82955.0252       302.2133             77.3984        80.5198    301984.1766       -10.1958        -8.9493

TIMING: 325000  CPU: 387.391, 0.0011898/step  Wall: 388.532, 0.00119357/step, 144.775 ns/days, 0.0580209 hours remaining, 0.000000 MB of memory in use.
PERFORMANCE: 325000  averaging 144.584 ns/day, 0.00119515 sec/step with standard deviation 4.2455e-06
ENERGY:  325000       426.4116      1169.8321      1128.5286        72.0202        -113858.8084      9609.7526         0.0000         0.0000     18555.1062         -82897.1572       301.6477   -101452.2634    -82952.8582       302.1457           -205.9754      -204.2305    302428.8433        -9.1173        -7.8421

TIMING: 330000  CPU: 393.359, 0.00119379/step  Wall: 394.522, 0.00119794/step, 144.248 ns/days, 0.0565693 hours remaining, 0.000000 MB of memory in use.
PERFORMANCE: 330000  averaging 144.579 ns/day, 0.00119519 sec/step with standard deviation 4.22669e-06
ENERGY:  330000       429.4006      1090.4062      1114.4555        63.4779        -114439.8939     10022.9535         0.0000         0.0000     18654.3862         -83064.8142       303.2617   -101719.2003    -82948.1298       302.3353            193.3237       196.8530    300768.6420       -12.0373       -10.5223

TIMING: 335000  CPU: 399.345, 0.00119701/step  Wall: 400.525, 0.00120063/step, 143.925 ns/days, 0.0550288 hours remaining, 0.000000 MB of memory in use.
PERFORMANCE: 335000  averaging 144.57 ns/day, 0.00119527 sec/step with standard deviation 4.24682e-06
ENERGY:  335000       478.5878      1126.3238      1156.8236        74.1331        -113957.9158      9630.2969         0.0000         0.0000     18671.5309         -82820.2196       303.5404   -101491.7505    -82939.9069       302.5105           -218.3389      -216.8948    300266.5598       -32.2701       -30.8154

TIMING: 340000  CPU: 405.335, 0.00119814/step  Wall: 406.536, 0.00120218/step, 143.738 ns/days, 0.0534304 hours remaining, 0.000000 MB of memory in use.
PERFORMANCE: 340000  averaging 144.557 ns/day, 0.00119537 sec/step with standard deviation 4.29754e-06
ENERGY:  340000       458.8591      1069.3958      1130.3343        69.1607        -113992.6755      9717.5381         0.0000         0.0000     18533.1117         -83014.2760       301.2902   -101547.3876    -82951.9633       302.3830           -230.3774      -227.5546    301630.5026       -49.8563       -48.3068

TIMING: 345000  CPU: 411.263, 0.00118558/step  Wall: 412.482, 0.00118929/step, 145.297 ns/days, 0.0512054 hours remaining, 0.000000 MB of memory in use.
PERFORMANCE: 345000  averaging 144.568 ns/day, 0.00119529 sec/step with standard deviation 4.32831e-06
ENERGY:  345000       448.1555      1109.2513      1123.7069        78.8957        -114156.4437      9739.2496         0.0000         0.0000     18581.6759         -83075.5086       302.0797   -101657.1845    -82964.8450       302.4013            -69.0088       -69.4830    300811.0994       -58.9607       -57.2995

TIMING: 350000  CPU: 417.221, 0.00119165/step  Wall: 418.459, 0.00119543/step, 144.551 ns/days, 0.0498096 hours remaining, 0.000000 MB of memory in use.
PERFORMANCE: 350000  averaging 144.568 ns/day, 0.00119529 sec/step with standard deviation 4.29687e-06
ETITLE:      TS           BOND          ANGLE          DIHED          IMPRP               ELECT            VDW       BOUNDARY           MISC        KINETIC               TOTAL           TEMP      POTENTIAL       TOTALAVG        TEMPAVG            PRESSURE      GPRESSURE         VOLUME       PRESSAVG      GPRESSAVG

ENERGY:  350000       432.3347      1131.7645      1124.1761        69.0087        -114221.0084      9740.6011         0.0000         0.0000     18682.0979         -83041.0255       303.7122   -101723.1233    -82967.8205       302.4363           -120.0416      -126.4103    300737.1446       -61.2879       -59.8556

TIMING: 355000  CPU: 423.178, 0.00119122/step  Wall: 424.435, 0.00119507/step, 144.595 ns/days, 0.0481346 hours remaining, 0.000000 MB of memory in use.
PERFORMANCE: 355000  averaging 144.568 ns/day, 0.00119529 sec/step with standard deviation 4.26614e-06
ENERGY:  355000       456.8780      1148.5289      1120.3607        66.1004        -114596.2673     10044.0249         0.0000         0.0000     18504.8817         -83255.4927       300.8312   -101760.3744    -82990.5717       302.2400            229.2280       225.8475    299312.8412       -42.4863       -41.1054

TIMING: 360000  CPU: 429.109, 0.00118626/step  Wall: 430.385, 0.00119001/step, 145.208 ns/days, 0.0462784 hours remaining, 0.000000 MB of memory in use.
PERFORMANCE: 360000  averaging 144.577 ns/day, 0.00119521 sec/step with standard deviation 4.28129e-06
ENERGY:  360000       422.8482      1140.8497      1141.1923        76.3924        -113702.1827      9551.0688         0.0000         0.0000     18492.4467         -82877.3846       300.6291   -101369.8313    -82972.0588       302.2022           -307.9124      -306.0565    301965.8961       -57.5555       -55.8372

TIMING: 365000  CPU: 435.064, 0.00119095/step  Wall: 436.358, 0.00119471/step, 144.638 ns/days, 0.0448016 hours remaining, 0.000000 MB of memory in use.
PERFORMANCE: 365000  averaging 144.578 ns/day, 0.0011952 sec/step with standard deviation 4.25186e-06
ENERGY:  365000       458.7877      1142.8988      1092.0465        69.3140        -114333.1843      9998.9253         0.0000         0.0000     18447.2583         -83123.9536       299.8944   -101571.2119    -82977.2557       302.0761            -20.8494       -25.0678    301018.6802       -51.1551       -49.9489

TIMING: 370000  CPU: 441.015, 0.00119026/step  Wall: 442.328, 0.001194/step, 144.723 ns/days, 0.0431167 hours remaining, 0.000000 MB of memory in use.
PERFORMANCE: 370000  averaging 144.58 ns/day, 0.00119519 sec/step with standard deviation 4.22495e-06
ENERGY:  370000       382.9496      1095.4601      1139.1586        75.5034        -114366.9422      9893.1960         0.0000         0.0000     18521.3237         -83259.3507       301.0985   -101780.6744    -82991.6165       302.0572             15.7197        16.1344    300515.3325       -46.6777       -45.5343

TIMING: 375000  CPU: 446.944, 0.0011858/step  Wall: 448.276, 0.00118961/step, 145.257 ns/days, 0.0413061 hours remaining, 0.000000 MB of memory in use.
PERFORMANCE: 375000  averaging 144.589 ns/day, 0.00119511 sec/step with standard deviation 4.24538e-06
ENERGY:  375000       452.1684      1082.9461      1149.8965        79.3401        -114390.7567      9923.1231         0.0000         0.0000     18657.0231         -83046.2593       303.3046   -101703.2824    -82991.4621       302.0364             99.3574       101.3393    301296.1997       -41.4110       -40.4841

TIMING: 380000  CPU: 452.916, 0.00119435/step  Wall: 454.267, 0.00119819/step, 144.217 ns/days, 0.0399397 hours remaining, 0.000000 MB of memory in use.
PERFORMANCE: 380000  averaging 144.584 ns/day, 0.00119515 sec/step with standard deviation 4.23173e-06
ENERGY:  380000       415.8552      1146.5438      1128.0578        79.3146        -113940.1214      9607.4560         0.0000         0.0000     18641.4844         -82921.4095       303.0520   -101562.8939    -82984.5044       302.0973           -174.4007      -178.4087    300786.3590       -60.3174       -59.6239

TIMING: 385000  CPU: 458.859, 0.00118865/step  Wall: 460.229, 0.00119242/step, 144.916 ns/days, 0.0380911 hours remaining, 0.000000 MB of memory in use.
PERFORMANCE: 385000  averaging 144.588 ns/day, 0.00119512 sec/step with standard deviation 4.21536e-06
ENERGY:  385000       440.7622      1167.9119      1121.6392        71.7020        -114025.7059      9641.7718         0.0000         0.0000     18501.9195         -83079.9994       300.7831   -101581.9189    -82994.7790       302.0295           -115.5823      -113.8732    300294.4072       -61.6869       -60.7723

TIMING: 390000  CPU: 464.771, 0.0011824/step  Wall: 466.16, 0.00118616/step, 145.681 ns/days, 0.0362437 hours remaining, 0.000000 MB of memory in use.
PERFORMANCE: 390000  averaging 144.602 ns/day, 0.001195 sec/step with standard deviation 4.30911e-06
ENERGY:  390000       398.6100      1097.5730      1112.9027        83.5252        -114009.0687      9886.5825         0.0000         0.0000     18550.6244         -82879.2509       301.5749   -101429.8753    -83001.6286       301.9404            181.9738       182.5068    300919.2903       -57.5275       -56.7198

TIMING: 395000  CPU: 470.691, 0.00118404/step  Wall: 472.101, 0.00118811/step, 145.441 ns/days, 0.0346532 hours remaining, 0.000000 MB of memory in use.
PERFORMANCE: 395000  averaging 144.613 ns/day, 0.00119492 sec/step with standard deviation 4.35112e-06
ENERGY:  395000       458.9989      1131.3294      1106.1034        69.6494        -113822.9823      9610.6767         0.0000         0.0000     18659.8481         -82786.3764       303.3505   -101446.2246    -83000.8461       301.9737           -183.8114      -181.9232    299504.2529       -62.7350       -61.9188

TIMING: 400000  CPU: 476.645, 0.00119082/step  Wall: 478.074, 0.00119461/step, 144.65 ns/days, 0.0331836 hours remaining, 0.000000 MB of memory in use.
PERFORMANCE: 400000  averaging 144.613 ns/day, 0.00119491 sec/step with standard deviation 4.32363e-06
ETITLE:      TS           BOND          ANGLE          DIHED          IMPRP               ELECT            VDW       BOUNDARY           MISC        KINETIC               TOTAL           TEMP      POTENTIAL       TOTALAVG        TEMPAVG            PRESSURE      GPRESSURE         VOLUME       PRESSAVG      GPRESSAVG

ENERGY:  400000       419.6700      1137.5121      1118.9451        70.5974        -114160.6383      9907.1630         0.0000         0.0000     18373.6451         -83133.1056       298.6977   -101506.7507    -83005.2076       301.7723            234.3450       230.8515    300954.5873       -39.5227       -39.1407

TIMING: 405000  CPU: 482.627, 0.00119629/step  Wall: 484.074, 0.00120012/step, 143.986 ns/days, 0.0316697 hours remaining, 0.000000 MB of memory in use.
PERFORMANCE: 405000  averaging 144.605 ns/day, 0.00119498 sec/step with standard deviation 4.33525e-06
ENERGY:  405000       446.1832      1133.6630      1088.9017        74.0144        -114168.8629      9934.7223         0.0000         0.0000     18630.8814         -82860.4968       302.8796   -101491.3782    -82992.7105       301.9809            125.3242       122.7165    300394.4034       -35.4491       -35.2907

TIMING: 410000  CPU: 488.605, 0.00119571/step  Wall: 490.071, 0.00119942/step, 144.069 ns/days, 0.0299856 hours remaining, 0.000000 MB of memory in use.
PERFORMANCE: 410000  averaging 144.599 ns/day, 0.00119503 sec/step with standard deviation 4.33628e-06
ENERGY:  410000       446.9229      1095.7848      1124.6466        71.6282        -114134.1721      9889.2551         0.0000         0.0000     18599.6945         -82906.2400       302.3726   -101505.9344    -82991.6307       301.8990            -72.9982       -75.1546    301620.5444       -37.6331       -37.8824

TIMING: 415000  CPU: 494.56, 0.00119103/step  Wall: 496.045, 0.00119481/step, 144.626 ns/days, 0.0282107 hours remaining, 0.000000 MB of memory in use.
PERFORMANCE: 415000  averaging 144.599 ns/day, 0.00119503 sec/step with standard deviation 4.30983e-06
ENERGY:  415000       419.8207      1110.8794      1131.4879        60.7694        -114406.6788      9926.9196         0.0000         0.0000     18466.1948         -83290.6070       300.2023   -101756.8019    -83014.0993       301.7405            245.1721       245.3030    299252.9822       -15.8727       -16.1493

TIMING: 420000  CPU: 500.51, 0.00118995/step  Wall: 502.014, 0.00119378/step, 144.751 ns/days, 0.0265284 hours remaining, 0.000000 MB of memory in use.
PERFORMANCE: 420000  averaging 144.601 ns/day, 0.00119501 sec/step with standard deviation 4.28596e-06
ENERGY:  420000       421.8100      1100.3753      1117.9525        77.0966        -113636.0871      9549.6191         0.0000         0.0000     18667.2314         -82702.0022       303.4705   -101369.2336    -83001.7465       301.8836           -159.7384      -165.4474    301079.9973       -27.7295       -28.4476

TIMING: 425000  CPU: 506.479, 0.00119384/step  Wall: 508.002, 0.00119751/step, 144.3 ns/days, 0.0249481 hours remaining, 0.000000 MB of memory in use.
PERFORMANCE: 425000  averaging 144.597 ns/day, 0.00119504 sec/step with standard deviation 4.26894e-06
ENERGY:  425000       420.4398      1077.3406      1112.2160        75.9898        -114127.9823      9891.7872         0.0000         0.0000     18437.9744         -83112.2345       299.7435   -101550.2090    -83012.5004       301.7884            -20.8630       -22.0943    301566.0742       -18.4739       -19.3408

TIMING: 430000  CPU: 512.44, 0.00119217/step  Wall: 513.982, 0.00119607/step, 144.474 ns/days, 0.0232568 hours remaining, 0.000000 MB of memory in use.
PERFORMANCE: 430000  averaging 144.596 ns/day, 0.00119506 sec/step with standard deviation 4.24519e-06
ENERGY:  430000       425.9975      1105.8885      1119.7108        82.1632        -114343.0520      9990.5512         0.0000         0.0000     18593.0353         -83025.7054       302.2643   -101618.7406    -83010.5449       301.7386            198.3479       196.8424    300862.2631       -18.2227       -19.3414

TIMING: 435000  CPU: 518.379, 0.00118778/step  Wall: 519.94, 0.00119167/step, 145.007 ns/days, 0.0215162 hours remaining, 0.000000 MB of memory in use.
PERFORMANCE: 435000  averaging 144.601 ns/day, 0.00119502 sec/step with standard deviation 4.23603e-06
ENERGY:  435000       384.8074      1131.6083      1135.3105        94.7042        -114053.2556      9775.9114         0.0000         0.0000     18772.2859         -82758.6279       305.1784   -101530.9138    -83007.4653       301.8205            229.1912       224.9913    300306.0165         4.1538         2.7529

TIMING: 440000  CPU: 524.35, 0.00119417/step  Wall: 525.93, 0.00119793/step, 144.249 ns/days, 0.0199655 hours remaining, 0.000000 MB of memory in use.
PERFORMANCE: 440000  averaging 144.597 ns/day, 0.00119505 sec/step with standard deviation 4.22304e-06
ENERGY:  440000       436.5357      1115.7317      1113.9628        75.4552        -113994.3803      9858.3273         0.0000         0.0000     18587.7905         -82806.5770       302.1791   -101394.3676    -82997.0804       301.8649            190.9486       186.6740    300806.2796        25.2201        23.4644

TIMING: 445000  CPU: 530.326, 0.0011952/step  Wall: 531.925, 0.00119904/step, 144.115 ns/days, 0.0183187 hours remaining, 0.000000 MB of memory in use.
PERFORMANCE: 445000  averaging 144.591 ns/day, 0.00119509 sec/step with standard deviation 4.22022e-06
ENERGY:  445000       420.4443      1125.8256      1102.8343        69.3804        -113656.9747      9710.5498         0.0000         0.0000     18674.7169         -82553.2233       303.5922   -101227.9402    -82970.9661       301.9405            -13.1550       -16.3716    301271.2270        28.0128        26.1199

TIMING: 450000  CPU: 536.239, 0.00118267/step  Wall: 537.859, 0.00118669/step, 145.615 ns/days, 0.0164818 hours remaining, 0.000000 MB of memory in use.
PERFORMANCE: 450000  averaging 144.602 ns/day, 0.001195 sec/step with standard deviation 4.28898e-06
ETITLE:      TS           BOND          ANGLE          DIHED          IMPRP               ELECT            VDW       BOUNDARY           MISC        KINETIC               TOTAL           TEMP      POTENTIAL       TOTALAVG        TEMPAVG            PRESSURE      GPRESSURE         VOLUME       PRESSAVG      GPRESSAVG

ENERGY:  450000       395.3635      1136.8706      1125.2716        73.9737        -113738.7493      9573.8223         0.0000         0.0000     18646.4228         -82787.0247       303.1322   -101433.4475    -82958.2661       301.9115            -72.6463       -71.9065    301218.4216        30.3825        28.8451

TIMING: 455000  CPU: 542.194, 0.00119086/step  Wall: 543.833, 0.00119494/step, 144.609 ns/days, 0.0149368 hours remaining, 0.000000 MB of memory in use.
PERFORMANCE: 455000  averaging 144.602 ns/day, 0.001195 sec/step with standard deviation 4.26509e-06
ENERGY:  455000       416.2664      1122.6174      1126.7531        77.1445        -113971.7328      9825.0378         0.0000         0.0000     18679.8731         -82724.0404       303.6760   -101403.9135    -82931.6935       302.0538            250.6652       256.1323    301215.0469        31.4544        30.3594

TIMING: 460000  CPU: 548.155, 0.0011923/step  Wall: 549.813, 0.00119599/step, 144.483 ns/days, 0.0132887 hours remaining, 0.000000 MB of memory in use.
PERFORMANCE: 460000  averaging 144.601 ns/day, 0.00119501 sec/step with standard deviation 4.24284e-06
ENERGY:  460000       430.8185      1120.4951      1111.4657        72.1533        -114328.8240     10054.3755         0.0000         0.0000     18492.2999         -83047.2160       300.6267   -101539.5158    -82940.1850       302.0537            163.3351       161.4702    301022.7142        55.0168        53.7357

TIMING: 465000  CPU: 554.085, 0.00118591/step  Wall: 555.761, 0.00118955/step, 145.264 ns/days, 0.0115651 hours remaining, 0.000000 MB of memory in use.
PERFORMANCE: 465000  averaging 144.608 ns/day, 0.00119495 sec/step with standard deviation 4.25748e-06
ENERGY:  465000       431.1748      1107.3137      1118.2465        66.8892        -113986.3438      9855.9319         0.0000         0.0000     18538.6901         -82868.0976       301.3808   -101406.7877    -82927.3922       302.1280             -3.8846         1.3292    301716.9376        55.8650        55.0556

TIMING: 470000  CPU: 560.052, 0.00119356/step  Wall: 561.748, 0.00119734/step, 144.32 ns/days, 0.00997785 hours remaining, 0.000000 MB of memory in use.
PERFORMANCE: 470000  averaging 144.605 ns/day, 0.00119498 sec/step with standard deviation 4.24169e-06
ENERGY:  470000       387.6502      1148.8556      1119.7823        72.6165        -114169.4777      9779.7922         0.0000         0.0000     18440.7545         -83220.0265       299.7887   -101660.7810    -82925.4260       302.0625            -17.8968       -17.2234    301198.9180        54.1842        53.3877

TIMING: 475000  CPU: 565.97, 0.0011835/step  Wall: 567.684, 0.0011872/step, 145.552 ns/days, 0.00824445 hours remaining, 0.000000 MB of memory in use.
PERFORMANCE: 475000  averaging 144.615 ns/day, 0.0011949 sec/step with standard deviation 4.29385e-06
ENERGY:  475000       439.2511      1135.2201      1110.9409        78.4953        -114427.8286      9879.0625         0.0000         0.0000     18725.1698         -83059.6888       304.4124   -101784.8585    -82926.0975       302.1179            202.5013       202.0053    298543.5412        59.3414        58.4210

TIMING: 480000  CPU: 571.884, 0.00118283/step  Wall: 573.617, 0.00118656/step, 145.631 ns/days, 0.00659199 hours remaining, 0.000000 MB of memory in use.
PERFORMANCE: 480000  averaging 144.626 ns/day, 0.00119481 sec/step with standard deviation 4.35515e-06
ENERGY:  480000       426.7910      1148.7745      1142.1496        69.3332        -114317.1390      9923.2952         0.0000         0.0000     18657.8820         -82948.9134       303.3185   -101606.7954    -82927.4727       302.1312            215.9967       220.9725    300536.7112        78.8613        78.3900

TIMING: 485000  CPU: 577.824, 0.0011879/step  Wall: 579.575, 0.00119173/step, 145 ns/days, 0.00496553 hours remaining, 0.000000 MB of memory in use.
PERFORMANCE: 485000  averaging 144.629 ns/day, 0.00119478 sec/step with standard deviation 4.34369e-06
ENERGY:  485000       433.9905      1110.4776      1105.4070        79.6756        -114018.8789      9727.7692         0.0000         0.0000     18683.0073         -82878.5518       303.7270   -101561.5591    -82917.4003       302.2784           -159.9311      -161.7638    301168.6418        76.6438        75.9955

TIMING: 490000  CPU: 583.77, 0.00118933/step  Wall: 585.541, 0.00119306/step, 144.838 ns/days, 0.00331406 hours remaining, 0.000000 MB of memory in use.
PERFORMANCE: 490000  averaging 144.632 ns/day, 0.00119476 sec/step with standard deviation 4.32472e-06
ENERGY:  490000       413.5806      1132.1627      1109.0517        65.9673        -114073.1935      9906.2887         0.0000         0.0000     18576.6799         -82869.4628       301.9984   -101446.1426    -82916.9109       302.2996            142.5425       144.7490    300902.8735        74.6722        74.1076

TIMING: 495000  CPU: 589.712, 0.00118828/step  Wall: 591.5, 0.00119185/step, 144.985 ns/days, 0.00165535 hours remaining, 0.000000 MB of memory in use.
PERFORMANCE: 495000  averaging 144.635 ns/day, 0.00119473 sec/step with standard deviation 4.31252e-06
ENERGY:  495000       450.9356      1155.4486      1112.9415        71.3564        -113768.3139      9553.0519         0.0000         0.0000     18526.6689         -82897.9110       301.1854   -101424.5800    -82922.4876       302.1913           -120.1476      -121.9669    301137.3132        77.8554        77.1054

TIMING: 500000  CPU: 595.709, 0.00119953/step  Wall: 597.517, 0.00120335/step, 143.599 ns/days, 0 hours remaining, 0.000000 MB of memory in use.
PERFORMANCE: 500000  averaging 144.625 ns/day, 0.00119482 sec/step with standard deviation 4.37642e-06
ETITLE:      TS           BOND          ANGLE          DIHED          IMPRP               ELECT            VDW       BOUNDARY           MISC        KINETIC               TOTAL           TEMP      POTENTIAL       TOTALAVG        TEMPAVG            PRESSURE      GPRESSURE         VOLUME       PRESSAVG      GPRESSAVG

ENERGY:  500000       457.4720      1100.6289      1124.1107        59.8156        -113862.9750      9598.1574         0.0000         0.0000     18562.4605         -82960.3300       301.7673   -101522.7905    -82913.8488       302.3448            -90.4601       -86.9000    299465.0965        61.6152        61.2179

WRITING EXTENDED SYSTEM TO OUTPUT FILE AT STEP 500000
WRITING COORDINATES TO OUTPUT FILE AT STEP 500000
The last position output (seq=-2) takes 0.044 seconds, 0.000 MB of memory in use
WRITING VELOCITIES TO OUTPUT FILE AT STEP 500000
The last velocity output (seq=-2) takes 0.025 seconds, 0.000 MB of memory in use
====================================================

WallClock: 598.113647  CPUTime: 594.183594  Memory: 0.000000 MB
[Partition 0][Node 0] End of program
