Charm++> Running on MPI library: Open MPI v4.1.5a1, package: Open MPI software@d001.sol.rc.asu.edu Distribution, ident: 4.1.5a1, repo rev: v4.1.4-32-g5abd86cc8c, Unreleased developer copy (MPI standard: 3.1)
Charm++> Level of thread support used: MPI_THREAD_FUNNELED (desired: MPI_THREAD_FUNNELED)
Charm++> Running in SMP mode: 1 processes, 45 worker threads (PEs) + 1 comm threads per process, 45 PEs total
Charm++> The comm. thread both sends and receives messages
Charm++> Using recursive bisection (scheme 3) for topology aware partitions
Converse/Charm++ Commit ID: v8.0.1-devel-35-gf310838d5
Charm++ communication thread will sleep due to single-process run.
CharmLB> Load balancer assumes all CPUs are same.
Charm++> cpu affinity enabled. 
Charm++> Running on 1 hosts (2 sockets x 23 cores x 1 PUs = 46-way SMP)
Charm++> cpu topology info is gathered in 0.003 seconds.
Info: Built with CUDA version 12090
Pe 12 physical rank 12 will use CUDA device of pe 32
Pe 16 physical rank 16 will use CUDA device of pe 32
Pe 14 physical rank 14 will use CUDA device of pe 32
Pe 13 physical rank 13 will use CUDA device of pe 32
Pe 19 physical rank 19 will use CUDA device of pe 32
Pe 17 physical rank 17 will use CUDA device of pe 32
Pe 15 physical rank 15 will use CUDA device of pe 32
Pe 8 physical rank 8 will use CUDA device of pe 32
Pe 9 physical rank 9 will use CUDA device of pe 32
Pe 6 physical rank 6 will use CUDA device of pe 32
Pe 10 physical rank 10 will use CUDA device of pe 32
Pe 11 physical rank 11 will use CUDA device of pe 32
Pe 7 physical rank 7 will use CUDA device of pe 32
Pe 22 physical rank 22 will use CUDA device of pe 32
Pe 21 physical rank 21 will use CUDA device of pe 32
Pe 20 physical rank 20 will use CUDA device of pe 32
Pe 18 physical rank 18 will use CUDA device of pe 32
Pe 23 physical rank 23 will use CUDA device of pe 32
Pe 38 physical rank 38 will use CUDA device of pe 32
Pe 37 physical rank 37 will use CUDA device of pe 32
Pe 36 physical rank 36 will use CUDA device of pe 32
Pe 40 physical rank 40 will use CUDA device of pe 32
Pe 39 physical rank 39 will use CUDA device of pe 32
Pe 24 physical rank 24 will use CUDA device of pe 32
Pe 25 physical rank 25 will use CUDA device of pe 32
Pe 28 physical rank 28 will use CUDA device of pe 32
Pe 26 physical rank 26 will use CUDA device of pe 32
Pe 27 physical rank 27 will use CUDA device of pe 32
Pe 29 physical rank 29 will use CUDA device of pe 32
Pe 2 physical rank 2 will use CUDA device of pe 32
Pe 1 physical rank 1 will use CUDA device of pe 32
Pe 3 physical rank 3 will use CUDA device of pe 32
Pe 4 physical rank 4 will use CUDA device of pe 32
Pe 5 physical rank 5 will use CUDA device of pe 32
Pe 41 physical rank 41 will use CUDA device of pe 32
Pe 42 physical rank 42 will use CUDA device of pe 32
Pe 44 physical rank 44 will use CUDA device of pe 32
Pe 0 physical rank 0 will use CUDA device of pe 32
Pe 31 physical rank 31 will use CUDA device of pe 32
Pe 34 physical rank 34 will use CUDA device of pe 32
Pe 30 physical rank 30 will use CUDA device of pe 32
Pe 35 physical rank 35 will use CUDA device of pe 32
Pe 33 physical rank 33 will use CUDA device of pe 32
Pe 43 physical rank 43 will use CUDA device of pe 32
Pe 32 physical rank 32 binding to CUDA device 0 on sg032: 'NVIDIA A100-SXM4-80GB'  Mem: 81152MB  Rev: 8.0  PCI: 0:1:0
CharmLB> Load balancing instrumentation for communication is off.
Info: NAMD 3.1alpha3 for Linux-x86_64-MPI-smp-CUDA
Info: 
Info: Please visit http://www.ks.uiuc.edu/Research/namd/
Info: for updates, documentation, and support information.
Info: 
Info: Please cite Phillips et al., J. Chem. Phys. 153:044130 (2020) doi:10.1063/5.0014475
Info: in all publications reporting results obtained with NAMD.
Info: 
Info: Based on Charm++/Converse 80001 for mpi-linux-x86_64
Info: Built Sat Mar 7 00:53:23 MST 2026 by athiru12 on sg015
Info: 1 NAMD  3.1alpha3  Linux-x86_64-MPI-smp-CUDA  45    sg032  athiru12
Info: Running on 45 processors, 1 nodes, 1 physical nodes.
Info: CPU topology information available.
Info: Charm++/Converse parallel runtime startup completed at 0.327901 s
CkLoopLib is used in SMP with simple dynamic scheduling (converse-level notification)
Info: 0 MB of memory in use based on /proc/self/stat
Info: Configuration file is input/step5_opt_vanilla_run_1.inp
Info: Changed directory to input
TCL: Suspending until startup complete.
Warning: Option "1-4scaling" has been deprecated. Instead use "oneFourScaling".
Info: EXTENDED SYSTEM FILE   ../output/vanilla/performance/equil/1-1-40/run-1/step4_equilibration.xsc
Info: Tuning parameters to improve GPU-resident performance
Info: Setting margin to 4
Warning: The Langevin gamma parameters differ over the particles,
Warning: requiring extra work per step to constrain rigid bonds.
Info: Enabling PMEOffload because PMEInterpOrder > 4.
Info: Running with GPU-resident mode
Warning: Always using force tables for GPU nonbonded kernel due to unsupported config parameters.
Info: SIMULATION PARAMETERS:
Info: TIMESTEP               2
Info: NUMBER OF STEPS        500000
Info: STEPS PER CYCLE        20
Info: PERIODIC CELL BASIS 1  69 0 0
Info: PERIODIC CELL BASIS 2  0 69 0
Info: PERIODIC CELL BASIS 3  0 0 69
Info: PERIODIC CELL CENTER   0 0 0
Info: WRAPPING WATERS AROUND PERIODIC BOUNDARIES ON OUTPUT.
Info: WRAPPING ALL CLUSTERS AROUND PERIODIC BOUNDARIES ON OUTPUT.
Info: LOAD BALANCER  Centralized
Info: LOAD BALANCING STRATEGY  New Load Balancers -- DEFAULT
Info: LDB PERIOD             4000 steps
Info: FIRST LDB TIMESTEP     100
Info: LAST LDB TIMESTEP     -1
Info: LDB BACKGROUND SCALING 1
Info: HOM BACKGROUND SCALING 1
Info: PME BACKGROUND SCALING 1
Info: MIN ATOMS PER PATCH    40
Info: EMPTY PATCH LOAD       40 ATOMS
Info: VELOCITY FILE          ../output/vanilla/performance/equil/1-1-40/run-1/step4_equilibration.vel
Info: CENTER OF MASS MOVING INITIALLY? NO
Info: DIELECTRIC             1
Info: EXCLUDE                SCALED ONE-FOUR
Info: 1-4 ELECTROSTATICS SCALED BY 1
Info: MODIFIED 1-4 VDW PARAMETERS WILL BE USED
Info: NO DCD TRAJECTORY OUTPUT
Info: NO EXTENDED SYSTEM TRAJECTORY OUTPUT
Info: NO VELOCITY DCD OUTPUT
Info: NO FORCE DCD OUTPUT
Info: OUTPUT FILENAME        ../output/vanilla/optimization/prod/1-1-45/run-1/step5_opt_vanilla
Info: BINARY OUTPUT FILES WILL BE USED
Info: NO RESTART FILE
Info: NAMD will save positions and velocities to ../output/vanilla/optimization/prod/1-1-45/run-1/step5_opt_vanilla.crash.csv when  atoms are moving too fast.
Info: SWITCHING ACTIVE
Info: VDW FORCE SWITCHING ACTIVE
Info: SWITCHING ON           10
Info: SWITCHING OFF          12
Info: PAIRLIST DISTANCE      16
Info: PAIRLIST SHRINK RATE   0.01
Info: PAIRLIST GROW RATE     0.01
Info: PAIRLIST TRIGGER       0.3
Info: PAIRLISTS PER CYCLE    2
Info: PAIRLISTS ENABLED
Info: MARGIN                 4
Info: HYDROGEN GROUP CUTOFF  2.5
Info: PATCH DIMENSION        22.5
Info: ENERGY OUTPUT STEPS    5000
Info: ENERGY EVALUATION STEPS    5000
Info: OUTPUT ENERGY PRECISION 4
Info: CROSSTERM ENERGY INCLUDED IN DIHEDRAL
Info: TIMING OUTPUT STEPS    5000
Info: LANGEVIN DYNAMICS ACTIVE
Info: LANGEVIN TEMPERATURE   303.15
Info: LANGEVIN USING BBK INTEGRATOR
Info: LANGEVIN DAMPING COEFFICIENT IS 1 INVERSE PS
Info: LANGEVIN DYNAMICS NOT APPLIED TO HYDROGENS
Info: LANGEVIN PISTON PRESSURE CONTROL ACTIVE
Info:        TARGET PRESSURE IS 1.01325 BAR
Info:     OSCILLATION PERIOD IS 50 FS
Info:             DECAY TIME IS 25 FS
Info:     PISTON TEMPERATURE IS 303.15 K
Info:       PRESSURE CONTROL IS GROUP-BASED
Info:    INITIAL STRAIN RATE IS 0 0 0
Info:       CELL FLUCTUATION IS ISOTROPIC
Info: PARTICLE MESH EWALD (PME) ACTIVE
Info: PME TOLERANCE               1e-06
Info: PME EWALD COEFFICIENT       0.257952
Info: PME INTERPOLATION ORDER     6
Info: PME GRID DIMENSIONS         72 72 72
Info: PME MAXIMUM GRID SPACING    1
Info: PME RECIPROCAL SUM OFFLOADED TO GPU
Info: PME CALCULATION WILL BE PERFORMED ON GPU
Info: FULL ELECTROSTATIC EVALUATION FREQUENCY      1
Info: USING VERLET I (r-RESPA) MTS SCHEME.
Info: C1 SPLITTING OF LONG RANGE ELECTROSTATICS
Info: PLACING ATOMS IN PATCHES BY HYDROGEN GROUPS
Info: RIGID BONDS TO HYDROGEN : ALL
Info:         ERROR TOLERANCE : 1e-08
Info:          MAX ITERATIONS : 100
Info: RIGID WATER USING SETTLE ALGORITHM
Info: RANDOM NUMBER SEED     1773231064
Info: USE HYDROGEN BONDS?    NO
Info: COORDINATE PDB         step3_input.pdb
Info: STRUCTURE FILE         step3_input.psf
Info: PARAMETER file: CHARMM format! 
Info: PARAMETERS             toppar/par_all36m_prot.prm
Info: PARAMETERS             toppar/par_all36_na.prm
Info: PARAMETERS             toppar/par_all36_carb.prm
Info: PARAMETERS             toppar/par_all36_lipid.prm
Info: PARAMETERS             toppar/par_all36_cgenff.prm
Info: PARAMETERS             toppar/par_interface.prm
Info: PARAMETERS             toppar/toppar_all36_moreions.str
Info: PARAMETERS             toppar/toppar_all36_nano_lig.str
Info: PARAMETERS             toppar/toppar_all36_nano_lig_patch.str
Info: PARAMETERS             toppar/toppar_all36_synthetic_polymer.str
Info: PARAMETERS             toppar/toppar_all36_synthetic_polymer_patch.str
Info: PARAMETERS             toppar/toppar_all36_polymer_solvent.str
Info: PARAMETERS             toppar/toppar_water_ions.str
Info: PARAMETERS             toppar/toppar_dum_noble_gases.str
Info: PARAMETERS             toppar/toppar_ions_won.str
Info: PARAMETERS             toppar/cam.str
Info: PARAMETERS             toppar/toppar_all36_prot_arg0.str
Info: PARAMETERS             toppar/toppar_all36_prot_c36m_d_aminoacids.str
Info: PARAMETERS             toppar/toppar_all36_prot_fluoro_alkanes.str
Info: PARAMETERS             toppar/toppar_all36_prot_heme.str
Info: PARAMETERS             toppar/toppar_all36_prot_na_combined.str
Info: PARAMETERS             toppar/toppar_all36_prot_retinol.str
Info: PARAMETERS             toppar/toppar_all36_prot_model.str
Info: PARAMETERS             toppar/toppar_all36_prot_modify_res.str
Info: PARAMETERS             toppar/toppar_all36_na_nad_ppi.str
Info: PARAMETERS             toppar/toppar_all36_na_rna_modified.str
Info: PARAMETERS             toppar/toppar_all36_lipid_sphingo.str
Info: PARAMETERS             toppar/toppar_all36_lipid_archaeal.str
Info: PARAMETERS             toppar/toppar_all36_lipid_bacterial.str
Info: PARAMETERS             toppar/toppar_all36_lipid_cardiolipin.str
Info: PARAMETERS             toppar/toppar_all36_lipid_cholesterol.str
Info: PARAMETERS             toppar/toppar_all36_lipid_dag.str
Info: PARAMETERS             toppar/toppar_all36_lipid_inositol.str
Info: PARAMETERS             toppar/toppar_all36_lipid_lnp.str
Info: PARAMETERS             toppar/toppar_all36_lipid_lps.str
Info: PARAMETERS             toppar/toppar_all36_lipid_mycobacterial.str
Info: PARAMETERS             toppar/toppar_all36_lipid_miscellaneous.str
Info: PARAMETERS             toppar/toppar_all36_lipid_model.str
Info: PARAMETERS             toppar/toppar_all36_lipid_prot.str
Info: PARAMETERS             toppar/toppar_all36_lipid_tag.str
Info: PARAMETERS             toppar/toppar_all36_lipid_yeast.str
Info: PARAMETERS             toppar/toppar_all36_lipid_hmmm.str
Info: PARAMETERS             toppar/toppar_all36_lipid_detergent.str
Info: PARAMETERS             toppar/toppar_all36_lipid_ether.str
Info: PARAMETERS             toppar/toppar_all36_lipid_oxidized.str
Info: PARAMETERS             toppar/toppar_all36_carb_glycolipid.str
Info: PARAMETERS             toppar/toppar_all36_carb_glycopeptide.str
Info: PARAMETERS             toppar/toppar_all36_carb_imlab.str
Info: PARAMETERS             toppar/toppar_all36_label_spin.str
Info: PARAMETERS             toppar/toppar_all36_label_fluorophore.str
Info: USING ARITHMETIC MEAN TO COMBINE L-J SIGMA PARAMETERS
Info: BINARY COORDINATES     ../output/vanilla/performance/equil/1-1-40/run-1/step4_equilibration.coor
Warning: SKIPPING PART OF PARAMETER FILE AFTER RETURN STATEMENT

Warning: DUPLICATE DIHEDRAL ENTRY FOR HAL1-CTO1-C-NHL
PREVIOUS VALUES MULTIPLICITY: 1
  k=0  n=1  delta=0INCREASING MULTIPLICITY TO: 2
  k=0  n=3  delta=0

Warning: DUPLICATE DIHEDRAL ENTRY FOR HAL1-CTO1-C-O
PREVIOUS VALUES MULTIPLICITY: 1
  k=0  n=1  delta=0INCREASING MULTIPLICITY TO: 2
  k=0  n=2  delta=3.14159
Warning: SKIPPING PART OF PARAMETER FILE AFTER RETURN STATEMENT

Warning: DUPLICATE DIHEDRAL ENTRY FOR CTL2-CG2O5-CTL1-CTL3
PREVIOUS VALUES MULTIPLICITY: 1
  k=0.75  n=1  delta=0  k=0.18  n=2  delta=3.14159INCREASING MULTIPLICITY TO: 3
  k=0.065  n=3  delta=0

Warning: DUPLICATE BOND ENTRY FOR CEL1-CL
PREVIOUS VALUES  k=440  x0=1.489
   USING VALUES  k=300  x0=1.48
Info: SUMMARY OF PARAMETERS:
Info: 1988 BONDS
Info: 6776 ANGLES
Info: 19939 DIHEDRAL
Info: 430 IMPROPER
Info: 28 CROSSTERM
Info: 751 VDW
Info: 122 VDW_PAIRS
Info: 0 NBTHOLE_PAIRS
Warning: Ignored 9467 bonds with zero force constants.
Warning: Will get H-H distance in rigid H2O from H-O-H angle.
Info: TIME FOR READING PSF FILE: 0.181921
Info: Reading pdb file step3_input.pdb
Info: TIME FOR READING PDB FILE: 0.341411
Info: 
Info: ****************************
Info: STRUCTURE SUMMARY:
Info: 30423 ATOMS
Info: 20918 BONDS
Info: 13014 ANGLES
Info: 5187 DIHEDRALS
Info: 373 IMPROPERS
Info: 127 CROSSTERMS
Info: 0 EXCLUSIONS
Info: 29360 RIGID BONDS
Info: 61909 DEGREES OF FREEDOM
Info: 10530 HYDROGEN GROUPS
Info: 4 ATOMS IN LARGEST HYDROGEN GROUP
Info: 10530 MIGRATION GROUPS
Info: 4 ATOMS IN LARGEST MIGRATION GROUP
Info: TOTAL MASS = 186727 amu
Info: TOTAL CHARGE = 1.31875e-06 e
Info: MASS DENSITY = 0.943883 g/cm^3
Info: ATOM DENSITY = 0.0926093 atoms/A^3
Info: *****************************
Info: Reading from binary file ../output/vanilla/performance/equil/1-1-40/run-1/step4_equilibration.coor
Info: 
Info: Entering startup at 2.6532 s, 0 MB of memory in use
Info: Startup phase 0 took 0.000751268 s, 0 MB of memory in use
Info: ADDED 39038 IMPLICIT EXCLUSIONS
Info: Startup phase 1 took 0.00648041 s, 0 MB of memory in use
Info: NONBONDED TABLE R-SQUARED SPACING: 0.0625
Info: NONBONDED TABLE SIZE: 769 POINTS
Info: INCONSISTENCY IN FAST TABLE ENERGY VS FORCE: 0.000325096 AT 11.9556
Info: INCONSISTENCY IN SCOR TABLE ENERGY VS FORCE: 0.000324844 AT 11.9556
Info: INCONSISTENCY IN VDWA TABLE ENERGY VS FORCE: 0.0040507 AT 0.251946
Info: INCONSISTENCY IN VDWB TABLE ENERGY VS FORCE: 0.00150189 AT 0.251946
Info: Startup phase 2 took 0.0151116 s, 0 MB of memory in use
Info: Startup phase 3 took 0.00029183 s, 0 MB of memory in use
Info: Startup phase 4 took 0.0010191 s, 0 MB of memory in use
Info: Startup phase 5 took 0.000209005 s, 0 MB of memory in use
Info: REDUCING NUMBER OF PATCHES TO IMPROVE LOAD BALANCE
Info: PATCH GRID IS 5 (PERIODIC) BY 3 (PERIODIC) BY 3 (PERIODIC)
Info: PATCH GRID IS 2-AWAY BY 1-AWAY BY 1-AWAY
Info: Reading from binary file ../output/vanilla/performance/equil/1-1-40/run-1/step4_equilibration.vel
Info: REMOVING COM VELOCITY -0.0336669 0.0174485 0.0184506
Info: LARGEST PATCH (22) HAS 815 ATOMS
Info: TORUS A SIZE 1 USING 0
Info: TORUS B SIZE 1 USING 0
Info: TORUS C SIZE 1 USING 0
Info: TORUS MINIMAL MESH SIZE IS 1 BY 1 BY 1
Info: Placed 100% of base nodes on same physical node as patch
Info: Startup phase 6 took 0.0695409 s, 0 MB of memory in use
Info: Use 3D box decompostion in PME FFT.
Info: PME using 1 x 1 x 1 pencil grid for FFT and reciprocal sum.
Info: Startup phase 7 took 0.00103801 s, 0 MB of memory in use
Info: Updated CUDA force table with 4096 elements.
Info: Updated CUDA LJ table with 751 x 751 elements.
Info: Startup phase 8 took 0.01035 s, 0 MB of memory in use
Info: Startup phase 9 took 0.000210907 s, 0 MB of memory in use
Info: Startup phase 10 took 0.000144042 s, 0 MB of memory in use
Info: Startup phase 11 took 0.00944711 s, 0 MB of memory in use
LDB: Central LB being created...
Info: Startup phase 12 took 0.337973 s, 0 MB of memory in use
Info: Startup phase 13 took 0.000179249 s, 0 MB of memory in use
Info: Startup phase 14 took 0.0019026 s, 0 MB of memory in use
Info: Startup phase 15 took 0.000165392 s, 0 MB of memory in use
Info: CREATING 1710 COMPUTE OBJECTS
Info: Found 268 unique exclusion lists needing 4316 bytes
Info: useSync: 0 useProxySync: 0
Info: Startup phase 16 took 0.174662 s, 0 MB of memory in use
Info: Startup phase 17 took 0.000242388 s, 0 MB of memory in use
Info: Startup phase 18 took 5.3972e-05 s, 0 MB of memory in use
Info: Finished startup at 3.28298 s, 0 MB of memory in use

TCL: Original numsteps 500000 will be ignored.
TCL: Running for 500000 steps
ETITLE:      TS           BOND          ANGLE          DIHED          IMPRP               ELECT            VDW       BOUNDARY           MISC        KINETIC               TOTAL           TEMP      POTENTIAL       TOTALAVG        TEMPAVG            PRESSURE      GPRESSURE         VOLUME       PRESSAVG      GPRESSAVG

ENERGY:       0       415.9883      1126.4021      1113.9287        73.0727        -111469.0293      9146.7388         0.0000         0.0000     18644.8552         -80948.0435       303.1068    -99592.8987    -80948.0435       303.1068          -1236.5368     -1238.2691    328509.0000     -1236.5368     -1238.2691

Info: Initial time: 45 CPUs 0.00389192 s/step 44.3997 ns/day 0 MB memory
Info: Initial time: 45 CPUs 0.00100151 s/step 172.539 ns/day 0 MB memory
Info: Initial time: 45 CPUs 0.000981437 s/step 176.068 ns/day 0 MB memory
Info: Benchmark time: 45 CPUs 0.000990873 s/step 174.392 ns/day 0 MB memory
Info: Benchmark time: 45 CPUs 0.00098821 s/step 174.862 ns/day 0 MB memory
Info: Benchmark time: 45 CPUs 0.000990043 s/step 174.538 ns/day 0 MB memory
Info: Benchmark time: 45 CPUs 0.00143219 s/step 120.655 ns/day 0 MB memory
Info: Benchmark time: 45 CPUs 0.00101383 s/step 170.442 ns/day 0 MB memory
Info: Benchmark time: 45 CPUs 0.00105392 s/step 163.96 ns/day 0 MB memory
TIMING: 5000  CPU: 7.76705, 0.00100057/step  Wall: 5.61535, 0.00106455/step, 162.321 ns/days, 0.146376 hours remaining, 0.000000 MB of memory in use.
PERFORMANCE: 5000  averaging 162.321 ns/day, 0.00106455 sec/step with standard deviation 0
ENERGY:    5000       427.0189      1094.7192      1148.3691        78.9824        -113818.9653      9785.3742         0.0000         0.0000     18555.3363         -82729.1651       301.6515   -101284.5015    -81838.6043       302.3791            187.2367       184.0259    301460.1959      -524.6501      -527.1216

TIMING: 10000  CPU: 12.6792, 0.000982427/step  Wall: 10.5578, 0.000988481/step, 174.814 ns/days, 0.134543 hours remaining, 0.000000 MB of memory in use.
PERFORMANCE: 10000  averaging 168.336 ns/day, 0.00102652 sec/step with standard deviation 5.37916e-05
ENERGY:   10000       451.8672      1122.5290      1116.4727        73.7899        -114110.2032      9836.2929         0.0000         0.0000     18559.9753         -82949.2762       301.7269   -101509.2515    -82208.8283       302.1617            100.6242       102.2834    299016.9685      -316.2253      -317.3200

TIMING: 15000  CPU: 17.8092, 0.00102601/step  Wall: 15.7188, 0.00103221/step, 167.409 ns/days, 0.139061 hours remaining, 0.000000 MB of memory in use.
PERFORMANCE: 15000  averaging 168.026 ns/day, 0.00102841 sec/step with standard deviation 3.81779e-05
ENERGY:   15000       419.8476      1141.4631      1112.9405        81.5482        -113934.7192      9631.1433         0.0000         0.0000     18603.8055         -82943.9709       302.4394   -101547.7764    -82392.6139       302.2311           -182.6008      -184.2431    300460.4848      -282.8192      -284.0508

TIMING: 20000  CPU: 22.7982, 0.000997798/step  Wall: 20.7386, 0.00100397/step, 172.117 ns/days, 0.133863 hours remaining, 0.000000 MB of memory in use.
PERFORMANCE: 20000  averaging 169.03 ns/day, 0.0010223 sec/step with standard deviation 3.34822e-05
ENERGY:   20000       411.2866      1153.4078      1118.7043        71.9217        -114036.5643      9833.6059         0.0000         0.0000     18541.7392         -82905.8988       301.4304   -101447.6380    -82495.2709       302.0710            267.2561       269.3053    300592.8730      -172.8041      -173.3795

TIMING: 25000  CPU: 27.7219, 0.000984738/step  Wall: 25.6921, 0.000990684/step, 174.425 ns/days, 0.130715 hours remaining, 0.000000 MB of memory in use.
PERFORMANCE: 25000  averaging 170.082 ns/day, 0.00101598 sec/step with standard deviation 3.22606e-05
ENERGY:   25000       388.7042      1133.5370      1112.1658        75.5919        -114076.5300      9686.5483         0.0000         0.0000     18411.5872         -83268.3956       299.3145   -101679.9828    -82624.1250       301.6116             73.0167        69.9080    299312.1118      -131.8340      -132.8316

TIMING: 30000  CPU: 32.8834, 0.00103231/step  Wall: 30.8858, 0.00103875/step, 166.354 ns/days, 0.135615 hours remaining, 0.000000 MB of memory in use.
PERFORMANCE: 30000  averaging 169.449 ns/day, 0.00101977 sec/step with standard deviation 3.03154e-05
ENERGY:   30000       415.6026      1118.0321      1135.1373        74.4153        -114159.6244      9931.1631         0.0000         0.0000     18567.4557         -82917.8183       301.8485   -101485.2740    -82666.0812       301.6454            295.5094       294.7140    301034.7725       -70.7849       -71.7537

TIMING: 35000  CPU: 37.8287, 0.000989063/step  Wall: 35.8602, 0.000994867/step, 173.692 ns/days, 0.128504 hours remaining, 0.000000 MB of memory in use.
PERFORMANCE: 35000  averaging 170.043 ns/day, 0.00101622 sec/step with standard deviation 2.92315e-05
ENERGY:   35000       436.3456      1104.3793      1120.1070        68.7236        -113808.2961      9790.3802         0.0000         0.0000     18638.3924         -82649.9680       303.0017   -101288.3604    -82664.0670       301.8150            106.6729       108.2539    300625.4987       -48.6027       -49.2527

TIMING: 40000  CPU: 42.7494, 0.000984125/step  Wall: 40.8098, 0.000989937/step, 174.557 ns/days, 0.126492 hours remaining, 0.000000 MB of memory in use.
PERFORMANCE: 40000  averaging 170.594 ns/day, 0.00101293 sec/step with standard deviation 2.86136e-05
ENERGY:   40000       450.0143      1141.3369      1120.6997        68.7670        -114217.7901      9769.4973         0.0000         0.0000     18514.3974         -83153.0774       300.9859   -101667.4748    -82718.4015       301.7228           -123.5132      -125.3119    299834.1383       -56.9261       -57.7038

TIMING: 45000  CPU: 47.7543, 0.00100099/step  Wall: 45.8443, 0.00100689/step, 171.617 ns/days, 0.12726 hours remaining, 0.000000 MB of memory in use.
PERFORMANCE: 45000  averaging 170.707 ns/day, 0.00101226 sec/step with standard deviation 2.68411e-05
ENERGY:   45000       421.0787      1125.6082      1102.4409        76.0711        -113785.4410      9627.3804         0.0000         0.0000     18409.5876         -83023.2741       299.2820   -101432.8618    -82748.8888       301.4788           -169.1530      -166.7381    301537.9304       -68.1488       -68.6072

TIMING: 50000  CPU: 52.7482, 0.000998768/step  Wall: 50.8688, 0.0010049/step, 171.957 ns/days, 0.125613 hours remaining, 0.000000 MB of memory in use.
PERFORMANCE: 50000  averaging 170.831 ns/day, 0.00101152 sec/step with standard deviation 2.54128e-05
ETITLE:      TS           BOND          ANGLE          DIHED          IMPRP               ELECT            VDW       BOUNDARY           MISC        KINETIC               TOTAL           TEMP      POTENTIAL       TOTALAVG        TEMPAVG            PRESSURE      GPRESSURE         VOLUME       PRESSAVG      GPRESSAVG

ENERGY:   50000       420.7706      1135.7753      1112.3802        69.8164        -114550.9014     10201.2580         0.0000         0.0000     18436.2991         -83174.6018       299.7163   -101610.9010    -82787.5900       301.3185            303.4730       296.2701    300828.3980       -34.3650       -35.4365

TIMING: 55000  CPU: 57.6943, 0.00098923/step  Wall: 55.8451, 0.000995246/step, 173.625 ns/days, 0.123024 hours remaining, 0.000000 MB of memory in use.
PERFORMANCE: 55000  averaging 171.081 ns/day, 0.00101004 sec/step with standard deviation 2.46032e-05
ENERGY:   55000       474.7719      1081.2273      1124.7900        65.0486        -114008.2211      9910.7179         0.0000         0.0000     18300.0920         -83051.5734       297.5020   -101351.6654    -82809.5886       301.0005             26.8764        22.0644    301986.0529       -29.2615       -30.6448

TIMING: 60000  CPU: 62.7457, 0.00101027/step  Wall: 60.9261, 0.00101621/step, 170.044 ns/days, 0.124203 hours remaining, 0.000000 MB of memory in use.
PERFORMANCE: 60000  averaging 170.995 ns/day, 0.00101056 sec/step with standard deviation 2.35256e-05
ENERGY:   60000       401.6136      1106.0168      1146.1961        69.0610        -113945.4223      9877.2909         0.0000         0.0000     18601.0277         -82744.2162       302.3943   -101345.2439    -82804.5599       301.1077            246.8779       241.8860    302420.2859        -8.0200        -9.6809

TIMING: 65000  CPU: 67.7105, 0.000992958/step  Wall: 65.9212, 0.000999014/step, 172.971 ns/days, 0.120714 hours remaining, 0.000000 MB of memory in use.
PERFORMANCE: 65000  averaging 171.145 ns/day, 0.00100967 sec/step with standard deviation 2.27505e-05
ENERGY:   65000       443.0540      1121.7979      1149.8243        81.9548        -113874.3461      9801.1789         0.0000         0.0000     18483.6531         -82792.8832       300.4861   -101276.5363    -82803.7259       301.0633             60.3525        57.9937    301508.6591        -3.1363        -4.8470

TIMING: 70000  CPU: 72.6016, 0.000978229/step  Wall: 70.8398, 0.000983721/step, 175.66 ns/days, 0.1175 hours remaining, 0.000000 MB of memory in use.
PERFORMANCE: 70000  averaging 171.46 ns/day, 0.00100782 sec/step with standard deviation 2.29318e-05
ENERGY:   70000       440.8972      1110.0412      1122.6140        81.1098        -114237.7514      9790.3028         0.0000         0.0000     18311.7940         -83380.9923       297.6922   -101692.7863    -82842.2103       300.8386           -112.6575      -108.9552    300927.3842       -10.4377       -11.7875

TIMING: 75000  CPU: 77.5742, 0.00099451/step  Wall: 75.8422, 0.0010005/step, 172.714 ns/days, 0.118114 hours remaining, 0.000000 MB of memory in use.
PERFORMANCE: 75000  averaging 171.543 ns/day, 0.00100733 sec/step with standard deviation 2.21784e-05
ENERGY:   75000       459.5113      1140.4308      1126.1558        69.2043        -114177.4369      9654.3709         0.0000         0.0000     18779.1711         -82948.5927       305.2903   -101727.7638    -82848.8592       301.1168           -116.1559      -118.0284    298925.8757       -17.0451       -18.4276

TIMING: 80000  CPU: 82.6907, 0.00102331/step  Wall: 80.9911, 0.00102977/step, 167.804 ns/days, 0.12014 hours remaining, 0.000000 MB of memory in use.
PERFORMANCE: 80000  averaging 171.304 ns/day, 0.00100873 sec/step with standard deviation 2.21488e-05
ENERGY:   80000       454.5305      1117.0893      1106.3863        69.5401        -113966.2762      9678.2828         0.0000         0.0000     18682.8356         -82857.6116       303.7242   -101540.4472    -82849.3741       301.2702            -16.0161       -24.6132    300140.2823       -16.9846       -18.7914

TIMING: 85000  CPU: 87.6085, 0.000983547/step  Wall: 85.9391, 0.000989595/step, 174.617 ns/days, 0.114078 hours remaining, 0.000000 MB of memory in use.
PERFORMANCE: 85000  averaging 171.496 ns/day, 0.00100761 sec/step with standard deviation 2.1942e-05
ENERGY:   85000       439.9980      1116.1273      1114.9790        72.2282        -113988.5432      9658.2832         0.0000         0.0000     18464.0381         -83122.8895       300.1672   -101586.9276    -82864.5694       301.2089           -152.2953      -153.5738    300924.0314       -24.5018       -26.2793

TIMING: 90000  CPU: 92.6388, 0.00100607/step  Wall: 90.9991, 0.001012/step, 170.751 ns/days, 0.115256 hours remaining, 0.000000 MB of memory in use.
PERFORMANCE: 90000  averaging 171.454 ns/day, 0.00100785 sec/step with standard deviation 2.13121e-05
ENERGY:   90000       433.1572      1151.1558      1117.6622        72.0259        -113882.1548      9574.1925         0.0000         0.0000     18555.1826         -82978.7787       301.6490   -101533.9613    -82870.5804       301.2321            -20.6266       -19.5597    300252.9821       -24.2979       -25.9257

TIMING: 95000  CPU: 97.6139, 0.000995016/step  Wall: 96.0095, 0.00100209/step, 172.44 ns/days, 0.112735 hours remaining, 0.000000 MB of memory in use.
PERFORMANCE: 95000  averaging 171.506 ns/day, 0.00100755 sec/step with standard deviation 2.07538e-05
ENERGY:   95000       418.3834      1165.7218      1121.3581        78.4389        -114284.3053      9856.2918         0.0000         0.0000     18513.7963         -83130.3150       300.9761   -101644.1113    -82883.5671       301.2193            104.1246       102.0007    299927.5692       -17.8767       -19.5294

TIMING: 100000  CPU: 102.54, 0.000985217/step  Wall: 100.966, 0.000991252/step, 174.325 ns/days, 0.110139 hours remaining, 0.000000 MB of memory in use.
PERFORMANCE: 100000  averaging 171.644 ns/day, 0.00100673 sec/step with standard deviation 2.05262e-05
ETITLE:      TS           BOND          ANGLE          DIHED          IMPRP               ELECT            VDW       BOUNDARY           MISC        KINETIC               TOTAL           TEMP      POTENTIAL       TOTALAVG        TEMPAVG            PRESSURE      GPRESSURE         VOLUME       PRESSAVG      GPRESSAVG

ENERGY:  100000       474.3828      1146.9928      1103.3398        75.3165        -114029.4772      9627.0527         0.0000         0.0000     18679.3954         -82922.9971       303.6683   -101602.3925    -82982.3148       301.2473           -365.5488      -362.7107    301664.8559        25.6727        24.2486

TIMING: 105000  CPU: 107.493, 0.000990542/step  Wall: 105.949, 0.000996694/step, 173.373 ns/days, 0.109359 hours remaining, 0.000000 MB of memory in use.
PERFORMANCE: 105000  averaging 171.726 ns/day, 0.00100625 sec/step with standard deviation 2.0126e-05
ENERGY:  105000       436.0328      1176.0970      1136.5083        78.5884        -113826.1726      9646.9011         0.0000         0.0000     18600.8252         -82751.2199       302.3910   -101352.0451    -82983.4175       301.2843            -31.6135       -33.3602    300318.3470        14.7301        13.3793

TIMING: 110000  CPU: 112.487, 0.000998861/step  Wall: 110.977, 0.00100562/step, 171.834 ns/days, 0.108942 hours remaining, 0.000000 MB of memory in use.
PERFORMANCE: 110000  averaging 171.731 ns/day, 0.00100623 sec/step with standard deviation 1.96415e-05
ENERGY:  110000       454.5126      1108.6716      1119.8870        69.4845        -114334.3595      9822.7835         0.0000         0.0000     18700.2738         -83058.7465       304.0077   -101759.0203    -82988.8910       301.3984            -63.4277       -59.7921    300358.2085         6.5276         5.2755

TIMING: 115000  CPU: 117.405, 0.000983639/step  Wall: 115.926, 0.000989634/step, 174.61 ns/days, 0.105836 hours remaining, 0.000000 MB of memory in use.
PERFORMANCE: 115000  averaging 171.854 ns/day, 0.0010055 sec/step with standard deviation 1.94992e-05
ENERGY:  115000       422.6626      1124.5636      1117.3023        66.7825        -113627.1040      9614.1801         0.0000         0.0000     18557.7848         -82723.8282       301.6913   -101281.6129    -82977.8839       301.3609           -206.6323      -204.0341    301690.2529         5.3260         4.2859

TIMING: 120000  CPU: 122.526, 0.00102407/step  Wall: 121.081, 0.00103118/step, 167.575 ns/days, 0.108847 hours remaining, 0.000000 MB of memory in use.
PERFORMANCE: 120000  averaging 171.671 ns/day, 0.00100657 sec/step with standard deviation 1.97776e-05
ENERGY:  120000       436.0199      1076.4651      1144.1205        81.3333        -113997.1926      9655.0484         0.0000         0.0000     18643.1775         -82961.0278       303.0795   -101604.2054    -82980.6404       301.4434           -165.3574      -166.2466    300496.1045       -16.3047       -17.4917

TIMING: 125000  CPU: 127.472, 0.000989267/step  Wall: 126.058, 0.000995229/step, 173.628 ns/days, 0.10367 hours remaining, 0.000000 MB of memory in use.
PERFORMANCE: 125000  averaging 171.749 ns/day, 0.00100612 sec/step with standard deviation 1.94937e-05
ENERGY:  125000       464.8670      1131.4121      1098.8074        69.8364        -113736.0811      9655.0074         0.0000         0.0000     18594.6203         -82721.5304       302.2901   -101316.1508    -82953.2971       301.5922            -81.5760       -84.6984    300521.5344       -24.0343       -25.2220

TIMING: 130000  CPU: 132.388, 0.000983142/step  Wall: 131.002, 0.000988982/step, 174.725 ns/days, 0.101645 hours remaining, 0.000000 MB of memory in use.
PERFORMANCE: 130000  averaging 171.861 ns/day, 0.00100546 sec/step with standard deviation 1.93933e-05
ENERGY:  130000       424.0328      1153.7446      1109.5181        80.0202        -114096.1215      9678.7430         0.0000         0.0000     18741.8149         -82908.2480       304.6830   -101650.0628    -82952.8186       301.7339            -33.8463       -32.6674    299566.1865       -40.5021       -41.5911

TIMING: 135000  CPU: 137.501, 0.00102272/step  Wall: 136.147, 0.001029/step, 167.93 ns/days, 0.104329 hours remaining, 0.000000 MB of memory in use.
PERFORMANCE: 135000  averaging 171.713 ns/day, 0.00100633 sec/step with standard deviation 1.95489e-05
ENERGY:  135000       441.1354      1120.7544      1143.2568        82.3236        -114054.9868      9744.1721         0.0000         0.0000     18551.0890         -82972.2555       301.5824   -101523.3445    -82968.9330       301.6629            -82.7651       -81.5263    301828.5460       -49.9740       -51.0801

TIMING: 140000  CPU: 142.475, 0.000994714/step  Wall: 141.151, 0.00100061/step, 172.694 ns/days, 0.100061 hours remaining, 0.000000 MB of memory in use.
PERFORMANCE: 140000  averaging 171.747 ns/day, 0.00100613 sec/step with standard deviation 1.92139e-05
ENERGY:  140000       425.2956      1124.2329      1113.5598        73.0606        -114472.2944      9905.5599         0.0000         0.0000     18490.2632         -83340.3226       300.5936   -101830.5857    -82978.2952       301.6433            -74.1356       -74.1845    301472.7283       -47.5051       -48.5237

TIMING: 145000  CPU: 147.38, 0.000981033/step  Wall: 146.086, 0.00098713/step, 175.053 ns/days, 0.097342 hours remaining, 0.000000 MB of memory in use.
PERFORMANCE: 145000  averaging 171.859 ns/day, 0.00100547 sec/step with standard deviation 1.91947e-05
ENERGY:  145000       394.4598      1143.5167      1117.8073        71.5154        -113677.1297      9674.0847         0.0000         0.0000     18492.8245         -82782.9213       300.6352   -101275.7458    -82966.2776       301.7110             67.7973        70.2535    301157.5855       -35.6576       -36.6741

TIMING: 150000  CPU: 152.5, 0.001024/step  Wall: 151.236, 0.00103001/step, 167.766 ns/days, 0.10014 hours remaining, 0.000000 MB of memory in use.
PERFORMANCE: 150000  averaging 171.72 ns/day, 0.00100629 sec/step with standard deviation 1.93855e-05
ETITLE:      TS           BOND          ANGLE          DIHED          IMPRP               ELECT            VDW       BOUNDARY           MISC        KINETIC               TOTAL           TEMP      POTENTIAL       TOTALAVG        TEMPAVG            PRESSURE      GPRESSURE         VOLUME       PRESSAVG      GPRESSAVG

ENERGY:  150000       417.3299      1104.3949      1127.2518        81.1264        -113896.0554      9529.2003         0.0000         0.0000     18813.4869         -82823.2651       305.8482   -101636.7520    -82948.7107       302.0176           -108.8994      -106.1223    299523.6680       -56.2762       -56.7937

TIMING: 155000  CPU: 157.567, 0.00101342/step  Wall: 156.332, 0.00101925/step, 169.537 ns/days, 0.0976779 hours remaining, 0.000000 MB of memory in use.
PERFORMANCE: 155000  averaging 171.648 ns/day, 0.00100671 sec/step with standard deviation 1.92012e-05
ENERGY:  155000       435.9274      1161.9589      1137.8395        76.8437        -114173.5546      9718.7155         0.0000         0.0000     18612.7328         -83029.5368       302.5845   -101642.2696    -82947.6089       302.2717           -224.1633      -224.9992    300997.1571       -68.8282       -69.1469

TIMING: 160000  CPU: 162.464, 0.000979442/step  Wall: 161.258, 0.000985137/step, 175.407 ns/days, 0.0930407 hours remaining, 0.000000 MB of memory in use.
PERFORMANCE: 160000  averaging 171.763 ns/day, 0.00100603 sec/step with standard deviation 1.927e-05
ENERGY:  160000       408.0180      1104.4974      1123.9895        60.5026        -113899.0785      9651.2714         0.0000         0.0000     18634.4567         -82916.3429       302.9377   -101550.7996    -82956.2153       302.2989            -82.4889       -84.2837    300755.5697       -85.2966       -85.4554

TIMING: 165000  CPU: 167.612, 0.00102945/step  Wall: 166.435, 0.00103527/step, 166.913 ns/days, 0.0963379 hours remaining, 0.000000 MB of memory in use.
PERFORMANCE: 165000  averaging 171.612 ns/day, 0.00100692 sec/step with standard deviation 1.96376e-05
ENERGY:  165000       457.6004      1115.0736      1131.1293        68.8990        -114221.0436      9741.7640         0.0000         0.0000     18666.3176         -83040.2596       303.4557   -101706.5772    -82968.5841       302.4474           -257.9305      -255.3023    300143.8276      -101.2107      -101.1202

TIMING: 170000  CPU: 172.533, 0.000984383/step  Wall: 171.386, 0.000990233/step, 174.504 ns/days, 0.0907713 hours remaining, 0.000000 MB of memory in use.
PERFORMANCE: 170000  averaging 171.696 ns/day, 0.00100643 sec/step with standard deviation 1.95484e-05
ENERGY:  170000       420.5651      1180.8261      1093.0847        64.2624        -114275.8076      9861.7858         0.0000         0.0000     18541.5583         -83113.7252       301.4275   -101655.2835    -82955.2207       302.6341             37.8772        38.6275    300736.8590       -93.6840       -93.7411

TIMING: 175000  CPU: 177.453, 0.00098392/step  Wall: 176.334, 0.000989682/step, 174.601 ns/days, 0.0893463 hours remaining, 0.000000 MB of memory in use.
PERFORMANCE: 175000  averaging 171.778 ns/day, 0.00100595 sec/step with standard deviation 1.94657e-05
ENERGY:  175000       408.3933      1160.9315      1119.7437        71.4798        -114121.1479      9894.9695         0.0000         0.0000     18605.4159         -82860.2142       302.4656   -101465.6300    -82950.8018       302.4929            201.4480       202.6138    300040.9316       -77.8038       -77.7090

TIMING: 180000  CPU: 182.583, 0.00102596/step  Wall: 181.494, 0.00103201/step, 167.44 ns/days, 0.0917342 hours remaining, 0.000000 MB of memory in use.
PERFORMANCE: 180000  averaging 171.654 ns/day, 0.00100668 sec/step with standard deviation 1.9671e-05
ENERGY:  180000       420.4832      1126.1139      1126.9979        74.3343        -114036.2703      9670.5449         0.0000         0.0000     18437.9066         -83179.8895       299.7424   -101617.7961    -82966.9157       302.2938           -244.1236      -241.7395    300902.6434       -89.2092       -88.5653

TIMING: 185000  CPU: 187.496, 0.000982686/step  Wall: 186.437, 0.000988524/step, 174.806 ns/days, 0.0864959 hours remaining, 0.000000 MB of memory in use.
PERFORMANCE: 185000  averaging 171.738 ns/day, 0.00100618 sec/step with standard deviation 1.96241e-05
ENERGY:  185000       425.9839      1147.7280      1110.0757        74.8167        -114020.8011      9623.8258         0.0000         0.0000     18650.4128         -82987.9583       303.1971   -101638.3710    -82960.1691       302.4453           -143.3449      -143.4397    300474.0455       -88.7616       -88.0586

TIMING: 190000  CPU: 192.4, 0.000980699/step  Wall: 191.37, 0.000986689/step, 175.131 ns/days, 0.0849649 hours remaining, 0.000000 MB of memory in use.
PERFORMANCE: 190000  averaging 171.825 ns/day, 0.00100567 sec/step with standard deviation 1.96138e-05
ENERGY:  190000       435.8572      1150.6177      1120.7795        74.9307        -114027.5949      9795.6335         0.0000         0.0000     18514.2932         -82935.4831       300.9842   -101449.7763    -82958.0043       302.4120             85.5368        84.3471    301563.1176       -83.4535       -82.8632

TIMING: 195000  CPU: 197.616, 0.00104332/step  Wall: 196.618, 0.00104962/step, 164.632 ns/days, 0.0889258 hours remaining, 0.000000 MB of memory in use.
PERFORMANCE: 195000  averaging 171.633 ns/day, 0.0010068 sec/step with standard deviation 2.05935e-05
ENERGY:  195000       448.6592      1165.0362      1095.5881        76.4862        -114389.7318      9833.0348         0.0000         0.0000     18614.8987         -83156.0286       302.6198   -101770.9273    -82959.2900       302.4942            115.9307       117.2306    299935.9607       -82.8632       -82.1017

TIMING: 200000  CPU: 202.536, 0.000983942/step  Wall: 201.567, 0.000989671/step, 174.603 ns/days, 0.0824726 hours remaining, 0.000000 MB of memory in use.
PERFORMANCE: 200000  averaging 171.706 ns/day, 0.00100637 sec/step with standard deviation 2.05073e-05
ETITLE:      TS           BOND          ANGLE          DIHED          IMPRP               ELECT            VDW       BOUNDARY           MISC        KINETIC               TOTAL           TEMP      POTENTIAL       TOTALAVG        TEMPAVG            PRESSURE      GPRESSURE         VOLUME       PRESSAVG      GPRESSAVG

ENERGY:  200000       423.3456      1179.6851      1100.8460        78.9281        -114137.8144      9769.4235         0.0000         0.0000     18599.4195         -82986.1666       302.3681   -101585.5861    -82962.4485       302.4292            -84.9503       -83.6084    300669.1184       -68.8332       -68.1466

TIMING: 205000  CPU: 207.435, 0.000979761/step  Wall: 206.495, 0.000985671/step, 175.312 ns/days, 0.0807702 hours remaining, 0.000000 MB of memory in use.
PERFORMANCE: 205000  averaging 171.792 ns/day, 0.00100587 sec/step with standard deviation 2.05058e-05
ENERGY:  205000       430.2339      1178.9420      1132.2907        70.8143        -114126.2931      9701.1764         0.0000         0.0000     18792.8627         -82819.9732       305.5129   -101612.8358    -82965.8862       302.5853             39.2891        39.1780    299133.0114       -65.2881       -64.5197

TIMING: 210000  CPU: 212.432, 0.000999415/step  Wall: 211.523, 0.00100554/step, 171.847 ns/days, 0.0810021 hours remaining, 0.000000 MB of memory in use.
PERFORMANCE: 210000  averaging 171.794 ns/day, 0.00100586 sec/step with standard deviation 2.02543e-05
ENERGY:  210000       441.0229      1168.2059      1100.2150        63.9435        -114131.3886      9739.6932         0.0000         0.0000     18663.8329         -82954.4753       303.4153   -101618.3081    -82960.6726       302.5557           -134.9365      -139.8859    300690.4734       -68.8636       -68.5244

TIMING: 215000  CPU: 217.343, 0.000982218/step  Wall: 216.464, 0.000988315/step, 174.843 ns/days, 0.0782416 hours remaining, 0.000000 MB of memory in use.
PERFORMANCE: 215000  averaging 171.863 ns/day, 0.00100545 sec/step with standard deviation 2.01897e-05
ENERGY:  215000       419.9129      1122.3135      1138.0315        81.0268        -114171.8540      9813.7750         0.0000         0.0000     18499.9627         -83096.8316       300.7513   -101596.7943    -82979.3228       302.5087             54.5164        49.5247    301367.8362       -55.8061       -55.8465

TIMING: 220000  CPU: 222.248, 0.000980987/step  Wall: 221.399, 0.000986936/step, 175.087 ns/days, 0.0767617 hours remaining, 0.000000 MB of memory in use.
PERFORMANCE: 220000  averaging 171.935 ns/day, 0.00100503 sec/step with standard deviation 2.01478e-05
ENERGY:  220000       430.9705      1134.0238      1103.8457        67.2752        -114331.4295     10166.1011         0.0000         0.0000     18745.2112         -82684.0021       304.7382   -101429.2132    -82965.4715       302.5916            411.6289       411.7404    300581.0007       -26.9568       -26.9471

TIMING: 225000  CPU: 227.455, 0.00104133/step  Wall: 226.637, 0.00104755/step, 164.957 ns/days, 0.0800211 hours remaining, 0.000000 MB of memory in use.
PERFORMANCE: 225000  averaging 171.774 ns/day, 0.00100597 sec/step with standard deviation 2.09018e-05
ENERGY:  225000       436.6735      1144.4649      1125.0459        77.8261        -114367.6432      9903.5521         0.0000         0.0000     18634.6609         -83045.4198       302.9410   -101680.0806    -82981.6659       302.6242             63.7938        63.0443    300663.1453       -19.6883       -19.5600

TIMING: 230000  CPU: 232.386, 0.00098618/step  Wall: 231.599, 0.000992371/step, 174.128 ns/days, 0.0744278 hours remaining, 0.000000 MB of memory in use.
PERFORMANCE: 230000  averaging 171.824 ns/day, 0.00100568 sec/step with standard deviation 2.07653e-05
ENERGY:  230000       449.6162      1105.0412      1129.7471        74.7654        -113825.5584      9660.9056         0.0000         0.0000     18534.4749         -82871.0080       301.3123   -101405.4829    -82979.8039       302.4556            -77.4279       -80.4246    301229.6389       -21.8674       -21.9478

TIMING: 235000  CPU: 237.319, 0.000986602/step  Wall: 236.562, 0.000992764/step, 174.059 ns/days, 0.0730785 hours remaining, 0.000000 MB of memory in use.
PERFORMANCE: 235000  averaging 171.871 ns/day, 0.0010054 sec/step with standard deviation 2.06246e-05
ENERGY:  235000       436.8790      1137.8653      1152.8572        73.8486        -114320.8907      9872.6330         0.0000         0.0000     18468.3107         -83178.4971       300.2367   -101646.8078    -82990.1160       302.3884             17.4403        16.8841    299948.7238       -16.8571       -17.0273

TIMING: 240000  CPU: 242.491, 0.00103457/step  Wall: 241.767, 0.00104086/step, 166.017 ns/days, 0.0751731 hours remaining, 0.000000 MB of memory in use.
PERFORMANCE: 240000  averaging 171.745 ns/day, 0.00100614 sec/step with standard deviation 2.1036e-05
ENERGY:  240000       411.4569      1151.5719      1116.5271        72.7837        -114198.1521      9794.0847         0.0000         0.0000     18491.8112         -83159.9166       300.6187   -101651.7278    -82981.0957       302.3896             28.1391        23.5955    299986.2808       -11.7434       -12.1383

TIMING: 245000  CPU: 247.397, 0.0009811/step  Wall: 246.702, 0.00098706/step, 175.065 ns/days, 0.0699167 hours remaining, 0.000000 MB of memory in use.
PERFORMANCE: 245000  averaging 171.812 ns/day, 0.00100575 sec/step with standard deviation 2.09934e-05
ENERGY:  245000       431.3529      1158.5588      1132.1945        75.9132        -113744.9551      9610.3277         0.0000         0.0000     18523.5643         -82813.0438       301.1349   -101336.6080    -82982.6018       302.4146           -235.9722      -235.3536    302504.8575       -26.9319       -27.4187

TIMING: 250000  CPU: 252.301, 0.000980848/step  Wall: 251.636, 0.000986808/step, 175.11 ns/days, 0.0685283 hours remaining, 0.000000 MB of memory in use.
PERFORMANCE: 250000  averaging 171.876 ns/day, 0.00100537 sec/step with standard deviation 2.09501e-05
ETITLE:      TS           BOND          ANGLE          DIHED          IMPRP               ELECT            VDW       BOUNDARY           MISC        KINETIC               TOTAL           TEMP      POTENTIAL       TOTALAVG        TEMPAVG            PRESSURE      GPRESSURE         VOLUME       PRESSAVG      GPRESSAVG

ENERGY:  250000       404.8369      1084.8647      1111.6680        69.8757        -114122.8013      9888.4745         0.0000         0.0000     18591.1448         -82971.9366       302.2336   -101563.0814    -82990.0354       302.2339            121.1225       116.2956    300217.1237       -15.4308       -16.2978

TIMING: 255000  CPU: 257.517, 0.00104322/step  Wall: 256.884, 0.00104965/step, 164.626 ns/days, 0.0714346 hours remaining, 0.000000 MB of memory in use.
PERFORMANCE: 255000  averaging 171.728 ns/day, 0.00100624 sec/step with standard deviation 2.16465e-05
ENERGY:  255000       430.2064      1118.9486      1102.4032        68.1414        -114013.8345      9952.2890         0.0000         0.0000     18526.6517         -82815.1942       301.1851   -101341.8459    -82979.3183       302.1639             93.1214        94.5241    302432.3218         0.4335        -0.3216

TIMING: 260000  CPU: 262.441, 0.000984801/step  Wall: 261.838, 0.000990771/step, 174.41 ns/days, 0.0660514 hours remaining, 0.000000 MB of memory in use.
PERFORMANCE: 260000  averaging 171.779 ns/day, 0.00100594 sec/step with standard deviation 2.15403e-05
ENERGY:  260000       431.3919      1144.6635      1106.0030        64.0382        -113791.0429      9616.9732         0.0000         0.0000     18511.6218         -82916.3512       300.9408   -101427.9731    -82979.3187       302.0641             13.7790        10.2672    300489.3871         5.2469         4.4059

TIMING: 265000  CPU: 267.422, 0.00099621/step  Wall: 266.849, 0.00100216/step, 172.428 ns/days, 0.0654186 hours remaining, 0.000000 MB of memory in use.
PERFORMANCE: 265000  averaging 171.791 ns/day, 0.00100587 sec/step with standard deviation 2.13386e-05
ENERGY:  265000       458.7855      1152.8201      1119.6253        77.8701        -113976.5075      9794.9678         0.0000         0.0000     18727.0549         -82645.3838       304.4431   -101372.4387    -82959.5749       302.1134             -9.9004        -4.6898    301197.2331        17.6484        16.9366

TIMING: 270000  CPU: 272.544, 0.00102442/step  Wall: 272.003, 0.00103076/step, 167.644 ns/days, 0.065854 hours remaining, 0.000000 MB of memory in use.
PERFORMANCE: 270000  averaging 171.712 ns/day, 0.00100633 sec/step with standard deviation 2.14059e-05
ENERGY:  270000       430.3770      1122.6391      1091.9340        75.6913        -114235.1063      9837.3406         0.0000         0.0000     18696.6155         -82980.5088       303.9482   -101677.1242    -82952.9141       302.2395            135.0884       136.6868    298864.0440        22.5089        21.8395

TIMING: 275000  CPU: 277.473, 0.000985699/step  Wall: 276.962, 0.000991761/step, 174.236 ns/days, 0.061985 hours remaining, 0.000000 MB of memory in use.
PERFORMANCE: 275000  averaging 171.758 ns/day, 0.00100607 sec/step with standard deviation 2.12976e-05
ENERGY:  275000       431.7447      1125.7454      1117.9372        66.6840        -113889.6204      9647.4387         0.0000         0.0000     18729.7038         -82770.3665       304.4861   -101500.0703    -82948.4217       302.3405            -29.8028       -30.7072    300589.0164        10.9464        10.1735

TIMING: 280000  CPU: 282.464, 0.000998181/step  Wall: 281.983, 0.00100438/step, 172.047 ns/days, 0.0613785 hours remaining, 0.000000 MB of memory in use.
PERFORMANCE: 280000  averaging 171.763 ns/day, 0.00100604 sec/step with standard deviation 2.11043e-05
ENERGY:  280000       399.8593      1125.9151      1108.8099        65.5623        -114145.2092      9933.3019         0.0000         0.0000     18866.2266         -82645.5341       306.7056   -101511.7607    -82921.7039       302.6886            469.4321       469.2931    299652.9190        46.6242        45.7251

TIMING: 285000  CPU: 287.488, 0.00100485/step  Wall: 287.038, 0.00101084/step, 170.947 ns/days, 0.0603697 hours remaining, 0.000000 MB of memory in use.
PERFORMANCE: 285000  averaging 171.748 ns/day, 0.00100612 sec/step with standard deviation 2.09247e-05
ENERGY:  285000       445.9678      1129.5558      1098.7787        76.3248        -114514.8399      9805.9630         0.0000         0.0000     18756.6996         -83201.5503       304.9250   -101958.2499    -82932.3835       302.7750            -73.9545       -80.1378    300063.7062        50.0937        48.8902

TIMING: 290000  CPU: 292.406, 0.000983645/step  Wall: 291.986, 0.000989577/step, 174.62 ns/days, 0.0577253 hours remaining, 0.000000 MB of memory in use.
PERFORMANCE: 290000  averaging 171.797 ns/day, 0.00100584 sec/step with standard deviation 2.08538e-05
ENERGY:  290000       423.6656      1182.1445      1127.9634        82.6447        -114801.2864     10118.8815         0.0000         0.0000     18604.0805         -83261.9062       302.4439   -101865.9867    -82948.7047       302.8480            300.3477       296.7673    299187.1909        60.8342        59.5112

TIMING: 295000  CPU: 297.361, 0.000990992/step  Wall: 296.972, 0.000997315/step, 173.265 ns/days, 0.0567915 hours remaining, 0.000000 MB of memory in use.
PERFORMANCE: 295000  averaging 171.822 ns/day, 0.00100569 sec/step with standard deviation 2.0703e-05
ENERGY:  295000       434.4681      1122.4536      1100.8513        71.1470        -113710.8303      9637.1860         0.0000         0.0000     18564.3813         -82780.3429       301.7985   -101344.7243    -82929.9204       302.8070           -257.8291      -257.3438    301346.2099        42.1463        40.7825

TIMING: 300000  CPU: 302.354, 0.000998616/step  Wall: 301.994, 0.00100445/step, 172.035 ns/days, 0.0558027 hours remaining, 0.000000 MB of memory in use.
PERFORMANCE: 300000  averaging 171.825 ns/day, 0.00100567 sec/step with standard deviation 2.05274e-05
ETITLE:      TS           BOND          ANGLE          DIHED          IMPRP               ELECT            VDW       BOUNDARY           MISC        KINETIC               TOTAL           TEMP      POTENTIAL       TOTALAVG        TEMPAVG            PRESSURE      GPRESSURE         VOLUME       PRESSAVG      GPRESSAVG

ENERGY:  300000       416.7068      1131.0761      1125.1831        79.9009        -114281.7216      9932.8523         0.0000         0.0000     18442.4119         -83153.5905       299.8157   -101596.0023    -82938.2916       302.6793            108.3171       109.2255    300570.7010        51.8096        50.4242

TIMING: 305000  CPU: 307.26, 0.000981131/step  Wall: 306.928, 0.000986787/step, 175.114 ns/days, 0.053451 hours remaining, 0.000000 MB of memory in use.
PERFORMANCE: 305000  averaging 171.878 ns/day, 0.00100536 sec/step with standard deviation 2.04988e-05
ENERGY:  305000       411.9181      1204.1707      1106.2457        69.7923        -114230.8644      9859.9586         0.0000         0.0000     18361.4181         -83217.3608       298.4990   -101578.7789    -82958.1610       302.3286            107.4815       110.7509    301207.6998        55.2192        54.0028

TIMING: 310000  CPU: 312.247, 0.000997402/step  Wall: 311.944, 0.00100321/step, 172.247 ns/days, 0.0529473 hours remaining, 0.000000 MB of memory in use.
PERFORMANCE: 310000  averaging 171.884 ns/day, 0.00100533 sec/step with standard deviation 2.03319e-05
ENERGY:  310000       406.9808      1131.5421      1128.7138        69.5160        -114103.2456      9826.7745         0.0000         0.0000     18620.1451         -82919.5732       302.7050   -101539.7183    -82956.4159       302.2931            -27.0179       -31.2116    301907.9342        60.6152        59.4366

TIMING: 315000  CPU: 317.292, 0.00100905/step  Wall: 317.019, 0.00101493/step, 170.258 ns/days, 0.0521562 hours remaining, 0.000000 MB of memory in use.
PERFORMANCE: 315000  averaging 171.858 ns/day, 0.00100548 sec/step with standard deviation 2.02035e-05
ENERGY:  315000       449.0497      1111.5896      1114.2107        74.4573        -114028.5832      9852.9308         0.0000         0.0000     18579.1251         -82847.2199       302.0382   -101426.3450    -82943.9353       302.3575              8.5169         6.0281    301121.1676        58.3152        57.2617

TIMING: 320000  CPU: 322.18, 0.000977498/step  Wall: 321.935, 0.000983103/step, 175.77 ns/days, 0.0491552 hours remaining, 0.000000 MB of memory in use.
PERFORMANCE: 320000  averaging 171.918 ns/day, 0.00100513 sec/step with standard deviation 2.02368e-05
ENERGY:  320000       425.7377      1157.8580      1125.0883        75.5524        -113584.4275      9533.0727         0.0000         0.0000     18528.9924         -82738.1261       301.2232   -101267.1185    -82946.6415       302.1817           -244.2203      -243.3617    300665.7572        25.5227        24.5066

TIMING: 325000  CPU: 327.193, 0.0010026/step  Wall: 326.975, 0.00100819/step, 171.396 ns/days, 0.0490092 hours remaining, 0.000000 MB of memory in use.
PERFORMANCE: 325000  averaging 171.91 ns/day, 0.00100518 sec/step with standard deviation 2.00816e-05
ENERGY:  325000       399.3940      1134.0890      1111.3281        76.5781        -113832.4779      9628.6692         0.0000         0.0000     18528.6312         -82953.7883       301.2173   -101482.4196    -82942.0599       302.0955            -72.0328       -76.9147    300406.7260        18.7314        17.5087

TIMING: 330000  CPU: 332.171, 0.000995724/step  Wall: 331.984, 0.00100174/step, 172.5 ns/days, 0.0473045 hours remaining, 0.000000 MB of memory in use.
PERFORMANCE: 330000  averaging 171.919 ns/day, 0.00100513 sec/step with standard deviation 1.99311e-05
ENERGY:  330000       428.8814      1103.4598      1104.9173        65.1985        -114384.2379      9864.2381         0.0000         0.0000     18545.1824         -83272.3604       301.4864   -101817.5428    -82962.1276       302.1042           -175.9896      -174.7976    300780.7805        13.8033        12.7900

TIMING: 335000  CPU: 337.078, 0.000981367/step  Wall: 336.919, 0.000986959/step, 175.083 ns/days, 0.0452356 hours remaining, 0.000000 MB of memory in use.
PERFORMANCE: 335000  averaging 171.965 ns/day, 0.00100485 sec/step with standard deviation 1.99036e-05
ENERGY:  335000       464.8721      1118.8347      1099.5537        69.2818        -113815.4645      9608.4035         0.0000         0.0000     18617.5170         -82837.0017       302.6623   -101454.5187    -82945.0528       302.2255           -161.1961      -160.2969    299901.2687         4.8715         3.9310

TIMING: 340000  CPU: 342.095, 0.00100333/step  Wall: 341.965, 0.00100916/step, 171.232 ns/days, 0.0448515 hours remaining, 0.000000 MB of memory in use.
PERFORMANCE: 340000  averaging 171.954 ns/day, 0.00100492 sec/step with standard deviation 1.97614e-05
ENERGY:  340000       441.4121      1150.1591      1118.9250        78.6757        -114218.2775      9616.0658         0.0000         0.0000     18265.3379         -83547.7017       296.9370   -101813.0397    -82964.4421       302.0414           -420.3813      -420.7444    301391.0221       -17.5545       -18.2860

TIMING: 345000  CPU: 347.025, 0.000986/step  Wall: 346.926, 0.000992199/step, 174.159 ns/days, 0.0427197 hours remaining, 0.000000 MB of memory in use.
PERFORMANCE: 345000  averaging 171.986 ns/day, 0.00100473 sec/step with standard deviation 1.96753e-05
ENERGY:  345000       432.0928      1162.2870      1114.0315        62.4477        -114359.2003     10071.2031         0.0000         0.0000     18737.4471         -82779.6911       304.6120   -101517.1382    -82962.7744       302.2153            363.4212       364.5366    299623.5296        12.4152        11.7085

TIMING: 350000  CPU: 351.961, 0.000987237/step  Wall: 351.894, 0.000993575/step, 173.917 ns/days, 0.041399 hours remaining, 0.000000 MB of memory in use.
PERFORMANCE: 350000  averaging 172.013 ns/day, 0.00100457 sec/step with standard deviation 1.95776e-05
ETITLE:      TS           BOND          ANGLE          DIHED          IMPRP               ELECT            VDW       BOUNDARY           MISC        KINETIC               TOTAL           TEMP      POTENTIAL       TOTALAVG        TEMPAVG            PRESSURE      GPRESSURE         VOLUME       PRESSAVG      GPRESSAVG

ENERGY:  350000       386.7637      1158.8342      1117.4494        80.7142        -114184.2211      9804.9317         0.0000         0.0000     18620.6572         -83014.8707       302.7134   -101635.5279    -82964.9211       302.2393            114.7983       112.4534    301166.7280        12.0989        11.5164

TIMING: 355000  CPU: 356.955, 0.000998698/step  Wall: 356.919, 0.0010051/step, 171.923 ns/days, 0.0404833 hours remaining, 0.000000 MB of memory in use.
PERFORMANCE: 355000  averaging 172.012 ns/day, 0.00100458 sec/step with standard deviation 1.94374e-05
ENERGY:  355000       424.4046      1139.2963      1101.3842        78.5869        -114317.4610      9949.1907         0.0000         0.0000     18628.3333         -82996.2651       302.8382   -101624.5984    -82973.9747       302.3219            236.2358       239.5216    301114.5739        19.2547        18.7662

TIMING: 360000  CPU: 361.866, 0.000982312/step  Wall: 361.862, 0.00098862/step, 174.789 ns/days, 0.0384463 hours remaining, 0.000000 MB of memory in use.
PERFORMANCE: 360000  averaging 172.05 ns/day, 0.00100436 sec/step with standard deviation 1.93915e-05
ENERGY:  360000       409.4587      1139.3962      1117.2723        76.5974        -114128.6234      9800.6334         0.0000         0.0000     18688.0348         -82897.2306       303.8087   -101585.2654    -82973.0186       302.4653             67.7485        65.1892    300572.9880        21.9531        21.5123

TIMING: 365000  CPU: 366.758, 0.000978319/step  Wall: 366.789, 0.000985298/step, 175.378 ns/days, 0.0369487 hours remaining, 0.000000 MB of memory in use.
PERFORMANCE: 365000  averaging 172.095 ns/day, 0.0010041 sec/step with standard deviation 1.93852e-05
ENERGY:  365000       428.9898      1136.1071      1115.4260        74.7738        -114111.7465      9673.1305         0.0000         0.0000     18503.6280         -83179.6912       300.8108   -101683.3192    -82999.7340       302.2837           -126.0182      -126.9951    299188.6781        16.1472        15.3971

TIMING: 370000  CPU: 371.652, 0.00097889/step  Wall: 371.72, 0.000986352/step, 175.191 ns/days, 0.0356183 hours remaining, 0.000000 MB of memory in use.
PERFORMANCE: 370000  averaging 172.136 ns/day, 0.00100386 sec/step with standard deviation 1.93622e-05
ENERGY:  370000       411.6879      1122.1072      1122.1800        74.8919        -114020.6822      9719.2452         0.0000         0.0000     18613.9336         -82956.6364       302.6041   -101570.5700    -82998.5404       302.2165           -101.2430      -100.9561    300603.8009         4.3307         3.5149

TIMING: 375000  CPU: 376.71, 0.00101162/step  Wall: 376.817, 0.00101927/step, 169.533 ns/days, 0.0353912 hours remaining, 0.000000 MB of memory in use.
PERFORMANCE: 375000  averaging 172.1 ns/day, 0.00100406 sec/step with standard deviation 1.9313e-05
ENERGY:  375000       434.7002      1178.3560      1122.5151        87.0488        -113911.8438      9489.1903         0.0000         0.0000     18739.8140         -82860.2194       304.6505   -101600.0334    -83003.0330       302.2247           -366.3472      -367.3571    299530.4156       -12.4965       -13.3176

TIMING: 380000  CPU: 381.614, 0.000980663/step  Wall: 381.758, 0.000988268/step, 174.851 ns/days, 0.0329423 hours remaining, 0.000000 MB of memory in use.
PERFORMANCE: 380000  averaging 172.136 ns/day, 0.00100386 sec/step with standard deviation 1.92692e-05
ENERGY:  380000       421.7020      1123.5514      1104.5011        82.1068        -114138.0689      9835.7858         0.0000         0.0000     18426.8011         -83143.6208       299.5619   -101570.4219    -83027.9374       301.8675            -10.5320       -10.2404    300830.1378       -36.4947       -37.2942

TIMING: 385000  CPU: 386.505, 0.000978271/step  Wall: 386.686, 0.000985558/step, 175.332 ns/days, 0.0314831 hours remaining, 0.000000 MB of memory in use.
PERFORMANCE: 385000  averaging 172.177 ns/day, 0.00100362 sec/step with standard deviation 1.92553e-05
ENERGY:  385000       409.4184      1151.8963      1096.1754        76.0200        -113972.2632      9693.5044         0.0000         0.0000     18555.3556         -82989.8932       301.6518   -101545.2488    -83017.3545       301.7039            -33.0412       -31.3966    301074.3246       -34.4491       -34.8572

TIMING: 390000  CPU: 391.569, 0.0010129/step  Wall: 391.789, 0.00102059/step, 169.313 ns/days, 0.0311848 hours remaining, 0.000000 MB of memory in use.
PERFORMANCE: 390000  averaging 172.14 ns/day, 0.00100384 sec/step with standard deviation 1.92261e-05
ENERGY:  390000       411.4698      1122.8611      1130.1499        75.7946        -114283.4370     10140.4239         0.0000         0.0000     18691.6978         -82711.0398       303.8683   -101402.7377    -82989.8112       301.7751            403.9878       402.4163    299323.2899       -29.2671       -29.5747

TIMING: 395000  CPU: 396.469, 0.000979939/step  Wall: 396.727, 0.000987531/step, 174.982 ns/days, 0.028803 hours remaining, 0.000000 MB of memory in use.
PERFORMANCE: 395000  averaging 172.175 ns/day, 0.00100363 sec/step with standard deviation 1.91904e-05
ENERGY:  395000       413.4241      1116.6605      1106.9342        77.8116        -114142.2296      9862.4825         0.0000         0.0000     18576.4715         -82988.4453       301.9950   -101564.9168    -83000.2163       301.7849            205.2346       202.5759    300613.6664        -6.1139        -6.5787

TIMING: 400000  CPU: 401.337, 0.00097349/step  Wall: 401.631, 0.000980829/step, 176.178 ns/days, 0.0272452 hours remaining, 0.000000 MB of memory in use.
PERFORMANCE: 400000  averaging 172.224 ns/day, 0.00100335 sec/step with standard deviation 1.92382e-05
ETITLE:      TS           BOND          ANGLE          DIHED          IMPRP               ELECT            VDW       BOUNDARY           MISC        KINETIC               TOTAL           TEMP      POTENTIAL       TOTALAVG        TEMPAVG            PRESSURE      GPRESSURE         VOLUME       PRESSAVG      GPRESSAVG

ENERGY:  400000       414.2914      1106.7533      1099.9998        64.7190        -114022.6301      9763.3711         0.0000         0.0000     18566.9984         -83006.4972       301.8410   -101573.4955    -82992.8616       301.8862            115.8590       116.0366    300693.3339        -5.7368        -6.2382

TIMING: 405000  CPU: 406.403, 0.00101325/step  Wall: 406.738, 0.00102142/step, 169.177 ns/days, 0.0269541 hours remaining, 0.000000 MB of memory in use.
PERFORMANCE: 405000  averaging 172.186 ns/day, 0.00100357 sec/step with standard deviation 1.92227e-05
ENERGY:  405000       416.7452      1109.5309      1127.9542        69.1972        -114094.7572      9934.0211         0.0000         0.0000     18590.4418         -82846.8667       302.2222   -101437.3085    -82974.3369       302.0724             88.7795        89.2898    301081.1025        -6.6719        -7.3112

TIMING: 410000  CPU: 411.304, 0.000980276/step  Wall: 411.677, 0.000987753/step, 174.943 ns/days, 0.0246938 hours remaining, 0.000000 MB of memory in use.
PERFORMANCE: 410000  averaging 172.219 ns/day, 0.00100338 sec/step with standard deviation 1.91834e-05
ENERGY:  410000       438.7766      1120.2621      1118.7672        75.3982        -113780.9315      9658.1308         0.0000         0.0000     18695.7723         -82673.8244       303.9345   -101369.5967    -82962.0495       302.1338           -128.2736      -121.9841    300714.0337       -11.7347       -11.8499

TIMING: 415000  CPU: 416.215, 0.000982191/step  Wall: 416.625, 0.00098974/step, 174.591 ns/days, 0.0233689 hours remaining, 0.000000 MB of memory in use.
PERFORMANCE: 415000  averaging 172.247 ns/day, 0.00100321 sec/step with standard deviation 1.91247e-05
ENERGY:  415000       431.9388      1169.2307      1095.7383        77.3938        -114183.8967      9683.1042         0.0000         0.0000     18560.8469         -83165.6440       301.7410   -101726.4909    -82977.9707       302.1190           -124.4935      -129.7373    301406.9880       -18.3852       -18.6381

TIMING: 420000  CPU: 421.18, 0.000992902/step  Wall: 421.627, 0.00100031/step, 172.746 ns/days, 0.0222292 hours remaining, 0.000000 MB of memory in use.
PERFORMANCE: 420000  averaging 172.253 ns/day, 0.00100318 sec/step with standard deviation 1.90118e-05
ENERGY:  420000       449.0548      1113.1014      1101.0275        83.6843        -113774.6785      9588.7688         0.0000         0.0000     18547.3174         -82891.7243       301.5211   -101439.0417    -82985.6506       302.1339           -198.5785      -199.9448    301017.3380       -16.1031       -16.4673

TIMING: 425000  CPU: 426.093, 0.000982675/step  Wall: 426.578, 0.000990247/step, 174.502 ns/days, 0.0206302 hours remaining, 0.000000 MB of memory in use.
PERFORMANCE: 425000  averaging 172.279 ns/day, 0.00100302 sec/step with standard deviation 1.89502e-05
ENERGY:  425000       438.1019      1114.7113      1107.5027        70.6189        -114052.6684      9705.3186         0.0000         0.0000     18514.1429         -83102.2720       300.9818   -101616.4149    -82993.0748       302.1221            -65.3659       -66.9394    299635.8460       -15.7698       -15.9685

TIMING: 430000  CPU: 430.983, 0.0009779/step  Wall: 431.504, 0.000985183/step, 175.399 ns/days, 0.0191563 hours remaining, 0.000000 MB of memory in use.
PERFORMANCE: 430000  averaging 172.315 ns/day, 0.00100282 sec/step with standard deviation 1.89364e-05
ENERGY:  430000       428.3282      1175.2676      1109.6186        68.6947        -114550.8515      9920.4655         0.0000         0.0000     18778.5955         -83069.8813       305.2809   -101848.4768    -82982.9508       302.3118             17.6500        20.1817    299829.8537        -6.0878        -6.2195

TIMING: 435000  CPU: 436.123, 0.001028/step  Wall: 436.683, 0.00103572/step, 166.84 ns/days, 0.0187006 hours remaining, 0.000000 MB of memory in use.
PERFORMANCE: 435000  averaging 172.25 ns/day, 0.0010032 sec/step with standard deviation 1.91537e-05
ENERGY:  435000       449.4319      1124.0021      1111.2678        72.6417        -113723.9753      9445.9924         0.0000         0.0000     18580.7417         -82939.8977       302.0645   -101520.6394    -82988.0956       302.2819           -396.4041      -397.6919    300987.8673       -17.8482       -18.0893

TIMING: 440000  CPU: 441.026, 0.000980744/step  Wall: 441.624, 0.000988237/step, 174.857 ns/days, 0.0164706 hours remaining, 0.000000 MB of memory in use.
PERFORMANCE: 440000  averaging 172.279 ns/day, 0.00100303 sec/step with standard deviation 1.911e-05
ENERGY:  440000       443.7431      1069.7340      1120.9283        82.6998        -113624.2725      9558.7726         0.0000         0.0000     18627.8476         -82720.5472       302.8303   -101348.3948    -82946.7379       302.5766           -293.9574      -291.0294    302246.2014       -11.5270       -11.6035

TIMING: 445000  CPU: 445.926, 0.000980026/step  Wall: 446.562, 0.000987582/step, 174.973 ns/days, 0.0150881 hours remaining, 0.000000 MB of memory in use.
PERFORMANCE: 445000  averaging 172.309 ns/day, 0.00100285 sec/step with standard deviation 1.90715e-05
ENERGY:  445000       458.4430      1138.1572      1137.2592        80.7002        -113967.4652      9810.1583         0.0000         0.0000     18746.6680         -82596.0793       304.7619   -101342.7473    -82937.5573       302.5841            -76.5326       -75.8281    301997.9852       -33.5247       -33.6218

TIMING: 450000  CPU: 451.057, 0.00102615/step  Wall: 451.724, 0.00103245/step, 167.369 ns/days, 0.0143396 hours remaining, 0.000000 MB of memory in use.
PERFORMANCE: 450000  averaging 172.252 ns/day, 0.00100318 sec/step with standard deviation 1.92189e-05
ETITLE:      TS           BOND          ANGLE          DIHED          IMPRP               ELECT            VDW       BOUNDARY           MISC        KINETIC               TOTAL           TEMP      POTENTIAL       TOTALAVG        TEMPAVG            PRESSURE      GPRESSURE         VOLUME       PRESSAVG      GPRESSAVG

ENERGY:  450000       450.7616      1111.4464      1113.9096        72.3024        -113977.6536      9711.5447         0.0000         0.0000     18561.5306         -82956.1583       301.7522   -101517.6889    -82934.6217       302.5360           -142.8464      -144.9372    301449.2979       -46.4069       -46.4913

TIMING: 455000  CPU: 455.982, 0.000984973/step  Wall: 456.678, 0.000990764/step, 174.411 ns/days, 0.0123845 hours remaining, 0.000000 MB of memory in use.
PERFORMANCE: 455000  averaging 172.276 ns/day, 0.00100304 sec/step with standard deviation 1.91561e-05
ENERGY:  455000       441.9524      1168.9979      1122.9305        68.8469        -113973.5915      9708.3056         0.0000         0.0000     18592.2092         -82870.3492       302.2509   -101462.5584    -82928.3259       302.5067           -202.3874      -208.1553    301917.0028       -68.3381       -68.8752

TIMING: 460000  CPU: 460.887, 0.000981096/step  Wall: 461.613, 0.000986951/step, 175.085 ns/days, 0.0109661 hours remaining, 0.000000 MB of memory in use.
PERFORMANCE: 460000  averaging 172.306 ns/day, 0.00100287 sec/step with standard deviation 1.91243e-05
ENERGY:  460000       405.4312      1110.8784      1125.7025        76.4713        -114522.2248     10008.9568         0.0000         0.0000     18570.6532         -83224.1314       301.9005   -101794.7847    -82944.6709       302.4113            141.5547       138.7234    300014.4995       -64.6478       -65.1984

TIMING: 465000  CPU: 466.024, 0.00102731/step  Wall: 466.779, 0.00103339/step, 167.216 ns/days, 0.0100469 hours remaining, 0.000000 MB of memory in use.
PERFORMANCE: 465000  averaging 172.249 ns/day, 0.0010032 sec/step with standard deviation 1.92817e-05
ENERGY:  465000       426.6003      1140.4897      1133.8003        63.9353        -113894.6499      9659.7234         0.0000         0.0000     18555.4393         -82914.6617       301.6531   -101470.1010    -82931.4195       302.4534            -82.5049       -86.8448    300329.1358       -62.4721       -63.1909

TIMING: 470000  CPU: 470.957, 0.000986624/step  Wall: 471.743, 0.000992757/step, 174.061 ns/days, 0.00827297 hours remaining, 0.000000 MB of memory in use.
PERFORMANCE: 470000  averaging 172.268 ns/day, 0.00100309 sec/step with standard deviation 1.92079e-05
ENERGY:  470000       441.0693      1155.9040      1132.3530        77.6502        -114702.8995     10162.7479         0.0000         0.0000     18651.4737         -83081.7013       303.2143   -101733.1750    -82937.6727       302.4839            353.9919       358.9258    299622.5156       -39.7104       -40.1968

TIMING: 475000  CPU: 475.897, 0.000987871/step  Wall: 476.72, 0.000995263/step, 173.622 ns/days, 0.00691155 hours remaining, 0.000000 MB of memory in use.
PERFORMANCE: 475000  averaging 172.282 ns/day, 0.001003 sec/step with standard deviation 1.91223e-05
ENERGY:  475000       446.5499      1171.0999      1115.7829        65.2277        -113941.4019      9868.1815         0.0000         0.0000     18718.3937         -82556.1663       304.3023   -101274.5600    -82922.4701       302.4665            -21.1584       -20.0965    300945.4864       -22.4509       -22.8338

TIMING: 480000  CPU: 480.909, 0.00100253/step  Wall: 481.772, 0.00101052/step, 171.001 ns/days, 0.005614 hours remaining, 0.000000 MB of memory in use.
PERFORMANCE: 480000  averaging 172.269 ns/day, 0.00100308 sec/step with standard deviation 1.90369e-05
ENERGY:  480000       419.8771      1084.4977      1107.0436        70.4068        -114047.2850      9866.0078         0.0000         0.0000     18525.9401         -82973.5118       301.1736   -101499.4519    -82913.9646       302.5471            179.1997       179.8111    300082.0882       -12.9643       -13.3312

TIMING: 485000  CPU: 485.852, 0.000988494/step  Wall: 486.753, 0.000996119/step, 173.473 ns/days, 0.00415049 hours remaining, 0.000000 MB of memory in use.
PERFORMANCE: 485000  averaging 172.281 ns/day, 0.00100301 sec/step with standard deviation 1.89507e-05
ENERGY:  485000       446.5805      1138.6132      1111.3499        72.1665        -113717.8005      9678.0249         0.0000         0.0000     18525.8582         -82745.2074       301.1722   -101271.0656    -82901.7303       302.5231           -253.7487      -255.5281    301529.9708       -23.9997       -24.5378

TIMING: 490000  CPU: 490.76, 0.000981624/step  Wall: 491.7, 0.000989377/step, 174.655 ns/days, 0.00274827 hours remaining, 0.000000 MB of memory in use.
PERFORMANCE: 490000  averaging 172.305 ns/day, 0.00100287 sec/step with standard deviation 1.8903e-05
ENERGY:  490000       403.5326      1146.4460      1116.9128        74.4830        -114024.6331      9707.0780         0.0000         0.0000     18527.4032         -83048.7776       301.1974   -101576.1808    -82918.6172       302.3895             64.9640        63.1447    300071.5981       -40.9509       -41.5014

TIMING: 495000  CPU: 495.853, 0.0010186/step  Wall: 496.832, 0.00102643/step, 168.35 ns/days, 0.0014256 hours remaining, 0.000000 MB of memory in use.
PERFORMANCE: 495000  averaging 172.264 ns/day, 0.00100311 sec/step with standard deviation 1.89548e-05
ENERGY:  495000       400.6596      1157.5140      1107.1764        69.6334        -113797.6373      9534.7750         0.0000         0.0000     18618.5812         -82909.2977       302.6796   -101527.8789    -82914.6598       302.4238           -111.9835      -107.9056    301531.6026       -56.8118       -57.0255

TIMING: 500000  CPU: 500.767, 0.000982799/step  Wall: 501.784, 0.000990375/step, 174.479 ns/days, 0 hours remaining, 0.000000 MB of memory in use.
PERFORMANCE: 500000  averaging 172.286 ns/day, 0.00100298 sec/step with standard deviation 1.89018e-05
ETITLE:      TS           BOND          ANGLE          DIHED          IMPRP               ELECT            VDW       BOUNDARY           MISC        KINETIC               TOTAL           TEMP      POTENTIAL       TOTALAVG        TEMPAVG            PRESSURE      GPRESSURE         VOLUME       PRESSAVG      GPRESSAVG

ENERGY:  500000       427.2670      1120.2643      1126.6254        68.4985        -114309.5768      9921.5161         0.0000         0.0000     18625.5934         -83019.8121       302.7936   -101645.4055    -82915.3256       302.4714            266.8462       272.3672    299740.5531       -49.2624       -49.2089

WRITING EXTENDED SYSTEM TO OUTPUT FILE AT STEP 500000
WRITING COORDINATES TO OUTPUT FILE AT STEP 500000
The last position output (seq=-2) takes 0.049 seconds, 0.000 MB of memory in use
WRITING VELOCITIES TO OUTPUT FILE AT STEP 500000
The last velocity output (seq=-2) takes 0.070 seconds, 0.000 MB of memory in use
====================================================

WallClock: 504.965332  CPUTime: 491.268494  Memory: 0.000000 MB
[Partition 0][Node 0] End of program
