Charm++> Running on MPI library: Open MPI v4.1.5a1, package: Open MPI software@d001.sol.rc.asu.edu Distribution, ident: 4.1.5a1, repo rev: v4.1.4-32-g5abd86cc8c, Unreleased developer copy (MPI standard: 3.1)
Charm++> Level of thread support used: MPI_THREAD_FUNNELED (desired: MPI_THREAD_FUNNELED)
Charm++> Running in SMP mode: 1 processes, 45 worker threads (PEs) + 1 comm threads per process, 45 PEs total
Charm++> The comm. thread both sends and receives messages
Charm++> Using recursive bisection (scheme 3) for topology aware partitions
Converse/Charm++ Commit ID: v8.0.1-devel-35-gf310838d5
Charm++ communication thread will sleep due to single-process run.
CharmLB> Load balancer assumes all CPUs are same.
Charm++> cpu affinity enabled. 
Charm++> Running on 1 hosts (2 sockets x 23 cores x 1 PUs = 46-way SMP)
Charm++> cpu topology info is gathered in 0.003 seconds.
Info: Built with CUDA version 12090
Pe 25 physical rank 25 will use CUDA device of pe 32
Pe 44 physical rank 44 will use CUDA device of pe 32
Pe 34 physical rank 34 will use CUDA device of pe 32
Pe 6 physical rank 6 will use CUDA device of pe 32
Pe 42 physical rank 42 will use CUDA device of pe 32
Pe 27 physical rank 27 will use CUDA device of pe 32
Pe 29 physical rank 29 will use CUDA device of pe 32
Pe 43 physical rank 43 will use CUDA device of pe 32
Pe 35 physical rank 35 will use CUDA device of pe 32
Pe 41 physical rank 41 will use CUDA device of pe 32
Pe 26 physical rank 26 will use CUDA device of pe 32
Pe 28 physical rank 28 will use CUDA device of pe 32
Pe 24 physical rank 24 will use CUDA device of pe 32
Pe 33 physical rank 33 will use CUDA device of pe 32
Pe 31 physical rank 31 will use CUDA device of pe 32
Pe 30 physical rank 30 will use CUDA device of pe 32
Pe 16 physical rank 16 will use CUDA device of pe 32
Pe 13 physical rank 13 will use CUDA device of pe 32
Pe 17 physical rank 17 will use CUDA device of pe 32
Pe 12 physical rank 12 will use CUDA device of pe 32
Pe 14 physical rank 14 will use CUDA device of pe 32
Pe 15 physical rank 15 will use CUDA device of pe 32
Pe 37 physical rank 37 will use CUDA device of pe 32
Pe 38 physical rank 38 will use CUDA device of pe 32
Pe 40 physical rank 40 will use CUDA device of pe 32
Pe 39 physical rank 39 will use CUDA device of pe 32
Pe 36 physical rank 36 will use CUDA device of pe 32
Pe 11 physical rank 11 will use CUDA device of pe 32
Pe 10 physical rank 10 will use CUDA device of pe 32
Pe 9 physical rank 9 will use CUDA device of pe 32
Pe 7 physical rank 7 will use CUDA device of pe 32
Pe 4 physical rank 4 will use CUDA device of pe 32
Pe 1 physical rank 1 will use CUDA device of pe 32
Pe 5 physical rank 5 will use CUDA device of pe 32
Pe 2 physical rank 2 will use CUDA device of pe 32
Pe 8 physical rank 8 will use CUDA device of pe 32
Pe 3 physical rank 3 will use CUDA device of pe 32
Pe 0 physical rank 0 will use CUDA device of pe 32
Pe 19 physical rank 19 will use CUDA device of pe 32
Pe 22 physical rank 22 will use CUDA device of pe 32
Pe 20 physical rank 20 will use CUDA device of pe 32
Pe 18 physical rank 18 will use CUDA device of pe 32
Pe 21 physical rank 21 will use CUDA device of pe 32
Pe 23 physical rank 23 will use CUDA device of pe 32
Pe 32 physical rank 32 binding to CUDA device 0 on sg045: 'NVIDIA A100-SXM4-80GB'  Mem: 81152MB  Rev: 8.0  PCI: 0:1:0
CharmLB> Load balancing instrumentation for communication is off.
Info: NAMD 3.1alpha4pre for Linux-x86_64-MPI-smp-CUDA
Info: 
Info: Please visit http://www.ks.uiuc.edu/Research/namd/
Info: for updates, documentation, and support information.
Info: 
Info: Please cite Phillips et al., J. Chem. Phys. 153:044130 (2020) doi:10.1063/5.0014475
Info: in all publications reporting results obtained with NAMD.
Info: 
Info: Based on Charm++/Converse 80001 for mpi-linux-x86_64
Info: Built Tue Mar 10 15:59:42 MST 2026 by athiru12 on sg236
Info: Source code at Git commit ID 6669d58345b330ce455c3341de1e9ec803325dda
Info: 1 NAMD  3.1alpha4pre  Linux-x86_64-MPI-smp-CUDA  45    sg045  ljwoods2
Info: Running on 45 processors, 1 nodes, 1 physical nodes.
Info: CPU topology information available.
Info: Charm++/Converse parallel runtime startup completed at 0.208845 s
CkLoopLib is used in SMP with simple dynamic scheduling (converse-level notification)
Info: 0 MB of memory in use based on /proc/self/stat
Info: Configuration file is input/step5_fileio_fileio_run_4.inp
Info: Changed directory to input
TCL: Suspending until startup complete.
Warning: Option "1-4scaling" has been deprecated. Instead use "oneFourScaling".
Info: EXTENDED SYSTEM FILE   ../output/vanilla/performance/equil/1-0-40/run-1/step4_equilibration.xsc
Info: Tuning parameters to improve GPU-resident performance
Info: Setting margin to 4
Warning: The Langevin gamma parameters differ over the particles,
Warning: requiring extra work per step to constrain rigid bonds.
Info: Enabling PMEOffload because PMEInterpOrder > 4.
Info: Running with GPU-resident mode
Warning: Always using force tables for GPU nonbonded kernel due to unsupported config parameters.
Info: SIMULATION PARAMETERS:
Info: TIMESTEP               2
Info: NUMBER OF STEPS        500000
Info: STEPS PER CYCLE        20
Info: PERIODIC CELL BASIS 1  69 0 0
Info: PERIODIC CELL BASIS 2  0 69 0
Info: PERIODIC CELL BASIS 3  0 0 69
Info: PERIODIC CELL CENTER   0 0 0
Info: WRAPPING WATERS AROUND PERIODIC BOUNDARIES ON OUTPUT.
Info: WRAPPING ALL CLUSTERS AROUND PERIODIC BOUNDARIES ON OUTPUT.
Info: LOAD BALANCER  Centralized
Info: LOAD BALANCING STRATEGY  New Load Balancers -- DEFAULT
Info: LDB PERIOD             4000 steps
Info: FIRST LDB TIMESTEP     100
Info: LAST LDB TIMESTEP     -1
Info: LDB BACKGROUND SCALING 1
Info: HOM BACKGROUND SCALING 1
Info: PME BACKGROUND SCALING 1
Info: MIN ATOMS PER PATCH    40
Info: EMPTY PATCH LOAD       40 ATOMS
Info: VELOCITY FILE          ../output/vanilla/performance/equil/1-0-40/run-1/step4_equilibration.vel
Info: CENTER OF MASS MOVING INITIALLY? NO
Info: DIELECTRIC             1
Info: EXCLUDE                SCALED ONE-FOUR
Info: 1-4 ELECTROSTATICS SCALED BY 1
Info: MODIFIED 1-4 VDW PARAMETERS WILL BE USED
Info: DCD FILENAME           ../output/fileio/performance/prod/1-1-45/frequency-5000/run-4/step5_fileio.dcd
Info: DCD FREQUENCY          5000
Info: DCD FIRST STEP         5000
Info: DCD FILE WILL CONTAIN UNIT CELL DATA
Info: NO EXTENDED SYSTEM TRAJECTORY OUTPUT
Info: NO VELOCITY DCD OUTPUT
Info: NO FORCE DCD OUTPUT
Info: OUTPUT FILENAME        ../output/fileio/performance/prod/1-1-45/frequency-5000/run-4/step5_fileio
Info: BINARY OUTPUT FILES WILL BE USED
Info: NO RESTART FILE
Info: NAMD will save positions and velocities to ../output/fileio/performance/prod/1-1-45/frequency-5000/run-4/step5_fileio.crash.csv when  atoms are moving too fast.
Info: SWITCHING ACTIVE
Info: VDW FORCE SWITCHING ACTIVE
Info: SWITCHING ON           10
Info: SWITCHING OFF          12
Info: PAIRLIST DISTANCE      16
Info: PAIRLIST SHRINK RATE   0.01
Info: PAIRLIST GROW RATE     0.01
Info: PAIRLIST TRIGGER       0.3
Info: PAIRLISTS PER CYCLE    2
Info: PAIRLISTS ENABLED
Info: MARGIN                 4
Info: HYDROGEN GROUP CUTOFF  2.5
Info: PATCH DIMENSION        22.5
Info: ENERGY OUTPUT STEPS    5000
Info: ENERGY EVALUATION STEPS    5000
Info: OUTPUT ENERGY PRECISION 4
Info: CROSSTERM ENERGY INCLUDED IN DIHEDRAL
Info: TIMING OUTPUT STEPS    5000
Info: LANGEVIN DYNAMICS ACTIVE
Info: LANGEVIN TEMPERATURE   303.15
Info: LANGEVIN USING BBK INTEGRATOR
Info: LANGEVIN DAMPING COEFFICIENT IS 1 INVERSE PS
Info: LANGEVIN DYNAMICS NOT APPLIED TO HYDROGENS
Info: LANGEVIN PISTON PRESSURE CONTROL ACTIVE
Info:        TARGET PRESSURE IS 1.01325 BAR
Info:     OSCILLATION PERIOD IS 50 FS
Info:             DECAY TIME IS 25 FS
Info:     PISTON TEMPERATURE IS 303.15 K
Info:       PRESSURE CONTROL IS GROUP-BASED
Info:    INITIAL STRAIN RATE IS 0 0 0
Info:       CELL FLUCTUATION IS ISOTROPIC
Info: PARTICLE MESH EWALD (PME) ACTIVE
Info: PME TOLERANCE               1e-06
Info: PME EWALD COEFFICIENT       0.257952
Info: PME INTERPOLATION ORDER     6
Info: PME GRID DIMENSIONS         72 72 72
Info: PME MAXIMUM GRID SPACING    1
Info: PME RECIPROCAL SUM OFFLOADED TO GPU
Info: PME CALCULATION WILL BE PERFORMED ON GPU
Info: FULL ELECTROSTATIC EVALUATION FREQUENCY      1
Info: USING VERLET I (r-RESPA) MTS SCHEME.
Info: C1 SPLITTING OF LONG RANGE ELECTROSTATICS
Info: PLACING ATOMS IN PATCHES BY HYDROGEN GROUPS
Info: RIGID BONDS TO HYDROGEN : ALL
Info:         ERROR TOLERANCE : 1e-08
Info:          MAX ITERATIONS : 100
Info: RIGID WATER USING SETTLE ALGORITHM
Info: RANDOM NUMBER SEED     1774699835
Info: USE HYDROGEN BONDS?    NO
Info: COORDINATE PDB         step3_input.pdb
Info: STRUCTURE FILE         step3_input.psf
Info: PARAMETER file: CHARMM format! 
Info: PARAMETERS             toppar/par_all36m_prot.prm
Info: PARAMETERS             toppar/par_all36_na.prm
Info: PARAMETERS             toppar/par_all36_carb.prm
Info: PARAMETERS             toppar/par_all36_lipid.prm
Info: PARAMETERS             toppar/par_all36_cgenff.prm
Info: PARAMETERS             toppar/par_interface.prm
Info: PARAMETERS             toppar/toppar_all36_moreions.str
Info: PARAMETERS             toppar/toppar_all36_nano_lig.str
Info: PARAMETERS             toppar/toppar_all36_nano_lig_patch.str
Info: PARAMETERS             toppar/toppar_all36_synthetic_polymer.str
Info: PARAMETERS             toppar/toppar_all36_synthetic_polymer_patch.str
Info: PARAMETERS             toppar/toppar_all36_polymer_solvent.str
Info: PARAMETERS             toppar/toppar_water_ions.str
Info: PARAMETERS             toppar/toppar_dum_noble_gases.str
Info: PARAMETERS             toppar/toppar_ions_won.str
Info: PARAMETERS             toppar/cam.str
Info: PARAMETERS             toppar/toppar_all36_prot_arg0.str
Info: PARAMETERS             toppar/toppar_all36_prot_c36m_d_aminoacids.str
Info: PARAMETERS             toppar/toppar_all36_prot_fluoro_alkanes.str
Info: PARAMETERS             toppar/toppar_all36_prot_heme.str
Info: PARAMETERS             toppar/toppar_all36_prot_na_combined.str
Info: PARAMETERS             toppar/toppar_all36_prot_retinol.str
Info: PARAMETERS             toppar/toppar_all36_prot_model.str
Info: PARAMETERS             toppar/toppar_all36_prot_modify_res.str
Info: PARAMETERS             toppar/toppar_all36_na_nad_ppi.str
Info: PARAMETERS             toppar/toppar_all36_na_rna_modified.str
Info: PARAMETERS             toppar/toppar_all36_lipid_sphingo.str
Info: PARAMETERS             toppar/toppar_all36_lipid_archaeal.str
Info: PARAMETERS             toppar/toppar_all36_lipid_bacterial.str
Info: PARAMETERS             toppar/toppar_all36_lipid_cardiolipin.str
Info: PARAMETERS             toppar/toppar_all36_lipid_cholesterol.str
Info: PARAMETERS             toppar/toppar_all36_lipid_dag.str
Info: PARAMETERS             toppar/toppar_all36_lipid_inositol.str
Info: PARAMETERS             toppar/toppar_all36_lipid_lnp.str
Info: PARAMETERS             toppar/toppar_all36_lipid_lps.str
Info: PARAMETERS             toppar/toppar_all36_lipid_mycobacterial.str
Info: PARAMETERS             toppar/toppar_all36_lipid_miscellaneous.str
Info: PARAMETERS             toppar/toppar_all36_lipid_model.str
Info: PARAMETERS             toppar/toppar_all36_lipid_prot.str
Info: PARAMETERS             toppar/toppar_all36_lipid_tag.str
Info: PARAMETERS             toppar/toppar_all36_lipid_yeast.str
Info: PARAMETERS             toppar/toppar_all36_lipid_hmmm.str
Info: PARAMETERS             toppar/toppar_all36_lipid_detergent.str
Info: PARAMETERS             toppar/toppar_all36_lipid_ether.str
Info: PARAMETERS             toppar/toppar_all36_lipid_oxidized.str
Info: PARAMETERS             toppar/toppar_all36_carb_glycolipid.str
Info: PARAMETERS             toppar/toppar_all36_carb_glycopeptide.str
Info: PARAMETERS             toppar/toppar_all36_carb_imlab.str
Info: PARAMETERS             toppar/toppar_all36_label_spin.str
Info: PARAMETERS             toppar/toppar_all36_label_fluorophore.str
Info: USING ARITHMETIC MEAN TO COMBINE L-J SIGMA PARAMETERS
Info: BINARY COORDINATES     ../output/vanilla/performance/equil/1-0-40/run-1/step4_equilibration.coor
Warning: SKIPPING PART OF PARAMETER FILE AFTER RETURN STATEMENT

Warning: DUPLICATE DIHEDRAL ENTRY FOR HAL1-CTO1-C-NHL
PREVIOUS VALUES MULTIPLICITY: 1
  k=0  n=1  delta=0INCREASING MULTIPLICITY TO: 2
  k=0  n=3  delta=0

Warning: DUPLICATE DIHEDRAL ENTRY FOR HAL1-CTO1-C-O
PREVIOUS VALUES MULTIPLICITY: 1
  k=0  n=1  delta=0INCREASING MULTIPLICITY TO: 2
  k=0  n=2  delta=3.14159
Warning: SKIPPING PART OF PARAMETER FILE AFTER RETURN STATEMENT

Warning: DUPLICATE DIHEDRAL ENTRY FOR CTL2-CG2O5-CTL1-CTL3
PREVIOUS VALUES MULTIPLICITY: 1
  k=0.75  n=1  delta=0  k=0.18  n=2  delta=3.14159INCREASING MULTIPLICITY TO: 3
  k=0.065  n=3  delta=0

Warning: DUPLICATE BOND ENTRY FOR CEL1-CL
PREVIOUS VALUES  k=440  x0=1.489
   USING VALUES  k=300  x0=1.48
Info: SUMMARY OF PARAMETERS:
Info: 1988 BONDS
Info: 6776 ANGLES
Info: 19939 DIHEDRAL
Info: 430 IMPROPER
Info: 28 CROSSTERM
Info: 751 VDW
Info: 122 VDW_PAIRS
Info: 0 NBTHOLE_PAIRS
Warning: Ignored 9467 bonds with zero force constants.
Warning: Will get H-H distance in rigid H2O from H-O-H angle.
Info: No lone pairs detected in waters
Info: TIME FOR READING PSF FILE: 0.187459
Info: Reading pdb file step3_input.pdb
Info: TIME FOR READING PDB FILE: 0.119904
Info: 
Info: ****************************
Info: STRUCTURE SUMMARY:
Info: 30423 ATOMS
Info: 20918 BONDS
Info: 13014 ANGLES
Info: 5187 DIHEDRALS
Info: 373 IMPROPERS
Info: 127 CROSSTERMS
Info: 0 EXCLUSIONS
Info: 29360 RIGID BONDS
Info: 61909 DEGREES OF FREEDOM
Info: 10530 HYDROGEN GROUPS
Info: 4 ATOMS IN LARGEST HYDROGEN GROUP
Info: 10530 MIGRATION GROUPS
Info: 4 ATOMS IN LARGEST MIGRATION GROUP
Info: TOTAL MASS = 186727 amu
Info: TOTAL CHARGE = 1.31875e-06 e
Info: MASS DENSITY = 0.943883 g/cm^3
Info: ATOM DENSITY = 0.0926093 atoms/A^3
Info: *****************************
Info: Reading from binary file ../output/vanilla/performance/equil/1-0-40/run-1/step4_equilibration.coor
Info: 
Info: Entering startup at 1.35343 s, 0 MB of memory in use
Info: Startup phase 0 took 0.000438033 s, 0 MB of memory in use
Info: ADDED 39038 IMPLICIT EXCLUSIONS
Info: Startup phase 1 took 0.00683817 s, 0 MB of memory in use
Info: NONBONDED TABLE R-SQUARED SPACING: 0.0625
Info: NONBONDED TABLE SIZE: 769 POINTS
Info: INCONSISTENCY IN FAST TABLE ENERGY VS FORCE: 0.000325096 AT 11.9556
Info: INCONSISTENCY IN SCOR TABLE ENERGY VS FORCE: 0.000324844 AT 11.9556
Info: INCONSISTENCY IN VDWA TABLE ENERGY VS FORCE: 0.0040507 AT 0.251946
Info: INCONSISTENCY IN VDWB TABLE ENERGY VS FORCE: 0.00150189 AT 0.251946
Info: Startup phase 2 took 0.0154531 s, 0 MB of memory in use
Info: Startup phase 3 took 0.000202692 s, 0 MB of memory in use
Info: Startup phase 4 took 0.00108144 s, 0 MB of memory in use
Info: Startup phase 5 took 0.000188324 s, 0 MB of memory in use
Info: REDUCING NUMBER OF PATCHES TO IMPROVE LOAD BALANCE
Info: PATCH GRID IS 5 (PERIODIC) BY 3 (PERIODIC) BY 3 (PERIODIC)
Info: PATCH GRID IS 2-AWAY BY 1-AWAY BY 1-AWAY
Info: Reading from binary file ../output/vanilla/performance/equil/1-0-40/run-1/step4_equilibration.vel
Info: REMOVING COM VELOCITY -0.0158458 -0.019888 0.00968242
Info: LARGEST PATCH (22) HAS 800 ATOMS
Info: TORUS A SIZE 1 USING 0
Info: TORUS B SIZE 1 USING 0
Info: TORUS C SIZE 1 USING 0
Info: TORUS MINIMAL MESH SIZE IS 1 BY 1 BY 1
Info: Placed 100% of base nodes on same physical node as patch
Info: Startup phase 6 took 0.0455561 s, 0 MB of memory in use
Info: Use 3D box decompostion in PME FFT.
Info: PME using 1 x 1 x 1 pencil grid for FFT and reciprocal sum.
Info: Startup phase 7 took 0.00109716 s, 0 MB of memory in use
Info: Updated CUDA force table with 4096 elements.
Info: Updated CUDA LJ table with 751 x 751 elements.
Info: Startup phase 8 took 0.0101998 s, 0 MB of memory in use
Info: Startup phase 9 took 0.00037769 s, 0 MB of memory in use
Info: Startup phase 10 took 0.000166954 s, 0 MB of memory in use
Info: Startup phase 11 took 0.0109526 s, 0 MB of memory in use
LDB: Central LB being created...
Info: Startup phase 12 took 0.291345 s, 0 MB of memory in use
Info: Startup phase 13 took 0.00017028 s, 0 MB of memory in use
Info: Startup phase 14 took 0.00199639 s, 0 MB of memory in use
Info: Startup phase 15 took 0.000163937 s, 0 MB of memory in use
Info: CREATING 1710 COMPUTE OBJECTS
Info: Found 268 unique exclusion lists needing 4316 bytes
Info: useSync: 0 useProxySync: 0
Info: Startup phase 16 took 0.131298 s, 0 MB of memory in use
Info: Startup phase 17 took 0.000318188 s, 0 MB of memory in use
Info: Startup phase 18 took 7.7957e-05 s, 0 MB of memory in use
Info: Finished startup at 1.87135 s, 0 MB of memory in use

TCL: Original numsteps 500000 will be ignored.
TCL: Running for 500000 steps
ETITLE:      TS           BOND          ANGLE          DIHED          IMPRP               ELECT            VDW       BOUNDARY           MISC        KINETIC               TOTAL           TEMP      POTENTIAL       TOTALAVG        TEMPAVG            PRESSURE      GPRESSURE         VOLUME       PRESSAVG      GPRESSAVG

ENERGY:       0       390.0165      1067.9379      1155.8548        69.8147        -111518.5693      9145.1384         0.0000         0.0000     18338.1923         -81351.6148       298.1214    -99689.8070    -81351.6148       298.1214          -1454.3547     -1453.0520    328509.0000     -1454.3547     -1453.0520

Info: Initial time: 45 CPUs 0.00408868 s/step 42.263 ns/day 0 MB memory
Info: Initial time: 45 CPUs 0.000955851 s/step 180.781 ns/day 0 MB memory
Info: Initial time: 45 CPUs 0.000958752 s/step 180.234 ns/day 0 MB memory
Info: Benchmark time: 45 CPUs 0.000960658 s/step 179.877 ns/day 0 MB memory
Info: Benchmark time: 45 CPUs 0.00096927 s/step 178.278 ns/day 0 MB memory
Info: Benchmark time: 45 CPUs 0.000985086 s/step 175.416 ns/day 0 MB memory
Info: Benchmark time: 45 CPUs 0.000972041 s/step 177.77 ns/day 0 MB memory
Info: Benchmark time: 45 CPUs 0.00096431 s/step 179.195 ns/day 0 MB memory
Info: Benchmark time: 45 CPUs 0.00110764 s/step 156.007 ns/day 0 MB memory
TIMING: 5000  CPU: 6.18598, 0.000970287/step  Wall: 5.44092, 0.00104011/step, 166.136 ns/days, 0.143015 hours remaining, 0.000000 MB of memory in use.
PERFORMANCE: 5000  averaging 166.136 ns/day, 0.00104011 sec/step with standard deviation 0
ENERGY:    5000       401.2898      1098.1826      1123.7080        72.4292        -113587.1009      9700.0934         0.0000         0.0000     18710.8587         -82480.5392       304.1798   -101191.3979    -81916.0770       301.1506            -21.7826       -23.9774    301084.9694      -738.0687      -738.5147

OPENING COORDINATE DCD FILE
WRITING COORDINATES TO DCD FILE ../output/fileio/performance/prod/1-1-45/frequency-5000/run-4/step5_fileio.dcd AT STEP 5000
The last position output (seq=5000) takes 0.061 seconds, 0.000 MB of memory in use
TIMING: 10000  CPU: 11.4551, 0.00105383/step  Wall: 10.7416, 0.00106013/step, 162.998 ns/days, 0.144296 hours remaining, 0.000000 MB of memory in use.
PERFORMANCE: 10000  averaging 164.552 ns/day, 0.00105012 sec/step with standard deviation 1.41581e-05
ENERGY:   10000       438.4552      1171.0592      1122.5708        76.4649        -114066.9300      9839.0581         0.0000         0.0000     18624.6415         -82794.6802       302.7781   -101419.3217    -82208.9447       301.6931            -35.3961       -37.2992    301734.8985      -503.8445      -504.7762

WRITING COORDINATES TO DCD FILE ../output/fileio/performance/prod/1-1-45/frequency-5000/run-4/step5_fileio.dcd AT STEP 10000
The last position output (seq=10000) takes 0.084 seconds, 0.000 MB of memory in use
TIMING: 15000  CPU: 16.3589, 0.000980754/step  Wall: 15.6743, 0.00098654/step, 175.158 ns/days, 0.132909 hours remaining, 0.000000 MB of memory in use.
PERFORMANCE: 15000  averaging 167.942 ns/day, 0.00102893 sec/step with standard deviation 3.80509e-05
ENERGY:   15000       445.3177      1115.8365      1136.8921        67.1128        -113703.7009      9459.6968         0.0000         0.0000     18707.0353         -82771.8097       304.1176   -101478.8450    -82349.6610       302.2992           -392.6221      -388.6207    301899.0528      -476.0389      -475.7373

WRITING COORDINATES TO DCD FILE ../output/fileio/performance/prod/1-1-45/frequency-5000/run-4/step5_fileio.dcd AT STEP 15000
The last position output (seq=15000) takes 0.004 seconds, 0.000 MB of memory in use
TIMING: 20000  CPU: 21.1836, 0.000964945/step  Wall: 20.5278, 0.000970709/step, 178.014 ns/days, 0.129428 hours remaining, 0.000000 MB of memory in use.
PERFORMANCE: 20000  averaging 170.351 ns/day, 0.00101437 sec/step with standard deviation 4.25751e-05
ENERGY:   20000       438.0750      1104.3071      1121.5821        78.9782        -113990.3437      9669.0218         0.0000         0.0000     18554.9440         -83023.4354       301.6451   -101578.3794    -82484.4159       302.1684           -152.2291      -150.3521    300284.4509      -411.2769      -410.6603

WRITING COORDINATES TO DCD FILE ../output/fileio/performance/prod/1-1-45/frequency-5000/run-4/step5_fileio.dcd AT STEP 20000
The last position output (seq=20000) takes 0.002 seconds, 0.000 MB of memory in use
TIMING: 25000  CPU: 26.232, 0.00100967/step  Wall: 25.6045, 0.00101532/step, 170.192 ns/days, 0.133966 hours remaining, 0.000000 MB of memory in use.
PERFORMANCE: 25000  averaging 170.319 ns/day, 0.00101456 sec/step with standard deviation 3.68736e-05
ENERGY:   25000       441.1652      1168.6061      1143.1346        66.5646        -114008.2364      9686.7842         0.0000         0.0000     18609.1719         -82892.8098       302.5267   -101501.9817    -82552.4815       302.2281           -167.5373      -170.3361    300749.8021      -370.6537      -370.6062

WRITING COORDINATES TO DCD FILE ../output/fileio/performance/prod/1-1-45/frequency-5000/run-4/step5_fileio.dcd AT STEP 25000
The last position output (seq=25000) takes 0.062 seconds, 0.000 MB of memory in use
TIMING: 30000  CPU: 31.1161, 0.000976824/step  Wall: 30.5164, 0.000982387/step, 175.898 ns/days, 0.128256 hours remaining, 0.000000 MB of memory in use.
PERFORMANCE: 30000  averaging 171.225 ns/day, 0.0010092 sec/step with standard deviation 3.55005e-05
ENERGY:   30000       405.3779      1133.2853      1146.9932        72.4104        -113879.8905      9555.2939         0.0000         0.0000     18464.3426         -83102.1871       300.1722   -101566.5297    -82631.0109       301.9344           -154.2592      -154.0232    300658.1748      -339.7402      -339.6658

WRITING COORDINATES TO DCD FILE ../output/fileio/performance/prod/1-1-45/frequency-5000/run-4/step5_fileio.dcd AT STEP 30000
The last position output (seq=30000) takes 0.002 seconds, 0.000 MB of memory in use
TIMING: 35000  CPU: 35.9572, 0.000968224/step  Wall: 35.3856, 0.000973833/step, 177.443 ns/days, 0.125787 hours remaining, 0.000000 MB of memory in use.
PERFORMANCE: 35000  averaging 172.086 ns/day, 0.00100415 sec/step with standard deviation 3.50562e-05
ENERGY:   35000       413.7899      1174.9136      1114.1760        72.1423        -114419.8377     10008.9575         0.0000         0.0000     19035.9527         -82599.9058       309.4648   -101635.8584    -82627.1227       302.8757            190.6290       193.5140    300575.5729      -273.4440      -273.0183

WRITING COORDINATES TO DCD FILE ../output/fileio/performance/prod/1-1-45/frequency-5000/run-4/step5_fileio.dcd AT STEP 35000
The last position output (seq=35000) takes 0.003 seconds, 0.000 MB of memory in use
TIMING: 40000  CPU: 40.9037, 0.000989303/step  Wall: 40.361, 0.000995094/step, 173.652 ns/days, 0.127151 hours remaining, 0.000000 MB of memory in use.
PERFORMANCE: 40000  averaging 172.28 ns/day, 0.00100302 sec/step with standard deviation 3.26132e-05
ENERGY:   40000       403.9450      1116.5951      1122.3221        75.5877        -114444.8784     10109.3109         0.0000         0.0000     18620.5794         -82996.5380       302.7121   -101617.1174    -82668.1689       302.8575            331.1751       331.9704    299482.5545      -206.2641      -205.7974

WRITING COORDINATES TO DCD FILE ../output/fileio/performance/prod/1-1-45/frequency-5000/run-4/step5_fileio.dcd AT STEP 40000
The last position output (seq=40000) takes 0.002 seconds, 0.000 MB of memory in use
TIMING: 45000  CPU: 45.7525, 0.000969761/step  Wall: 45.2389, 0.000975567/step, 177.128 ns/days, 0.123301 hours remaining, 0.000000 MB of memory in use.
PERFORMANCE: 45000  averaging 172.806 ns/day, 0.000999967 sec/step with standard deviation 3.18494e-05
ENERGY:   45000       458.9810      1159.9821      1129.5114        81.4350        -113920.9265      9564.3692         0.0000         0.0000     18503.2865         -83023.3613       300.8053   -101526.6478    -82703.6881       302.6523           -113.0268      -114.9495    300067.3858      -196.9404      -196.7126

WRITING COORDINATES TO DCD FILE ../output/fileio/performance/prod/1-1-45/frequency-5000/run-4/step5_fileio.dcd AT STEP 45000
The last position output (seq=45000) takes 0.002 seconds, 0.000 MB of memory in use
TIMING: 50000  CPU: 50.6279, 0.000975074/step  Wall: 50.143, 0.000980819/step, 176.179 ns/days, 0.122602 hours remaining, 0.000000 MB of memory in use.
PERFORMANCE: 50000  averaging 173.137 ns/day, 0.000998052 sec/step with standard deviation 3.06324e-05
ETITLE:      TS           BOND          ANGLE          DIHED          IMPRP               ELECT            VDW       BOUNDARY           MISC        KINETIC               TOTAL           TEMP      POTENTIAL       TOTALAVG        TEMPAVG            PRESSURE      GPRESSURE         VOLUME       PRESSAVG      GPRESSAVG

ENERGY:   50000       414.9936      1100.4713      1130.0682        76.0045        -114153.2264      9767.1034         0.0000         0.0000     18671.9743         -82992.6111       303.5476   -101664.5854    -82729.9539       302.7337            -68.8296       -71.8937    301625.7932      -185.2939      -185.3654

WRITING COORDINATES TO DCD FILE ../output/fileio/performance/prod/1-1-45/frequency-5000/run-4/step5_fileio.dcd AT STEP 50000
The last position output (seq=50000) takes 0.001 seconds, 0.000 MB of memory in use
TIMING: 55000  CPU: 55.5887, 0.000992153/step  Wall: 55.1336, 0.000998138/step, 173.122 ns/days, 0.123381 hours remaining, 0.000000 MB of memory in use.
PERFORMANCE: 55000  averaging 173.136 ns/day, 0.00099806 sec/step with standard deviation 2.90604e-05
ENERGY:   55000       420.6403      1131.9373      1115.1058        63.7707        -114275.2670      9943.6320         0.0000         0.0000     18624.6580         -82975.5230       302.7784   -101600.1810    -82750.4180       302.7374            144.7312       142.0045    301397.0528      -157.7919      -158.0846

WRITING COORDINATES TO DCD FILE ../output/fileio/performance/prod/1-1-45/frequency-5000/run-4/step5_fileio.dcd AT STEP 55000
TIMING: 60000  CPU: 60.4437, 0.000971014/step  Wall: 60.0171, 0.000976693/step, 176.924 ns/days, 0.119374 hours remaining, 0.000000 MB of memory in use.
PERFORMANCE: 60000  averaging 173.445 ns/day, 0.000996279 sec/step with standard deviation 2.83863e-05
ENERGY:   60000       417.4839      1067.1457      1136.8788        70.3044        -114012.9952      9602.4079         0.0000         0.0000     18365.5742         -83353.2002       298.5665   -101718.7744    -82796.7858       302.4166           -238.4910      -239.3359    301049.7754      -163.9995      -164.3347

WRITING COORDINATES TO DCD FILE ../output/fileio/performance/prod/1-1-45/frequency-5000/run-4/step5_fileio.dcd AT STEP 60000
TIMING: 65000  CPU: 65.3279, 0.000976838/step  Wall: 64.9302, 0.000982623/step, 175.856 ns/days, 0.118734 hours remaining, 0.000000 MB of memory in use.
PERFORMANCE: 65000  averaging 173.628 ns/day, 0.000995229 sec/step with standard deviation 2.74405e-05
ENERGY:   65000       439.4330      1166.5650      1108.5546        76.6747        -114097.2527      9886.9636         0.0000         0.0000     18683.7098         -82735.3520       303.7384   -101419.0619    -82792.3977       302.5110            239.0087       237.6621    299975.8495      -135.2132      -135.6206

WRITING COORDINATES TO DCD FILE ../output/fileio/performance/prod/1-1-45/frequency-5000/run-4/step5_fileio.dcd AT STEP 65000
TIMING: 70000  CPU: 70.2712, 0.000988665/step  Wall: 69.9022, 0.000994398/step, 173.773 ns/days, 0.118775 hours remaining, 0.000000 MB of memory in use.
PERFORMANCE: 70000  averaging 173.639 ns/day, 0.000995169 sec/step with standard deviation 2.63649e-05
ENERGY:   70000       413.1153      1101.4232      1114.0054        72.7519        -114074.9176      9674.6735         0.0000         0.0000     18688.2519         -83010.6965       303.8122   -101698.9483    -82806.9509       302.5977            -83.9632       -84.5297    300475.1951      -131.7965      -132.2146

WRITING COORDINATES TO DCD FILE ../output/fileio/performance/prod/1-1-45/frequency-5000/run-4/step5_fileio.dcd AT STEP 70000
TIMING: 75000  CPU: 75.1171, 0.000969182/step  Wall: 74.7788, 0.000975315/step, 177.174 ns/days, 0.115141 hours remaining, 0.000000 MB of memory in use.
PERFORMANCE: 75000  averaging 173.87 ns/day, 0.000993846 sec/step with standard deviation 2.59179e-05
ENERGY:   75000       417.9165      1130.0973      1141.0668        65.4344        -114014.2244      9613.9092         0.0000         0.0000     18583.6197         -83062.1806       302.1113   -101645.8003    -82822.9028       302.5673           -110.1883      -110.7296    299783.8970      -130.4460      -130.8717

WRITING COORDINATES TO DCD FILE ../output/fileio/performance/prod/1-1-45/frequency-5000/run-4/step5_fileio.dcd AT STEP 75000
TIMING: 80000  CPU: 79.9489, 0.000966351/step  Wall: 79.6379, 0.000971822/step, 177.81 ns/days, 0.113379 hours remaining, 0.000000 MB of memory in use.
PERFORMANCE: 80000  averaging 174.111 ns/day, 0.000992469 sec/step with standard deviation 2.56372e-05
ENERGY:   80000       434.6143      1121.2542      1111.5975        81.4099        -114543.5437     10092.5724         0.0000         0.0000     18474.6612         -83227.4342       300.3399   -101702.0954    -82846.6988       302.4363            166.3100       167.9340    299615.3199      -112.9898      -113.2949

WRITING COORDINATES TO DCD FILE ../output/fileio/performance/prod/1-1-45/frequency-5000/run-4/step5_fileio.dcd AT STEP 80000
TIMING: 85000  CPU: 84.8811, 0.000986444/step  Wall: 84.5978, 0.000991982/step, 174.197 ns/days, 0.114353 hours remaining, 0.000000 MB of memory in use.
PERFORMANCE: 85000  averaging 174.116 ns/day, 0.000992441 sec/step with standard deviation 2.48234e-05
ENERGY:   85000       390.7369      1094.8150      1110.0027        67.4764        -114001.2725      9625.1422         0.0000         0.0000     18625.7549         -83087.3443       302.7962   -101713.0992    -82860.0680       302.4563            123.0562       122.7117    298721.6258       -99.8761      -100.1835

WRITING COORDINATES TO DCD FILE ../output/fileio/performance/prod/1-1-45/frequency-5000/run-4/step5_fileio.dcd AT STEP 85000
TIMING: 90000  CPU: 90.1993, 0.00106364/step  Wall: 89.9465, 0.00106973/step, 161.536 ns/days, 0.121831 hours remaining, 0.000000 MB of memory in use.
PERFORMANCE: 90000  averaging 173.366 ns/day, 0.000996735 sec/step with standard deviation 3.0197e-05
ENERGY:   90000       412.4550      1078.9433      1141.2107        74.1899        -113781.0896      9378.8019         0.0000         0.0000     18395.3397         -83300.1491       299.0504   -101695.4888    -82883.2301       302.2771           -341.9433      -346.4592    299434.2648      -112.6165      -113.1453

WRITING COORDINATES TO DCD FILE ../output/fileio/performance/prod/1-1-45/frequency-5000/run-4/step5_fileio.dcd AT STEP 90000
TIMING: 95000  CPU: 95.0145, 0.000963025/step  Wall: 94.7895, 0.00096861/step, 178.4 ns/days, 0.108969 hours remaining, 0.000000 MB of memory in use.
PERFORMANCE: 95000  averaging 173.624 ns/day, 0.000995254 sec/step with standard deviation 3.00471e-05
ENERGY:   95000       435.9996      1125.5502      1130.2194        67.0117        -114236.6818      9820.6162         0.0000         0.0000     18586.6829         -83070.6017       302.1611   -101657.2846    -82892.5987       302.2713            -60.2205       -60.2607    300758.8394      -109.9967      -110.5011

WRITING COORDINATES TO DCD FILE ../output/fileio/performance/prod/1-1-45/frequency-5000/run-4/step5_fileio.dcd AT STEP 95000
TIMING: 100000  CPU: 99.9272, 0.000982537/step  Wall: 99.7309, 0.000988269/step, 174.851 ns/days, 0.109808 hours remaining, 0.000000 MB of memory in use.
PERFORMANCE: 100000  averaging 173.685 ns/day, 0.000994905 sec/step with standard deviation 2.92874e-05
ETITLE:      TS           BOND          ANGLE          DIHED          IMPRP               ELECT            VDW       BOUNDARY           MISC        KINETIC               TOTAL           TEMP      POTENTIAL       TOTALAVG        TEMPAVG            PRESSURE      GPRESSURE         VOLUME       PRESSAVG      GPRESSAVG

ENERGY:  100000       422.0311      1125.1056      1103.0954        72.3023        -113627.7910      9651.0722         0.0000         0.0000     18536.0973         -82718.0871       301.3387   -101254.1844    -82960.9223       302.4321            -54.3979       -56.3972    301801.0925       -39.9989       -40.6684

WRITING COORDINATES TO DCD FILE ../output/fileio/performance/prod/1-1-45/frequency-5000/run-4/step5_fileio.dcd AT STEP 100000
TIMING: 105000  CPU: 104.802, 0.000974932/step  Wall: 104.637, 0.000981252/step, 176.102 ns/days, 0.107665 hours remaining, 0.000000 MB of memory in use.
PERFORMANCE: 105000  averaging 173.798 ns/day, 0.000994255 sec/step with standard deviation 2.87009e-05
ENERGY:  105000       423.0407      1133.2169      1134.1283        75.9179        -114253.9271      9868.9999         0.0000         0.0000     18556.7849         -83061.8386       301.6750   -101618.6235    -82989.9873       302.3069              3.2278        10.4014    300630.8842       -38.7483       -38.9494

WRITING COORDINATES TO DCD FILE ../output/fileio/performance/prod/1-1-45/frequency-5000/run-4/step5_fileio.dcd AT STEP 105000
TIMING: 110000  CPU: 109.618, 0.000963256/step  Wall: 109.481, 0.000968789/step, 178.367 ns/days, 0.104952 hours remaining, 0.000000 MB of memory in use.
PERFORMANCE: 110000  averaging 174.001 ns/day, 0.000993097 sec/step with standard deviation 2.85305e-05
ENERGY:  110000       417.4760      1105.8502      1128.3406        72.5403        -114203.6084      9845.0068         0.0000         0.0000     18725.6097         -82908.7848       304.4196   -101634.3945    -82995.6925       302.3890            225.7717       223.6552    299247.6370       -25.6899       -25.9017

WRITING COORDINATES TO DCD FILE ../output/fileio/performance/prod/1-1-45/frequency-5000/run-4/step5_fileio.dcd AT STEP 110000
TIMING: 115000  CPU: 114.489, 0.000974217/step  Wall: 114.379, 0.000979668/step, 176.386 ns/days, 0.10477 hours remaining, 0.000000 MB of memory in use.
PERFORMANCE: 115000  averaging 174.103 ns/day, 0.000992514 sec/step with standard deviation 2.80149e-05
ENERGY:  115000       468.9419      1131.2922      1129.4896        63.9581        -114080.8816      9802.2447         0.0000         0.0000     18528.3384         -82956.6168       301.2126   -101484.9552    -83004.9329       302.2437             52.0313        47.0361    299361.3164        -3.4573        -4.1189

WRITING COORDINATES TO DCD FILE ../output/fileio/performance/prod/1-1-45/frequency-5000/run-4/step5_fileio.dcd AT STEP 115000
TIMING: 120000  CPU: 119.367, 0.000975619/step  Wall: 119.287, 0.000981507/step, 176.056 ns/days, 0.103604 hours remaining, 0.000000 MB of memory in use.
PERFORMANCE: 120000  averaging 174.184 ns/day, 0.000992055 sec/step with standard deviation 2.7491e-05
ENERGY:  120000       413.5083      1111.2524      1135.4857        67.6637        -113980.9564      9917.1183         0.0000         0.0000     18659.4370         -82676.4912       303.3438   -101335.9282    -82987.5857       302.3286             43.9648        49.5354    301019.1261         6.3524         5.8755

WRITING COORDINATES TO DCD FILE ../output/fileio/performance/prod/1-1-45/frequency-5000/run-4/step5_fileio.dcd AT STEP 120000
TIMING: 125000  CPU: 124.192, 0.000964976/step  Wall: 124.14, 0.000970695/step, 178.017 ns/days, 0.101114 hours remaining, 0.000000 MB of memory in use.
PERFORMANCE: 125000  averaging 174.334 ns/day, 0.000991201 sec/step with standard deviation 2.72492e-05
ENERGY:  125000       405.6907      1157.2081      1118.7015        59.4983        -113829.2619      9756.4259         0.0000         0.0000     18649.8256         -82681.9119       303.1876   -101331.7375    -82977.0408       302.3617             77.6454        75.9241    300484.6718        18.6116        18.1885

WRITING COORDINATES TO DCD FILE ../output/fileio/performance/prod/1-1-45/frequency-5000/run-4/step5_fileio.dcd AT STEP 125000
TIMING: 130000  CPU: 129.07, 0.000975532/step  Wall: 129.047, 0.000981341/step, 176.086 ns/days, 0.10086 hours remaining, 0.000000 MB of memory in use.
PERFORMANCE: 130000  averaging 174.401 ns/day, 0.000990821 sec/step with standard deviation 2.67685e-05
ENERGY:  130000       416.6751      1139.8623      1118.5904        65.1475        -113860.4637      9713.9181         0.0000         0.0000     18689.8446         -82716.4257       303.8381   -101406.2703    -82957.7527       302.5450            -98.4276       -93.7006    301651.0334        21.4031        21.2046

WRITING COORDINATES TO DCD FILE ../output/fileio/performance/prod/1-1-45/frequency-5000/run-4/step5_fileio.dcd AT STEP 130000
TIMING: 135000  CPU: 134.098, 0.0010056/step  Wall: 134.121, 0.00101483/step, 170.275 ns/days, 0.102893 hours remaining, 0.000000 MB of memory in use.
PERFORMANCE: 135000  averaging 174.244 ns/day, 0.000991711 sec/step with standard deviation 2.66523e-05
ENERGY:  135000       420.7544      1185.8753      1103.4466        76.6503        -113795.2972      9686.9077         0.0000         0.0000     18650.6567         -82671.0061       303.2011   -101321.6628    -82961.3077       302.2318             14.1633        12.2524    300854.0406        12.5798        12.1416

WRITING COORDINATES TO DCD FILE ../output/fileio/performance/prod/1-1-45/frequency-5000/run-4/step5_fileio.dcd AT STEP 135000
TIMING: 140000  CPU: 138.92, 0.000964347/step  Wall: 138.97, 0.000969706/step, 178.198 ns/days, 0.0969706 hours remaining, 0.000000 MB of memory in use.
PERFORMANCE: 140000  averaging 174.383 ns/day, 0.000990925 sec/step with standard deviation 2.64827e-05
ENERGY:  140000       454.6152      1116.0606      1122.0156        73.5495        -113884.6168      9549.4570         0.0000         0.0000     18516.7216         -83052.1972       301.0237   -101568.9188    -82964.0907       302.1474           -285.6803      -284.9353    299608.2380       -18.2629       -18.7037

WRITING COORDINATES TO DCD FILE ../output/fileio/performance/prod/1-1-45/frequency-5000/run-4/step5_fileio.dcd AT STEP 140000
TIMING: 145000  CPU: 143.822, 0.000980484/step  Wall: 143.901, 0.000986268/step, 175.206 ns/days, 0.097257 hours remaining, 0.000000 MB of memory in use.
PERFORMANCE: 145000  averaging 174.411 ns/day, 0.000990764 sec/step with standard deviation 2.60198e-05
ENERGY:  145000       478.6096      1122.8440      1102.3069        70.0584        -114219.1720      9827.7576         0.0000         0.0000     18682.9076         -82934.6878       303.7254   -101617.5955    -82959.6570       302.2934            -14.3854       -19.1454    299949.3030       -13.3309       -13.9135

WRITING COORDINATES TO DCD FILE ../output/fileio/performance/prod/1-1-45/frequency-5000/run-4/step5_fileio.dcd AT STEP 145000
TIMING: 150000  CPU: 148.673, 0.000970163/step  Wall: 148.784, 0.000976514/step, 176.956 ns/days, 0.0949388 hours remaining, 0.000000 MB of memory in use.
PERFORMANCE: 150000  averaging 174.494 ns/day, 0.000990289 sec/step with standard deviation 2.56993e-05
ETITLE:      TS           BOND          ANGLE          DIHED          IMPRP               ELECT            VDW       BOUNDARY           MISC        KINETIC               TOTAL           TEMP      POTENTIAL       TOTALAVG        TEMPAVG            PRESSURE      GPRESSURE         VOLUME       PRESSAVG      GPRESSAVG

ENERGY:  150000       428.6425      1105.2826      1127.6051        84.9472        -114165.3581      9716.8365         0.0000         0.0000     18484.8408         -83217.2035       300.5054   -101702.0442    -82970.8866       302.1413           -109.4348      -109.0243    300662.3146       -15.3611       -15.7701

WRITING COORDINATES TO DCD FILE ../output/fileio/performance/prod/1-1-45/frequency-5000/run-4/step5_fileio.dcd AT STEP 150000
TIMING: 155000  CPU: 153.505, 0.000966346/step  Wall: 153.643, 0.000971772/step, 177.819 ns/days, 0.0931282 hours remaining, 0.000000 MB of memory in use.
PERFORMANCE: 155000  averaging 174.6 ns/day, 0.000989692 sec/step with standard deviation 2.54853e-05
ENERGY:  155000       454.1040      1158.2331      1140.8741        72.4467        -113790.5087      9681.2757         0.0000         0.0000     18703.3339         -82580.2412       304.0574   -101283.5752    -82951.1225       302.2052            -85.5775       -85.3440    301700.0870       -26.8765       -27.1375

WRITING COORDINATES TO DCD FILE ../output/fileio/performance/prod/1-1-45/frequency-5000/run-4/step5_fileio.dcd AT STEP 155000
TIMING: 160000  CPU: 158.493, 0.00099766/step  Wall: 158.66, 0.0010035/step, 172.196 ns/days, 0.0947755 hours remaining, 0.000000 MB of memory in use.
PERFORMANCE: 160000  averaging 174.524 ns/day, 0.000990124 sec/step with standard deviation 2.51895e-05
ENERGY:  160000       411.7258      1154.2906      1110.1578        73.4008        -114266.9971      9936.0851         0.0000         0.0000     18611.2206         -82970.1164       302.5600   -101581.3370    -82931.9683       302.4049            185.9004       187.3016    300009.5043        -5.6570        -5.8056

WRITING COORDINATES TO DCD FILE ../output/fileio/performance/prod/1-1-45/frequency-5000/run-4/step5_fileio.dcd AT STEP 160000
TIMING: 165000  CPU: 163.343, 0.000970023/step  Wall: 163.539, 0.000975775/step, 177.09 ns/days, 0.0908013 hours remaining, 0.000000 MB of memory in use.
PERFORMANCE: 165000  averaging 174.6 ns/day, 0.000989689 sec/step with standard deviation 2.49183e-05
ENERGY:  165000       420.9924      1118.4340      1122.0370        64.5852        -113866.1781      9743.2169         0.0000         0.0000     18646.2510         -82750.6615       303.1294   -101396.9125    -82932.7338       302.3744            139.5796       137.1881    301105.1168       -10.6284       -10.8293

WRITING COORDINATES TO DCD FILE ../output/fileio/performance/prod/1-1-45/frequency-5000/run-4/step5_fileio.dcd AT STEP 165000
TIMING: 170000  CPU: 168.181, 0.00096758/step  Wall: 168.405, 0.000973212/step, 177.556 ns/days, 0.0892111 hours remaining, 0.000000 MB of memory in use.
PERFORMANCE: 170000  averaging 174.686 ns/day, 0.000989204 sec/step with standard deviation 2.47e-05
ENERGY:  170000       422.6535      1127.9975      1144.7284        63.5097        -114040.0614      9725.1126         0.0000         0.0000     18611.9084         -82944.1512       302.5711   -101556.0596    -82929.4066       302.3124           -127.1065      -131.8572    301863.7036       -12.7856       -13.1957

WRITING COORDINATES TO DCD FILE ../output/fileio/performance/prod/1-1-45/frequency-5000/run-4/step5_fileio.dcd AT STEP 170000
TIMING: 175000  CPU: 173.078, 0.000979373/step  Wall: 173.33, 0.000985/step, 175.431 ns/days, 0.0889237 hours remaining, 0.000000 MB of memory in use.
PERFORMANCE: 175000  averaging 174.707 ns/day, 0.000989084 sec/step with standard deviation 2.43444e-05
ENERGY:  175000       457.9169      1150.8334      1130.4384        71.5079        -114252.3276      9722.3885         0.0000         0.0000     18783.1681         -82936.0744       305.3553   -101719.2425    -82923.1012       302.4746           -144.1788      -144.1430    301639.5817       -14.4851       -14.8664

WRITING COORDINATES TO DCD FILE ../output/fileio/performance/prod/1-1-45/frequency-5000/run-4/step5_fileio.dcd AT STEP 175000
TIMING: 180000  CPU: 177.932, 0.000970894/step  Wall: 178.213, 0.000976603/step, 176.94 ns/days, 0.0868092 hours remaining, 0.000000 MB of memory in use.
PERFORMANCE: 180000  averaging 174.768 ns/day, 0.000988737 sec/step with standard deviation 2.40841e-05
ENERGY:  180000       418.8817      1119.2941      1137.7555        73.6134        -113919.6678      9694.7206         0.0000         0.0000     18491.0585         -82984.3440       300.6065   -101475.4025    -82910.9467       302.4879             71.0596        76.6730    300846.2960       -19.2476       -19.4294

WRITING COORDINATES TO DCD FILE ../output/fileio/performance/prod/1-1-45/frequency-5000/run-4/step5_fileio.dcd AT STEP 180000
TIMING: 185000  CPU: 182.794, 0.000972343/step  Wall: 183.102, 0.000977862/step, 176.712 ns/days, 0.0855629 hours remaining, 0.000000 MB of memory in use.
PERFORMANCE: 185000  averaging 174.82 ns/day, 0.000988443 sec/step with standard deviation 2.38145e-05
ENERGY:  185000       413.8881      1110.0830      1097.1583        69.1626        -114071.0266      9781.7085         0.0000         0.0000     18560.9356         -83038.0906       301.7425   -101599.0261    -82908.4840       302.4352            -99.6743      -100.4396    300936.1348       -30.3842       -30.5870

WRITING COORDINATES TO DCD FILE ../output/fileio/performance/prod/1-1-45/frequency-5000/run-4/step5_fileio.dcd AT STEP 185000
TIMING: 190000  CPU: 187.825, 0.00100624/step  Wall: 188.162, 0.00101188/step, 170.772 ns/days, 0.0871338 hours remaining, 0.000000 MB of memory in use.
PERFORMANCE: 190000  averaging 174.711 ns/day, 0.00098906 sec/step with standard deviation 2.3796e-05
ENERGY:  190000       468.3874      1133.6298      1116.1405        73.2477        -113588.7094      9517.8956         0.0000         0.0000     18611.4946         -82667.9137       302.5644   -101279.4083    -82876.8723       302.6109           -221.2461      -226.6967    301542.9604       -24.3493       -24.5988

WRITING COORDINATES TO DCD FILE ../output/fileio/performance/prod/1-1-45/frequency-5000/run-4/step5_fileio.dcd AT STEP 190000
TIMING: 195000  CPU: 192.724, 0.000979728/step  Wall: 193.092, 0.00098608/step, 175.239 ns/days, 0.0835429 hours remaining, 0.000000 MB of memory in use.
PERFORMANCE: 195000  averaging 174.725 ns/day, 0.000988984 sec/step with standard deviation 2.34857e-05
ENERGY:  195000       440.2096      1161.7284      1128.1896        66.3929        -114367.4305      9962.4690         0.0000         0.0000     18650.6874         -82957.7536       303.2016   -101608.4410    -82871.2299       302.6630            296.0422       296.5557    300257.5963        -6.5362        -6.7580

WRITING COORDINATES TO DCD FILE ../output/fileio/performance/prod/1-1-45/frequency-5000/run-4/step5_fileio.dcd AT STEP 195000
TIMING: 200000  CPU: 197.525, 0.000960356/step  Wall: 197.921, 0.000965719/step, 178.934 ns/days, 0.0804766 hours remaining, 0.000000 MB of memory in use.
PERFORMANCE: 200000  averaging 174.828 ns/day, 0.000988402 sec/step with standard deviation 2.34727e-05
ETITLE:      TS           BOND          ANGLE          DIHED          IMPRP               ELECT            VDW       BOUNDARY           MISC        KINETIC               TOTAL           TEMP      POTENTIAL       TOTALAVG        TEMPAVG            PRESSURE      GPRESSURE         VOLUME       PRESSAVG      GPRESSAVG

ENERGY:  200000       445.1717      1143.9455      1129.8848        75.7227        -113847.8953      9591.9461         0.0000         0.0000     18512.1300         -82949.0944       300.9491   -101461.2244    -82882.7802       302.6435           -223.3160      -225.9678    301972.9533       -14.9821       -15.2365

WRITING COORDINATES TO DCD FILE ../output/fileio/performance/prod/1-1-45/frequency-5000/run-4/step5_fileio.dcd AT STEP 200000
TIMING: 205000  CPU: 202.403, 0.00097545/step  Wall: 202.826, 0.000981146/step, 176.121 ns/days, 0.0803995 hours remaining, 0.000000 MB of memory in use.
PERFORMANCE: 205000  averaging 174.859 ns/day, 0.000988225 sec/step with standard deviation 2.32051e-05
ENERGY:  205000       438.2032      1150.8854      1127.4771        68.2451        -114070.7700      9786.4871         0.0000         0.0000     18582.0107         -82917.4614       302.0851   -101499.4721    -82875.5614       302.6640              6.8432         3.1021    300538.0037       -14.8013       -15.6015

WRITING COORDINATES TO DCD FILE ../output/fileio/performance/prod/1-1-45/frequency-5000/run-4/step5_fileio.dcd AT STEP 205000
TIMING: 210000  CPU: 207.29, 0.000977394/step  Wall: 207.744, 0.000983585/step, 175.684 ns/days, 0.0792332 hours remaining, 0.000000 MB of memory in use.
PERFORMANCE: 210000  averaging 174.879 ns/day, 0.000988115 sec/step with standard deviation 2.29315e-05
ENERGY:  210000       452.5788      1164.2395      1124.5779        65.2715        -114023.2467      9744.3665         0.0000         0.0000     18693.2151         -82778.9975       303.8929   -101472.2125    -82869.0720       302.6376           -163.5341      -160.9918    301463.9232       -34.2666       -34.8339

WRITING COORDINATES TO DCD FILE ../output/fileio/performance/prod/1-1-45/frequency-5000/run-4/step5_fileio.dcd AT STEP 210000
TIMING: 215000  CPU: 212.09, 0.000959968/step  Wall: 212.573, 0.000965643/step, 178.948 ns/days, 0.0764467 hours remaining, 0.000000 MB of memory in use.
PERFORMANCE: 215000  averaging 174.971 ns/day, 0.000987592 sec/step with standard deviation 2.29146e-05
ENERGY:  215000       454.8551      1181.8130      1119.1143        70.2879        -114123.5278      9646.0560         0.0000         0.0000     18498.8086         -83152.5929       300.7325   -101651.4015    -82878.8708       302.6136           -149.7900      -149.0872    299914.7403       -44.3576       -44.6400

WRITING COORDINATES TO DCD FILE ../output/fileio/performance/prod/1-1-45/frequency-5000/run-4/step5_fileio.dcd AT STEP 215000
TIMING: 220000  CPU: 216.938, 0.000969701/step  Wall: 217.45, 0.000975524/step, 177.136 ns/days, 0.0758741 hours remaining, 0.000000 MB of memory in use.
PERFORMANCE: 220000  averaging 175.02 ns/day, 0.000987318 sec/step with standard deviation 2.27195e-05
ENERGY:  220000       421.1330      1141.2619      1121.0900        68.0216        -114233.5073     10003.0075         0.0000         0.0000     18644.7292         -82834.2642       303.1047   -101478.9934    -82886.7595       302.6017            331.8588       333.0173    299800.9894       -29.9629       -30.4659

WRITING COORDINATES TO DCD FILE ../output/fileio/performance/prod/1-1-45/frequency-5000/run-4/step5_fileio.dcd AT STEP 220000
TIMING: 225000  CPU: 221.856, 0.000983584/step  Wall: 222.397, 0.000989319/step, 174.666 ns/days, 0.075573 hours remaining, 0.000000 MB of memory in use.
PERFORMANCE: 225000  averaging 175.012 ns/day, 0.000987362 sec/step with standard deviation 2.24619e-05
ENERGY:  225000       457.1962      1132.7425      1119.1830        73.9356        -113869.3053      9673.8370         0.0000         0.0000     18554.0101         -82858.4009       301.6299   -101412.4110    -82895.5839       302.5238           -202.5831      -200.2957    302555.2270       -43.9744       -44.2769

WRITING COORDINATES TO DCD FILE ../output/fileio/performance/prod/1-1-45/frequency-5000/run-4/step5_fileio.dcd AT STEP 225000
TIMING: 230000  CPU: 226.69, 0.000966751/step  Wall: 227.258, 0.000972195/step, 177.742 ns/days, 0.0729146 hours remaining, 0.000000 MB of memory in use.
PERFORMANCE: 230000  averaging 175.07 ns/day, 0.000987032 sec/step with standard deviation 2.23232e-05
ENERGY:  230000       454.5862      1106.8425      1139.9189        82.1666        -114167.9701      9750.1748         0.0000         0.0000     18567.5349         -83066.7461       301.8498   -101634.2810    -82913.0999       302.4244            -93.6440       -87.8483    300606.1305       -43.7352       -43.9843

WRITING COORDINATES TO DCD FILE ../output/fileio/performance/prod/1-1-45/frequency-5000/run-4/step5_fileio.dcd AT STEP 230000
TIMING: 235000  CPU: 231.562, 0.00097448/step  Wall: 232.158, 0.000980081/step, 176.312 ns/days, 0.0721449 hours remaining, 0.000000 MB of memory in use.
PERFORMANCE: 235000  averaging 175.096 ns/day, 0.000986885 sec/step with standard deviation 2.21025e-05
ENERGY:  235000       402.8759      1167.2575      1123.7590        71.8018        -113922.5815      9827.7153         0.0000         0.0000     18748.9654         -82580.2067       304.7993   -101329.1721    -82908.5600       302.5043            137.4619       140.3710    301009.8797       -37.5703       -37.5784

WRITING COORDINATES TO DCD FILE ../output/fileio/performance/prod/1-1-45/frequency-5000/run-4/step5_fileio.dcd AT STEP 235000
TIMING: 240000  CPU: 236.465, 0.000980636/step  Wall: 237.098, 0.000987911/step, 174.914 ns/days, 0.0713492 hours remaining, 0.000000 MB of memory in use.
PERFORMANCE: 240000  averaging 175.093 ns/day, 0.000986906 sec/step with standard deviation 2.18666e-05
ENERGY:  240000       441.6880      1146.5727      1147.4257        68.5188        -114292.0253      9938.8395         0.0000         0.0000     18780.6619         -82768.3188       305.3145   -101548.9807    -82894.3660       302.7188            101.0232       100.9090    299973.9297       -18.2351       -18.2862

WRITING COORDINATES TO DCD FILE ../output/fileio/performance/prod/1-1-45/frequency-5000/run-4/step5_fileio.dcd AT STEP 240000
TIMING: 245000  CPU: 241.288, 0.0009646/step  Wall: 241.948, 0.000969961/step, 178.152 ns/days, 0.0687056 hours remaining, 0.000000 MB of memory in use.
PERFORMANCE: 245000  averaging 175.154 ns/day, 0.00098656 sec/step with standard deviation 2.17726e-05
ENERGY:  245000       457.6643      1158.3897      1152.4159        78.2686        -113938.3496      9641.1602         0.0000         0.0000     18785.2498         -82665.2012       305.3891   -101450.4509    -82880.8917       302.8020            -24.2356       -27.7238    300581.4580       -18.7276       -18.7151

WRITING COORDINATES TO DCD FILE ../output/fileio/performance/prod/1-1-45/frequency-5000/run-4/step5_fileio.dcd AT STEP 245000
TIMING: 250000  CPU: 246.111, 0.000964593/step  Wall: 246.8, 0.000970541/step, 178.045 ns/days, 0.0673987 hours remaining, 0.000000 MB of memory in use.
PERFORMANCE: 250000  averaging 175.211 ns/day, 0.00098624 sec/step with standard deviation 2.1668e-05
ETITLE:      TS           BOND          ANGLE          DIHED          IMPRP               ELECT            VDW       BOUNDARY           MISC        KINETIC               TOTAL           TEMP      POTENTIAL       TOTALAVG        TEMPAVG            PRESSURE      GPRESSURE         VOLUME       PRESSAVG      GPRESSAVG

ENERGY:  250000       424.4280      1064.9014      1122.5245        65.8064        -113865.0138      9805.7753         0.0000         0.0000     18834.8356         -82546.7428       306.1952   -101381.5783    -82847.3687       303.0865            -74.5510       -70.4922    300731.7629       -16.9834       -16.7885

WRITING COORDINATES TO DCD FILE ../output/fileio/performance/prod/1-1-45/frequency-5000/run-4/step5_fileio.dcd AT STEP 250000
TIMING: 255000  CPU: 251.025, 0.000982752/step  Wall: 251.742, 0.000988255/step, 174.854 ns/days, 0.0672562 hours remaining, 0.000000 MB of memory in use.
PERFORMANCE: 255000  averaging 175.204 ns/day, 0.000986279 sec/step with standard deviation 2.14521e-05
ENERGY:  255000       437.0897      1129.9836      1120.0921        68.4319        -113886.6383      9751.5069         0.0000         0.0000     18577.0901         -82802.4440       302.0051   -101379.5341    -82858.4788       302.9839             23.9321        20.6446    301289.2591       -11.5079       -11.4890

WRITING COORDINATES TO DCD FILE ../output/fileio/performance/prod/1-1-45/frequency-5000/run-4/step5_fileio.dcd AT STEP 255000
TIMING: 260000  CPU: 255.846, 0.000964119/step  Wall: 256.591, 0.000969842/step, 178.173 ns/days, 0.0646562 hours remaining, 0.000000 MB of memory in use.
PERFORMANCE: 260000  averaging 175.26 ns/day, 0.000985963 sec/step with standard deviation 2.13627e-05
ENERGY:  260000       435.6373      1099.1999      1134.5962        69.3183        -113921.2878      9705.0325         0.0000         0.0000     18593.4870         -82884.0167       302.2717   -101477.5037    -82854.1738       302.9695            -81.4005       -82.5054    301199.3307       -24.8730       -24.9794

WRITING COORDINATES TO DCD FILE ../output/fileio/performance/prod/1-1-45/frequency-5000/run-4/step5_fileio.dcd AT STEP 260000
TIMING: 265000  CPU: 260.693, 0.000969559/step  Wall: 261.468, 0.000975467/step, 177.146 ns/days, 0.0636763 hours remaining, 0.000000 MB of memory in use.
PERFORMANCE: 265000  averaging 175.295 ns/day, 0.000985765 sec/step with standard deviation 2.12054e-05
ENERGY:  265000       445.8765      1122.1510      1113.8150        74.9784        -113952.8184      9718.1083         0.0000         0.0000     18742.3075         -82735.5817       304.6910   -101477.8892    -82853.4198       303.0476            194.4938       194.1489    300028.8688       -22.1272       -22.1314

WRITING COORDINATES TO DCD FILE ../output/fileio/performance/prod/1-1-45/frequency-5000/run-4/step5_fileio.dcd AT STEP 265000
TIMING: 270000  CPU: 265.724, 0.00100612/step  Wall: 266.532, 0.00101272/step, 170.63 ns/days, 0.0647013 hours remaining, 0.000000 MB of memory in use.
PERFORMANCE: 270000  averaging 175.207 ns/day, 0.000986264 sec/step with standard deviation 2.13222e-05
ENERGY:  270000       405.6094      1159.6430      1116.2041        79.1236        -113963.1238      9773.4720         0.0000         0.0000     18595.0477         -82834.0239       302.2970   -101429.0716    -82847.9135       303.0339            130.7113       124.0828    299912.9724        -9.2364        -9.3344

WRITING COORDINATES TO DCD FILE ../output/fileio/performance/prod/1-1-45/frequency-5000/run-4/step5_fileio.dcd AT STEP 270000
TIMING: 275000  CPU: 270.545, 0.000964184/step  Wall: 271.382, 0.000969983/step, 178.147 ns/days, 0.060624 hours remaining, 0.000000 MB of memory in use.
PERFORMANCE: 275000  averaging 175.259 ns/day, 0.000985968 sec/step with standard deviation 2.12376e-05
ENERGY:  275000       429.8734      1101.4028      1139.5081        75.2111        -114386.6248      9866.8560         0.0000         0.0000     18737.1620         -83036.6114       304.6074   -101773.7734    -82852.9403       302.9965            -40.6645       -39.1026    301431.5570        -4.0606        -4.0823

WRITING COORDINATES TO DCD FILE ../output/fileio/performance/prod/1-1-45/frequency-5000/run-4/step5_fileio.dcd AT STEP 275000
TIMING: 280000  CPU: 275.57, 0.00100494/step  Wall: 276.436, 0.00101093/step, 170.931 ns/days, 0.0617793 hours remaining, 0.000000 MB of memory in use.
PERFORMANCE: 280000  averaging 175.18 ns/day, 0.000986414 sec/step with standard deviation 2.13064e-05
ENERGY:  280000       414.0021      1117.6229      1122.7147        71.0867        -114113.1030      9609.7778         0.0000         0.0000     18585.5469         -83192.3519       302.1426   -101777.8988    -82863.3407       303.0733           -134.1399      -136.2083    300247.4188       -14.3206       -14.7264

WRITING COORDINATES TO DCD FILE ../output/fileio/performance/prod/1-1-45/frequency-5000/run-4/step5_fileio.dcd AT STEP 280000
TIMING: 285000  CPU: 280.512, 0.000988519/step  Wall: 281.408, 0.000994383/step, 173.776 ns/days, 0.0593867 hours remaining, 0.000000 MB of memory in use.
PERFORMANCE: 285000  averaging 175.155 ns/day, 0.000986554 sec/step with standard deviation 2.11417e-05
ENERGY:  285000       434.8043      1090.6537      1115.0710        72.0301        -114186.0119     10021.4338         0.0000         0.0000     18791.2788         -82660.7403       305.4871   -101452.0190    -82844.4732       303.2605            272.6739       273.6541    300272.1406         4.2968         3.9783

WRITING COORDINATES TO DCD FILE ../output/fileio/performance/prod/1-1-45/frequency-5000/run-4/step5_fileio.dcd AT STEP 285000
TIMING: 290000  CPU: 285.33, 0.000963608/step  Wall: 286.254, 0.000969138/step, 178.303 ns/days, 0.056533 hours remaining, 0.000000 MB of memory in use.
PERFORMANCE: 290000  averaging 175.208 ns/day, 0.000986254 sec/step with standard deviation 2.10798e-05
ENERGY:  290000       423.8770      1131.0139      1109.0523        66.1699        -114156.5896      9920.8690         0.0000         0.0000     18651.0085         -82854.5989       303.2068   -101505.6074    -82853.8075       303.2926            182.2522       177.0682    300997.4617        24.4717        24.1665

WRITING COORDINATES TO DCD FILE ../output/fileio/performance/prod/1-1-45/frequency-5000/run-4/step5_fileio.dcd AT STEP 290000
TIMING: 295000  CPU: 290.374, 0.00100875/step  Wall: 291.327, 0.00101463/step, 170.308 ns/days, 0.0577778 hours remaining, 0.000000 MB of memory in use.
PERFORMANCE: 295000  averaging 175.123 ns/day, 0.000986735 sec/step with standard deviation 2.12214e-05
ENERGY:  295000       396.8912      1124.4359      1096.5203        72.7083        -113630.5388      9598.2095         0.0000         0.0000     18549.2161         -82792.5575       301.5520   -101341.7737    -82845.5477       303.2101            -63.5141       -60.4750    301942.4293         6.4939         6.3150

WRITING COORDINATES TO DCD FILE ../output/fileio/performance/prod/1-1-45/frequency-5000/run-4/step5_fileio.dcd AT STEP 295000
TIMING: 300000  CPU: 295.345, 0.000994167/step  Wall: 296.331, 0.00100076/step, 172.669 ns/days, 0.0555978 hours remaining, 0.000000 MB of memory in use.
PERFORMANCE: 300000  averaging 175.082 ns/day, 0.000986968 sec/step with standard deviation 2.11186e-05
ETITLE:      TS           BOND          ANGLE          DIHED          IMPRP               ELECT            VDW       BOUNDARY           MISC        KINETIC               TOTAL           TEMP      POTENTIAL       TOTALAVG        TEMPAVG            PRESSURE      GPRESSURE         VOLUME       PRESSAVG      GPRESSAVG

ENERGY:  300000       378.4127      1116.1673      1123.5999        71.9314        -114124.5783      9919.0232         0.0000         0.0000     18597.7607         -82917.6832       302.3411   -101515.4439    -82843.9771       303.2797            249.5676       243.7841    300594.9155        30.1381        29.8026

WRITING COORDINATES TO DCD FILE ../output/fileio/performance/prod/1-1-45/frequency-5000/run-4/step5_fileio.dcd AT STEP 300000
TIMING: 305000  CPU: 300.212, 0.000973516/step  Wall: 301.227, 0.000979206/step, 176.469 ns/days, 0.0530403 hours remaining, 0.000000 MB of memory in use.
PERFORMANCE: 305000  averaging 175.104 ns/day, 0.000986841 sec/step with standard deviation 2.09655e-05
ENERGY:  305000       432.1806      1122.8166      1128.7345        75.5363        -113919.9564      9558.8467         0.0000         0.0000     18525.7437         -83076.0981       301.1704   -101601.8418    -82851.9089       303.2340           -112.4743      -115.6376    299214.3350        24.1722        23.8656

WRITING COORDINATES TO DCD FILE ../output/fileio/performance/prod/1-1-45/frequency-5000/run-4/step5_fileio.dcd AT STEP 305000
TIMING: 310000  CPU: 305.165, 0.000990531/step  Wall: 306.208, 0.000996127/step, 173.472 ns/days, 0.0525734 hours remaining, 0.000000 MB of memory in use.
PERFORMANCE: 310000  averaging 175.078 ns/day, 0.000986991 sec/step with standard deviation 2.08263e-05
ENERGY:  310000       428.8118      1146.4206      1107.6636        71.8284        -114280.2813      9826.0482         0.0000         0.0000     18468.0726         -83231.4361       300.2328   -101699.5087    -82874.5309       303.0510            125.5533       126.9386    300241.1670        38.6266        38.2621

WRITING COORDINATES TO DCD FILE ../output/fileio/performance/prod/1-1-45/frequency-5000/run-4/step5_fileio.dcd AT STEP 310000
TIMING: 315000  CPU: 310.194, 0.00100572/step  Wall: 311.266, 0.00101162/step, 170.815 ns/days, 0.0519861 hours remaining, 0.000000 MB of memory in use.
PERFORMANCE: 315000  averaging 175.008 ns/day, 0.000987382 sec/step with standard deviation 2.08895e-05
ENERGY:  315000       429.9947      1118.4410      1131.6730        74.7117        -114072.2010      9965.5565         0.0000         0.0000     18758.1059         -82593.7182       304.9479   -101351.8241    -82846.5871       303.2618             95.0273        96.8052    301362.9570        50.8674        50.5567

WRITING COORDINATES TO DCD FILE ../output/fileio/performance/prod/1-1-45/frequency-5000/run-4/step5_fileio.dcd AT STEP 315000
TIMING: 320000  CPU: 315.023, 0.000965871/step  Wall: 316.122, 0.000971342/step, 177.898 ns/days, 0.0485671 hours remaining, 0.000000 MB of memory in use.
PERFORMANCE: 320000  averaging 175.053 ns/day, 0.000987131 sec/step with standard deviation 2.08198e-05
ENERGY:  320000       441.1339      1120.3524      1124.9215        84.6526        -113843.0538      9676.2225         0.0000         0.0000     18572.5026         -82823.2684       301.9305   -101395.7709    -82846.0373       303.2031           -150.8272      -150.4756    300569.2576        26.7331        26.3821

WRITING COORDINATES TO DCD FILE ../output/fileio/performance/prod/1-1-45/frequency-5000/run-4/step5_fileio.dcd AT STEP 320000
TIMING: 325000  CPU: 319.885, 0.000972469/step  Wall: 321.013, 0.000978104/step, 176.668 ns/days, 0.0475467 hours remaining, 0.000000 MB of memory in use.
PERFORMANCE: 325000  averaging 175.077 ns/day, 0.000986992 sec/step with standard deviation 2.06868e-05
ENERGY:  325000       450.1110      1146.9982      1123.4861        75.0815        -114523.8229     10135.6915         0.0000         0.0000     18586.4520         -83006.0027       302.1573   -101592.4547    -82853.4174       303.2294            330.6838       331.6932    300391.6249        53.3965        52.9815

WRITING COORDINATES TO DCD FILE ../output/fileio/performance/prod/1-1-45/frequency-5000/run-4/step5_fileio.dcd AT STEP 325000
TIMING: 330000  CPU: 324.852, 0.000993284/step  Wall: 326.011, 0.000999679/step, 172.856 ns/days, 0.0472071 hours remaining, 0.000000 MB of memory in use.
PERFORMANCE: 330000  averaging 175.043 ns/day, 0.000987185 sec/step with standard deviation 2.05864e-05
ENERGY:  330000       402.1055      1143.6837      1112.7037        73.7107        -114272.8273      9810.5873         0.0000         0.0000     18618.2089         -83111.8275       302.6736   -101730.0363    -82855.6715       303.2706             13.7838        14.0460    300491.4390        58.7679        58.0763

WRITING COORDINATES TO DCD FILE ../output/fileio/performance/prod/1-1-45/frequency-5000/run-4/step5_fileio.dcd AT STEP 330000
TIMING: 335000  CPU: 329.668, 0.000963163/step  Wall: 330.855, 0.000968793/step, 178.366 ns/days, 0.044403 hours remaining, 0.000000 MB of memory in use.
PERFORMANCE: 335000  averaging 175.092 ns/day, 0.00098691 sec/step with standard deviation 2.0553e-05
ENERGY:  335000       415.0732      1125.7418      1117.3927        65.4649        -114341.4001      9806.8347         0.0000         0.0000     18583.5389         -83227.3539       302.1099   -101810.8928    -82888.0289       303.1362            196.0239       196.0778    299374.0149        61.6960        60.8616

WRITING COORDINATES TO DCD FILE ../output/fileio/performance/prod/1-1-45/frequency-5000/run-4/step5_fileio.dcd AT STEP 335000
TIMING: 340000  CPU: 334.508, 0.000968111/step  Wall: 335.723, 0.000973476/step, 177.508 ns/days, 0.0432656 hours remaining, 0.000000 MB of memory in use.
PERFORMANCE: 340000  averaging 175.127 ns/day, 0.000986713 sec/step with standard deviation 2.0464e-05
ENERGY:  340000       430.6307      1160.0093      1121.3900        75.0167        -113995.7799      9752.4106         0.0000         0.0000     18692.9202         -82763.4024       303.8881   -101456.3226    -82887.7830       303.0648            144.9845       148.2495    299320.2348        63.8940        63.2286

WRITING COORDINATES TO DCD FILE ../output/fileio/performance/prod/1-1-45/frequency-5000/run-4/step5_fileio.dcd AT STEP 340000
TIMING: 345000  CPU: 339.599, 0.00101826/step  Wall: 340.844, 0.00102427/step, 168.706 ns/days, 0.0441005 hours remaining, 0.000000 MB of memory in use.
PERFORMANCE: 345000  averaging 175.03 ns/day, 0.000987257 sec/step with standard deviation 2.08101e-05
ENERGY:  345000       416.7516      1155.3085      1113.3860        66.7357        -113790.9433      9631.4128         0.0000         0.0000     18604.8859         -82802.4629       302.4570   -101407.3487    -82894.6461       302.9182            -70.4312       -69.8138    300197.7227        61.5842        61.1241

WRITING COORDINATES TO DCD FILE ../output/fileio/performance/prod/1-1-45/frequency-5000/run-4/step5_fileio.dcd AT STEP 345000
TIMING: 350000  CPU: 344.407, 0.000961593/step  Wall: 345.68, 0.000967216/step, 178.657 ns/days, 0.0403007 hours remaining, 0.000000 MB of memory in use.
PERFORMANCE: 350000  averaging 175.081 ns/day, 0.000986971 sec/step with standard deviation 2.07971e-05
ETITLE:      TS           BOND          ANGLE          DIHED          IMPRP               ELECT            VDW       BOUNDARY           MISC        KINETIC               TOTAL           TEMP      POTENTIAL       TOTALAVG        TEMPAVG            PRESSURE      GPRESSURE         VOLUME       PRESSAVG      GPRESSAVG

ENERGY:  350000       437.3773      1149.3854      1100.3162        71.6189        -113972.5020      9779.3122         0.0000         0.0000     18601.5897         -82832.9023       302.4034   -101434.4921    -82908.9541       302.7286             16.0526        17.4376    300506.1501        66.1144        65.5206

WRITING COORDINATES TO DCD FILE ../output/fileio/performance/prod/1-1-45/frequency-5000/run-4/step5_fileio.dcd AT STEP 350000
TIMING: 355000  CPU: 349.229, 0.000964273/step  Wall: 350.529, 0.000969798/step, 178.181 ns/days, 0.0390613 hours remaining, 0.000000 MB of memory in use.
PERFORMANCE: 355000  averaging 175.124 ns/day, 0.000986729 sec/step with standard deviation 2.07484e-05
ENERGY:  355000       430.5660      1132.3958      1096.8863        76.4342        -114058.9570      9736.1329         0.0000         0.0000     18790.3582         -82796.1835       305.4722   -101586.5417    -82908.6411       302.9020            -22.5024       -23.9204    300672.6780        63.7927        63.2924

WRITING COORDINATES TO DCD FILE ../output/fileio/performance/prod/1-1-45/frequency-5000/run-4/step5_fileio.dcd AT STEP 355000
TIMING: 360000  CPU: 354.274, 0.00100905/step  Wall: 355.609, 0.00101609/step, 170.063 ns/days, 0.0395148 hours remaining, 0.000000 MB of memory in use.
PERFORMANCE: 360000  averaging 175.052 ns/day, 0.000987137 sec/step with standard deviation 2.08904e-05
ENERGY:  360000       436.3576      1166.3451      1116.2026        78.1933        -114229.4142      9655.2696         0.0000         0.0000     18570.9990         -83206.0469       301.9061   -101777.0459    -82924.7426       302.8837             91.2468        90.7172    298530.0934        72.4251        71.9535

WRITING COORDINATES TO DCD FILE ../output/fileio/performance/prod/1-1-45/frequency-5000/run-4/step5_fileio.dcd AT STEP 360000
TIMING: 365000  CPU: 359.08, 0.000961135/step  Wall: 360.447, 0.000967474/step, 178.61 ns/days, 0.0362803 hours remaining, 0.000000 MB of memory in use.
PERFORMANCE: 365000  averaging 175.1 ns/day, 0.000986867 sec/step with standard deviation 2.08721e-05
ENERGY:  365000       430.2536      1133.7825      1133.2522        67.1809        -114263.2876      9878.9058         0.0000         0.0000     18503.4253         -83116.4872       300.8075   -101619.9126    -82943.7879       302.6895            -77.6441       -78.5858    300781.5177        58.8182        58.3168

WRITING COORDINATES TO DCD FILE ../output/fileio/performance/prod/1-1-45/frequency-5000/run-4/step5_fileio.dcd AT STEP 365000
TIMING: 370000  CPU: 363.913, 0.000966571/step  Wall: 365.311, 0.000972731/step, 177.644 ns/days, 0.0351264 hours remaining, 0.000000 MB of memory in use.
PERFORMANCE: 370000  averaging 175.133 ns/day, 0.000986676 sec/step with standard deviation 2.07937e-05
ENERGY:  370000       434.8792      1168.3873      1109.9286        72.4229        -114362.1185     10028.9600         0.0000         0.0000     18496.8953         -83050.6453       300.7014   -101547.5406    -82954.6189       302.6098            223.3334       220.7524    300407.6515        63.4493        63.1502

WRITING COORDINATES TO DCD FILE ../output/fileio/performance/prod/1-1-45/frequency-5000/run-4/step5_fileio.dcd AT STEP 370000
TIMING: 375000  CPU: 368.918, 0.00100101/step  Wall: 370.348, 0.00100742/step, 171.527 ns/days, 0.0349798 hours remaining, 0.000000 MB of memory in use.
PERFORMANCE: 375000  averaging 175.084 ns/day, 0.000986953 sec/step with standard deviation 2.07911e-05
ENERGY:  375000       435.4882      1141.4539      1110.6000        81.0452        -113797.2840      9591.7713         0.0000         0.0000     18692.8340         -82744.0915       303.8867   -101436.9255    -82939.9929       302.5737           -123.0836      -121.4065    300498.8603        59.3283        59.0350

WRITING COORDINATES TO DCD FILE ../output/fileio/performance/prod/1-1-45/frequency-5000/run-4/step5_fileio.dcd AT STEP 375000
TIMING: 380000  CPU: 373.747, 0.000965933/step  Wall: 375.21, 0.000972408/step, 177.703 ns/days, 0.0324136 hours remaining, 0.000000 MB of memory in use.
PERFORMANCE: 380000  averaging 175.118 ns/day, 0.000986761 sec/step with standard deviation 2.07193e-05
ENERGY:  380000       430.5010      1129.3393      1127.8786        71.6055        -114084.0892      9642.8427         0.0000         0.0000     18749.4004         -82932.5217       304.8063   -101681.9221    -82927.0014       302.7069             95.9707        99.5551    299464.5690        70.8338        70.8232

WRITING COORDINATES TO DCD FILE ../output/fileio/performance/prod/1-1-45/frequency-5000/run-4/step5_fileio.dcd AT STEP 380000
TIMING: 385000  CPU: 378.575, 0.000965618/step  Wall: 380.069, 0.000971809/step, 177.813 ns/days, 0.0310439 hours remaining, 0.000000 MB of memory in use.
PERFORMANCE: 385000  averaging 175.153 ns/day, 0.000986567 sec/step with standard deviation 2.0653e-05
ENERGY:  385000       419.9261      1145.5945      1113.6909        69.6209        -114191.3679      9974.2781         0.0000         0.0000     18360.4349         -83107.8225       298.4830   -101468.2574    -82949.3555       302.3567            103.3277       101.8930    301596.2315        62.3665        62.2352

WRITING COORDINATES TO DCD FILE ../output/fileio/performance/prod/1-1-45/frequency-5000/run-4/step5_fileio.dcd AT STEP 385000
TIMING: 390000  CPU: 383.592, 0.00100333/step  Wall: 385.123, 0.00101084/step, 170.946 ns/days, 0.0308869 hours remaining, 0.000000 MB of memory in use.
PERFORMANCE: 390000  averaging 175.098 ns/day, 0.000986878 sec/step with standard deviation 2.07017e-05
ENERGY:  390000       418.5837      1160.8242      1122.5029        75.9597        -113371.4621      9302.6705         0.0000         0.0000     18538.7759         -82752.1452       301.3822   -101290.9211    -82944.2328       302.2655           -226.2938      -225.5426    299677.2713        41.9392        42.1046

WRITING COORDINATES TO DCD FILE ../output/fileio/performance/prod/1-1-45/frequency-5000/run-4/step5_fileio.dcd AT STEP 390000
TIMING: 395000  CPU: 388.451, 0.000971797/step  Wall: 390.014, 0.000978291/step, 176.635 ns/days, 0.0285335 hours remaining, 0.000000 MB of memory in use.
PERFORMANCE: 395000  averaging 175.117 ns/day, 0.00098677 sec/step with standard deviation 2.05913e-05
ENERGY:  395000       431.7405      1144.1526      1110.0064        72.5419        -114307.4458     10055.1006         0.0000         0.0000     18541.6321         -82952.2717       301.4287   -101493.9039    -82952.2186       302.2593            437.6133       435.0458    299461.1918        66.9956        66.8807

WRITING COORDINATES TO DCD FILE ../output/fileio/performance/prod/1-1-45/frequency-5000/run-4/step5_fileio.dcd AT STEP 395000
TIMING: 400000  CPU: 393.277, 0.000965127/step  Wall: 394.871, 0.000971408/step, 177.886 ns/days, 0.0269835 hours remaining, 0.000000 MB of memory in use.
PERFORMANCE: 400000  averaging 175.151 ns/day, 0.000986578 sec/step with standard deviation 2.05325e-05
ETITLE:      TS           BOND          ANGLE          DIHED          IMPRP               ELECT            VDW       BOUNDARY           MISC        KINETIC               TOTAL           TEMP      POTENTIAL       TOTALAVG        TEMPAVG            PRESSURE      GPRESSURE         VOLUME       PRESSAVG      GPRESSAVG

ENERGY:  400000       434.4340      1165.8666      1112.6316        69.3205        -113874.0164      9642.7789         0.0000         0.0000     18353.4168         -83095.5679       298.3689   -101448.9848    -82961.1128       302.0607            -65.9527       -68.9588    299906.7641        51.2196        51.2435

WRITING COORDINATES TO DCD FILE ../output/fileio/performance/prod/1-1-45/frequency-5000/run-4/step5_fileio.dcd AT STEP 400000
TIMING: 405000  CPU: 398.322, 0.00100913/step  Wall: 399.95, 0.00101582/step, 170.11 ns/days, 0.0268062 hours remaining, 0.000000 MB of memory in use.
PERFORMANCE: 405000  averaging 175.087 ns/day, 0.000986939 sec/step with standard deviation 2.06608e-05
ENERGY:  405000       422.9124      1081.5341      1129.7789        69.2609        -113920.7683      9580.9355         0.0000         0.0000     18596.7092         -83039.6373       302.3240   -101636.3466    -82959.2898       302.1184           -110.1631      -114.0298    299376.8846        51.3351        51.3239

WRITING COORDINATES TO DCD FILE ../output/fileio/performance/prod/1-1-45/frequency-5000/run-4/step5_fileio.dcd AT STEP 405000
TIMING: 410000  CPU: 403.189, 0.000973313/step  Wall: 404.854, 0.000980725/step, 176.196 ns/days, 0.0245181 hours remaining, 0.000000 MB of memory in use.
PERFORMANCE: 410000  averaging 175.1 ns/day, 0.000986863 sec/step with standard deviation 2.05443e-05
ENERGY:  410000       405.1239      1130.6205      1116.2093        69.2462        -113843.3953      9668.9248         0.0000         0.0000     18552.9261         -82900.3445       301.6123   -101453.2706    -82942.7352       302.1874           -156.7968      -160.5861    300556.5999        37.2176        36.9477

WRITING COORDINATES TO DCD FILE ../output/fileio/performance/prod/1-1-45/frequency-5000/run-4/step5_fileio.dcd AT STEP 410000
TIMING: 415000  CPU: 408.015, 0.000965145/step  Wall: 409.71, 0.000971271/step, 177.911 ns/days, 0.0229328 hours remaining, 0.000000 MB of memory in use.
PERFORMANCE: 415000  averaging 175.134 ns/day, 0.000986675 sec/step with standard deviation 2.04902e-05
ENERGY:  415000       405.9098      1221.6038      1125.6555        62.7802        -113978.4061      9701.6497         0.0000         0.0000     18431.7104         -83029.0967       299.6417   -101460.8071    -82964.5041       301.9220              5.6149         8.8869    300437.4410        32.7470        32.5518

WRITING COORDINATES TO DCD FILE ../output/fileio/performance/prod/1-1-45/frequency-5000/run-4/step5_fileio.dcd AT STEP 415000
TIMING: 420000  CPU: 412.933, 0.000983581/step  Wall: 414.661, 0.000990017/step, 174.542 ns/days, 0.0220004 hours remaining, 0.000000 MB of memory in use.
PERFORMANCE: 420000  averaging 175.127 ns/day, 0.000986715 sec/step with standard deviation 2.03697e-05
ENERGY:  420000       409.2448      1074.4682      1115.5037        69.9404        -113934.7429      9545.1105         0.0000         0.0000     18549.7350         -83170.7403       301.5604   -101720.4753    -82981.8777       301.9035           -251.4762      -246.4945    301590.0070        27.7146        27.7508

WRITING COORDINATES TO DCD FILE ../output/fileio/performance/prod/1-1-45/frequency-5000/run-4/step5_fileio.dcd AT STEP 420000
TIMING: 425000  CPU: 417.785, 0.000970423/step  Wall: 419.544, 0.00097662/step, 176.937 ns/days, 0.0203463 hours remaining, 0.000000 MB of memory in use.
PERFORMANCE: 425000  averaging 175.148 ns/day, 0.000986596 sec/step with standard deviation 2.02777e-05
ENERGY:  425000       426.9194      1152.5049      1121.7675        67.0260        -113947.5133      9722.0264         0.0000         0.0000     18700.9831         -82756.2860       304.0192   -101457.2691    -82969.3919       301.9966           -138.7318      -140.5193    301653.8593         4.2438         4.1402

WRITING COORDINATES TO DCD FILE ../output/fileio/performance/prod/1-1-45/frequency-5000/run-4/step5_fileio.dcd AT STEP 425000
TIMING: 430000  CPU: 422.607, 0.000964569/step  Wall: 424.398, 0.000970897/step, 177.98 ns/days, 0.0188786 hours remaining, 0.000000 MB of memory in use.
PERFORMANCE: 430000  averaging 175.18 ns/day, 0.000986413 sec/step with standard deviation 2.0229e-05
ENERGY:  430000       438.1729      1175.7108      1094.3198        69.3264        -114530.7637      9890.5283         0.0000         0.0000     18480.4320         -83382.2735       300.4337   -101862.7055    -82982.9142       301.8846             56.0699        56.4435    300685.9711         6.3581         6.2601

WRITING COORDINATES TO DCD FILE ../output/fileio/performance/prod/1-1-45/frequency-5000/run-4/step5_fileio.dcd AT STEP 430000
TIMING: 435000  CPU: 427.564, 0.00099135/step  Wall: 429.386, 0.000997662/step, 173.205 ns/days, 0.0180133 hours remaining, 0.000000 MB of memory in use.
PERFORMANCE: 435000  averaging 175.157 ns/day, 0.000986543 sec/step with standard deviation 2.01472e-05
ENERGY:  435000       411.1497      1068.1606      1119.6556        80.0037        -113804.9754      9760.5789         0.0000         0.0000     18632.3111         -82733.1158       302.9028   -101365.4269    -82958.2023       301.9243             45.1758        48.6635    300040.3778        -1.1843        -1.1107

WRITING COORDINATES TO DCD FILE ../output/fileio/performance/prod/1-1-45/frequency-5000/run-4/step5_fileio.dcd AT STEP 435000
TIMING: 440000  CPU: 432.424, 0.000971931/step  Wall: 434.278, 0.000978283/step, 176.636 ns/days, 0.0163047 hours remaining, 0.000000 MB of memory in use.
PERFORMANCE: 440000  averaging 175.174 ns/day, 0.000986449 sec/step with standard deviation 2.00504e-05
ENERGY:  440000       428.6468      1118.1915      1122.3808        68.3725        -114432.6274      9936.9175         0.0000         0.0000     18554.8594         -83203.2589       301.6437   -101758.1183    -82980.1951       301.8121            -26.7151       -25.5620    300695.0082        -9.7693        -9.8012

WRITING COORDINATES TO DCD FILE ../output/fileio/performance/prod/1-1-45/frequency-5000/run-4/step5_fileio.dcd AT STEP 440000
TIMING: 445000  CPU: 437.242, 0.000963671/step  Wall: 439.127, 0.000969858/step, 178.17 ns/days, 0.0148173 hours remaining, 0.000000 MB of memory in use.
PERFORMANCE: 445000  averaging 175.207 ns/day, 0.000986262 sec/step with standard deviation 2.00135e-05
ENERGY:  445000       463.1789      1157.0722      1112.9457        74.1195        -114297.2364      9905.3697         0.0000         0.0000     18744.9026         -82839.6478       304.7332   -101584.5504    -82982.0543       301.9259              8.4604         4.4467    301196.1292        -5.8247        -6.0882

WRITING COORDINATES TO DCD FILE ../output/fileio/performance/prod/1-1-45/frequency-5000/run-4/step5_fileio.dcd AT STEP 445000
TIMING: 450000  CPU: 442.209, 0.000993277/step  Wall: 444.125, 0.000999499/step, 172.887 ns/days, 0.0138819 hours remaining, 0.000000 MB of memory in use.
PERFORMANCE: 450000  averaging 175.181 ns/day, 0.00098641 sec/step with standard deviation 1.99496e-05
ETITLE:      TS           BOND          ANGLE          DIHED          IMPRP               ELECT            VDW       BOUNDARY           MISC        KINETIC               TOTAL           TEMP      POTENTIAL       TOTALAVG        TEMPAVG            PRESSURE      GPRESSURE         VOLUME       PRESSAVG      GPRESSAVG

ENERGY:  450000       449.6945      1159.9969      1146.6573        90.8572        -114210.2649      9764.4323         0.0000         0.0000     18706.4017         -82892.2250       304.1073   -101598.6267    -82985.0205       302.0111             20.4800        21.3102    300602.3965        -5.6033        -5.8946

WRITING COORDINATES TO DCD FILE ../output/fileio/performance/prod/1-1-45/frequency-5000/run-4/step5_fileio.dcd AT STEP 450000
TIMING: 455000  CPU: 447.06, 0.000970369/step  Wall: 449.013, 0.000977685/step, 176.744 ns/days, 0.0122211 hours remaining, 0.000000 MB of memory in use.
PERFORMANCE: 455000  averaging 175.198 ns/day, 0.000986314 sec/step with standard deviation 1.98596e-05
ENERGY:  455000       398.8467      1111.4703      1136.3744        71.9622        -113807.4941      9922.1459         0.0000         0.0000     18507.2969         -82659.3976       300.8705   -101166.6946    -82978.1812       301.7810            371.7119       368.2336    299614.9696        14.1074        13.7131

WRITING COORDINATES TO DCD FILE ../output/fileio/performance/prod/1-1-45/frequency-5000/run-4/step5_fileio.dcd AT STEP 455000
TIMING: 460000  CPU: 451.858, 0.000959492/step  Wall: 453.842, 0.000965838/step, 178.912 ns/days, 0.0107315 hours remaining, 0.000000 MB of memory in use.
PERFORMANCE: 460000  averaging 175.237 ns/day, 0.000986091 sec/step with standard deviation 1.98652e-05
ENERGY:  460000       436.9400      1110.3010      1114.9486        69.2848        -113737.8946      9732.4251         0.0000         0.0000     18623.4112         -82650.5839       302.7581   -101273.9951    -82950.4080       301.8236             10.9576        12.8079    299264.6860        10.0929         9.8176

WRITING COORDINATES TO DCD FILE ../output/fileio/performance/prod/1-1-45/frequency-5000/run-4/step5_fileio.dcd AT STEP 460000
TIMING: 465000  CPU: 456.898, 0.00100802/step  Wall: 458.912, 0.00101404/step, 170.407 ns/days, 0.00985877 hours remaining, 0.000000 MB of memory in use.
PERFORMANCE: 465000  averaging 175.184 ns/day, 0.000986392 sec/step with standard deviation 1.99684e-05
ENERGY:  465000       424.9043      1122.0808      1110.8696        79.4732        -113856.9728      9602.6600         0.0000         0.0000     18481.3295         -83035.6554       300.4483   -101516.9849    -82946.3664       301.8056             57.9026        56.2257    299776.8038        16.8703        16.5582

WRITING COORDINATES TO DCD FILE ../output/fileio/performance/prod/1-1-45/frequency-5000/run-4/step5_fileio.dcd AT STEP 465000
TIMING: 470000  CPU: 461.772, 0.000974869/step  Wall: 463.82, 0.00098157/step, 176.045 ns/days, 0.00817975 hours remaining, 0.000000 MB of memory in use.
PERFORMANCE: 470000  averaging 175.193 ns/day, 0.00098634 sec/step with standard deviation 1.9867e-05
ENERGY:  470000       448.2967      1105.0300      1111.4166        67.4328        -114084.5189      9848.4629         0.0000         0.0000     18512.1531         -82991.7268       300.9494   -101503.8799    -82943.4205       301.8180            141.5253       138.7695    300132.0768        12.7799        12.4591

WRITING COORDINATES TO DCD FILE ../output/fileio/performance/prod/1-1-45/frequency-5000/run-4/step5_fileio.dcd AT STEP 470000
TIMING: 475000  CPU: 466.58, 0.000961507/step  Wall: 468.659, 0.000967713/step, 178.565 ns/days, 0.00672023 hours remaining, 0.000000 MB of memory in use.
PERFORMANCE: 475000  averaging 175.228 ns/day, 0.000986144 sec/step with standard deviation 1.98532e-05
ENERGY:  475000       429.8402      1145.8023      1127.7246        76.2489        -114304.6141      9881.0963         0.0000         0.0000     18587.0910         -83056.8108       302.1677   -101643.9018    -82959.0565       301.7321            -31.2995       -35.1248    300123.3105        17.3691        16.7732

WRITING COORDINATES TO DCD FILE ../output/fileio/performance/prod/1-1-45/frequency-5000/run-4/step5_fileio.dcd AT STEP 475000
TIMING: 480000  CPU: 471.672, 0.00101833/step  Wall: 473.782, 0.00102453/step, 168.662 ns/days, 0.00569184 hours remaining, 0.000000 MB of memory in use.
PERFORMANCE: 480000  averaging 175.157 ns/day, 0.000986544 sec/step with standard deviation 2.01334e-05
ENERGY:  480000       433.8812      1165.5316      1110.9845        77.9898        -113782.3596      9434.5732         0.0000         0.0000     18572.4384         -82986.9608       301.9295   -101559.3993    -82961.7784       301.5882           -300.7666      -301.0270    301018.0785        -2.4678        -3.2559

WRITING COORDINATES TO DCD FILE ../output/fileio/performance/prod/1-1-45/frequency-5000/run-4/step5_fileio.dcd AT STEP 480000
TIMING: 485000  CPU: 476.542, 0.000974078/step  Wall: 478.704, 0.000984541/step, 175.513 ns/days, 0.00410226 hours remaining, 0.000000 MB of memory in use.
PERFORMANCE: 485000  averaging 175.161 ns/day, 0.000986524 sec/step with standard deviation 2.00293e-05
ENERGY:  485000       425.4425      1131.0871      1111.0190        73.8403        -114269.2909      9795.3540         0.0000         0.0000     18474.4469         -83258.1010       300.3364   -101732.5479    -82969.2924       301.6809            -42.8682       -44.6462    300556.8310        -9.7776       -10.5829

WRITING COORDINATES TO DCD FILE ../output/fileio/performance/prod/1-1-45/frequency-5000/run-4/step5_fileio.dcd AT STEP 485000
TIMING: 490000  CPU: 481.368, 0.000965214/step  Wall: 483.561, 0.000971307/step, 177.905 ns/days, 0.00269807 hours remaining, 0.000000 MB of memory in use.
PERFORMANCE: 490000  averaging 175.188 ns/day, 0.000986368 sec/step with standard deviation 1.9985e-05
ENERGY:  490000       422.2607      1138.2419      1128.2100        64.0737        -113986.4120      9816.5280         0.0000         0.0000     18545.6640         -82871.4338       301.4942   -101417.0977    -82975.2568       301.6865             88.8312        94.0679    301427.8389         5.9786         5.3976

WRITING COORDINATES TO DCD FILE ../output/fileio/performance/prod/1-1-45/frequency-5000/run-4/step5_fileio.dcd AT STEP 490000
TIMING: 495000  CPU: 486.337, 0.000993883/step  Wall: 488.562, 0.00100034/step, 172.742 ns/days, 0.00138936 hours remaining, 0.000000 MB of memory in use.
PERFORMANCE: 495000  averaging 175.163 ns/day, 0.000986509 sec/step with standard deviation 1.99322e-05
ENERGY:  495000       394.4422      1157.3595      1126.6006        67.9988        -114008.0548      9805.8704         0.0000         0.0000     18600.6399         -82855.1434       302.3879   -101455.7833    -82970.4004       301.7345            242.1473       243.9472    300187.8137        -3.7947        -4.1573

WRITING COORDINATES TO DCD FILE ../output/fileio/performance/prod/1-1-45/frequency-5000/run-4/step5_fileio.dcd AT STEP 495000
TIMING: 500000  CPU: 491.186, 0.000969674/step  Wall: 493.443, 0.000976078/step, 177.035 ns/days, 0 hours remaining, 0.000000 MB of memory in use.
PERFORMANCE: 500000  averaging 175.182 ns/day, 0.000986405 sec/step with standard deviation 1.98587e-05
ETITLE:      TS           BOND          ANGLE          DIHED          IMPRP               ELECT            VDW       BOUNDARY           MISC        KINETIC               TOTAL           TEMP      POTENTIAL       TOTALAVG        TEMPAVG            PRESSURE      GPRESSURE         VOLUME       PRESSAVG      GPRESSAVG

ENERGY:  500000       389.1468      1130.0134      1104.5222        69.4292        -114481.3288     10121.8245         0.0000         0.0000     18379.8608         -83286.5319       298.7988   -101666.3927    -82979.9486       301.7560            463.5743       464.6445    298919.9041        22.6817        22.5229

WRITING COORDINATES TO DCD FILE ../output/fileio/performance/prod/1-1-45/frequency-5000/run-4/step5_fileio.dcd AT STEP 500000
WRITING EXTENDED SYSTEM TO OUTPUT FILE AT STEP 500000
WRITING COORDINATES TO OUTPUT FILE AT STEP 500000
CLOSING COORDINATE DCD FILE ../output/fileio/performance/prod/1-1-45/frequency-5000/run-4/step5_fileio.dcd
WRITING VELOCITIES TO OUTPUT FILE AT STEP 500000
The last velocity output (seq=-2) takes 0.050 seconds, 0.000 MB of memory in use
====================================================

WallClock: 495.395447  CPUTime: 483.161896  Memory: 0.000000 MB
[Partition 0][Node 0] End of program
