Charm++> Running on MPI library: Open MPI v4.1.5a1, package: Open MPI software@d001.sol.rc.asu.edu Distribution, ident: 4.1.5a1, repo rev: v4.1.4-32-g5abd86cc8c, Unreleased developer copy (MPI standard: 3.1)
Charm++> Level of thread support used: MPI_THREAD_FUNNELED (desired: MPI_THREAD_FUNNELED)
Charm++> Running in SMP mode: 1 processes, 45 worker threads (PEs) + 1 comm threads per process, 45 PEs total
Charm++> The comm. thread both sends and receives messages
Charm++> Using recursive bisection (scheme 3) for topology aware partitions
Converse/Charm++ Commit ID: v8.0.1-devel-35-gf310838d5
Charm++ communication thread will sleep due to single-process run.
CharmLB> Load balancer assumes all CPUs are same.
Charm++> cpu affinity enabled. 
Charm++> Running on 1 hosts (2 sockets x 23 cores x 1 PUs = 46-way SMP)
Charm++> cpu topology info is gathered in 0.003 seconds.
Info: Built with CUDA version 12090
Pe 3 physical rank 3 will use CUDA device of pe 32
Pe 4 physical rank 4 will use CUDA device of pe 32
Pe 1 physical rank 1 will use CUDA device of pe 32
Pe 2 physical rank 2 will use CUDA device of pe 32
Pe 5 physical rank 5 will use CUDA device of pe 32
Pe 23 physical rank 23 will use CUDA device of pe 32
Pe 19 physical rank 19 will use CUDA device of pe 32
Pe 13 physical rank 13 will use CUDA device of pe 32
Pe 17 physical rank 17 will use CUDA device of pe 32
Pe 16 physical rank 16 will use CUDA device of pe 32
Pe 15 physical rank 15 will use CUDA device of pe 32
Pe 14 physical rank 14 will use CUDA device of pe 32
Pe 12 physical rank 12 will use CUDA device of pe 32
Pe 20 physical rank 20 will use CUDA device of pe 32
Pe 22 physical rank 22 will use CUDA device of pe 32
Pe 18 physical rank 18 will use CUDA device of pe 32
Pe 21 physical rank 21 will use CUDA device of pe 32
Pe 24 physical rank 24 will use CUDA device of pe 32
Pe 35 physical rank 35 will use CUDA device of pe 32
Pe 31 physical rank 31 will use CUDA device of pe 32
Pe 33 physical rank 33 will use CUDA device of pe 32
Pe 34 physical rank 34 will use CUDA device of pe 32
Pe 30 physical rank 30 will use CUDA device of pe 32
Pe 8 physical rank 8 will use CUDA device of pe 32
Pe 7 physical rank 7 will use CUDA device of pe 32
Pe 10 physical rank 10 will use CUDA device of pe 32
Pe 11 physical rank 11 will use CUDA device of pe 32
Pe 6 physical rank 6 will use CUDA device of pe 32
Pe 44 physical rank 44 will use CUDA device of pe 32
Pe 43 physical rank 43 will use CUDA device of pe 32
Pe 41 physical rank 41 will use CUDA device of pe 32
Pe 42 physical rank 42 will use CUDA device of pe 32
Pe 28 physical rank 28 will use CUDA device of pe 32
Pe 26 physical rank 26 will use CUDA device of pe 32
Pe 29 physical rank 29 will use CUDA device of pe 32
Pe 0 physical rank 0 will use CUDA device of pe 32
Pe 25 physical rank 25 will use CUDA device of pe 32
Pe 27 physical rank 27 will use CUDA device of pe 32
Pe 38 physical rank 38 will use CUDA device of pe 32
Pe 36 physical rank 36 will use CUDA device of pe 32
Pe 39 physical rank 39 will use CUDA device of pe 32
Pe 37 physical rank 37 will use CUDA device of pe 32
Pe 40 physical rank 40 will use CUDA device of pe 32
Pe 9 physical rank 9 will use CUDA device of pe 32
Pe 32 physical rank 32 binding to CUDA device 0 on sg045: 'NVIDIA A100-SXM4-80GB'  Mem: 81152MB  Rev: 8.0  PCI: 0:1:0
CharmLB> Load balancing instrumentation for communication is off.
Info: NAMD 3.1alpha4pre for Linux-x86_64-MPI-smp-CUDA
Info: 
Info: Please visit http://www.ks.uiuc.edu/Research/namd/
Info: for updates, documentation, and support information.
Info: 
Info: Please cite Phillips et al., J. Chem. Phys. 153:044130 (2020) doi:10.1063/5.0014475
Info: in all publications reporting results obtained with NAMD.
Info: 
Info: Based on Charm++/Converse 80001 for mpi-linux-x86_64
Info: Built Tue Mar 10 15:59:42 MST 2026 by athiru12 on sg236
Info: Source code at Git commit ID 6669d58345b330ce455c3341de1e9ec803325dda
Info: 1 NAMD  3.1alpha4pre  Linux-x86_64-MPI-smp-CUDA  45    sg045  ljwoods2
Info: Running on 45 processors, 1 nodes, 1 physical nodes.
Info: CPU topology information available.
Info: Charm++/Converse parallel runtime startup completed at 0.192174 s
CkLoopLib is used in SMP with simple dynamic scheduling (converse-level notification)
Info: 0 MB of memory in use based on /proc/self/stat
Info: Configuration file is input/step5_fileio_fileio_run_2.inp
Info: Changed directory to input
TCL: Suspending until startup complete.
Warning: Option "1-4scaling" has been deprecated. Instead use "oneFourScaling".
Info: EXTENDED SYSTEM FILE   ../output/vanilla/performance/equil/1-0-40/run-1/step4_equilibration.xsc
Info: Tuning parameters to improve GPU-resident performance
Info: Setting margin to 4
Warning: The Langevin gamma parameters differ over the particles,
Warning: requiring extra work per step to constrain rigid bonds.
Info: Enabling PMEOffload because PMEInterpOrder > 4.
Info: Running with GPU-resident mode
Warning: Always using force tables for GPU nonbonded kernel due to unsupported config parameters.
Info: SIMULATION PARAMETERS:
Info: TIMESTEP               2
Info: NUMBER OF STEPS        500000
Info: STEPS PER CYCLE        20
Info: PERIODIC CELL BASIS 1  69 0 0
Info: PERIODIC CELL BASIS 2  0 69 0
Info: PERIODIC CELL BASIS 3  0 0 69
Info: PERIODIC CELL CENTER   0 0 0
Info: WRAPPING WATERS AROUND PERIODIC BOUNDARIES ON OUTPUT.
Info: WRAPPING ALL CLUSTERS AROUND PERIODIC BOUNDARIES ON OUTPUT.
Info: LOAD BALANCER  Centralized
Info: LOAD BALANCING STRATEGY  New Load Balancers -- DEFAULT
Info: LDB PERIOD             4000 steps
Info: FIRST LDB TIMESTEP     100
Info: LAST LDB TIMESTEP     -1
Info: LDB BACKGROUND SCALING 1
Info: HOM BACKGROUND SCALING 1
Info: PME BACKGROUND SCALING 1
Info: MIN ATOMS PER PATCH    40
Info: EMPTY PATCH LOAD       40 ATOMS
Info: VELOCITY FILE          ../output/vanilla/performance/equil/1-0-40/run-1/step4_equilibration.vel
Info: CENTER OF MASS MOVING INITIALLY? NO
Info: DIELECTRIC             1
Info: EXCLUDE                SCALED ONE-FOUR
Info: 1-4 ELECTROSTATICS SCALED BY 1
Info: MODIFIED 1-4 VDW PARAMETERS WILL BE USED
Info: DCD FILENAME           ../output/fileio/performance/prod/1-1-45/frequency-5000/run-2/step5_fileio.dcd
Info: DCD FREQUENCY          5000
Info: DCD FIRST STEP         5000
Info: DCD FILE WILL CONTAIN UNIT CELL DATA
Info: NO EXTENDED SYSTEM TRAJECTORY OUTPUT
Info: NO VELOCITY DCD OUTPUT
Info: NO FORCE DCD OUTPUT
Info: OUTPUT FILENAME        ../output/fileio/performance/prod/1-1-45/frequency-5000/run-2/step5_fileio
Info: BINARY OUTPUT FILES WILL BE USED
Info: NO RESTART FILE
Info: NAMD will save positions and velocities to ../output/fileio/performance/prod/1-1-45/frequency-5000/run-2/step5_fileio.crash.csv when  atoms are moving too fast.
Info: SWITCHING ACTIVE
Info: VDW FORCE SWITCHING ACTIVE
Info: SWITCHING ON           10
Info: SWITCHING OFF          12
Info: PAIRLIST DISTANCE      16
Info: PAIRLIST SHRINK RATE   0.01
Info: PAIRLIST GROW RATE     0.01
Info: PAIRLIST TRIGGER       0.3
Info: PAIRLISTS PER CYCLE    2
Info: PAIRLISTS ENABLED
Info: MARGIN                 4
Info: HYDROGEN GROUP CUTOFF  2.5
Info: PATCH DIMENSION        22.5
Info: ENERGY OUTPUT STEPS    5000
Info: ENERGY EVALUATION STEPS    5000
Info: OUTPUT ENERGY PRECISION 4
Info: CROSSTERM ENERGY INCLUDED IN DIHEDRAL
Info: TIMING OUTPUT STEPS    5000
Info: LANGEVIN DYNAMICS ACTIVE
Info: LANGEVIN TEMPERATURE   303.15
Info: LANGEVIN USING BBK INTEGRATOR
Info: LANGEVIN DAMPING COEFFICIENT IS 1 INVERSE PS
Info: LANGEVIN DYNAMICS NOT APPLIED TO HYDROGENS
Info: LANGEVIN PISTON PRESSURE CONTROL ACTIVE
Info:        TARGET PRESSURE IS 1.01325 BAR
Info:     OSCILLATION PERIOD IS 50 FS
Info:             DECAY TIME IS 25 FS
Info:     PISTON TEMPERATURE IS 303.15 K
Info:       PRESSURE CONTROL IS GROUP-BASED
Info:    INITIAL STRAIN RATE IS 0 0 0
Info:       CELL FLUCTUATION IS ISOTROPIC
Info: PARTICLE MESH EWALD (PME) ACTIVE
Info: PME TOLERANCE               1e-06
Info: PME EWALD COEFFICIENT       0.257952
Info: PME INTERPOLATION ORDER     6
Info: PME GRID DIMENSIONS         72 72 72
Info: PME MAXIMUM GRID SPACING    1
Info: PME RECIPROCAL SUM OFFLOADED TO GPU
Info: PME CALCULATION WILL BE PERFORMED ON GPU
Info: FULL ELECTROSTATIC EVALUATION FREQUENCY      1
Info: USING VERLET I (r-RESPA) MTS SCHEME.
Info: C1 SPLITTING OF LONG RANGE ELECTROSTATICS
Info: PLACING ATOMS IN PATCHES BY HYDROGEN GROUPS
Info: RIGID BONDS TO HYDROGEN : ALL
Info:         ERROR TOLERANCE : 1e-08
Info:          MAX ITERATIONS : 100
Info: RIGID WATER USING SETTLE ALGORITHM
Info: RANDOM NUMBER SEED     1774698828
Info: USE HYDROGEN BONDS?    NO
Info: COORDINATE PDB         step3_input.pdb
Info: STRUCTURE FILE         step3_input.psf
Info: PARAMETER file: CHARMM format! 
Info: PARAMETERS             toppar/par_all36m_prot.prm
Info: PARAMETERS             toppar/par_all36_na.prm
Info: PARAMETERS             toppar/par_all36_carb.prm
Info: PARAMETERS             toppar/par_all36_lipid.prm
Info: PARAMETERS             toppar/par_all36_cgenff.prm
Info: PARAMETERS             toppar/par_interface.prm
Info: PARAMETERS             toppar/toppar_all36_moreions.str
Info: PARAMETERS             toppar/toppar_all36_nano_lig.str
Info: PARAMETERS             toppar/toppar_all36_nano_lig_patch.str
Info: PARAMETERS             toppar/toppar_all36_synthetic_polymer.str
Info: PARAMETERS             toppar/toppar_all36_synthetic_polymer_patch.str
Info: PARAMETERS             toppar/toppar_all36_polymer_solvent.str
Info: PARAMETERS             toppar/toppar_water_ions.str
Info: PARAMETERS             toppar/toppar_dum_noble_gases.str
Info: PARAMETERS             toppar/toppar_ions_won.str
Info: PARAMETERS             toppar/cam.str
Info: PARAMETERS             toppar/toppar_all36_prot_arg0.str
Info: PARAMETERS             toppar/toppar_all36_prot_c36m_d_aminoacids.str
Info: PARAMETERS             toppar/toppar_all36_prot_fluoro_alkanes.str
Info: PARAMETERS             toppar/toppar_all36_prot_heme.str
Info: PARAMETERS             toppar/toppar_all36_prot_na_combined.str
Info: PARAMETERS             toppar/toppar_all36_prot_retinol.str
Info: PARAMETERS             toppar/toppar_all36_prot_model.str
Info: PARAMETERS             toppar/toppar_all36_prot_modify_res.str
Info: PARAMETERS             toppar/toppar_all36_na_nad_ppi.str
Info: PARAMETERS             toppar/toppar_all36_na_rna_modified.str
Info: PARAMETERS             toppar/toppar_all36_lipid_sphingo.str
Info: PARAMETERS             toppar/toppar_all36_lipid_archaeal.str
Info: PARAMETERS             toppar/toppar_all36_lipid_bacterial.str
Info: PARAMETERS             toppar/toppar_all36_lipid_cardiolipin.str
Info: PARAMETERS             toppar/toppar_all36_lipid_cholesterol.str
Info: PARAMETERS             toppar/toppar_all36_lipid_dag.str
Info: PARAMETERS             toppar/toppar_all36_lipid_inositol.str
Info: PARAMETERS             toppar/toppar_all36_lipid_lnp.str
Info: PARAMETERS             toppar/toppar_all36_lipid_lps.str
Info: PARAMETERS             toppar/toppar_all36_lipid_mycobacterial.str
Info: PARAMETERS             toppar/toppar_all36_lipid_miscellaneous.str
Info: PARAMETERS             toppar/toppar_all36_lipid_model.str
Info: PARAMETERS             toppar/toppar_all36_lipid_prot.str
Info: PARAMETERS             toppar/toppar_all36_lipid_tag.str
Info: PARAMETERS             toppar/toppar_all36_lipid_yeast.str
Info: PARAMETERS             toppar/toppar_all36_lipid_hmmm.str
Info: PARAMETERS             toppar/toppar_all36_lipid_detergent.str
Info: PARAMETERS             toppar/toppar_all36_lipid_ether.str
Info: PARAMETERS             toppar/toppar_all36_lipid_oxidized.str
Info: PARAMETERS             toppar/toppar_all36_carb_glycolipid.str
Info: PARAMETERS             toppar/toppar_all36_carb_glycopeptide.str
Info: PARAMETERS             toppar/toppar_all36_carb_imlab.str
Info: PARAMETERS             toppar/toppar_all36_label_spin.str
Info: PARAMETERS             toppar/toppar_all36_label_fluorophore.str
Info: USING ARITHMETIC MEAN TO COMBINE L-J SIGMA PARAMETERS
Info: BINARY COORDINATES     ../output/vanilla/performance/equil/1-0-40/run-1/step4_equilibration.coor
Warning: SKIPPING PART OF PARAMETER FILE AFTER RETURN STATEMENT

Warning: DUPLICATE DIHEDRAL ENTRY FOR HAL1-CTO1-C-NHL
PREVIOUS VALUES MULTIPLICITY: 1
  k=0  n=1  delta=0INCREASING MULTIPLICITY TO: 2
  k=0  n=3  delta=0

Warning: DUPLICATE DIHEDRAL ENTRY FOR HAL1-CTO1-C-O
PREVIOUS VALUES MULTIPLICITY: 1
  k=0  n=1  delta=0INCREASING MULTIPLICITY TO: 2
  k=0  n=2  delta=3.14159
Warning: SKIPPING PART OF PARAMETER FILE AFTER RETURN STATEMENT

Warning: DUPLICATE DIHEDRAL ENTRY FOR CTL2-CG2O5-CTL1-CTL3
PREVIOUS VALUES MULTIPLICITY: 1
  k=0.75  n=1  delta=0  k=0.18  n=2  delta=3.14159INCREASING MULTIPLICITY TO: 3
  k=0.065  n=3  delta=0

Warning: DUPLICATE BOND ENTRY FOR CEL1-CL
PREVIOUS VALUES  k=440  x0=1.489
   USING VALUES  k=300  x0=1.48
Info: SUMMARY OF PARAMETERS:
Info: 1988 BONDS
Info: 6776 ANGLES
Info: 19939 DIHEDRAL
Info: 430 IMPROPER
Info: 28 CROSSTERM
Info: 751 VDW
Info: 122 VDW_PAIRS
Info: 0 NBTHOLE_PAIRS
Warning: Ignored 9467 bonds with zero force constants.
Warning: Will get H-H distance in rigid H2O from H-O-H angle.
Info: No lone pairs detected in waters
Info: TIME FOR READING PSF FILE: 0.177952
Info: Reading pdb file step3_input.pdb
Info: TIME FOR READING PDB FILE: 0.232791
Info: 
Info: ****************************
Info: STRUCTURE SUMMARY:
Info: 30423 ATOMS
Info: 20918 BONDS
Info: 13014 ANGLES
Info: 5187 DIHEDRALS
Info: 373 IMPROPERS
Info: 127 CROSSTERMS
Info: 0 EXCLUSIONS
Info: 29360 RIGID BONDS
Info: 61909 DEGREES OF FREEDOM
Info: 10530 HYDROGEN GROUPS
Info: 4 ATOMS IN LARGEST HYDROGEN GROUP
Info: 10530 MIGRATION GROUPS
Info: 4 ATOMS IN LARGEST MIGRATION GROUP
Info: TOTAL MASS = 186727 amu
Info: TOTAL CHARGE = 1.31875e-06 e
Info: MASS DENSITY = 0.943883 g/cm^3
Info: ATOM DENSITY = 0.0926093 atoms/A^3
Info: *****************************
Info: Reading from binary file ../output/vanilla/performance/equil/1-0-40/run-1/step4_equilibration.coor
Info: 
Info: Entering startup at 1.58936 s, 0 MB of memory in use
Info: Startup phase 0 took 0.000539304 s, 0 MB of memory in use
Info: ADDED 39038 IMPLICIT EXCLUSIONS
Info: Startup phase 1 took 0.00642391 s, 0 MB of memory in use
Info: NONBONDED TABLE R-SQUARED SPACING: 0.0625
Info: NONBONDED TABLE SIZE: 769 POINTS
Info: INCONSISTENCY IN FAST TABLE ENERGY VS FORCE: 0.000325096 AT 11.9556
Info: INCONSISTENCY IN SCOR TABLE ENERGY VS FORCE: 0.000324844 AT 11.9556
Info: INCONSISTENCY IN VDWA TABLE ENERGY VS FORCE: 0.0040507 AT 0.251946
Info: INCONSISTENCY IN VDWB TABLE ENERGY VS FORCE: 0.00150189 AT 0.251946
Info: Startup phase 2 took 0.0148931 s, 0 MB of memory in use
Info: Startup phase 3 took 0.000193573 s, 0 MB of memory in use
Info: Startup phase 4 took 0.00114742 s, 0 MB of memory in use
Info: Startup phase 5 took 0.000156935 s, 0 MB of memory in use
Info: REDUCING NUMBER OF PATCHES TO IMPROVE LOAD BALANCE
Info: PATCH GRID IS 5 (PERIODIC) BY 3 (PERIODIC) BY 3 (PERIODIC)
Info: PATCH GRID IS 2-AWAY BY 1-AWAY BY 1-AWAY
Info: Reading from binary file ../output/vanilla/performance/equil/1-0-40/run-1/step4_equilibration.vel
Info: REMOVING COM VELOCITY -0.0158458 -0.019888 0.00968242
Info: LARGEST PATCH (22) HAS 800 ATOMS
Info: TORUS A SIZE 1 USING 0
Info: TORUS B SIZE 1 USING 0
Info: TORUS C SIZE 1 USING 0
Info: TORUS MINIMAL MESH SIZE IS 1 BY 1 BY 1
Info: Placed 100% of base nodes on same physical node as patch
Info: Startup phase 6 took 0.0675835 s, 0 MB of memory in use
Info: Use 3D box decompostion in PME FFT.
Info: PME using 1 x 1 x 1 pencil grid for FFT and reciprocal sum.
Info: Startup phase 7 took 0.000998587 s, 0 MB of memory in use
Info: Updated CUDA force table with 4096 elements.
Info: Updated CUDA LJ table with 751 x 751 elements.
Info: Startup phase 8 took 0.00630264 s, 0 MB of memory in use
Info: Startup phase 9 took 0.000194335 s, 0 MB of memory in use
Info: Startup phase 10 took 0.000172955 s, 0 MB of memory in use
Info: Startup phase 11 took 0.012922 s, 0 MB of memory in use
LDB: Central LB being created...
Info: Startup phase 12 took 0.230395 s, 0 MB of memory in use
Info: Startup phase 13 took 0.000187192 s, 0 MB of memory in use
Info: Startup phase 14 took 0.00282016 s, 0 MB of memory in use
Info: Startup phase 15 took 0.000174668 s, 0 MB of memory in use
Info: CREATING 1710 COMPUTE OBJECTS
Info: Found 268 unique exclusion lists needing 4316 bytes
Info: useSync: 0 useProxySync: 0
Info: Startup phase 16 took 0.10541 s, 0 MB of memory in use
Info: Startup phase 17 took 0.000301326 s, 0 MB of memory in use
Info: Startup phase 18 took 6.8719e-05 s, 0 MB of memory in use
Info: Finished startup at 2.04024 s, 0 MB of memory in use

TCL: Original numsteps 500000 will be ignored.
TCL: Running for 500000 steps
ETITLE:      TS           BOND          ANGLE          DIHED          IMPRP               ELECT            VDW       BOUNDARY           MISC        KINETIC               TOTAL           TEMP      POTENTIAL       TOTALAVG        TEMPAVG            PRESSURE      GPRESSURE         VOLUME       PRESSAVG      GPRESSAVG

ENERGY:       0       390.0165      1067.9379      1155.8548        69.8147        -111518.5693      9145.1384         0.0000         0.0000     18338.1923         -81351.6147       298.1214    -99689.8070    -81351.6147       298.1214          -1454.3551     -1453.0523    328509.0000     -1454.3551     -1453.0523

Info: Initial time: 45 CPUs 0.00419677 s/step 41.1745 ns/day 0 MB memory
Info: Initial time: 45 CPUs 0.000961628 s/step 179.695 ns/day 0 MB memory
Info: Initial time: 45 CPUs 0.000960657 s/step 179.877 ns/day 0 MB memory
Info: Benchmark time: 45 CPUs 0.000961024 s/step 179.808 ns/day 0 MB memory
Info: Benchmark time: 45 CPUs 0.000979511 s/step 176.415 ns/day 0 MB memory
Info: Benchmark time: 45 CPUs 0.00110841 s/step 155.898 ns/day 0 MB memory
Info: Benchmark time: 45 CPUs 0.000956257 s/step 180.704 ns/day 0 MB memory
Info: Benchmark time: 45 CPUs 0.000970406 s/step 178.07 ns/day 0 MB memory
Info: Benchmark time: 45 CPUs 0.000967484 s/step 178.608 ns/day 0 MB memory
TIMING: 5000  CPU: 6.48967, 0.000978957/step  Wall: 5.44369, 0.00104271/step, 165.722 ns/days, 0.143373 hours remaining, 0.000000 MB of memory in use.
PERFORMANCE: 5000  averaging 165.722 ns/day, 0.00104271 sec/step with standard deviation 0
ENERGY:    5000       444.1233      1090.0949      1108.3606        71.2745        -113947.3550      9625.9243         0.0000         0.0000     18733.1209         -82874.4566       304.5417   -101607.5774    -82113.0357       301.3315            -17.7674       -18.4624    299323.0975      -736.0613      -735.7574

OPENING COORDINATE DCD FILE
WRITING COORDINATES TO DCD FILE ../output/fileio/performance/prod/1-1-45/frequency-5000/run-2/step5_fileio.dcd AT STEP 5000
The last position output (seq=5000) takes 0.024 seconds, 0.000 MB of memory in use
TIMING: 10000  CPU: 11.7528, 0.00105262/step  Wall: 10.738, 0.00105887/step, 163.193 ns/days, 0.144124 hours remaining, 0.000000 MB of memory in use.
PERFORMANCE: 10000  averaging 164.448 ns/day, 0.00105079 sec/step with standard deviation 1.14254e-05
ENERGY:   10000       434.1481      1160.4876      1128.2329        69.2473        -113899.4542      9647.8624         0.0000         0.0000     18631.1298         -82828.3461       302.8836   -101459.4758    -82351.4725       301.8489           -225.4763      -221.7679    301923.5693      -565.8663      -564.4276

WRITING COORDINATES TO DCD FILE ../output/fileio/performance/prod/1-1-45/frequency-5000/run-2/step5_fileio.dcd AT STEP 10000
The last position output (seq=10000) takes 0.052 seconds, 0.000 MB of memory in use
TIMING: 15000  CPU: 16.7336, 0.000996175/step  Wall: 15.7465, 0.0010017/step, 172.506 ns/days, 0.134952 hours remaining, 0.000000 MB of memory in use.
PERFORMANCE: 15000  averaging 167.049 ns/day, 0.00103443 sec/step with standard deviation 2.94673e-05
ENERGY:   15000       438.1617      1156.1255      1125.3073        75.3831        -113689.6967      9440.3876         0.0000         0.0000     18445.9680         -83008.3635       299.8735   -101454.3315    -82515.6952       301.3550           -152.8702      -153.1394    300549.5813      -462.6172      -461.6055

WRITING COORDINATES TO DCD FILE ../output/fileio/performance/prod/1-1-45/frequency-5000/run-2/step5_fileio.dcd AT STEP 15000
The last position output (seq=15000) takes 0.064 seconds, 0.000 MB of memory in use
TIMING: 20000  CPU: 21.6558, 0.000984427/step  Wall: 20.6968, 0.000990055/step, 174.536 ns/days, 0.132007 hours remaining, 0.000000 MB of memory in use.
PERFORMANCE: 20000  averaging 168.86 ns/day, 0.00102333 sec/step with standard deviation 3.27276e-05
ENERGY:   20000       428.0668      1083.1325      1135.9513        68.2246        -114096.9196      9937.5731         0.0000         0.0000     18633.9950         -82809.9763       302.9302   -101443.9713    -82574.5514       301.6701            243.5537       244.6133    300667.8745      -321.3831      -320.3617

WRITING COORDINATES TO DCD FILE ../output/fileio/performance/prod/1-1-45/frequency-5000/run-2/step5_fileio.dcd AT STEP 20000
The last position output (seq=20000) takes 0.002 seconds, 0.000 MB of memory in use
TIMING: 25000  CPU: 26.7332, 0.00101549/step  Wall: 25.8011, 0.00102085/step, 169.271 ns/days, 0.134695 hours remaining, 0.000000 MB of memory in use.
PERFORMANCE: 25000  averaging 168.942 ns/day, 0.00102284 sec/step with standard deviation 2.83648e-05
ENERGY:   25000       449.1843      1150.3815      1137.8920        72.0414        -114235.9335      9912.2716         0.0000         0.0000     18496.6307         -83017.5320       300.6971   -101514.1627    -82648.3815       301.5079             -5.8429        -2.8120    301541.3585      -268.7930      -267.4368

WRITING COORDINATES TO DCD FILE ../output/fileio/performance/prod/1-1-45/frequency-5000/run-2/step5_fileio.dcd AT STEP 25000
The last position output (seq=25000) takes 0.131 seconds, 0.000 MB of memory in use
TIMING: 30000  CPU: 31.7775, 0.00100885/step  Wall: 30.8735, 0.00101449/step, 170.331 ns/days, 0.132448 hours remaining, 0.000000 MB of memory in use.
PERFORMANCE: 30000  averaging 169.172 ns/day, 0.00102145 sec/step with standard deviation 2.55979e-05
ENERGY:   30000       394.1972      1154.0608      1108.0790        72.3217        -114473.9634      9983.1143         0.0000         0.0000     18421.0785         -83341.1118       299.4688   -101762.1903    -82747.3430       301.2166            229.2376       231.5024    299546.1230      -197.6458      -196.1598

WRITING COORDINATES TO DCD FILE ../output/fileio/performance/prod/1-1-45/frequency-5000/run-2/step5_fileio.dcd AT STEP 30000
The last position output (seq=30000) takes 0.002 seconds, 0.000 MB of memory in use
TIMING: 35000  CPU: 36.641, 0.000972696/step  Wall: 35.7646, 0.000978226/step, 176.646 ns/days, 0.126354 hours remaining, 0.000000 MB of memory in use.
PERFORMANCE: 35000  averaging 170.201 ns/day, 0.00101527 sec/step with standard deviation 2.85114e-05
ENERGY:   35000       409.4895      1148.5693      1126.9845        73.5676        -114411.8361      9868.6622         0.0000         0.0000     18602.4588         -83182.1042       302.4175   -101784.5630    -82801.6881       301.3667             31.5789        30.1832    300967.5432      -168.9927      -167.8669

WRITING COORDINATES TO DCD FILE ../output/fileio/performance/prod/1-1-45/frequency-5000/run-2/step5_fileio.dcd AT STEP 35000
The last position output (seq=35000) takes 0.002 seconds, 0.000 MB of memory in use
TIMING: 40000  CPU: 41.5784, 0.000987482/step  Wall: 40.7296, 0.000993001/step, 174.018 ns/days, 0.126883 hours remaining, 0.000000 MB of memory in use.
PERFORMANCE: 40000  averaging 170.669 ns/day, 0.00101249 sec/step with standard deviation 2.75458e-05
ENERGY:   40000       430.6373      1161.3637      1152.7785        69.9411        -114298.2143      9888.9284         0.0000         0.0000     18620.7359         -82973.8293       302.7146   -101594.5652    -82820.8149       301.5165             75.9038        78.5936    299138.2598      -141.7820      -140.4824

WRITING COORDINATES TO DCD FILE ../output/fileio/performance/prod/1-1-45/frequency-5000/run-2/step5_fileio.dcd AT STEP 40000
The last position output (seq=40000) takes 0.002 seconds, 0.000 MB of memory in use
TIMING: 45000  CPU: 46.4629, 0.000976901/step  Wall: 45.6542, 0.00098492/step, 175.446 ns/days, 0.124483 hours remaining, 0.000000 MB of memory in use.
PERFORMANCE: 45000  averaging 171.187 ns/day, 0.00100942 sec/step with standard deviation 2.73562e-05
ENERGY:   45000       436.7488      1138.9262      1103.0837        65.0804        -114081.6619      9675.7989         0.0000         0.0000     18599.4357         -83062.5881       302.3684   -101662.0239    -82844.9923       301.6017           -121.4987      -117.1312    299985.0189      -139.7537      -138.1473

WRITING COORDINATES TO DCD FILE ../output/fileio/performance/prod/1-1-45/frequency-5000/run-2/step5_fileio.dcd AT STEP 45000
The last position output (seq=45000) takes 0.003 seconds, 0.000 MB of memory in use
TIMING: 50000  CPU: 51.3437, 0.000976156/step  Wall: 50.5618, 0.000981504/step, 176.056 ns/days, 0.122688 hours remaining, 0.000000 MB of memory in use.
PERFORMANCE: 50000  averaging 171.661 ns/day, 0.00100663 sec/step with standard deviation 2.72611e-05
ETITLE:      TS           BOND          ANGLE          DIHED          IMPRP               ELECT            VDW       BOUNDARY           MISC        KINETIC               TOTAL           TEMP      POTENTIAL       TOTALAVG        TEMPAVG            PRESSURE      GPRESSURE         VOLUME       PRESSAVG      GPRESSAVG

ENERGY:   50000       457.9866      1137.3241      1135.8866        84.8307        -114203.4220      9854.5213         0.0000         0.0000     18595.3932         -82937.4795       302.3027   -101532.8727    -82853.4002       301.6654            227.0466       226.8059    299659.3361      -106.4082      -104.9697

WRITING COORDINATES TO DCD FILE ../output/fileio/performance/prod/1-1-45/frequency-5000/run-2/step5_fileio.dcd AT STEP 50000
The last position output (seq=50000) takes 0.002 seconds, 0.000 MB of memory in use
TIMING: 55000  CPU: 56.4599, 0.00102325/step  Wall: 55.7073, 0.00102911/step, 167.912 ns/days, 0.12721 hours remaining, 0.000000 MB of memory in use.
PERFORMANCE: 55000  averaging 171.314 ns/day, 0.00100868 sec/step with standard deviation 2.67356e-05
ENERGY:   55000       423.4705      1113.7718      1122.1389        68.7426        -113664.2752      9563.9493         0.0000         0.0000     18538.3076         -82833.8945       301.3746   -101372.2022    -82851.7747       301.6412           -190.7571      -190.1096    301976.8122      -113.4373      -112.0647

WRITING COORDINATES TO DCD FILE ../output/fileio/performance/prod/1-1-45/frequency-5000/run-2/step5_fileio.dcd AT STEP 55000
TIMING: 60000  CPU: 61.4829, 0.00100459/step  Wall: 60.7584, 0.00101021/step, 171.054 ns/days, 0.12347 hours remaining, 0.000000 MB of memory in use.
PERFORMANCE: 60000  averaging 171.292 ns/day, 0.0010088 sec/step with standard deviation 2.54952e-05
ENERGY:   60000       433.9313      1081.8335      1132.8933        69.8664        -114419.9688     10004.5627         0.0000         0.0000     18636.2564         -83060.6252       302.9670   -101696.8816    -82867.8401       301.7432            224.6162       226.3207    300552.9972       -87.4331       -86.0351

WRITING COORDINATES TO DCD FILE ../output/fileio/performance/prod/1-1-45/frequency-5000/run-2/step5_fileio.dcd AT STEP 60000
TIMING: 65000  CPU: 66.3693, 0.000977284/step  Wall: 65.6713, 0.00098259/step, 175.862 ns/days, 0.11873 hours remaining, 0.000000 MB of memory in use.
PERFORMANCE: 65000  averaging 171.635 ns/day, 0.00100679 sec/step with standard deviation 2.54695e-05
ENERGY:   65000       431.4035      1150.9447      1109.8174        81.4363        -114343.4886      9844.1336         0.0000         0.0000     18571.1055         -83154.6477       301.9078   -101725.7532    -82888.3264       301.7549             96.2725        95.3023    299709.3879       -74.3113       -73.0824

WRITING COORDINATES TO DCD FILE ../output/fileio/performance/prod/1-1-45/frequency-5000/run-2/step5_fileio.dcd AT STEP 65000
TIMING: 70000  CPU: 71.3489, 0.000995911/step  Wall: 70.6787, 0.00100147/step, 172.546 ns/days, 0.119621 hours remaining, 0.000000 MB of memory in use.
PERFORMANCE: 70000  averaging 171.7 ns/day, 0.00100641 sec/step with standard deviation 2.45115e-05
ENERGY:   70000       448.6420      1091.2494      1138.1825        67.5142        -114241.4642      9736.1708         0.0000         0.0000     18651.0723         -83108.6330       303.2078   -101759.7053    -82903.0135       301.8518           -213.8298      -211.5304    299409.4732       -83.6125       -82.3123

WRITING COORDINATES TO DCD FILE ../output/fileio/performance/prod/1-1-45/frequency-5000/run-2/step5_fileio.dcd AT STEP 70000
TIMING: 75000  CPU: 76.2681, 0.000983849/step  Wall: 75.6274, 0.000989734/step, 174.592 ns/days, 0.116844 hours remaining, 0.000000 MB of memory in use.
PERFORMANCE: 75000  averaging 171.89 ns/day, 0.0010053 sec/step with standard deviation 2.4009e-05
ENERGY:   75000       414.5146      1109.4247      1129.2888        80.3491        -114190.3550      9973.4506         0.0000         0.0000     18583.7379         -82899.5893       302.1132   -101483.3271    -82902.7995       301.8681            278.0665       278.6743    300123.1408       -61.0076       -59.7506

WRITING COORDINATES TO DCD FILE ../output/fileio/performance/prod/1-1-45/frequency-5000/run-2/step5_fileio.dcd AT STEP 75000
TIMING: 80000  CPU: 81.1245, 0.000971282/step  Wall: 80.5094, 0.000976415/step, 176.974 ns/days, 0.113915 hours remaining, 0.000000 MB of memory in use.
PERFORMANCE: 80000  averaging 172.199 ns/day, 0.00100349 sec/step with standard deviation 2.42927e-05
ENERGY:   80000       405.7561      1098.6735      1113.6106        69.7388        -113768.2586      9534.9672         0.0000         0.0000     18667.5950         -82877.9174       303.4764   -101545.5125    -82901.3358       301.9627            -15.3459       -16.0208    300246.3413       -58.3216       -57.1783

WRITING COORDINATES TO DCD FILE ../output/fileio/performance/prod/1-1-45/frequency-5000/run-2/step5_fileio.dcd AT STEP 80000
TIMING: 85000  CPU: 86.2938, 0.00103386/step  Wall: 85.7071, 0.00103953/step, 166.23 ns/days, 0.119834 hours remaining, 0.000000 MB of memory in use.
PERFORMANCE: 85000  averaging 171.836 ns/day, 0.00100561 sec/step with standard deviation 2.50925e-05
ENERGY:   85000       446.6063      1107.1923      1111.8515        71.5767        -114431.5365      9976.5993         0.0000         0.0000     18487.4771         -83230.2333       300.5483   -101717.7104    -82919.6079       301.8841            111.2386       113.9743    299165.1184       -48.9016       -47.6698

WRITING COORDINATES TO DCD FILE ../output/fileio/performance/prod/1-1-45/frequency-5000/run-2/step5_fileio.dcd AT STEP 85000
TIMING: 90000  CPU: 91.1841, 0.000978063/step  Wall: 90.6255, 0.000983696/step, 175.664 ns/days, 0.112032 hours remaining, 0.000000 MB of memory in use.
PERFORMANCE: 90000  averaging 172.044 ns/day, 0.00100439 sec/step with standard deviation 2.48853e-05
ENERGY:   90000       440.6439      1156.1302      1110.6795        66.7923        -114162.5470      9825.6972         0.0000         0.0000     18530.9529         -83031.6511       301.2551   -101562.6041    -82925.5049       301.8510             78.1024        77.6400    299909.3579       -42.2172       -41.0745

WRITING COORDINATES TO DCD FILE ../output/fileio/performance/prod/1-1-45/frequency-5000/run-2/step5_fileio.dcd AT STEP 90000
TIMING: 95000  CPU: 96.0432, 0.000971807/step  Wall: 95.5116, 0.000977213/step, 176.829 ns/days, 0.109936 hours remaining, 0.000000 MB of memory in use.
PERFORMANCE: 95000  averaging 172.29 ns/day, 0.00100296 sec/step with standard deviation 2.49751e-05
ENERGY:   95000       405.4864      1067.0041      1109.6824        80.5588        -113795.9110      9626.7361         0.0000         0.0000     18596.4034         -82910.0399       302.3191   -101506.4433    -82924.7317       301.8744            -90.8149       -88.1428    300305.2666       -44.6471       -43.4279

WRITING COORDINATES TO DCD FILE ../output/fileio/performance/prod/1-1-45/frequency-5000/run-2/step5_fileio.dcd AT STEP 95000
TIMING: 100000  CPU: 101.122, 0.00101575/step  Wall: 100.619, 0.00102155/step, 169.155 ns/days, 0.113506 hours remaining, 0.000000 MB of memory in use.
PERFORMANCE: 100000  averaging 172.13 ns/day, 0.00100389 sec/step with standard deviation 2.46618e-05
ETITLE:      TS           BOND          ANGLE          DIHED          IMPRP               ELECT            VDW       BOUNDARY           MISC        KINETIC               TOTAL           TEMP      POTENTIAL       TOTALAVG        TEMPAVG            PRESSURE      GPRESSURE         VOLUME       PRESSAVG      GPRESSAVG

ENERGY:  100000       432.0985      1137.3246      1124.2097        66.6597        -113613.2720      9555.9446         0.0000         0.0000     18636.7493         -82660.2856       302.9750   -101297.0349    -82990.1652       302.1171           -124.7524      -125.1557    300928.5794        21.8331        22.9669

WRITING COORDINATES TO DCD FILE ../output/fileio/performance/prod/1-1-45/frequency-5000/run-2/step5_fileio.dcd AT STEP 100000
TIMING: 105000  CPU: 106.177, 0.00101108/step  Wall: 105.702, 0.00101653/step, 169.991 ns/days, 0.111536 hours remaining, 0.000000 MB of memory in use.
PERFORMANCE: 105000  averaging 172.027 ns/day, 0.00100449 sec/step with standard deviation 2.41949e-05
ENERGY:  105000       416.6438      1087.0302      1120.0830        60.4273        -114052.8299      9646.5130         0.0000         0.0000     18698.9414         -83023.1911       303.9860   -101722.1326    -82997.6019       302.0893           -180.6816      -182.0901    300886.9441        13.6873        14.7855

WRITING COORDINATES TO DCD FILE ../output/fileio/performance/prod/1-1-45/frequency-5000/run-2/step5_fileio.dcd AT STEP 105000
TIMING: 110000  CPU: 111.054, 0.000975358/step  Wall: 110.605, 0.000980663/step, 176.207 ns/days, 0.106239 hours remaining, 0.000000 MB of memory in use.
PERFORMANCE: 110000  averaging 172.213 ns/day, 0.00100341 sec/step with standard deviation 2.41522e-05
ENERGY:  110000       433.5107      1104.6498      1115.7189        74.0814        -114227.5461      9844.1571         0.0000         0.0000     18465.7493         -83189.6791       300.1951   -101655.4284    -83015.6686       301.9549             21.1288        21.2771    300603.6496        26.0176        26.9378

WRITING COORDINATES TO DCD FILE ../output/fileio/performance/prod/1-1-45/frequency-5000/run-2/step5_fileio.dcd AT STEP 110000
TIMING: 115000  CPU: 116.095, 0.00100813/step  Wall: 115.674, 0.00101366/step, 170.471 ns/days, 0.108406 hours remaining, 0.000000 MB of memory in use.
PERFORMANCE: 115000  averaging 172.136 ns/day, 0.00100386 sec/step with standard deviation 2.36936e-05
ENERGY:  115000       458.7320      1135.6646      1111.0316        78.0858        -114178.5646      9814.9226         0.0000         0.0000     18531.2473         -83048.8806       301.2598   -101580.1280    -83017.6945       302.0242            -73.2225       -71.6097    300605.1981        30.0000        31.0142

WRITING COORDINATES TO DCD FILE ../output/fileio/performance/prod/1-1-45/frequency-5000/run-2/step5_fileio.dcd AT STEP 115000
TIMING: 120000  CPU: 121.042, 0.000989467/step  Wall: 120.651, 0.000995401/step, 173.598 ns/days, 0.10507 hours remaining, 0.000000 MB of memory in use.
PERFORMANCE: 120000  averaging 172.197 ns/day, 0.0010035 sec/step with standard deviation 2.3237e-05
ENERGY:  120000       433.1514      1117.8535      1104.0116        72.0332        -114368.2032      9953.7693         0.0000         0.0000     18498.0447         -83189.3396       300.7201   -101687.3843    -83036.6626       301.9137            -38.0666       -33.4360    302005.7431        15.9190        17.1118

WRITING COORDINATES TO DCD FILE ../output/fileio/performance/prod/1-1-45/frequency-5000/run-2/step5_fileio.dcd AT STEP 120000
TIMING: 125000  CPU: 125.902, 0.000971916/step  Wall: 125.539, 0.000977695/step, 176.742 ns/days, 0.101843 hours remaining, 0.000000 MB of memory in use.
PERFORMANCE: 125000  averaging 172.374 ns/day, 0.00100247 sec/step with standard deviation 2.3326e-05
ENERGY:  125000       413.8960      1092.8377      1116.4824        70.8481        -114186.1674      9936.2225         0.0000         0.0000     18629.8915         -82925.9893       302.8635   -101555.8808    -83032.0855       302.0220            241.4128       251.2674    299761.3610        28.2818        29.8157

WRITING COORDINATES TO DCD FILE ../output/fileio/performance/prod/1-1-45/frequency-5000/run-2/step5_fileio.dcd AT STEP 125000
TIMING: 130000  CPU: 130.866, 0.000992932/step  Wall: 130.53, 0.000998276/step, 173.098 ns/days, 0.102601 hours remaining, 0.000000 MB of memory in use.
PERFORMANCE: 130000  averaging 172.402 ns/day, 0.00100231 sec/step with standard deviation 2.28695e-05
ENERGY:  130000       406.0650      1105.5057      1122.6066        70.3016        -113842.5921      9848.0222         0.0000         0.0000     18555.5533         -82734.5376       301.6550   -101290.0908    -83001.7568       302.1313            290.2815       290.1011    299481.6268        31.3340        32.7457

WRITING COORDINATES TO DCD FILE ../output/fileio/performance/prod/1-1-45/frequency-5000/run-2/step5_fileio.dcd AT STEP 130000
TIMING: 135000  CPU: 135.923, 0.00101141/step  Wall: 135.616, 0.00101711/step, 169.892 ns/days, 0.103124 hours remaining, 0.000000 MB of memory in use.
PERFORMANCE: 135000  averaging 172.307 ns/day, 0.00100286 sec/step with standard deviation 2.26057e-05
ENERGY:  135000       448.8503      1132.9428      1114.3545        76.8255        -113962.7087      9690.4733         0.0000         0.0000     18557.8313         -82941.4309       301.6920   -101499.2622    -82989.7231       302.0951            -82.7247       -80.5102    300249.3587        25.6188        27.2110

WRITING COORDINATES TO DCD FILE ../output/fileio/performance/prod/1-1-45/frequency-5000/run-2/step5_fileio.dcd AT STEP 135000
TIMING: 140000  CPU: 140.806, 0.000976501/step  Wall: 140.525, 0.000981781/step, 176.007 ns/days, 0.0981781 hours remaining, 0.000000 MB of memory in use.
PERFORMANCE: 140000  averaging 172.437 ns/day, 0.00100211 sec/step with standard deviation 2.25379e-05
ENERGY:  140000       449.2088      1100.8297      1112.3260        65.7225        -113725.3323      9616.6767         0.0000         0.0000     18655.0805         -82725.4881       303.2730   -101380.5686    -82977.3061       302.1230           -225.5001      -223.4754    301657.9567        10.5486        12.1076

WRITING COORDINATES TO DCD FILE ../output/fileio/performance/prod/1-1-45/frequency-5000/run-2/step5_fileio.dcd AT STEP 140000
TIMING: 145000  CPU: 145.964, 0.00103165/step  Wall: 145.711, 0.00103716/step, 166.608 ns/days, 0.102276 hours remaining, 0.000000 MB of memory in use.
PERFORMANCE: 145000  averaging 172.229 ns/day, 0.00100331 sec/step with standard deviation 2.30694e-05
ENERGY:  145000       415.5141      1156.9388      1104.3278        74.4235        -113887.9017      9497.0296         0.0000         0.0000     18603.9447         -83035.7232       302.4417   -101639.6679    -82975.9628       302.1267           -382.7146      -383.6078    301410.8648        -2.5122        -1.2163

WRITING COORDINATES TO DCD FILE ../output/fileio/performance/prod/1-1-45/frequency-5000/run-2/step5_fileio.dcd AT STEP 145000
TIMING: 150000  CPU: 150.998, 0.00100667/step  Wall: 150.773, 0.00101241/step, 170.681 ns/days, 0.0984291 hours remaining, 0.000000 MB of memory in use.
PERFORMANCE: 150000  averaging 172.177 ns/day, 0.00100362 sec/step with standard deviation 2.2729e-05
ETITLE:      TS           BOND          ANGLE          DIHED          IMPRP               ELECT            VDW       BOUNDARY           MISC        KINETIC               TOTAL           TEMP      POTENTIAL       TOTALAVG        TEMPAVG            PRESSURE      GPRESSURE         VOLUME       PRESSAVG      GPRESSAVG

ENERGY:  150000       437.5824      1108.0338      1123.4600        75.9260        -114068.8588      9793.0906         0.0000         0.0000     18606.7536         -82924.0124       302.4873   -101530.7660    -82975.2894       302.1359            -24.7711       -23.1346    300652.5002       -15.1031       -13.7133

WRITING COORDINATES TO DCD FILE ../output/fileio/performance/prod/1-1-45/frequency-5000/run-2/step5_fileio.dcd AT STEP 150000
TIMING: 155000  CPU: 155.87, 0.000974484/step  Wall: 155.673, 0.000980062/step, 176.315 ns/days, 0.0939226 hours remaining, 0.000000 MB of memory in use.
PERFORMANCE: 155000  averaging 172.308 ns/day, 0.00100286 sec/step with standard deviation 2.27439e-05
ENERGY:  155000       464.4165      1125.5477      1100.1420        80.3835        -113863.3056      9530.8771         0.0000         0.0000     18339.8726         -83222.0662       298.1487   -101561.9389    -82994.6980       301.9746           -414.5971      -413.4338    300703.9398       -26.2951       -24.8795

WRITING COORDINATES TO DCD FILE ../output/fileio/performance/prod/1-1-45/frequency-5000/run-2/step5_fileio.dcd AT STEP 155000
TIMING: 160000  CPU: 161.033, 0.00103261/step  Wall: 160.866, 0.0010385/step, 166.393 ns/days, 0.098081 hours remaining, 0.000000 MB of memory in use.
PERFORMANCE: 160000  averaging 172.116 ns/day, 0.00100397 sec/step with standard deviation 2.32445e-05
ENERGY:  160000       392.7324      1121.3868      1093.0986        75.0760        -114418.7109      9949.8505         0.0000         0.0000     18656.4112         -83130.1554       303.2946   -101786.5666    -82998.1745       301.9910            125.8209       126.5283    300597.2065       -31.2349       -29.8691

WRITING COORDINATES TO DCD FILE ../output/fileio/performance/prod/1-1-45/frequency-5000/run-2/step5_fileio.dcd AT STEP 160000
TIMING: 165000  CPU: 165.975, 0.000988502/step  Wall: 165.837, 0.000994238/step, 173.801 ns/days, 0.0925194 hours remaining, 0.000000 MB of memory in use.
PERFORMANCE: 165000  averaging 172.167 ns/day, 0.00100368 sec/step with standard deviation 2.29411e-05
ENERGY:  165000       427.6289      1133.0141      1103.7813        79.1295        -114305.9965      9943.5565         0.0000         0.0000     18507.1284         -83111.7578       300.8677   -101618.8862    -82996.0300       301.9390           -143.4590      -147.5050    301852.0019       -43.2214       -42.0095

WRITING COORDINATES TO DCD FILE ../output/fileio/performance/prod/1-1-45/frequency-5000/run-2/step5_fileio.dcd AT STEP 165000
TIMING: 170000  CPU: 170.843, 0.000973596/step  Wall: 170.731, 0.00097891/step, 176.523 ns/days, 0.0897334 hours remaining, 0.000000 MB of memory in use.
PERFORMANCE: 170000  averaging 172.292 ns/day, 0.00100295 sec/step with standard deviation 2.29867e-05
ENERGY:  170000       409.3721      1147.7423      1126.4720        68.6846        -113992.4276      9816.9464         0.0000         0.0000     18557.9511         -82865.2591       301.6940   -101423.2101    -82983.8613       301.8633            183.0354       181.5675    300409.2587       -23.3782       -22.3546

WRITING COORDINATES TO DCD FILE ../output/fileio/performance/prod/1-1-45/frequency-5000/run-2/step5_fileio.dcd AT STEP 170000
TIMING: 175000  CPU: 175.778, 0.00098682/step  Wall: 175.694, 0.000992521/step, 174.102 ns/days, 0.0896026 hours remaining, 0.000000 MB of memory in use.
PERFORMANCE: 175000  averaging 172.343 ns/day, 0.00100265 sec/step with standard deviation 2.27147e-05
ENERGY:  175000       409.2177      1140.4607      1114.5659        66.6149        -114238.9932      9815.4325         0.0000         0.0000     18458.5358         -83234.1657       300.0778   -101692.7015    -83000.5902       301.7615              5.7744         4.6549    300689.8357       -36.9928       -36.0556

WRITING COORDINATES TO DCD FILE ../output/fileio/performance/prod/1-1-45/frequency-5000/run-2/step5_fileio.dcd AT STEP 175000
TIMING: 180000  CPU: 180.663, 0.000977032/step  Wall: 180.608, 0.000982868/step, 175.812 ns/days, 0.087366 hours remaining, 0.000000 MB of memory in use.
PERFORMANCE: 180000  averaging 172.438 ns/day, 0.0010021 sec/step with standard deviation 2.26293e-05
ENERGY:  180000       436.6847      1090.2478      1112.9471        71.4434        -113981.1795      9764.6239         0.0000         0.0000     18418.7562         -83086.4764       299.4311   -101505.2326    -83011.0181       301.5592             48.3374        50.9937    300787.6900       -33.8086       -32.7048

WRITING COORDINATES TO DCD FILE ../output/fileio/performance/prod/1-1-45/frequency-5000/run-2/step5_fileio.dcd AT STEP 180000
TIMING: 185000  CPU: 185.523, 0.000972093/step  Wall: 185.497, 0.000977648/step, 176.751 ns/days, 0.0855442 hours remaining, 0.000000 MB of memory in use.
PERFORMANCE: 185000  averaging 172.551 ns/day, 0.00100144 sec/step with standard deviation 2.2672e-05
ENERGY:  185000       462.4620      1141.6749      1092.1381        67.6040        -114491.3766      9852.7162         0.0000         0.0000     18560.8047         -83313.9766       301.7404   -101874.7814    -83015.2053       301.6188            -40.9886       -38.1148    300179.1150       -41.4200       -40.3093

WRITING COORDINATES TO DCD FILE ../output/fileio/performance/prod/1-1-45/frequency-5000/run-2/step5_fileio.dcd AT STEP 185000
TIMING: 190000  CPU: 190.609, 0.00101712/step  Wall: 190.612, 0.00102305/step, 168.907 ns/days, 0.0880959 hours remaining, 0.000000 MB of memory in use.
PERFORMANCE: 190000  averaging 172.454 ns/day, 0.00100201 sec/step with standard deviation 2.26366e-05
ENERGY:  190000       429.7334      1151.2869      1121.1043        77.8151        -114182.6967      9866.1307         0.0000         0.0000     18625.4519         -82911.1745       302.7913   -101536.6264    -83009.1815       301.6957            133.9219       128.0221    299675.2623       -38.6290       -37.7902

WRITING COORDINATES TO DCD FILE ../output/fileio/performance/prod/1-1-45/frequency-5000/run-2/step5_fileio.dcd AT STEP 190000
TIMING: 195000  CPU: 195.863, 0.00105079/step  Wall: 195.897, 0.00105703/step, 163.477 ns/days, 0.0895538 hours remaining, 0.000000 MB of memory in use.
PERFORMANCE: 195000  averaging 172.211 ns/day, 0.00100342 sec/step with standard deviation 2.40115e-05
ENERGY:  195000       419.0300      1091.4982      1096.6543        66.5855        -113917.8990      9778.7089         0.0000         0.0000     18606.4833         -82858.9387       302.4829   -101465.4220    -83006.6264       301.7038            178.7352       176.0337    300261.3808       -25.1515       -24.5814

WRITING COORDINATES TO DCD FILE ../output/fileio/performance/prod/1-1-45/frequency-5000/run-2/step5_fileio.dcd AT STEP 195000
TIMING: 200000  CPU: 200.716, 0.000970689/step  Wall: 200.777, 0.000975975/step, 177.054 ns/days, 0.0813312 hours remaining, 0.000000 MB of memory in use.
PERFORMANCE: 200000  averaging 172.329 ns/day, 0.00100273 sec/step with standard deviation 2.40956e-05
ETITLE:      TS           BOND          ANGLE          DIHED          IMPRP               ELECT            VDW       BOUNDARY           MISC        KINETIC               TOTAL           TEMP      POTENTIAL       TOTALAVG        TEMPAVG            PRESSURE      GPRESSURE         VOLUME       PRESSAVG      GPRESSAVG

ENERGY:  200000       408.4059      1142.3309      1134.5210        74.0400        -114035.5388      9930.5821         0.0000         0.0000     18686.0796         -82659.5794       303.7769   -101345.6589    -83006.5911       301.7439            236.7862       229.6797    300373.2552        -7.0746        -6.8396

WRITING COORDINATES TO DCD FILE ../output/fileio/performance/prod/1-1-45/frequency-5000/run-2/step5_fileio.dcd AT STEP 200000
TIMING: 205000  CPU: 205.659, 0.000988636/step  Wall: 205.748, 0.000994248/step, 173.8 ns/days, 0.0814731 hours remaining, 0.000000 MB of memory in use.
PERFORMANCE: 205000  averaging 172.364 ns/day, 0.00100253 sec/step with standard deviation 2.38294e-05
ENERGY:  205000       394.9011      1104.6289      1132.1385        67.8208        -113934.2143      9787.7193         0.0000         0.0000     18521.2364         -82925.7692       301.0971   -101447.0057    -83001.7200       301.5995             -9.9402       -16.3088    300321.4742         1.4625         1.4495

WRITING COORDINATES TO DCD FILE ../output/fileio/performance/prod/1-1-45/frequency-5000/run-2/step5_fileio.dcd AT STEP 205000
TIMING: 210000  CPU: 210.559, 0.00097984/step  Wall: 210.676, 0.000985518/step, 175.339 ns/days, 0.079389 hours remaining, 0.000000 MB of memory in use.
PERFORMANCE: 210000  averaging 172.434 ns/day, 0.00100212 sec/step with standard deviation 2.36829e-05
ENERGY:  210000       433.8116      1125.5115      1123.8857        62.6058        -114065.8523      9650.2826         0.0000         0.0000     18724.2625         -82945.4926       304.3977   -101669.7551    -82989.5107       301.8096            -83.7113       -86.9797    299480.4389        -3.7795        -3.9634

WRITING COORDINATES TO DCD FILE ../output/fileio/performance/prod/1-1-45/frequency-5000/run-2/step5_fileio.dcd AT STEP 210000
TIMING: 215000  CPU: 215.434, 0.000975081/step  Wall: 215.58, 0.000980812/step, 176.181 ns/days, 0.0776476 hours remaining, 0.000000 MB of memory in use.
PERFORMANCE: 215000  averaging 172.519 ns/day, 0.00100163 sec/step with standard deviation 2.36238e-05
ENERGY:  215000       403.7053      1095.9396      1125.6792        76.3855        -113911.2742      9751.2620         0.0000         0.0000     18617.5983         -82840.7043       302.6636   -101458.3025    -82979.1018       301.8798           -111.5326      -116.3683    300481.3603        -5.6950        -6.2013

WRITING COORDINATES TO DCD FILE ../output/fileio/performance/prod/1-1-45/frequency-5000/run-2/step5_fileio.dcd AT STEP 215000
TIMING: 220000  CPU: 220.552, 0.00102364/step  Wall: 220.726, 0.00102928/step, 167.885 ns/days, 0.080055 hours remaining, 0.000000 MB of memory in use.
PERFORMANCE: 220000  averaging 172.411 ns/day, 0.00100225 sec/step with standard deviation 2.37168e-05
ENERGY:  220000       436.9623      1153.3661      1114.6648        81.1593        -113993.8261      9830.8293         0.0000         0.0000     18617.1021         -82759.7422       302.6556   -101376.8443    -82957.6220       301.9766            131.1987       133.8095    300413.2288         2.7682         2.1610

WRITING COORDINATES TO DCD FILE ../output/fileio/performance/prod/1-1-45/frequency-5000/run-2/step5_fileio.dcd AT STEP 220000
TIMING: 225000  CPU: 225.436, 0.000976729/step  Wall: 225.637, 0.000982193/step, 175.933 ns/days, 0.0750286 hours remaining, 0.000000 MB of memory in use.
PERFORMANCE: 225000  averaging 172.488 ns/day, 0.00100181 sec/step with standard deviation 2.36357e-05
ENERGY:  225000       465.6384      1110.1272      1127.0510        69.5057        -113954.4051      9727.1265         0.0000         0.0000     18800.6723         -82654.2840       305.6398   -101454.9563    -82944.0367       302.1154           -146.2774      -144.3487    301788.3659       -16.6163       -17.6198

WRITING COORDINATES TO DCD FILE ../output/fileio/performance/prod/1-1-45/frequency-5000/run-2/step5_fileio.dcd AT STEP 225000
TIMING: 230000  CPU: 230.331, 0.000979112/step  Wall: 230.56, 0.000984662/step, 175.492 ns/days, 0.0738496 hours remaining, 0.000000 MB of memory in use.
PERFORMANCE: 230000  averaging 172.552 ns/day, 0.00100144 sec/step with standard deviation 2.35079e-05
ENERGY:  230000       428.2079      1173.5121      1135.5361        79.0914        -113993.8426      9720.4005         0.0000         0.0000     18655.2152         -82801.8794       303.2752   -101457.0946    -82947.4038       302.1964            -60.3475       -61.4304    300733.8194       -34.1477       -35.1964

WRITING COORDINATES TO DCD FILE ../output/fileio/performance/prod/1-1-45/frequency-5000/run-2/step5_fileio.dcd AT STEP 230000
TIMING: 235000  CPU: 235.376, 0.0010089/step  Wall: 235.633, 0.00101459/step, 170.315 ns/days, 0.0746851 hours remaining, 0.000000 MB of memory in use.
PERFORMANCE: 235000  averaging 172.504 ns/day, 0.00100172 sec/step with standard deviation 2.333e-05
ENERGY:  235000       443.7574      1095.8392      1107.9323        70.3760        -113853.3142      9576.3002         0.0000         0.0000     18614.2111         -82944.8982       302.6086   -101559.1092    -82947.5772       302.2423           -313.1913      -311.9399    301913.5827       -45.6710       -46.7679

WRITING COORDINATES TO DCD FILE ../output/fileio/performance/prod/1-1-45/frequency-5000/run-2/step5_fileio.dcd AT STEP 235000
TIMING: 240000  CPU: 240.297, 0.000984146/step  Wall: 240.584, 0.000990086/step, 174.53 ns/days, 0.0715062 hours remaining, 0.000000 MB of memory in use.
PERFORMANCE: 240000  averaging 172.546 ns/day, 0.00100147 sec/step with standard deviation 2.31415e-05
ENERGY:  240000       436.9176      1127.4239      1123.1213        71.3175        -114388.3006     10075.9891         0.0000         0.0000     18737.8256         -82815.7056       304.6182   -101553.5312    -82952.0880       302.3095            321.8358       319.3663    300937.1760       -18.3043       -19.6258

WRITING COORDINATES TO DCD FILE ../output/fileio/performance/prod/1-1-45/frequency-5000/run-2/step5_fileio.dcd AT STEP 240000
TIMING: 245000  CPU: 245.145, 0.000969606/step  Wall: 245.458, 0.000974919/step, 177.245 ns/days, 0.0690568 hours remaining, 0.000000 MB of memory in use.
PERFORMANCE: 245000  averaging 172.639 ns/day, 0.00100093 sec/step with standard deviation 2.32112e-05
ENERGY:  245000       443.8425      1139.7565      1136.3372        76.3978        -113925.8935      9722.7169         0.0000         0.0000     18652.4019         -82754.4407       303.2294   -101406.8426    -82938.0239       302.3489            -75.9378       -80.0757    300020.8897        -2.9654        -4.4492

WRITING COORDINATES TO DCD FILE ../output/fileio/performance/prod/1-1-45/frequency-5000/run-2/step5_fileio.dcd AT STEP 245000
TIMING: 250000  CPU: 250.282, 0.0010275/step  Wall: 250.626, 0.00103347/step, 167.204 ns/days, 0.0717686 hours remaining, 0.000000 MB of memory in use.
PERFORMANCE: 250000  averaging 172.527 ns/day, 0.00100158 sec/step with standard deviation 2.34294e-05
ETITLE:      TS           BOND          ANGLE          DIHED          IMPRP               ELECT            VDW       BOUNDARY           MISC        KINETIC               TOTAL           TEMP      POTENTIAL       TOTALAVG        TEMPAVG            PRESSURE      GPRESSURE         VOLUME       PRESSAVG      GPRESSAVG

ENERGY:  250000       426.3026      1067.0478      1116.6783        67.4891        -114018.4321      9754.3645         0.0000         0.0000     18464.3391         -83122.2107       300.1721   -101586.5499    -82947.9338       302.2331             31.0273        38.0979    298670.3130        -0.1755        -1.3876

WRITING COORDINATES TO DCD FILE ../output/fileio/performance/prod/1-1-45/frequency-5000/run-2/step5_fileio.dcd AT STEP 250000
TIMING: 255000  CPU: 255.233, 0.000990199/step  Wall: 255.608, 0.000996526/step, 173.402 ns/days, 0.0678191 hours remaining, 0.000000 MB of memory in use.
PERFORMANCE: 255000  averaging 172.544 ns/day, 0.00100148 sec/step with standard deviation 2.32047e-05
ENERGY:  255000       413.6633      1140.3317      1146.8904        75.7418        -114397.0942      9787.3559         0.0000         0.0000     18457.2223         -83375.8889       300.0564   -101833.1112    -82955.6250       302.3285             -5.2621        -5.5282    299390.1508        20.2913        19.0077

WRITING COORDINATES TO DCD FILE ../output/fileio/performance/prod/1-1-45/frequency-5000/run-2/step5_fileio.dcd AT STEP 255000
TIMING: 260000  CPU: 260.095, 0.000972334/step  Wall: 260.497, 0.000977712/step, 176.739 ns/days, 0.0651808 hours remaining, 0.000000 MB of memory in use.
PERFORMANCE: 260000  averaging 172.623 ns/day, 0.00100103 sec/step with standard deviation 2.32114e-05
ENERGY:  260000       418.3238      1132.0676      1098.1637        69.0121        -113805.3543      9755.3535         0.0000         0.0000     18742.9010         -82589.5327       304.7007   -101332.4336    -82928.5938       302.3988            191.5434       194.4368    300532.6740        23.5774        22.4031

WRITING COORDINATES TO DCD FILE ../output/fileio/performance/prod/1-1-45/frequency-5000/run-2/step5_fileio.dcd AT STEP 260000
TIMING: 265000  CPU: 265.087, 0.00099838/step  Wall: 265.516, 0.00100389/step, 172.13 ns/days, 0.0655317 hours remaining, 0.000000 MB of memory in use.
PERFORMANCE: 265000  averaging 172.614 ns/day, 0.00100108 sec/step with standard deviation 2.29905e-05
ENERGY:  265000       412.0104      1122.7537      1122.6140        78.4476        -114125.7221      9802.2321         0.0000         0.0000     18588.9401         -82998.7244       302.1977   -101587.6645    -82922.9422       302.4653            178.8243       177.5211    298983.8063        39.6915        38.6544

WRITING COORDINATES TO DCD FILE ../output/fileio/performance/prod/1-1-45/frequency-5000/run-2/step5_fileio.dcd AT STEP 265000
TIMING: 270000  CPU: 270.161, 0.0010149/step  Wall: 270.624, 0.00102149/step, 169.165 ns/days, 0.0652618 hours remaining, 0.000000 MB of memory in use.
PERFORMANCE: 270000  averaging 172.548 ns/day, 0.00100146 sec/step with standard deviation 2.29413e-05
ENERGY:  270000       425.1461      1118.4137      1117.5003        63.7567        -114133.1624      9808.2732         0.0000         0.0000     18652.0109         -82948.0617       303.2231   -101600.0725    -82927.0823       302.5418             11.3109         9.2991    299546.8945        31.1053        30.0410

WRITING COORDINATES TO DCD FILE ../output/fileio/performance/prod/1-1-45/frequency-5000/run-2/step5_fileio.dcd AT STEP 270000
TIMING: 275000  CPU: 275.023, 0.00097243/step  Wall: 275.514, 0.000977959/step, 176.695 ns/days, 0.0611224 hours remaining, 0.000000 MB of memory in use.
PERFORMANCE: 275000  averaging 172.622 ns/day, 0.00100103 sec/step with standard deviation 2.29477e-05
ENERGY:  275000       461.8774      1095.9831      1113.4154        69.8167        -113572.2446      9359.9474         0.0000         0.0000     18629.7048         -82841.4999       302.8605   -101471.2047    -82907.4490       302.6809           -552.5596      -556.5920    301107.0642         3.1886         1.9787

WRITING COORDINATES TO DCD FILE ../output/fileio/performance/prod/1-1-45/frequency-5000/run-2/step5_fileio.dcd AT STEP 275000
TIMING: 280000  CPU: 280.134, 0.00102208/step  Wall: 280.652, 0.0010276/step, 168.159 ns/days, 0.0627976 hours remaining, 0.000000 MB of memory in use.
PERFORMANCE: 280000  averaging 172.54 ns/day, 0.00100151 sec/step with standard deviation 2.30136e-05
ENERGY:  280000       446.9790      1068.6192      1113.6030        72.1960        -114701.8217     10376.5609         0.0000         0.0000     18684.3090         -82939.5546       303.7481   -101623.8636    -82900.1029       302.8968            350.5887       353.8484    300575.6842        18.3012        17.1214

WRITING COORDINATES TO DCD FILE ../output/fileio/performance/prod/1-1-45/frequency-5000/run-2/step5_fileio.dcd AT STEP 280000
TIMING: 285000  CPU: 285.037, 0.000980626/step  Wall: 285.584, 0.000986522/step, 175.161 ns/days, 0.0589173 hours remaining, 0.000000 MB of memory in use.
PERFORMANCE: 285000  averaging 172.586 ns/day, 0.00100124 sec/step with standard deviation 2.28934e-05
ENERGY:  285000       438.2141      1143.6365      1122.9243        85.1779        -114254.1209      9808.7723         0.0000         0.0000     18365.9056         -83289.4902       298.5719   -101655.3958    -82898.8786       302.7383             11.9719         8.8976    300061.9736        20.9492        19.4720

WRITING COORDINATES TO DCD FILE ../output/fileio/performance/prod/1-1-45/frequency-5000/run-2/step5_fileio.dcd AT STEP 285000
TIMING: 290000  CPU: 289.901, 0.000972768/step  Wall: 290.476, 0.000978285/step, 176.636 ns/days, 0.0570666 hours remaining, 0.000000 MB of memory in use.
PERFORMANCE: 290000  averaging 172.654 ns/day, 0.00100085 sec/step with standard deviation 2.2891e-05
ENERGY:  290000       394.9282      1100.4523      1102.2855        74.5391        -114113.1898      9932.6440         0.0000         0.0000     18470.5141         -83037.8267       300.2725   -101508.3408    -82905.2112       302.6124            248.8057       250.5083    300048.1972        26.6934        25.5963

WRITING COORDINATES TO DCD FILE ../output/fileio/performance/prod/1-1-45/frequency-5000/run-2/step5_fileio.dcd AT STEP 290000
TIMING: 295000  CPU: 294.931, 0.00100607/step  Wall: 295.535, 0.00101192/step, 170.765 ns/days, 0.0576231 hours remaining, 0.000000 MB of memory in use.
PERFORMANCE: 295000  averaging 172.621 ns/day, 0.00100103 sec/step with standard deviation 2.27386e-05
ENERGY:  295000       401.9821      1102.0828      1115.9939        67.3846        -114343.4606      9999.6428         0.0000         0.0000     18529.5436         -83126.8307       301.2321   -101656.3743    -82918.6058       302.5499            300.8625       301.8628    300211.5183        32.7998        31.8878

WRITING COORDINATES TO DCD FILE ../output/fileio/performance/prod/1-1-45/frequency-5000/run-2/step5_fileio.dcd AT STEP 295000
TIMING: 300000  CPU: 299.842, 0.000982269/step  Wall: 300.474, 0.000987688/step, 174.954 ns/days, 0.0548715 hours remaining, 0.000000 MB of memory in use.
PERFORMANCE: 300000  averaging 172.66 ns/day, 0.00100081 sec/step with standard deviation 2.26108e-05
ETITLE:      TS           BOND          ANGLE          DIHED          IMPRP               ELECT            VDW       BOUNDARY           MISC        KINETIC               TOTAL           TEMP      POTENTIAL       TOTALAVG        TEMPAVG            PRESSURE      GPRESSURE         VOLUME       PRESSAVG      GPRESSAVG

ENERGY:  300000       440.4920      1126.5008      1118.4994        79.7947        -114459.5656      9901.7012         0.0000         0.0000     18671.4129         -83121.1646       303.5385   -101792.5774    -82941.6851       302.5379             89.7742        86.8608    299990.5480        25.4492        24.7468

WRITING COORDINATES TO DCD FILE ../output/fileio/performance/prod/1-1-45/frequency-5000/run-2/step5_fileio.dcd AT STEP 300000
TIMING: 305000  CPU: 304.706, 0.000972699/step  Wall: 305.365, 0.000978313/step, 176.631 ns/days, 0.0529919 hours remaining, 0.000000 MB of memory in use.
PERFORMANCE: 305000  averaging 172.723 ns/day, 0.00100044 sec/step with standard deviation 2.26059e-05
ENERGY:  305000       430.8866      1162.2247      1101.5836        83.9811        -113967.9918      9819.5094         0.0000         0.0000     18618.7050         -82751.1013       302.6816   -101369.8063    -82932.9517       302.6172            105.9858       101.5194    299931.8984        31.2455        30.6382

WRITING COORDINATES TO DCD FILE ../output/fileio/performance/prod/1-1-45/frequency-5000/run-2/step5_fileio.dcd AT STEP 305000
TIMING: 310000  CPU: 309.859, 0.00103053/step  Wall: 310.546, 0.00103624/step, 166.756 ns/days, 0.0546906 hours remaining, 0.000000 MB of memory in use.
PERFORMANCE: 310000  averaging 172.624 ns/day, 0.00100102 sec/step with standard deviation 2.28762e-05
ENERGY:  310000       399.1443      1102.5621      1123.8299        66.0359        -114132.1119      9740.4442         0.0000         0.0000     18525.4313         -83174.6642       301.1653   -101700.0955    -82944.4102       302.4556             11.4838         9.2718    299252.5532        36.0052        35.4508

WRITING COORDINATES TO DCD FILE ../output/fileio/performance/prod/1-1-45/frequency-5000/run-2/step5_fileio.dcd AT STEP 310000
TIMING: 315000  CPU: 314.883, 0.0010049/step  Wall: 315.639, 0.00101857/step, 169.65 ns/days, 0.0523432 hours remaining, 0.000000 MB of memory in use.
PERFORMANCE: 315000  averaging 172.576 ns/day, 0.0010013 sec/step with standard deviation 2.27984e-05
ENERGY:  315000       400.1885      1117.9758      1122.7770        82.8581        -113886.5556      9558.0722         0.0000         0.0000     18621.3892         -82983.2948       302.7253   -101604.6840    -82951.5398       302.4586           -200.4602      -201.5351    301216.5916        31.5589        31.1925

WRITING COORDINATES TO DCD FILE ../output/fileio/performance/prod/1-1-45/frequency-5000/run-2/step5_fileio.dcd AT STEP 315000
TIMING: 320000  CPU: 319.752, 0.00097383/step  Wall: 320.535, 0.00097904/step, 176.499 ns/days, 0.048952 hours remaining, 0.000000 MB of memory in use.
PERFORMANCE: 320000  averaging 172.636 ns/day, 0.00100095 sec/step with standard deviation 2.27872e-05
ENERGY:  320000       428.2459      1091.7837      1136.0840        81.5002        -114620.3167      9934.4034         0.0000         0.0000     18489.1142         -83459.1854       300.5749   -101948.2996    -82986.5119       302.3546            209.6493       212.9219    299484.5300        35.4814        35.1481

WRITING COORDINATES TO DCD FILE ../output/fileio/performance/prod/1-1-45/frequency-5000/run-2/step5_fileio.dcd AT STEP 320000
TIMING: 325000  CPU: 324.849, 0.00101935/step  Wall: 325.663, 0.00102566/step, 168.477 ns/days, 0.0498585 hours remaining, 0.000000 MB of memory in use.
PERFORMANCE: 325000  averaging 172.57 ns/day, 0.00100133 sec/step with standard deviation 2.28153e-05
ENERGY:  325000       441.7591      1149.7918      1116.5257        75.4607        -113999.7983      9841.4180         0.0000         0.0000     18463.8796         -82910.9633       300.1647   -101374.8429    -82999.3459       302.0808            218.4837       216.7015    299443.6708        53.7194        53.2006

WRITING COORDINATES TO DCD FILE ../output/fileio/performance/prod/1-1-45/frequency-5000/run-2/step5_fileio.dcd AT STEP 325000
TIMING: 330000  CPU: 329.771, 0.000984414/step  Wall: 330.616, 0.000990593/step, 174.441 ns/days, 0.046778 hours remaining, 0.000000 MB of memory in use.
PERFORMANCE: 330000  averaging 172.598 ns/day, 0.00100117 sec/step with standard deviation 2.26777e-05
ENERGY:  330000       425.0844      1142.0548      1118.7695        68.1858        -114420.6665      9854.8672         0.0000         0.0000     18620.1745         -83191.5303       302.7055   -101811.7048    -83018.8284       302.0524             74.2422        77.9587    300033.5968        60.4489        60.1701

WRITING COORDINATES TO DCD FILE ../output/fileio/performance/prod/1-1-45/frequency-5000/run-2/step5_fileio.dcd AT STEP 330000
TIMING: 335000  CPU: 334.611, 0.000967987/step  Wall: 335.486, 0.000974123/step, 177.39 ns/days, 0.0446473 hours remaining, 0.000000 MB of memory in use.
PERFORMANCE: 335000  averaging 172.668 ns/day, 0.00100076 sec/step with standard deviation 2.27465e-05
ENERGY:  335000       420.3538      1118.3321      1109.0082        62.6256        -114063.2715      9620.3313         0.0000         0.0000     18569.7613         -83162.8592       301.8860   -101732.6205    -83029.7265       302.0162            -77.8184       -77.5591    301180.0893        72.2176        71.8891

WRITING COORDINATES TO DCD FILE ../output/fileio/performance/prod/1-1-45/frequency-5000/run-2/step5_fileio.dcd AT STEP 335000
TIMING: 340000  CPU: 339.777, 0.00103311/step  Wall: 340.689, 0.00104052/step, 166.071 ns/days, 0.0462452 hours remaining, 0.000000 MB of memory in use.
PERFORMANCE: 340000  averaging 172.567 ns/day, 0.00100135 sec/step with standard deviation 2.30851e-05
ENERGY:  340000       467.3400      1089.2925      1137.6878        70.4833        -113789.3712      9622.0346         0.0000         0.0000     18422.4120         -82980.1211       299.4905   -101402.5331    -83037.9473       301.7598           -144.7154      -142.2579    301576.6736        48.8900        48.8079

WRITING COORDINATES TO DCD FILE ../output/fileio/performance/prod/1-1-45/frequency-5000/run-2/step5_fileio.dcd AT STEP 340000
TIMING: 345000  CPU: 344.672, 0.000979146/step  Wall: 345.616, 0.000985353/step, 175.369 ns/days, 0.0424249 hours remaining, 0.000000 MB of memory in use.
PERFORMANCE: 345000  averaging 172.607 ns/day, 0.00100112 sec/step with standard deviation 2.29955e-05
ENERGY:  345000       406.6710      1081.3643      1146.6885        69.9578        -113980.1483      9762.2997         0.0000         0.0000     18557.9885         -82955.1786       301.6946   -101513.1671    -83047.9842       301.6831             69.8767        68.7243    300684.0785        56.1807        56.2479

WRITING COORDINATES TO DCD FILE ../output/fileio/performance/prod/1-1-45/frequency-5000/run-2/step5_fileio.dcd AT STEP 345000
TIMING: 350000  CPU: 349.532, 0.000971975/step  Wall: 350.506, 0.000978124/step, 176.665 ns/days, 0.0407552 hours remaining, 0.000000 MB of memory in use.
PERFORMANCE: 350000  averaging 172.664 ns/day, 0.00100079 sec/step with standard deviation 2.29931e-05
ETITLE:      TS           BOND          ANGLE          DIHED          IMPRP               ELECT            VDW       BOUNDARY           MISC        KINETIC               TOTAL           TEMP      POTENTIAL       TOTALAVG        TEMPAVG            PRESSURE      GPRESSURE         VOLUME       PRESSAVG      GPRESSAVG

ENERGY:  350000       430.0772      1123.9511      1111.8755        68.5893        -114142.9784      9818.6038         0.0000         0.0000     18718.6715         -82871.2101       304.3068   -101589.8816    -83035.4341       301.8898             65.4369        64.7642    301056.8896        57.9012        57.5812

WRITING COORDINATES TO DCD FILE ../output/fileio/performance/prod/1-1-45/frequency-5000/run-2/step5_fileio.dcd AT STEP 350000
TIMING: 355000  CPU: 354.505, 0.000994617/step  Wall: 355.51, 0.00100082/step, 172.658 ns/days, 0.040311 hours remaining, 0.000000 MB of memory in use.
PERFORMANCE: 355000  averaging 172.664 ns/day, 0.00100079 sec/step with standard deviation 2.28282e-05
ENERGY:  355000       444.9929      1142.8544      1104.8476        59.6146        -114103.0010      9795.5324         0.0000         0.0000     18641.1522         -82914.0068       303.0466   -101555.1590    -83012.3400       302.0393            162.2119       164.3863    299855.7032        66.2749        66.0769

WRITING COORDINATES TO DCD FILE ../output/fileio/performance/prod/1-1-45/frequency-5000/run-2/step5_fileio.dcd AT STEP 355000
TIMING: 360000  CPU: 359.442, 0.000987315/step  Wall: 360.478, 0.000993512/step, 173.928 ns/days, 0.0386366 hours remaining, 0.000000 MB of memory in use.
PERFORMANCE: 360000  averaging 172.681 ns/day, 0.00100069 sec/step with standard deviation 2.26831e-05
ENERGY:  360000       416.4049      1140.0549      1108.7248        70.9988        -114182.5848      9868.2123         0.0000         0.0000     18475.8452         -83102.3440       300.3592   -101578.1891    -83037.9806       301.8223            133.2152       139.2598    299856.0033        63.3585        63.3181

WRITING COORDINATES TO DCD FILE ../output/fileio/performance/prod/1-1-45/frequency-5000/run-2/step5_fileio.dcd AT STEP 360000
TIMING: 365000  CPU: 364.293, 0.000970191/step  Wall: 365.36, 0.000976352/step, 176.985 ns/days, 0.0366132 hours remaining, 0.000000 MB of memory in use.
PERFORMANCE: 365000  averaging 172.739 ns/day, 0.00100036 sec/step with standard deviation 2.27044e-05
ENERGY:  365000       404.5772      1107.4849      1136.4850        61.1808        -113827.7362      9700.8605         0.0000         0.0000     18733.3403         -82683.8075       304.5452   -101417.1479    -83022.2347       301.9396             16.3750        15.7646    300990.1056        55.2360        55.2303

WRITING COORDINATES TO DCD FILE ../output/fileio/performance/prod/1-1-45/frequency-5000/run-2/step5_fileio.dcd AT STEP 365000
TIMING: 370000  CPU: 369.323, 0.001006/step  Wall: 370.421, 0.00101216/step, 170.724 ns/days, 0.0365502 hours remaining, 0.000000 MB of memory in use.
PERFORMANCE: 370000  averaging 172.711 ns/day, 0.00100051 sec/step with standard deviation 2.25901e-05
ENERGY:  370000       430.4722      1117.8210      1154.3677        76.3343        -113536.7428      9578.2887         0.0000         0.0000     18475.7981         -82703.6607       300.3584   -101179.4588    -83010.0147       301.7964             19.1337        16.7644    300028.3906        55.6272        55.6035

WRITING COORDINATES TO DCD FILE ../output/fileio/performance/prod/1-1-45/frequency-5000/run-2/step5_fileio.dcd AT STEP 370000
TIMING: 375000  CPU: 374.44, 0.00102346/step  Wall: 375.577, 0.00103133/step, 167.551 ns/days, 0.0358099 hours remaining, 0.000000 MB of memory in use.
PERFORMANCE: 375000  averaging 172.64 ns/day, 0.00100093 sec/step with standard deviation 2.27173e-05
ENERGY:  375000       472.7983      1129.7961      1138.8961        66.2108        -114249.7256      9718.8222         0.0000         0.0000     18635.0620         -83088.1402       302.9475   -101723.2022    -83022.3467       301.8008           -153.7727      -155.0229    300735.6744        75.5665        75.6820

WRITING COORDINATES TO DCD FILE ../output/fileio/performance/prod/1-1-45/frequency-5000/run-2/step5_fileio.dcd AT STEP 375000
TIMING: 380000  CPU: 379.289, 0.000969866/step  Wall: 380.456, 0.000975823/step, 177.081 ns/days, 0.0325274 hours remaining, 0.000000 MB of memory in use.
PERFORMANCE: 380000  averaging 172.697 ns/day, 0.0010006 sec/step with standard deviation 2.27483e-05
ENERGY:  380000       426.3434      1139.1010      1112.7012        67.0601        -113977.3946      9813.7341         0.0000         0.0000     18328.9369         -83089.5177       297.9709   -101418.4546    -83029.8449       301.5119             69.5441        62.7517    301093.5129        61.5143        61.1271

WRITING COORDINATES TO DCD FILE ../output/fileio/performance/prod/1-1-45/frequency-5000/run-2/step5_fileio.dcd AT STEP 380000
TIMING: 385000  CPU: 384.314, 0.00100484/step  Wall: 385.512, 0.00101115/step, 170.895 ns/days, 0.0323006 hours remaining, 0.000000 MB of memory in use.
PERFORMANCE: 385000  averaging 172.674 ns/day, 0.00100073 sec/step with standard deviation 2.26301e-05
ENERGY:  385000       441.0890      1137.4631      1119.7711        71.7055        -114225.9134      9789.5173         0.0000         0.0000     18543.0728         -83123.2946       301.4521   -101666.3674    -83021.5351       301.6559           -162.7226      -164.2700    300902.0386        52.7796        52.4688

WRITING COORDINATES TO DCD FILE ../output/fileio/performance/prod/1-1-45/frequency-5000/run-2/step5_fileio.dcd AT STEP 385000
TIMING: 390000  CPU: 389.325, 0.00100237/step  Wall: 390.555, 0.00100859/step, 171.328 ns/days, 0.0308182 hours remaining, 0.000000 MB of memory in use.
PERFORMANCE: 390000  averaging 172.656 ns/day, 0.00100083 sec/step with standard deviation 2.25003e-05
ENERGY:  390000       458.5236      1139.0803      1117.1939        69.7615        -114436.7226      9867.8336         0.0000         0.0000     18745.5272         -83038.8025       304.7434   -101784.3297    -83021.5839       301.8795            -29.8550       -34.3638    300968.9253        38.8465        38.2252

WRITING COORDINATES TO DCD FILE ../output/fileio/performance/prod/1-1-45/frequency-5000/run-2/step5_fileio.dcd AT STEP 390000
TIMING: 395000  CPU: 394.182, 0.000971241/step  Wall: 395.441, 0.000977282/step, 176.817 ns/days, 0.0285041 hours remaining, 0.000000 MB of memory in use.
PERFORMANCE: 395000  averaging 172.708 ns/day, 0.00100054 sec/step with standard deviation 2.25121e-05
ENERGY:  395000       406.6027      1111.1639      1132.1692        65.9597        -113904.2593      9623.6011         0.0000         0.0000     18638.0813         -82926.6814       302.9966   -101564.7627    -83011.5764       301.9677           -125.0003      -131.1574    301141.5896        17.5534        16.5741

WRITING COORDINATES TO DCD FILE ../output/fileio/performance/prod/1-1-45/frequency-5000/run-2/step5_fileio.dcd AT STEP 395000
TIMING: 400000  CPU: 399.161, 0.000995886/step  Wall: 400.453, 0.0010023/step, 172.403 ns/days, 0.0278417 hours remaining, 0.000000 MB of memory in use.
PERFORMANCE: 400000  averaging 172.704 ns/day, 0.00100056 sec/step with standard deviation 2.237e-05
ETITLE:      TS           BOND          ANGLE          DIHED          IMPRP               ELECT            VDW       BOUNDARY           MISC        KINETIC               TOTAL           TEMP      POTENTIAL       TOTALAVG        TEMPAVG            PRESSURE      GPRESSURE         VOLUME       PRESSAVG      GPRESSAVG

ENERGY:  400000       446.2431      1149.7705      1108.5398        79.5061        -114434.1798     10091.9171         0.0000         0.0000     18573.4760         -82984.7273       301.9463   -101558.2032    -83004.7545       301.8881            194.3736       196.3481    300346.9986        22.7834        22.0485

WRITING COORDINATES TO DCD FILE ../output/fileio/performance/prod/1-1-45/frequency-5000/run-2/step5_fileio.dcd AT STEP 400000
TIMING: 405000  CPU: 404.122, 0.00099214/step  Wall: 405.445, 0.00099835/step, 173.086 ns/days, 0.0263453 hours remaining, 0.000000 MB of memory in use.
PERFORMANCE: 405000  averaging 172.708 ns/day, 0.00100053 sec/step with standard deviation 2.22311e-05
ENERGY:  405000       403.8040      1066.0511      1108.5467        75.7179        -113832.3817      9566.3255         0.0000         0.0000     18770.9460         -82840.9906       305.1566   -101611.9365    -83009.2490       302.0118           -258.8774      -255.6758    301529.8048         4.5402         4.1888

WRITING COORDINATES TO DCD FILE ../output/fileio/performance/prod/1-1-45/frequency-5000/run-2/step5_fileio.dcd AT STEP 405000
TIMING: 410000  CPU: 408.964, 0.000968534/step  Wall: 410.318, 0.000974579/step, 177.307 ns/days, 0.0243645 hours remaining, 0.000000 MB of memory in use.
PERFORMANCE: 410000  averaging 172.763 ns/day, 0.00100021 sec/step with standard deviation 2.22786e-05
ENERGY:  410000       433.4604      1103.0326      1131.1392        66.3489        -113922.8745      9563.9546         0.0000         0.0000     18590.9076         -83034.0312       302.2297   -101624.9388    -83002.2174       302.0650           -158.9583      -155.2530    300632.8261        -3.9819        -4.0375

WRITING COORDINATES TO DCD FILE ../output/fileio/performance/prod/1-1-45/frequency-5000/run-2/step5_fileio.dcd AT STEP 410000
TIMING: 415000  CPU: 413.964, 0.000999868/step  Wall: 415.347, 0.00100596/step, 171.777 ns/days, 0.0237517 hours remaining, 0.000000 MB of memory in use.
PERFORMANCE: 415000  averaging 172.751 ns/day, 0.00100028 sec/step with standard deviation 2.21513e-05
ENERGY:  415000       446.8915      1146.2265      1121.7215        66.6019        -113815.0460      9649.3034         0.0000         0.0000     18518.3757         -82865.9255       301.0506   -101384.3012    -82996.3489       301.9813           -155.4735      -159.1649    300725.2041        -1.7326        -1.9190

WRITING COORDINATES TO DCD FILE ../output/fileio/performance/prod/1-1-45/frequency-5000/run-2/step5_fileio.dcd AT STEP 415000
TIMING: 420000  CPU: 418.851, 0.000977494/step  Wall: 420.262, 0.000982985/step, 175.791 ns/days, 0.0218441 hours remaining, 0.000000 MB of memory in use.
PERFORMANCE: 420000  averaging 172.787 ns/day, 0.00100008 sec/step with standard deviation 2.20982e-05
ENERGY:  420000       422.0945      1158.3199      1122.6694        65.4306        -114188.8032      9836.5308         0.0000         0.0000     18451.6791         -83132.0788       299.9663   -101583.7579    -82979.9936       301.9509            -92.1416       -93.5339    302398.3039       -16.8221       -17.2418

WRITING COORDINATES TO DCD FILE ../output/fileio/performance/prod/1-1-45/frequency-5000/run-2/step5_fileio.dcd AT STEP 420000
TIMING: 425000  CPU: 423.711, 0.00097201/step  Wall: 425.151, 0.000977801/step, 176.723 ns/days, 0.0203709 hours remaining, 0.000000 MB of memory in use.
PERFORMANCE: 425000  averaging 172.832 ns/day, 0.000999815 sec/step with standard deviation 2.20987e-05
ENERGY:  425000       426.8703      1125.2450      1128.4316        76.8363        -114170.1974      9884.2839         0.0000         0.0000     18619.8389         -82908.6915       302.7001   -101528.5305    -82979.8800       302.0776            157.8184       156.5847    300960.2068       -19.8554       -20.2476

WRITING COORDINATES TO DCD FILE ../output/fileio/performance/prod/1-1-45/frequency-5000/run-2/step5_fileio.dcd AT STEP 425000
TIMING: 430000  CPU: 428.713, 0.00100039/step  Wall: 430.189, 0.00100751/step, 171.513 ns/days, 0.0195904 hours remaining, 0.000000 MB of memory in use.
PERFORMANCE: 430000  averaging 172.817 ns/day, 0.000999904 sec/step with standard deviation 2.1984e-05
ENERGY:  430000       430.2074      1157.6537      1113.7479        78.1861        -114102.2332      9871.9427         0.0000         0.0000     18581.8706         -82868.6249       302.0828   -101450.4955    -82963.7347       302.0465            145.0617       141.2002    299577.9346       -16.3144       -17.0855

WRITING COORDINATES TO DCD FILE ../output/fileio/performance/prod/1-1-45/frequency-5000/run-2/step5_fileio.dcd AT STEP 430000
TIMING: 435000  CPU: 433.658, 0.000988955/step  Wall: 435.163, 0.000994767/step, 173.709 ns/days, 0.0179611 hours remaining, 0.000000 MB of memory in use.
PERFORMANCE: 435000  averaging 172.827 ns/day, 0.000999845 sec/step with standard deviation 2.18627e-05
ENERGY:  435000       452.7088      1069.2284      1128.9186        74.7634        -113708.5600      9608.3375         0.0000         0.0000     18653.0323         -82721.5709       303.2397   -101374.6032    -82941.6703       302.1142             36.8613        31.7049    300524.8863       -10.5804       -11.6223

WRITING COORDINATES TO DCD FILE ../output/fileio/performance/prod/1-1-45/frequency-5000/run-2/step5_fileio.dcd AT STEP 435000
TIMING: 440000  CPU: 438.493, 0.000967024/step  Wall: 440.027, 0.000972778/step, 177.636 ns/days, 0.016213 hours remaining, 0.000000 MB of memory in use.
PERFORMANCE: 440000  averaging 172.88 ns/day, 0.000999537 sec/step with standard deviation 2.19274e-05
ENERGY:  440000       441.7257      1096.2801      1124.4242        74.4841        -114207.1596      9839.6278         0.0000         0.0000     18612.9622         -83017.6556       302.5883   -101630.6177    -82943.5470       302.2691            -26.5491       -24.4855    300096.8590        -4.6721        -5.7337

WRITING COORDINATES TO DCD FILE ../output/fileio/performance/prod/1-1-45/frequency-5000/run-2/step5_fileio.dcd AT STEP 440000
TIMING: 445000  CPU: 443.409, 0.000983088/step  Wall: 444.97, 0.000988717/step, 174.772 ns/days, 0.0151054 hours remaining, 0.000000 MB of memory in use.
PERFORMANCE: 445000  averaging 172.901 ns/day, 0.000999416 sec/step with standard deviation 2.18326e-05
ENERGY:  445000       414.3833      1172.9998      1130.1098        62.4903        -114158.8356      9695.7266         0.0000         0.0000     18647.1121         -83036.0137       303.1434   -101683.1257    -82947.5888       302.3415            -72.0380       -74.5887    300362.9156       -11.7678       -12.8994

WRITING COORDINATES TO DCD FILE ../output/fileio/performance/prod/1-1-45/frequency-5000/run-2/step5_fileio.dcd AT STEP 445000
TIMING: 450000  CPU: 448.32, 0.00098229/step  Wall: 449.911, 0.000988195/step, 174.864 ns/days, 0.0137249 hours remaining, 0.000000 MB of memory in use.
PERFORMANCE: 450000  averaging 172.923 ns/day, 0.000999291 sec/step with standard deviation 2.17418e-05
ETITLE:      TS           BOND          ANGLE          DIHED          IMPRP               ELECT            VDW       BOUNDARY           MISC        KINETIC               TOTAL           TEMP      POTENTIAL       TOTALAVG        TEMPAVG            PRESSURE      GPRESSURE         VOLUME       PRESSAVG      GPRESSAVG

ENERGY:  450000       419.8607      1103.1754      1133.9834        82.3316        -113685.7738      9680.3989         0.0000         0.0000     18581.2409         -82684.7829       302.0726   -101266.0238    -82938.2674       302.2298            -22.4190       -26.1415    300563.9603       -16.1606       -17.4446

WRITING COORDINATES TO DCD FILE ../output/fileio/performance/prod/1-1-45/frequency-5000/run-2/step5_fileio.dcd AT STEP 450000
TIMING: 455000  CPU: 453.181, 0.000972225/step  Wall: 454.801, 0.000977891/step, 176.707 ns/days, 0.0122236 hours remaining, 0.000000 MB of memory in use.
PERFORMANCE: 455000  averaging 172.963 ns/day, 0.000999056 sec/step with standard deviation 2.17367e-05
ENERGY:  455000       411.6144      1128.5724      1122.6676        70.0642        -113891.1761      9684.0713         0.0000         0.0000     18480.0693         -82994.1170       300.4279   -101474.1863    -82942.2729       302.0989            -85.9345       -86.8756    300076.8594       -28.5679       -30.0077

WRITING COORDINATES TO DCD FILE ../output/fileio/performance/prod/1-1-45/frequency-5000/run-2/step5_fileio.dcd AT STEP 455000
TIMING: 460000  CPU: 458.22, 0.00100782/step  Wall: 459.87, 0.00101383/step, 170.443 ns/days, 0.0112648 hours remaining, 0.000000 MB of memory in use.
PERFORMANCE: 460000  averaging 172.935 ns/day, 0.000999217 sec/step with standard deviation 2.16718e-05
ENERGY:  460000       401.5627      1125.6762      1117.2414        79.4634        -114162.8169      9925.4472         0.0000         0.0000     18578.6317         -82934.7944       302.0302   -101513.4261    -82933.8954       302.1824            252.6403       252.5722    300059.7292       -22.5967       -24.3421

WRITING COORDINATES TO DCD FILE ../output/fileio/performance/prod/1-1-45/frequency-5000/run-2/step5_fileio.dcd AT STEP 460000
TIMING: 465000  CPU: 463.107, 0.000977266/step  Wall: 464.782, 0.000982531/step, 175.872 ns/days, 0.00955238 hours remaining, 0.000000 MB of memory in use.
PERFORMANCE: 465000  averaging 172.967 ns/day, 0.000999037 sec/step with standard deviation 2.1623e-05
ENERGY:  465000       424.8854      1131.2609      1127.2676        70.3209        -114179.0331      9696.0868         0.0000         0.0000     18584.9245         -83144.2869       302.1325   -101729.2114    -82956.9194       302.0618           -143.3990      -144.9908    300252.9325       -30.5854       -32.3799

WRITING COORDINATES TO DCD FILE ../output/fileio/performance/prod/1-1-45/frequency-5000/run-2/step5_fileio.dcd AT STEP 465000
TIMING: 470000  CPU: 467.972, 0.0009731/step  Wall: 469.675, 0.0009785/step, 176.597 ns/days, 0.00815417 hours remaining, 0.000000 MB of memory in use.
PERFORMANCE: 470000  averaging 173.004 ns/day, 0.000998819 sec/step with standard deviation 2.16105e-05
ENERGY:  470000       387.5031      1116.3545      1139.8561        71.9616        -114368.8611     10042.9299         0.0000         0.0000     18680.4352         -82929.8207       303.6852   -101610.2559    -82968.2274       302.2281            161.0168       163.0415    300641.7362       -23.4912       -25.0660

WRITING COORDINATES TO DCD FILE ../output/fileio/performance/prod/1-1-45/frequency-5000/run-2/step5_fileio.dcd AT STEP 470000
TIMING: 475000  CPU: 473.022, 0.00101004/step  Wall: 474.756, 0.00101622/step, 170.041 ns/days, 0.00705711 hours remaining, 0.000000 MB of memory in use.
PERFORMANCE: 475000  averaging 172.973 ns/day, 0.000999002 sec/step with standard deviation 2.15693e-05
ENERGY:  475000       445.9943      1158.4564      1092.9561        65.2960        -114155.7603      9781.1444         0.0000         0.0000     18678.6971         -82933.2159       303.6569   -101611.9130    -82960.4812       302.2636           -210.0549      -213.2257    301808.7706       -26.3054       -27.9762

WRITING COORDINATES TO DCD FILE ../output/fileio/performance/prod/1-1-45/frequency-5000/run-2/step5_fileio.dcd AT STEP 475000
TIMING: 480000  CPU: 477.9, 0.000975521/step  Wall: 479.668, 0.000982314/step, 175.911 ns/days, 0.0054573 hours remaining, 0.000000 MB of memory in use.
PERFORMANCE: 480000  averaging 173.003 ns/day, 0.000998828 sec/step with standard deviation 2.1523e-05
ENERGY:  480000       410.3391      1171.0869      1101.2333        89.6380        -113581.0900      9588.1279         0.0000         0.0000     18357.3500         -82863.3149       298.4328   -101220.6649    -82949.1711       302.2867            -45.2244       -43.8234    301345.8151       -32.0438       -33.3049

WRITING COORDINATES TO DCD FILE ../output/fileio/performance/prod/1-1-45/frequency-5000/run-2/step5_fileio.dcd AT STEP 480000
TIMING: 485000  CPU: 482.756, 0.000971223/step  Wall: 484.558, 0.000978092/step, 176.671 ns/days, 0.00407538 hours remaining, 0.000000 MB of memory in use.
PERFORMANCE: 485000  averaging 173.04 ns/day, 0.000998614 sec/step with standard deviation 2.15138e-05
ENERGY:  485000       369.0184      1109.6909      1117.9914        84.1448        -114239.3260     10133.1317         0.0000         0.0000     18621.4766         -82803.8721       302.7267   -101425.3487    -82933.1999       302.3504            290.9141       289.6331    301652.4299        -9.3619       -10.6098

WRITING COORDINATES TO DCD FILE ../output/fileio/performance/prod/1-1-45/frequency-5000/run-2/step5_fileio.dcd AT STEP 485000
TIMING: 490000  CPU: 487.856, 0.00101993/step  Wall: 489.692, 0.00102684/step, 168.283 ns/days, 0.00285233 hours remaining, 0.000000 MB of memory in use.
PERFORMANCE: 490000  averaging 172.99 ns/day, 0.000998902 sec/step with standard deviation 2.15917e-05
ENERGY:  490000       463.2855      1129.3977      1147.5512        84.1753        -114346.4795      9929.1061         0.0000         0.0000     18862.3348         -82730.6288       306.6423   -101592.9636    -82917.7912       302.4454             16.5678        19.6959    301005.4856        -7.0408        -7.9068

WRITING COORDINATES TO DCD FILE ../output/fileio/performance/prod/1-1-45/frequency-5000/run-2/step5_fileio.dcd AT STEP 490000
TIMING: 495000  CPU: 493.084, 0.00104569/step  Wall: 494.952, 0.00105195/step, 164.267 ns/days, 0.00146104 hours remaining, 0.000000 MB of memory in use.
PERFORMANCE: 495000  averaging 172.897 ns/day, 0.000999438 sec/step with standard deviation 2.21329e-05
ENERGY:  495000       425.8148      1175.6462      1101.5321        73.2805        -114286.5513      9727.9121         0.0000         0.0000     18410.7140         -83371.6516       299.3004   -101782.3656    -82940.0398       302.2606           -152.9771      -153.2544    300329.6720        -8.4396        -9.0116

WRITING COORDINATES TO DCD FILE ../output/fileio/performance/prod/1-1-45/frequency-5000/run-2/step5_fileio.dcd AT STEP 495000
TIMING: 500000  CPU: 497.933, 0.000969811/step  Wall: 499.827, 0.000975016/step, 177.228 ns/days, 0 hours remaining, 0.000000 MB of memory in use.
PERFORMANCE: 500000  averaging 172.939 ns/day, 0.000999194 sec/step with standard deviation 2.21559e-05
ETITLE:      TS           BOND          ANGLE          DIHED          IMPRP               ELECT            VDW       BOUNDARY           MISC        KINETIC               TOTAL           TEMP      POTENTIAL       TOTALAVG        TEMPAVG            PRESSURE      GPRESSURE         VOLUME       PRESSAVG      GPRESSAVG

ENERGY:  500000       422.6382      1177.1486      1124.3404        70.0399        -114053.7032      9738.1933         0.0000         0.0000     18598.5073         -82922.8356       302.3533   -101521.3429    -82936.9452       302.2809             14.9395        15.0042    300694.3990       -17.4113       -18.0788

WRITING COORDINATES TO DCD FILE ../output/fileio/performance/prod/1-1-45/frequency-5000/run-2/step5_fileio.dcd AT STEP 500000
WRITING EXTENDED SYSTEM TO OUTPUT FILE AT STEP 500000
WRITING COORDINATES TO OUTPUT FILE AT STEP 500000
CLOSING COORDINATE DCD FILE ../output/fileio/performance/prod/1-1-45/frequency-5000/run-2/step5_fileio.dcd
WRITING VELOCITIES TO OUTPUT FILE AT STEP 500000
The last velocity output (seq=-2) takes 0.109 seconds, 0.000 MB of memory in use
====================================================

WallClock: 501.964478  CPUTime: 490.818695  Memory: 0.000000 MB
[Partition 0][Node 0] End of program
