Charm++> Running on MPI library: Open MPI v4.1.5a1, package: Open MPI software@d001.sol.rc.asu.edu Distribution, ident: 4.1.5a1, repo rev: v4.1.4-32-g5abd86cc8c, Unreleased developer copy (MPI standard: 3.1)
Charm++> Level of thread support used: MPI_THREAD_FUNNELED (desired: MPI_THREAD_FUNNELED)
Charm++> Running in SMP mode: 1 processes, 47 worker threads (PEs) + 1 comm threads per process, 47 PEs total
Charm++> The comm. thread both sends and receives messages
Charm++> Using recursive bisection (scheme 3) for topology aware partitions
Converse/Charm++ Commit ID: v8.0.1-devel-35-gf310838d5
Charm++ communication thread will sleep due to single-process run.
CharmLB> Load balancer assumes all CPUs are same.
Charm++> cpu affinity enabled. 
Charm++> Running on 1 hosts (2 sockets x 24 cores x 1 PUs = 48-way SMP)
Charm++> cpu topology info is gathered in 0.003 seconds.
Info: Built with CUDA version 12090
Pe 2 physical rank 2 will use CUDA device of pe 32
Pe 1 physical rank 1 will use CUDA device of pe 32
Pe 4 physical rank 4 will use CUDA device of pe 32
Pe 5 physical rank 5 will use CUDA device of pe 32
Pe 26 physical rank 26 will use CUDA device of pe 32
Pe 9 physical rank 9 will use CUDA device of pe 32
Pe 25 physical rank 25 will use CUDA device of pe 32
Pe 27 physical rank 27 will use CUDA device of pe 32
Pe 24 physical rank 24 will use CUDA device of pe 32
Pe 28 physical rank 28 will use CUDA device of pe 32
Pe 29 physical rank 29 will use CUDA device of pe 32
Pe 0 physical rank 0 will use CUDA device of pe 32
Pe 3 physical rank 3 will use CUDA device of pe 32
Pe 31 physical rank 31 will use CUDA device of pe 32
Pe 35 physical rank 35 will use CUDA device of pe 32
Pe 30 physical rank 30 will use CUDA device of pe 32
Pe 34 physical rank 34 will use CUDA device of pe 32
Pe 42 physical rank 42 will use CUDA device of pe 32
Pe 46 physical rank 46 will use CUDA device of pe 32
Pe 44 physical rank 44 will use CUDA device of pe 32
Pe 45 physical rank 45 will use CUDA device of pe 32
Pe 43 physical rank 43 will use CUDA device of pe 32
Pe 40 physical rank 40 will use CUDA device of pe 32
Pe 37 physical rank 37 will use CUDA device of pe 32
Pe 36 physical rank 36 will use CUDA device of pe 32
Pe 41 physical rank 41 will use CUDA device of pe 32
Pe 38 physical rank 38 will use CUDA device of pe 32
Pe 39 physical rank 39 will use CUDA device of pe 32
Pe 12 physical rank 12 will use CUDA device of pe 32
Pe 16 physical rank 16 will use CUDA device of pe 32
Pe 14 physical rank 14 will use CUDA device of pe 32
Pe 33 physical rank 33 will use CUDA device of pe 32
Pe 17 physical rank 17 will use CUDA device of pe 32
Pe 15 physical rank 15 will use CUDA device of pe 32
Pe 13 physical rank 13 will use CUDA device of pe 32
Pe 11 physical rank 11 will use CUDA device of pe 32
Pe 8 physical rank 8 will use CUDA device of pe 32
Pe 6 physical rank 6 will use CUDA device of pe 32
Pe 23 physical rank 23 will use CUDA device of pe 32
Pe 19 physical rank 19 will use CUDA device of pe 32
Pe 20 physical rank 20 will use CUDA device of pe 32
Pe 22 physical rank 22 will use CUDA device of pe 32
Pe 18 physical rank 18 will use CUDA device of pe 32
Pe 21 physical rank 21 will use CUDA device of pe 32
Pe 10 physical rank 10 will use CUDA device of pe 32
Pe 7 physical rank 7 will use CUDA device of pe 32
Pe 32 physical rank 32 binding to CUDA device 0 on sg044: 'NVIDIA A100-SXM4-80GB'  Mem: 81152MB  Rev: 8.0  PCI: 0:1:0
CharmLB> Load balancing instrumentation for communication is off.
Info: NAMD 3.1alpha4pre for Linux-x86_64-MPI-smp-CUDA
Info: 
Info: Please visit http://www.ks.uiuc.edu/Research/namd/
Info: for updates, documentation, and support information.
Info: 
Info: Please cite Phillips et al., J. Chem. Phys. 153:044130 (2020) doi:10.1063/5.0014475
Info: in all publications reporting results obtained with NAMD.
Info: 
Info: Based on Charm++/Converse 80001 for mpi-linux-x86_64
Info: Built Tue Mar 10 15:59:42 MST 2026 by athiru12 on sg236
Info: Source code at Git commit ID 6669d58345b330ce455c3341de1e9ec803325dda
Info: 1 NAMD  3.1alpha4pre  Linux-x86_64-MPI-smp-CUDA  47    sg044  athiru12
Info: Running on 47 processors, 1 nodes, 1 physical nodes.
Info: CPU topology information available.
Info: Charm++/Converse parallel runtime startup completed at 0.14924 s
CkLoopLib is used in SMP with simple dynamic scheduling (converse-level notification)
Info: 0 MB of memory in use based on /proc/self/stat
Info: Configuration file is input/step5_opt_main_run_1.inp
Info: Changed directory to input
TCL: Suspending until startup complete.
Warning: Option "1-4scaling" has been deprecated. Instead use "oneFourScaling".
Info: EXTENDED SYSTEM FILE   ../output/vanilla/performance/equil/1-1-40/run-1/step4_equilibration.xsc
Info: Tuning parameters to improve GPU-resident performance
Info: Setting margin to 4
Warning: The Langevin gamma parameters differ over the particles,
Warning: requiring extra work per step to constrain rigid bonds.
Info: Enabling PMEOffload because PMEInterpOrder > 4.
Info: Running with GPU-resident mode
Warning: Always using force tables for GPU nonbonded kernel due to unsupported config parameters.
Info: SIMULATION PARAMETERS:
Info: TIMESTEP               2
Info: NUMBER OF STEPS        500000
Info: STEPS PER CYCLE        20
Info: PERIODIC CELL BASIS 1  69 0 0
Info: PERIODIC CELL BASIS 2  0 69 0
Info: PERIODIC CELL BASIS 3  0 0 69
Info: PERIODIC CELL CENTER   0 0 0
Info: WRAPPING WATERS AROUND PERIODIC BOUNDARIES ON OUTPUT.
Info: WRAPPING ALL CLUSTERS AROUND PERIODIC BOUNDARIES ON OUTPUT.
Info: LOAD BALANCER  Centralized
Info: LOAD BALANCING STRATEGY  New Load Balancers -- DEFAULT
Info: LDB PERIOD             4000 steps
Info: FIRST LDB TIMESTEP     100
Info: LAST LDB TIMESTEP     -1
Info: LDB BACKGROUND SCALING 1
Info: HOM BACKGROUND SCALING 1
Info: PME BACKGROUND SCALING 1
Info: MIN ATOMS PER PATCH    40
Info: EMPTY PATCH LOAD       40 ATOMS
Info: VELOCITY FILE          ../output/vanilla/performance/equil/1-1-40/run-1/step4_equilibration.vel
Info: CENTER OF MASS MOVING INITIALLY? NO
Info: DIELECTRIC             1
Info: EXCLUDE                SCALED ONE-FOUR
Info: 1-4 ELECTROSTATICS SCALED BY 1
Info: MODIFIED 1-4 VDW PARAMETERS WILL BE USED
Info: NO DCD TRAJECTORY OUTPUT
Info: NO EXTENDED SYSTEM TRAJECTORY OUTPUT
Info: NO VELOCITY DCD OUTPUT
Info: NO FORCE DCD OUTPUT
Info: OUTPUT FILENAME        ../output/main/optimization/prod/1-1-47/run-1/step5_opt_main
Info: BINARY OUTPUT FILES WILL BE USED
Info: NO RESTART FILE
Info: NAMD will save positions and velocities to ../output/main/optimization/prod/1-1-47/run-1/step5_opt_main.crash.csv when  atoms are moving too fast.
Info: SWITCHING ACTIVE
Info: VDW FORCE SWITCHING ACTIVE
Info: SWITCHING ON           10
Info: SWITCHING OFF          12
Info: PAIRLIST DISTANCE      16
Info: PAIRLIST SHRINK RATE   0.01
Info: PAIRLIST GROW RATE     0.01
Info: PAIRLIST TRIGGER       0.3
Info: PAIRLISTS PER CYCLE    2
Info: PAIRLISTS ENABLED
Info: MARGIN                 4
Info: HYDROGEN GROUP CUTOFF  2.5
Info: PATCH DIMENSION        22.5
Info: ENERGY OUTPUT STEPS    5000
Info: ENERGY EVALUATION STEPS    5000
Info: OUTPUT ENERGY PRECISION 4
Info: CROSSTERM ENERGY INCLUDED IN DIHEDRAL
Info: TIMING OUTPUT STEPS    5000
Info: LANGEVIN DYNAMICS ACTIVE
Info: LANGEVIN TEMPERATURE   303.15
Info: LANGEVIN USING BBK INTEGRATOR
Info: LANGEVIN DAMPING COEFFICIENT IS 1 INVERSE PS
Info: LANGEVIN DYNAMICS NOT APPLIED TO HYDROGENS
Info: LANGEVIN PISTON PRESSURE CONTROL ACTIVE
Info:        TARGET PRESSURE IS 1.01325 BAR
Info:     OSCILLATION PERIOD IS 50 FS
Info:             DECAY TIME IS 25 FS
Info:     PISTON TEMPERATURE IS 303.15 K
Info:       PRESSURE CONTROL IS GROUP-BASED
Info:    INITIAL STRAIN RATE IS 0 0 0
Info:       CELL FLUCTUATION IS ISOTROPIC
Info: PARTICLE MESH EWALD (PME) ACTIVE
Info: PME TOLERANCE               1e-06
Info: PME EWALD COEFFICIENT       0.257952
Info: PME INTERPOLATION ORDER     6
Info: PME GRID DIMENSIONS         72 72 72
Info: PME MAXIMUM GRID SPACING    1
Info: PME RECIPROCAL SUM OFFLOADED TO GPU
Info: PME CALCULATION WILL BE PERFORMED ON GPU
Info: FULL ELECTROSTATIC EVALUATION FREQUENCY      1
Info: USING VERLET I (r-RESPA) MTS SCHEME.
Info: C1 SPLITTING OF LONG RANGE ELECTROSTATICS
Info: PLACING ATOMS IN PATCHES BY HYDROGEN GROUPS
Info: RIGID BONDS TO HYDROGEN : ALL
Info:         ERROR TOLERANCE : 1e-08
Info:          MAX ITERATIONS : 100
Info: RIGID WATER USING SETTLE ALGORITHM
Info: RANDOM NUMBER SEED     1773336942
Info: USE HYDROGEN BONDS?    NO
Info: COORDINATE PDB         step3_input.pdb
Info: STRUCTURE FILE         step3_input.psf
Info: PARAMETER file: CHARMM format! 
Info: PARAMETERS             toppar/par_all36m_prot.prm
Info: PARAMETERS             toppar/par_all36_na.prm
Info: PARAMETERS             toppar/par_all36_carb.prm
Info: PARAMETERS             toppar/par_all36_lipid.prm
Info: PARAMETERS             toppar/par_all36_cgenff.prm
Info: PARAMETERS             toppar/par_interface.prm
Info: PARAMETERS             toppar/toppar_all36_moreions.str
Info: PARAMETERS             toppar/toppar_all36_nano_lig.str
Info: PARAMETERS             toppar/toppar_all36_nano_lig_patch.str
Info: PARAMETERS             toppar/toppar_all36_synthetic_polymer.str
Info: PARAMETERS             toppar/toppar_all36_synthetic_polymer_patch.str
Info: PARAMETERS             toppar/toppar_all36_polymer_solvent.str
Info: PARAMETERS             toppar/toppar_water_ions.str
Info: PARAMETERS             toppar/toppar_dum_noble_gases.str
Info: PARAMETERS             toppar/toppar_ions_won.str
Info: PARAMETERS             toppar/cam.str
Info: PARAMETERS             toppar/toppar_all36_prot_arg0.str
Info: PARAMETERS             toppar/toppar_all36_prot_c36m_d_aminoacids.str
Info: PARAMETERS             toppar/toppar_all36_prot_fluoro_alkanes.str
Info: PARAMETERS             toppar/toppar_all36_prot_heme.str
Info: PARAMETERS             toppar/toppar_all36_prot_na_combined.str
Info: PARAMETERS             toppar/toppar_all36_prot_retinol.str
Info: PARAMETERS             toppar/toppar_all36_prot_model.str
Info: PARAMETERS             toppar/toppar_all36_prot_modify_res.str
Info: PARAMETERS             toppar/toppar_all36_na_nad_ppi.str
Info: PARAMETERS             toppar/toppar_all36_na_rna_modified.str
Info: PARAMETERS             toppar/toppar_all36_lipid_sphingo.str
Info: PARAMETERS             toppar/toppar_all36_lipid_archaeal.str
Info: PARAMETERS             toppar/toppar_all36_lipid_bacterial.str
Info: PARAMETERS             toppar/toppar_all36_lipid_cardiolipin.str
Info: PARAMETERS             toppar/toppar_all36_lipid_cholesterol.str
Info: PARAMETERS             toppar/toppar_all36_lipid_dag.str
Info: PARAMETERS             toppar/toppar_all36_lipid_inositol.str
Info: PARAMETERS             toppar/toppar_all36_lipid_lnp.str
Info: PARAMETERS             toppar/toppar_all36_lipid_lps.str
Info: PARAMETERS             toppar/toppar_all36_lipid_mycobacterial.str
Info: PARAMETERS             toppar/toppar_all36_lipid_miscellaneous.str
Info: PARAMETERS             toppar/toppar_all36_lipid_model.str
Info: PARAMETERS             toppar/toppar_all36_lipid_prot.str
Info: PARAMETERS             toppar/toppar_all36_lipid_tag.str
Info: PARAMETERS             toppar/toppar_all36_lipid_yeast.str
Info: PARAMETERS             toppar/toppar_all36_lipid_hmmm.str
Info: PARAMETERS             toppar/toppar_all36_lipid_detergent.str
Info: PARAMETERS             toppar/toppar_all36_lipid_ether.str
Info: PARAMETERS             toppar/toppar_all36_lipid_oxidized.str
Info: PARAMETERS             toppar/toppar_all36_carb_glycolipid.str
Info: PARAMETERS             toppar/toppar_all36_carb_glycopeptide.str
Info: PARAMETERS             toppar/toppar_all36_carb_imlab.str
Info: PARAMETERS             toppar/toppar_all36_label_spin.str
Info: PARAMETERS             toppar/toppar_all36_label_fluorophore.str
Info: USING ARITHMETIC MEAN TO COMBINE L-J SIGMA PARAMETERS
Info: BINARY COORDINATES     ../output/vanilla/performance/equil/1-1-40/run-1/step4_equilibration.coor
Warning: SKIPPING PART OF PARAMETER FILE AFTER RETURN STATEMENT

Warning: DUPLICATE DIHEDRAL ENTRY FOR HAL1-CTO1-C-NHL
PREVIOUS VALUES MULTIPLICITY: 1
  k=0  n=1  delta=0INCREASING MULTIPLICITY TO: 2
  k=0  n=3  delta=0

Warning: DUPLICATE DIHEDRAL ENTRY FOR HAL1-CTO1-C-O
PREVIOUS VALUES MULTIPLICITY: 1
  k=0  n=1  delta=0INCREASING MULTIPLICITY TO: 2
  k=0  n=2  delta=3.14159
Warning: SKIPPING PART OF PARAMETER FILE AFTER RETURN STATEMENT

Warning: DUPLICATE DIHEDRAL ENTRY FOR CTL2-CG2O5-CTL1-CTL3
PREVIOUS VALUES MULTIPLICITY: 1
  k=0.75  n=1  delta=0  k=0.18  n=2  delta=3.14159INCREASING MULTIPLICITY TO: 3
  k=0.065  n=3  delta=0

Warning: DUPLICATE BOND ENTRY FOR CEL1-CL
PREVIOUS VALUES  k=440  x0=1.489
   USING VALUES  k=300  x0=1.48
Info: SUMMARY OF PARAMETERS:
Info: 1988 BONDS
Info: 6776 ANGLES
Info: 19939 DIHEDRAL
Info: 430 IMPROPER
Info: 28 CROSSTERM
Info: 751 VDW
Info: 122 VDW_PAIRS
Info: 0 NBTHOLE_PAIRS
Warning: Ignored 9467 bonds with zero force constants.
Warning: Will get H-H distance in rigid H2O from H-O-H angle.
Info: No lone pairs detected in waters
Info: TIME FOR READING PSF FILE: 0.0648566
Info: Reading pdb file step3_input.pdb
Info: TIME FOR READING PDB FILE: 0.0297378
Info: 
Info: ****************************
Info: STRUCTURE SUMMARY:
Info: 30423 ATOMS
Info: 20918 BONDS
Info: 13014 ANGLES
Info: 5187 DIHEDRALS
Info: 373 IMPROPERS
Info: 127 CROSSTERMS
Info: 0 EXCLUSIONS
Info: 29360 RIGID BONDS
Info: 61909 DEGREES OF FREEDOM
Info: 10530 HYDROGEN GROUPS
Info: 4 ATOMS IN LARGEST HYDROGEN GROUP
Info: 10530 MIGRATION GROUPS
Info: 4 ATOMS IN LARGEST MIGRATION GROUP
Info: TOTAL MASS = 186727 amu
Info: TOTAL CHARGE = 1.31875e-06 e
Info: MASS DENSITY = 0.943883 g/cm^3
Info: ATOM DENSITY = 0.0926093 atoms/A^3
Info: *****************************
Info: Reading from binary file ../output/vanilla/performance/equil/1-1-40/run-1/step4_equilibration.coor
Info: 
Info: Entering startup at 0.333464 s, 0 MB of memory in use
Info: Startup phase 0 took 0.000368746 s, 0 MB of memory in use
Info: ADDED 39038 IMPLICIT EXCLUSIONS
Info: Startup phase 1 took 0.00688764 s, 0 MB of memory in use
Info: NONBONDED TABLE R-SQUARED SPACING: 0.0625
Info: NONBONDED TABLE SIZE: 769 POINTS
Info: INCONSISTENCY IN FAST TABLE ENERGY VS FORCE: 0.000325096 AT 11.9556
Info: INCONSISTENCY IN SCOR TABLE ENERGY VS FORCE: 0.000324844 AT 11.9556
Info: INCONSISTENCY IN VDWA TABLE ENERGY VS FORCE: 0.0040507 AT 0.251946
Info: INCONSISTENCY IN VDWB TABLE ENERGY VS FORCE: 0.00150189 AT 0.251946
Info: Startup phase 2 took 0.0154936 s, 0 MB of memory in use
Info: Startup phase 3 took 0.000222159 s, 0 MB of memory in use
Info: Startup phase 4 took 0.00127423 s, 0 MB of memory in use
Info: Startup phase 5 took 0.000193526 s, 0 MB of memory in use
Info: PATCH GRID IS 6 (PERIODIC) BY 3 (PERIODIC) BY 3 (PERIODIC)
Info: PATCH GRID IS 2-AWAY BY 1-AWAY BY 1-AWAY
Info: Reading from binary file ../output/vanilla/performance/equil/1-1-40/run-1/step4_equilibration.vel
Info: REMOVING COM VELOCITY -0.0336669 0.0174485 0.0184506
Info: LARGEST PATCH (26) HAS 670 ATOMS
Info: TORUS A SIZE 1 USING 0
Info: TORUS B SIZE 1 USING 0
Info: TORUS C SIZE 1 USING 0
Info: TORUS MINIMAL MESH SIZE IS 1 BY 1 BY 1
Info: Placed 100% of base nodes on same physical node as patch
Info: Startup phase 6 took 0.0159935 s, 0 MB of memory in use
Info: Use 3D box decompostion in PME FFT.
Info: PME using 1 x 1 x 1 pencil grid for FFT and reciprocal sum.
Info: Startup phase 7 took 0.00106072 s, 0 MB of memory in use
Info: Updated CUDA force table with 4096 elements.
Info: Updated CUDA LJ table with 751 x 751 elements.
Info: Startup phase 8 took 0.0104386 s, 0 MB of memory in use
Info: Startup phase 9 took 0.000414583 s, 0 MB of memory in use
Info: Startup phase 10 took 0.000215576 s, 0 MB of memory in use
Info: Startup phase 11 took 0.00969759 s, 0 MB of memory in use
LDB: Central LB being created...
Info: Startup phase 12 took 0.0497838 s, 0 MB of memory in use
Info: Startup phase 13 took 0.000169811 s, 0 MB of memory in use
Info: Startup phase 14 took 0.00197982 s, 0 MB of memory in use
Info: Startup phase 15 took 0.000142269 s, 0 MB of memory in use
Info: CREATING 1996 COMPUTE OBJECTS
Info: Found 268 unique exclusion lists needing 4316 bytes
Info: useSync: 0 useProxySync: 0
Info: Startup phase 16 took 0.0781658 s, 0 MB of memory in use
Info: Startup phase 17 took 0.000384706 s, 0 MB of memory in use
Info: Startup phase 18 took 6.2889e-05 s, 0 MB of memory in use
Info: Finished startup at 0.526413 s, 0 MB of memory in use

TCL: Original numsteps 500000 will be ignored.
TCL: Running for 500000 steps
ETITLE:      TS           BOND          ANGLE          DIHED          IMPRP               ELECT            VDW       BOUNDARY           MISC        KINETIC               TOTAL           TEMP      POTENTIAL       TOTALAVG        TEMPAVG            PRESSURE      GPRESSURE         VOLUME       PRESSAVG      GPRESSAVG

ENERGY:       0       415.9882      1126.4019      1113.9287        73.0727        -111469.0416      9146.7393         0.0000         0.0000     18644.8552         -80948.0555       303.1068    -99592.9106    -80948.0555       303.1068          -1236.5375     -1238.2698    328509.0000     -1236.5375     -1238.2698

Info: Initial time: 47 CPUs 0.00103985 s/step 166.177 ns/day 0 MB memory
Info: Initial time: 47 CPUs 0.000919414 s/step 187.946 ns/day 0 MB memory
Info: Initial time: 47 CPUs 0.000902943 s/step 191.374 ns/day 0 MB memory
Info: Benchmark time: 47 CPUs 0.000904151 s/step 191.119 ns/day 0 MB memory
Info: Benchmark time: 47 CPUs 0.000905034 s/step 190.932 ns/day 0 MB memory
Info: Benchmark time: 47 CPUs 0.00103128 s/step 167.56 ns/day 0 MB memory
Info: Benchmark time: 47 CPUs 0.000864861 s/step 199.801 ns/day 0 MB memory
Info: Benchmark time: 47 CPUs 0.000896995 s/step 192.643 ns/day 0 MB memory
Info: Benchmark time: 47 CPUs 0.000895014 s/step 193.07 ns/day 0 MB memory
TIMING: 5000  CPU: 4.78578, 0.000924179/step  Wall: 4.84076, 0.000934148/step, 184.981 ns/days, 0.128445 hours remaining, 0.000000 MB of memory in use.
PERFORMANCE: 5000  averaging 184.981 ns/day, 0.000934148 sec/step with standard deviation 0
ENERGY:    5000       421.2535      1150.9490      1124.6839        61.5731        -114190.7809      9632.5441         0.0000         0.0000     18728.2588         -83071.5185       304.4626   -101799.7773    -82009.7870       303.7847           -115.9311      -117.4314    299859.1660      -676.2343      -677.8506

TIMING: 10000  CPU: 9.44491, 0.000931826/step  Wall: 9.53568, 0.000938985/step, 184.028 ns/days, 0.127806 hours remaining, 0.000000 MB of memory in use.
PERFORMANCE: 10000  averaging 184.504 ns/day, 0.000936567 sec/step with standard deviation 3.42015e-06
ENERGY:   10000       430.8932      1118.8153      1123.4587        62.8577        -114242.0649      9911.3100         0.0000         0.0000     18645.0920         -82949.6380       303.1106   -101594.7300    -82323.0706       303.5600            -65.2151       -62.7480    301875.2660      -472.5612      -472.8164

TIMING: 15000  CPU: 14.1014, 0.000931302/step  Wall: 14.2255, 0.000937968/step, 184.228 ns/days, 0.126365 hours remaining, 0.000000 MB of memory in use.
PERFORMANCE: 15000  averaging 184.412 ns/day, 0.000937034 sec/step with standard deviation 2.55017e-06
ENERGY:   15000       430.0925      1170.2443      1141.1388        78.5304        -114005.4397      9760.1692         0.0000         0.0000     18720.5311         -82704.7334       304.3370   -101425.2645    -82418.4863       303.7542            104.7588       102.5571    299958.7135      -328.2312      -328.9730

TIMING: 20000  CPU: 18.6103, 0.000901772/step  Wall: 18.7674, 0.000908372/step, 190.231 ns/days, 0.121116 hours remaining, 0.000000 MB of memory in use.
PERFORMANCE: 20000  averaging 185.833 ns/day, 0.000929868 sec/step with standard deviation 1.44817e-05
ENERGY:   20000       427.7815      1130.2195      1116.1710        73.1241        -114193.3423      9807.9752         0.0000         0.0000     18721.9915         -82916.0795       304.3607   -101638.0710    -82518.0050       303.8755            189.7233       187.8649    300203.7659      -224.6403      -225.6054

TIMING: 25000  CPU: 23.1442, 0.00090679/step  Wall: 23.3342, 0.000913356/step, 189.192 ns/days, 0.120512 hours remaining, 0.000000 MB of memory in use.
PERFORMANCE: 25000  averaging 186.495 ns/day, 0.000926566 sec/step with standard deviation 1.4554e-05
ENERGY:   25000       397.5914      1105.7665      1139.8687        65.9091        -114226.9830      9840.6183         0.0000         0.0000     18423.8399         -83253.3891       299.5137   -101677.2291    -82640.5690       303.1486           -102.2704      -103.9828    300779.0532      -204.2453      -205.3350

TIMING: 30000  CPU: 28.0571, 0.000982576/step  Wall: 28.291, 0.00099136/step, 174.306 ns/days, 0.129428 hours remaining, 0.000000 MB of memory in use.
PERFORMANCE: 30000  averaging 184.347 ns/day, 0.000937365 sec/step with standard deviation 2.94817e-05
ENERGY:   30000       445.5819      1156.3287      1115.4006        71.9612        -114430.7219     10090.2229         0.0000         0.0000     18734.3090         -82816.9176       304.5610   -101551.2266    -82665.7617       303.3504            263.1063       262.1995    300980.8028      -137.4808      -138.5444

TIMING: 35000  CPU: 32.584, 0.000905377/step  Wall: 32.8544, 0.000912684/step, 189.332 ns/days, 0.117888 hours remaining, 0.000000 MB of memory in use.
PERFORMANCE: 35000  averaging 185.043 ns/day, 0.000933839 sec/step with standard deviation 2.84838e-05
ENERGY:   35000       442.6250      1139.9088      1115.2240        77.6798        -113931.7788      9782.2210         0.0000         0.0000     18518.5030         -82855.6171       301.0527   -101374.1201    -82689.4936       303.0631             59.8300        56.6582    300290.4198      -112.8170      -114.1440

TIMING: 40000  CPU: 37.1903, 0.000921254/step  Wall: 37.4972, 0.000928559/step, 186.095 ns/days, 0.118649 hours remaining, 0.000000 MB of memory in use.
PERFORMANCE: 40000  averaging 185.173 ns/day, 0.000933179 sec/step with standard deviation 2.64369e-05
ENERGY:   40000       406.0727      1094.7919      1112.7260        71.7678        -114096.9621      9929.0296         0.0000         0.0000     18428.3703         -83054.2038       299.5874   -101482.5741    -82730.0169       302.6769             50.3004        51.8165    301446.2169       -94.6928       -95.7040

TIMING: 45000  CPU: 42.07, 0.000975942/step  Wall: 42.4177, 0.000984108/step, 175.591 ns/days, 0.12438 hours remaining, 0.000000 MB of memory in use.
PERFORMANCE: 45000  averaging 184.057 ns/day, 0.000938838 sec/step with standard deviation 2.99956e-05
ENERGY:   45000       438.7868      1118.7987      1135.1656        74.9568        -114212.0882      9884.5718         0.0000         0.0000     18567.7001         -82992.1083       301.8525   -101559.8084    -82756.2261       302.5945             74.2975        74.8290    299288.3011       -77.7938       -78.6507

TIMING: 50000  CPU: 46.5683, 0.000899675/step  Wall: 46.9533, 0.000907123/step, 190.492 ns/days, 0.11339 hours remaining, 0.000000 MB of memory in use.
PERFORMANCE: 50000  averaging 184.681 ns/day, 0.000935666 sec/step with standard deviation 3.00058e-05
ETITLE:      TS           BOND          ANGLE          DIHED          IMPRP               ELECT            VDW       BOUNDARY           MISC        KINETIC               TOTAL           TEMP      POTENTIAL       TOTALAVG        TEMPAVG            PRESSURE      GPRESSURE         VOLUME       PRESSAVG      GPRESSAVG

ENERGY:   50000       454.2320      1118.5964      1144.5409        77.7357        -114274.8956      9875.3563         0.0000         0.0000     18453.7825         -83150.6519       300.0005   -101604.4344    -82792.0830       302.3587            -81.7837       -79.7019    300283.4361       -78.1565       -78.7462

TIMING: 55000  CPU: 51.1928, 0.000924893/step  Wall: 51.615, 0.000932337/step, 185.341 ns/days, 0.115247 hours remaining, 0.000000 MB of memory in use.
PERFORMANCE: 55000  averaging 184.741 ns/day, 0.000935364 sec/step with standard deviation 2.84837e-05
ENERGY:   55000       443.4498      1160.0995      1120.4009        68.8218        -113929.4162      9717.1859         0.0000         0.0000     18512.8937         -82906.5645       300.9615   -101419.4582    -82801.6231       302.2422             67.8674        71.9284    299225.8440       -65.9878       -66.1900

TIMING: 60000  CPU: 56.0904, 0.000979514/step  Wall: 56.5604, 0.000989072/step, 174.709 ns/days, 0.120887 hours remaining, 0.000000 MB of memory in use.
PERFORMANCE: 60000  averaging 183.861 ns/day, 0.000939839 sec/step with standard deviation 3.12722e-05
ENERGY:   60000       444.6099      1141.6410      1115.8430        66.4838        -114024.4073      9840.8708         0.0000         0.0000     18715.7999         -82699.1588       304.2601   -101414.9588    -82793.7412       302.3975             18.0253        20.5104    301955.2393       -59.5253       -59.5208

TIMING: 65000  CPU: 60.5716, 0.000896253/step  Wall: 61.0741, 0.00090274/step, 191.417 ns/days, 0.109081 hours remaining, 0.000000 MB of memory in use.
PERFORMANCE: 65000  averaging 184.421 ns/day, 0.000936986 sec/step with standard deviation 3.16595e-05
ENERGY:   65000       434.0247      1122.6470      1121.0840        60.6297        -114166.2286      9807.3682         0.0000         0.0000     18570.1724         -83050.3026       301.8926   -101620.4751    -82812.0671       302.3614            -66.0624       -68.9075    301400.1635       -59.9922       -60.1913

TIMING: 70000  CPU: 65.1955, 0.000924774/step  Wall: 65.7327, 0.000931717/step, 185.464 ns/days, 0.111288 hours remaining, 0.000000 MB of memory in use.
PERFORMANCE: 70000  averaging 184.495 ns/day, 0.000936609 sec/step with standard deviation 3.04501e-05
ENERGY:   70000       451.9676      1169.7881      1125.0825        69.7281        -113826.3746      9764.5871         0.0000         0.0000     18699.9013         -82545.3199       304.0016   -101245.2211    -82794.2839       302.4708             35.0383        34.4691    301922.5221       -53.6568       -53.8806

TIMING: 75000  CPU: 69.9029, 0.000941482/step  Wall: 70.5101, 0.000955494/step, 180.849 ns/days, 0.112801 hours remaining, 0.000000 MB of memory in use.
PERFORMANCE: 75000  averaging 184.248 ns/day, 0.000937868 sec/step with standard deviation 2.97448e-05
ENERGY:   75000       424.7349      1087.9107      1115.0016        70.6567        -113853.6304      9796.0033         0.0000         0.0000     18582.8515         -82776.4716       302.0988   -101359.3231    -82793.1706       302.4475            103.9188       107.4601    299890.6537       -43.8084       -43.7968

TIMING: 80000  CPU: 74.5474, 0.000928902/step  Wall: 75.1944, 0.000936861/step, 184.446 ns/days, 0.1093 hours remaining, 0.000000 MB of memory in use.
PERFORMANCE: 80000  averaging 184.26 ns/day, 0.000937805 sec/step with standard deviation 2.87373e-05
ENERGY:   80000       419.2677      1172.7931      1107.7288        73.3135        -114340.9302      9824.1364         0.0000         0.0000     18529.0700         -83214.6206       301.2244   -101743.6907    -82817.9618       302.3756             66.5709        73.6892    300736.8603       -37.3155       -36.8858

TIMING: 85000  CPU: 79.0494, 0.000900395/step  Wall: 79.7336, 0.000907843/step, 190.341 ns/days, 0.104654 hours remaining, 0.000000 MB of memory in use.
PERFORMANCE: 85000  averaging 184.607 ns/day, 0.000936043 sec/step with standard deviation 2.8758e-05
ENERGY:   85000       414.2425      1146.4767      1104.8029        81.7756        -114054.3825      9829.1726         0.0000         0.0000     18739.9885         -82737.9236       304.6533   -101477.9122    -82813.5153       302.5021            186.1261       187.5071    299556.9088       -24.9021       -24.4196

TIMING: 90000  CPU: 83.6871, 0.000927535/step  Wall: 84.4153, 0.000936323/step, 184.552 ns/days, 0.106637 hours remaining, 0.000000 MB of memory in use.
PERFORMANCE: 90000  averaging 184.604 ns/day, 0.000936058 sec/step with standard deviation 2.78995e-05
ENERGY:   90000       425.7867      1182.9073      1118.9465        69.4051        -114168.4359      9834.2413         0.0000         0.0000     18899.2741         -82637.8750       307.2428   -101537.1491    -82804.2710       302.7516            137.7919       135.0568    300799.1611       -16.3392       -16.0261

TIMING: 95000  CPU: 88.3486, 0.000932307/step  Wall: 89.1179, 0.000940524/step, 183.727 ns/days, 0.105809 hours remaining, 0.000000 MB of memory in use.
PERFORMANCE: 95000  averaging 184.558 ns/day, 0.000936293 sec/step with standard deviation 2.71328e-05
ENERGY:   95000       420.0423      1097.2825      1104.4432        69.6219        -114398.6819      9889.0878         0.0000         0.0000     18935.4664         -82882.7378       307.8312   -101818.2042    -82808.1944       303.0056            271.9464       275.2472    300270.1694        -1.9249        -1.4624

TIMING: 100000  CPU: 92.894, 0.000909073/step  Wall: 93.695, 0.000915417/step, 188.766 ns/days, 0.101713 hours remaining, 0.000000 MB of memory in use.
PERFORMANCE: 100000  averaging 184.764 ns/day, 0.00093525 sec/step with standard deviation 2.68185e-05
ETITLE:      TS           BOND          ANGLE          DIHED          IMPRP               ELECT            VDW       BOUNDARY           MISC        KINETIC               TOTAL           TEMP      POTENTIAL       TOTALAVG        TEMPAVG            PRESSURE      GPRESSURE         VOLUME       PRESSAVG      GPRESSAVG

ENERGY:  100000       417.6350      1107.2376      1124.6353        74.1313        -114015.8501      9739.8461         0.0000         0.0000     18758.7077         -82793.6573       304.9576   -101552.3649    -82900.4745       303.0981            -11.5296        -8.1856    300706.4405        59.3255        60.0418

TIMING: 105000  CPU: 97.423, 0.000905804/step  Wall: 98.261, 0.00091321/step, 189.223 ns/days, 0.100199 hours remaining, 0.000000 MB of memory in use.
PERFORMANCE: 105000  averaging 184.971 ns/day, 0.0009342 sec/step with standard deviation 2.65782e-05
ENERGY:  105000       432.8705      1090.3144      1123.4746        77.9539        -114151.8357      9915.3232         0.0000         0.0000     18819.2084         -82692.6906       305.9412   -101511.8990    -82881.5331       303.1721            218.6452       217.0851    301511.4539        76.0543        76.7676

TIMING: 110000  CPU: 102.165, 0.000948322/step  Wall: 103.153, 0.000978492/step, 176.598 ns/days, 0.106003 hours remaining, 0.000000 MB of memory in use.
PERFORMANCE: 110000  averaging 184.573 ns/day, 0.000936213 sec/step with standard deviation 2.76031e-05
ENERGY:  110000       403.6310      1120.7206      1130.4179        89.0296        -114336.7166     10029.5816         0.0000         0.0000     18673.2452         -82890.0906       303.5683   -101563.3358    -82878.5557       303.1949            118.0212       119.1143    302158.8299        85.2161        85.8607

TIMING: 115000  CPU: 106.67, 0.000901037/step  Wall: 107.689, 0.000907168/step, 190.483 ns/days, 0.0970165 hours remaining, 0.000000 MB of memory in use.
PERFORMANCE: 115000  averaging 184.823 ns/day, 0.00093495 sec/step with standard deviation 2.76402e-05
ENERGY:  115000       468.3283      1157.0872      1113.3589        74.0418        -114108.6214      9698.5805         0.0000         0.0000     18601.2369         -82995.9879       302.3977   -101597.2248    -82893.1184       303.0980            -84.4358       -85.6819    300861.3980        75.7564        76.4488

TIMING: 120000  CPU: 111.255, 0.000917113/step  Wall: 112.328, 0.000927662/step, 186.275 ns/days, 0.0979199 hours remaining, 0.000000 MB of memory in use.
PERFORMANCE: 120000  averaging 184.883 ns/day, 0.000934647 sec/step with standard deviation 2.70736e-05
ENERGY:  120000       415.7823      1141.1391      1135.6656        72.8227        -114180.7881      9935.4687         0.0000         0.0000     18509.4101         -82970.4996       300.9048   -101479.9097    -82895.8394       302.9252            174.2047       172.1289    300958.4548        74.9804        75.6620

TIMING: 125000  CPU: 116.18, 0.000984857/step  Wall: 117.292, 0.00099294/step, 174.029 ns/days, 0.103431 hours remaining, 0.000000 MB of memory in use.
PERFORMANCE: 125000  averaging 184.423 ns/day, 0.000936979 sec/step with standard deviation 2.89544e-05
ENERGY:  125000       426.0096      1108.3893      1119.9103        86.1953        -113979.6312      9819.8717         0.0000         0.0000     18602.3460         -82816.9090       302.4157   -101419.2549    -82874.0154       303.0703            -58.7016       -55.8022    300846.8668        77.1589        78.0710

TIMING: 130000  CPU: 120.652, 0.000894423/step  Wall: 121.795, 0.000900529/step, 191.887 ns/days, 0.0925544 hours remaining, 0.000000 MB of memory in use.
PERFORMANCE: 130000  averaging 184.699 ns/day, 0.000935577 sec/step with standard deviation 2.92562e-05
ENERGY:  130000       418.5039      1143.6254      1115.5304        84.3187        -114308.7425      9925.6400         0.0000         0.0000     18510.3254         -83110.7987       300.9197   -101621.1241    -82888.7095       302.8882            202.4450       205.9218    299470.7944        74.1258        75.2571

TIMING: 135000  CPU: 125.305, 0.000930712/step  Wall: 126.488, 0.000938679/step, 184.088 ns/days, 0.0951716 hours remaining, 0.000000 MB of memory in use.
PERFORMANCE: 135000  averaging 184.676 ns/day, 0.000935692 sec/step with standard deviation 2.86943e-05
ENERGY:  135000       423.8399      1093.9999      1119.7425        71.2809        -114184.9120      9878.0604         0.0000         0.0000     18403.8591         -83194.1294       299.1889   -101597.9884    -82905.6351       302.7950            167.8081       166.9810    299290.2728        79.5247        80.7733

TIMING: 140000  CPU: 130.074, 0.000953736/step  Wall: 131.296, 0.000961442/step, 179.73 ns/days, 0.0961442 hours remaining, 0.000000 MB of memory in use.
PERFORMANCE: 140000  averaging 184.495 ns/day, 0.000936611 sec/step with standard deviation 2.85753e-05
ENERGY:  140000       427.4872      1094.5629      1123.5110        68.5618        -114005.9375      9809.4707         0.0000         0.0000     18509.2534         -82973.0904       300.9023   -101482.3437    -82901.5794       302.8608            -13.3703       -21.8399    301311.5578        76.3412        77.0905

TIMING: 145000  CPU: 134.572, 0.000899546/step  Wall: 135.822, 0.000905379/step, 190.859 ns/days, 0.0892804 hours remaining, 0.000000 MB of memory in use.
PERFORMANCE: 145000  averaging 184.707 ns/day, 0.000935534 sec/step with standard deviation 2.86535e-05
ENERGY:  145000       419.6955      1105.8431      1136.1844        72.6976        -113806.4266      9647.0380         0.0000         0.0000     18824.4384         -82600.5296       306.0262   -101424.9680    -82882.0005       303.0695           -218.1114      -221.8008    301960.7555        61.7207        62.2590

TIMING: 150000  CPU: 139.196, 0.000924898/step  Wall: 140.477, 0.000930919/step, 185.623 ns/days, 0.090506 hours remaining, 0.000000 MB of memory in use.
PERFORMANCE: 150000  averaging 184.738 ns/day, 0.00093538 sec/step with standard deviation 2.81677e-05
ETITLE:      TS           BOND          ANGLE          DIHED          IMPRP               ELECT            VDW       BOUNDARY           MISC        KINETIC               TOTAL           TEMP      POTENTIAL       TOTALAVG        TEMPAVG            PRESSURE      GPRESSURE         VOLUME       PRESSAVG      GPRESSAVG

ENERGY:  150000       406.0221      1155.6402      1130.4745        70.8515        -113633.4617      9531.9063         0.0000         0.0000     18511.9037         -82826.6634       300.9454   -101338.5671    -82865.8010       303.1167           -169.2309      -166.0716    302251.1908        57.3484        57.9405

TIMING: 155000  CPU: 143.837, 0.000928189/step  Wall: 145.154, 0.000935469/step, 184.72 ns/days, 0.0896491 hours remaining, 0.000000 MB of memory in use.
PERFORMANCE: 155000  averaging 184.737 ns/day, 0.000935383 sec/step with standard deviation 2.76943e-05
ENERGY:  155000       435.6005      1106.5020      1114.6008        69.7548        -114564.0501     10052.1362         0.0000         0.0000     18561.2697         -83224.1861       301.7479   -101785.4559    -82881.6821       303.1560            137.8942       139.4608    300427.8348        60.8497        61.3171

TIMING: 160000  CPU: 148.488, 0.000930085/step  Wall: 149.834, 0.000935897/step, 184.636 ns/days, 0.0883903 hours remaining, 0.000000 MB of memory in use.
PERFORMANCE: 160000  averaging 184.734 ns/day, 0.000935399 sec/step with standard deviation 2.72441e-05
ENERGY:  160000       398.5964      1079.0960      1150.4315        84.8971        -114260.7615      9965.9905         0.0000         0.0000     18623.0365         -82958.7135       302.7520   -101581.7500    -82894.6599       303.0806             40.9119        42.1833    302212.3351        61.9940        62.4008

TIMING: 165000  CPU: 152.996, 0.000901722/step  Wall: 154.373, 0.000907773/step, 190.356 ns/days, 0.0844733 hours remaining, 0.000000 MB of memory in use.
PERFORMANCE: 165000  averaging 184.899 ns/day, 0.000934562 sec/step with standard deviation 2.72429e-05
ENERGY:  165000       461.9067      1114.8164      1116.9914        72.9712        -114248.9295      9917.4108         0.0000         0.0000     18711.5462         -82853.2868       304.1909   -101564.8330    -82884.8091       303.1955             -5.8079        -8.8825    301350.1893        65.0067        65.4020

TIMING: 170000  CPU: 157.749, 0.000950617/step  Wall: 159.157, 0.000956814/step, 180.599 ns/days, 0.087708 hours remaining, 0.000000 MB of memory in use.
PERFORMANCE: 170000  averaging 184.77 ns/day, 0.000935217 sec/step with standard deviation 2.7097e-05
ENERGY:  170000       438.1183      1146.2694      1094.4080        71.0727        -113871.8072      9617.2790         0.0000         0.0000     18511.9554         -82992.7045       300.9462   -101504.6599    -82907.1783       303.0428           -172.4992      -167.7818    300861.8933        54.6299        55.2895

TIMING: 175000  CPU: 162.398, 0.000929679/step  Wall: 163.837, 0.000936066/step, 184.602 ns/days, 0.084506 hours remaining, 0.000000 MB of memory in use.
PERFORMANCE: 175000  averaging 184.765 ns/day, 0.000935241 sec/step with standard deviation 2.66959e-05
ENERGY:  175000       424.3677      1148.3313      1101.4874        65.7727        -114281.5734      9931.8027         0.0000         0.0000     18623.6853         -82986.1262       302.7626   -101609.8115    -82917.6610       303.0760             69.0784        68.0957    301265.1691        52.8879        53.3212

TIMING: 180000  CPU: 166.893, 0.000899033/step  Wall: 168.362, 0.000904973/step, 190.945 ns/days, 0.080442 hours remaining, 0.000000 MB of memory in use.
PERFORMANCE: 180000  averaging 184.931 ns/day, 0.0009344 sec/step with standard deviation 2.6791e-05
ENERGY:  180000       439.2059      1069.7125      1104.4141        70.8360        -113434.2752      9618.8736         0.0000         0.0000     18637.1914         -82494.0417       302.9822   -101131.2331    -82881.6321       303.1638            -89.3029       -95.7487    300808.5659        45.0942        44.8493

TIMING: 185000  CPU: 171.512, 0.000923915/step  Wall: 173.012, 0.000929971/step, 185.812 ns/days, 0.0813724 hours remaining, 0.000000 MB of memory in use.
PERFORMANCE: 185000  averaging 184.955 ns/day, 0.00093428 sec/step with standard deviation 2.64263e-05
ENERGY:  185000       435.5481      1116.3181      1101.9874        77.3984        -114038.5859      9699.6269         0.0000         0.0000     18549.5865         -83058.1205       301.5580   -101607.7070    -82897.6419       303.0091            147.9368       145.1800    299149.4640        43.1847        42.7330

TIMING: 190000  CPU: 176.45, 0.000987473/step  Wall: 177.984, 0.000994452/step, 173.764 ns/days, 0.0856334 hours remaining, 0.000000 MB of memory in use.
PERFORMANCE: 190000  averaging 184.642 ns/day, 0.000935864 sec/step with standard deviation 2.78344e-05
ENERGY:  190000       404.7470      1121.3866      1135.5146        66.4801        -113980.2097      9692.2379         0.0000         0.0000     18643.0862         -82916.7573       303.0780   -101559.8435    -82911.5860       302.8008            -92.6871       -92.7118    301169.2910        31.6607        31.3446

TIMING: 195000  CPU: 180.955, 0.000901067/step  Wall: 182.526, 0.000908426/step, 190.219 ns/days, 0.0769638 hours remaining, 0.000000 MB of memory in use.
PERFORMANCE: 195000  averaging 184.781 ns/day, 0.00093516 sec/step with standard deviation 2.7815e-05
ENERGY:  195000       429.8526      1150.0128      1115.9781        68.1919        -114199.2913     10034.1497         0.0000         0.0000     18677.1168         -82723.9894       303.6312   -101401.1063    -82903.6486       302.5908            272.8120       272.2440    300802.9563        31.7040        31.1944

TIMING: 200000  CPU: 185.587, 0.00092636/step  Wall: 187.194, 0.000933526/step, 185.105 ns/days, 0.0777938 hours remaining, 0.000000 MB of memory in use.
PERFORMANCE: 200000  averaging 184.789 ns/day, 0.000935119 sec/step with standard deviation 2.74573e-05
ETITLE:      TS           BOND          ANGLE          DIHED          IMPRP               ELECT            VDW       BOUNDARY           MISC        KINETIC               TOTAL           TEMP      POTENTIAL       TOTALAVG        TEMPAVG            PRESSURE      GPRESSURE         VOLUME       PRESSAVG      GPRESSAVG

ENERGY:  200000       454.6335      1148.4306      1137.6671        66.6171        -113624.1124      9492.5383         0.0000         0.0000     18547.8560         -82776.3697       301.5298   -101324.2257    -82902.7842       302.4195           -343.2038      -346.2660    301109.5085        15.1203        14.2904

TIMING: 205000  CPU: 190.355, 0.000953663/step  Wall: 191.997, 0.00096068/step, 179.873 ns/days, 0.0787224 hours remaining, 0.000000 MB of memory in use.
PERFORMANCE: 205000  averaging 184.666 ns/day, 0.000935743 sec/step with standard deviation 2.74042e-05
ENERGY:  205000       403.9395      1136.9824      1136.4955        68.8237        -113800.9283      9617.8793         0.0000         0.0000     18609.9196         -82826.8882       302.5388   -101436.8078    -82909.4941       302.2493            -91.5540       -95.7038    300768.2668        -0.3896        -1.3491

TIMING: 210000  CPU: 194.834, 0.000895733/step  Wall: 196.504, 0.000901246/step, 191.735 ns/days, 0.0726004 hours remaining, 0.000000 MB of memory in use.
PERFORMANCE: 210000  averaging 184.828 ns/day, 0.000934922 sec/step with standard deviation 2.75863e-05
ENERGY:  210000       459.2930      1128.4257      1130.7815        73.7343        -114537.4295      9917.2400         0.0000         0.0000     18547.6551         -83280.2997       301.5266   -101827.9549    -82929.0046       302.1473            146.3883       143.1967    300698.7412         1.0287        -0.1449

TIMING: 215000  CPU: 199.438, 0.000920867/step  Wall: 201.14, 0.000927295/step, 186.348 ns/days, 0.0734109 hours remaining, 0.000000 MB of memory in use.
PERFORMANCE: 215000  averaging 184.863 ns/day, 0.000934744 sec/step with standard deviation 2.72808e-05
ENERGY:  215000       459.1880      1075.6589      1105.9789        81.2068        -114207.1187      9701.4249         0.0000         0.0000     18542.0581         -83241.6031       301.4356   -101783.6612    -82941.2853       302.0991           -183.9408      -182.9592    299715.8447        -3.9465        -5.0088

TIMING: 220000  CPU: 204.243, 0.000960961/step  Wall: 205.984, 0.000968795/step, 178.366 ns/days, 0.0753508 hours remaining, 0.000000 MB of memory in use.
PERFORMANCE: 220000  averaging 184.71 ns/day, 0.000935518 sec/step with standard deviation 2.7446e-05
ENERGY:  220000       418.6345      1150.1022      1116.9932        70.3296        -113881.4679      9640.5339         0.0000         0.0000     18587.8184         -82897.0560       302.1795   -101484.8744    -82937.6132       302.1629           -153.6065      -157.2244    300847.6774       -20.3371       -21.4765

TIMING: 225000  CPU: 208.752, 0.000901884/step  Wall: 210.523, 0.000907809/step, 190.348 ns/days, 0.0693465 hours remaining, 0.000000 MB of memory in use.
PERFORMANCE: 225000  averaging 184.832 ns/day, 0.000934902 sec/step with standard deviation 2.7445e-05
ENERGY:  225000       425.1181      1104.8415      1105.5952        72.1398        -114036.0801      9727.1310         0.0000         0.0000     18624.2698         -82976.9847       302.7721   -101601.2545    -82945.6170       302.1807              9.2254         9.2034    300869.9168       -16.9407       -18.2262

TIMING: 230000  CPU: 213.407, 0.000930989/step  Wall: 215.208, 0.000936995/step, 184.419 ns/days, 0.0702746 hours remaining, 0.000000 MB of memory in use.
PERFORMANCE: 230000  averaging 184.823 ns/day, 0.000934948 sec/step with standard deviation 2.71401e-05
ENERGY:  230000       418.0925      1106.1404      1119.6156        73.8877        -114193.6649     10004.7325         0.0000         0.0000     18584.2383         -82886.9579       302.1213   -101471.1962    -82934.4249       302.2408            175.8617       172.7810    301339.0139       -18.2699       -19.8832

TIMING: 235000  CPU: 218.141, 0.000946772/step  Wall: 219.975, 0.00095345/step, 181.237 ns/days, 0.0701845 hours remaining, 0.000000 MB of memory in use.
PERFORMANCE: 235000  averaging 184.745 ns/day, 0.000935341 sec/step with standard deviation 2.69788e-05
ENERGY:  235000       440.4221      1170.8450      1132.3279        71.1647        -114037.1563      9726.3664         0.0000         0.0000     18691.6642         -82804.3658       303.8677   -101496.0301    -82914.9367       302.4747            -54.3376       -54.1694    300469.2822       -29.3772       -30.9408

TIMING: 240000  CPU: 222.819, 0.000935636/step  Wall: 224.683, 0.000941549/step, 183.527 ns/days, 0.0680007 hours remaining, 0.000000 MB of memory in use.
PERFORMANCE: 240000  averaging 184.72 ns/day, 0.000935471 sec/step with standard deviation 2.67053e-05
ENERGY:  240000       408.9420      1130.5921      1109.0003        65.9458        -113727.8982      9522.8649         0.0000         0.0000     18555.6454         -82934.9076       301.6565   -101490.5530    -82913.0276       302.5124           -214.2841      -215.4440    300704.7857       -39.4229       -40.6210

TIMING: 245000  CPU: 227.286, 0.000893258/step  Wall: 229.179, 0.000899221/step, 192.166 ns/days, 0.0636948 hours remaining, 0.000000 MB of memory in use.
PERFORMANCE: 245000  averaging 184.866 ns/day, 0.000934731 sec/step with standard deviation 2.69283e-05
ENERGY:  245000       436.6600      1091.2362      1141.6478        65.0648        -114154.0963      9710.9375         0.0000         0.0000     18535.1269         -83173.4232       301.3229   -101708.5501    -82941.6723       302.2773            -18.8058       -23.3919    299906.2184       -29.4576       -30.7005

TIMING: 250000  CPU: 232.02, 0.000946847/step  Wall: 233.987, 0.000961562/step, 179.708 ns/days, 0.0667752 hours remaining, 0.000000 MB of memory in use.
PERFORMANCE: 250000  averaging 184.76 ns/day, 0.000935268 sec/step with standard deviation 2.69208e-05
ETITLE:      TS           BOND          ANGLE          DIHED          IMPRP               ELECT            VDW       BOUNDARY           MISC        KINETIC               TOTAL           TEMP      POTENTIAL       TOTALAVG        TEMPAVG            PRESSURE      GPRESSURE         VOLUME       PRESSAVG      GPRESSAVG

ENERGY:  250000       405.8954      1098.9032      1124.7883        66.9800        -114036.1932      9693.0257         0.0000         0.0000     18616.4576         -83030.1431       302.6451   -101646.6007    -82951.8463       302.3623            -29.4937       -32.2474    300605.4971       -22.4707       -24.0093

TIMING: 255000  CPU: 236.712, 0.000938484/step  Wall: 238.711, 0.00094473/step, 182.909 ns/days, 0.0642941 hours remaining, 0.000000 MB of memory in use.
PERFORMANCE: 255000  averaging 184.723 ns/day, 0.000935453 sec/step with standard deviation 2.66832e-05
ENERGY:  255000       416.4921      1108.6628      1130.7850        66.9560        -113972.6801      9669.1384         0.0000         0.0000     18702.4600         -82878.1858       304.0432   -101580.6458    -82934.5462       302.4770             32.0513        34.2190    299971.8835       -27.7629       -29.2714

TIMING: 260000  CPU: 241.189, 0.000895361/step  Wall: 243.215, 0.000900848/step, 191.819 ns/days, 0.0600565 hours remaining, 0.000000 MB of memory in use.
PERFORMANCE: 260000  averaging 184.855 ns/day, 0.000934788 sec/step with standard deviation 2.68526e-05
ENERGY:  260000       447.1348      1133.7169      1127.0885        76.9403        -113994.6034      9651.0071         0.0000         0.0000     18572.2299         -82986.4859       301.9261   -101558.7159    -82935.9349       302.4357            -31.1575       -28.1205    300174.5840       -31.3663       -32.7866

TIMING: 265000  CPU: 245.719, 0.000905977/step  Wall: 247.777, 0.00091241/step, 189.389 ns/days, 0.0595601 hours remaining, 0.000000 MB of memory in use.
PERFORMANCE: 265000  averaging 184.938 ns/day, 0.000934365 sec/step with standard deviation 2.67702e-05
ENERGY:  265000       419.6951      1139.0801      1113.2048        56.0776        -114361.1943      9965.3005         0.0000         0.0000     18587.5165         -83080.3198       302.1746   -101667.8363    -82947.2865       302.3349             99.1415       105.2249    301436.9874       -26.1189       -27.0812

TIMING: 270000  CPU: 250.615, 0.000979165/step  Wall: 252.725, 0.000989604/step, 174.615 ns/days, 0.0632247 hours remaining, 0.000000 MB of memory in use.
PERFORMANCE: 270000  averaging 184.736 ns/day, 0.000935388 sec/step with standard deviation 2.75613e-05
ENERGY:  270000       433.2372      1172.9043      1143.5893        79.1830        -114124.7249      9803.1182         0.0000         0.0000     18521.7734         -82970.9194       301.1058   -101492.6928    -82946.1973       302.3429            210.3684       208.8213    299902.1118        -6.9755        -8.2511

TIMING: 275000  CPU: 255.09, 0.000895003/step  Wall: 257.232, 0.00090144/step, 191.693 ns/days, 0.05634 hours remaining, 0.000000 MB of memory in use.
PERFORMANCE: 275000  averaging 184.858 ns/day, 0.000934771 sec/step with standard deviation 2.7686e-05
ENERGY:  275000       438.9631      1138.2595      1132.3335        71.8915        -114083.9127      9909.0171         0.0000         0.0000     18745.5106         -82647.9375       304.7431   -101393.4481    -82929.2878       302.4419            120.5018       117.7476    301241.5305        -4.4043        -5.7685

TIMING: 280000  CPU: 259.699, 0.000921916/step  Wall: 261.875, 0.0009285/step, 186.107 ns/days, 0.0567417 hours remaining, 0.000000 MB of memory in use.
PERFORMANCE: 280000  averaging 184.88 ns/day, 0.000934659 sec/step with standard deviation 2.7446e-05
ENERGY:  280000       398.7002      1142.5915      1117.6309        65.4913        -114307.3433      9979.8452         0.0000         0.0000     18434.0919         -83168.9923       299.6804   -101603.0842    -82963.0354       302.2768             81.0806        83.7977    300679.3547         4.1149         3.2089

TIMING: 285000  CPU: 264.521, 0.000964218/step  Wall: 266.727, 0.000970561/step, 178.041 ns/days, 0.0579641 hours remaining, 0.000000 MB of memory in use.
PERFORMANCE: 285000  averaging 184.756 ns/day, 0.000935289 sec/step with standard deviation 2.76124e-05
ENERGY:  285000       424.8447      1123.3869      1128.8475        81.6221        -113722.9913      9562.7116         0.0000         0.0000     18792.8981         -82608.6806       305.5135   -101401.5786    -82940.5634       302.4746           -249.8257      -243.1963    300861.9320       -15.7733       -16.2100

TIMING: 290000  CPU: 269.071, 0.00091006/step  Wall: 271.307, 0.000916022/step, 188.642 ns/days, 0.0534346 hours remaining, 0.000000 MB of memory in use.
PERFORMANCE: 290000  averaging 184.821 ns/day, 0.000934957 sec/step with standard deviation 2.74858e-05
ENERGY:  290000       430.5436      1147.1391      1122.4245        79.5803        -114407.5853     10094.9708         0.0000         0.0000     18621.1260         -82911.8010       302.7210   -101532.9269    -82940.3155       302.4567            350.4504       352.4631    299085.3010         6.3836         6.0488

TIMING: 295000  CPU: 273.574, 0.000900683/step  Wall: 275.946, 0.000927698/step, 186.267 ns/days, 0.0528273 hours remaining, 0.000000 MB of memory in use.
PERFORMANCE: 295000  averaging 184.846 ns/day, 0.000934834 sec/step with standard deviation 2.72642e-05
ENERGY:  295000       423.6997      1125.2185      1113.9691        64.5326        -114279.6786     10009.6886         0.0000         0.0000     18560.9099         -82981.6602       301.7421   -101542.5701    -82953.1991       302.3623            250.9526       249.2059    299390.9115         5.2906         4.8969

TIMING: 300000  CPU: 278.364, 0.00095799/step  Wall: 280.774, 0.000965511/step, 178.973 ns/days, 0.0536395 hours remaining, 0.000000 MB of memory in use.
PERFORMANCE: 300000  averaging 184.745 ns/day, 0.000935345 sec/step with standard deviation 2.73207e-05
ETITLE:      TS           BOND          ANGLE          DIHED          IMPRP               ELECT            VDW       BOUNDARY           MISC        KINETIC               TOTAL           TEMP      POTENTIAL       TOTALAVG        TEMPAVG            PRESSURE      GPRESSURE         VOLUME       PRESSAVG      GPRESSAVG

ENERGY:  300000       431.9702      1060.1415      1137.0400        74.1908        -113471.1266      9495.3003         0.0000         0.0000     18633.3373         -82639.1465       302.9195   -101272.4838    -82946.3379       302.4318           -193.7600      -193.0261    301339.6532        12.7628        12.5589

TIMING: 305000  CPU: 282.844, 0.000896018/step  Wall: 285.285, 0.000902334/step, 191.503 ns/days, 0.0488764 hours remaining, 0.000000 MB of memory in use.
PERFORMANCE: 305000  averaging 184.852 ns/day, 0.000934804 sec/step with standard deviation 2.74198e-05
ENERGY:  305000       420.6803      1147.9632      1115.6534        71.3980        -113999.4378      9746.1692         0.0000         0.0000     18591.7199         -82905.8537       302.2429   -101497.5737    -82950.2862       302.4170           -174.8596      -174.0495    300585.9689         8.5975         8.6416

TIMING: 310000  CPU: 287.353, 0.000901731/step  Wall: 289.824, 0.000907813/step, 190.348 ns/days, 0.0479123 hours remaining, 0.000000 MB of memory in use.
PERFORMANCE: 310000  averaging 184.938 ns/day, 0.000934369 sec/step with standard deviation 2.74093e-05
ENERGY:  310000       424.2894      1148.5432      1128.3150        68.0572        -113931.6545      9687.4883         0.0000         0.0000     18562.9676         -82911.9938       301.7755   -101474.9614    -82931.8709       302.4294           -209.1473      -209.9156    301595.9603        -9.1792        -9.0140

TIMING: 315000  CPU: 292.146, 0.000958651/step  Wall: 294.654, 0.000965937/step, 178.894 ns/days, 0.0496384 hours remaining, 0.000000 MB of memory in use.
PERFORMANCE: 315000  averaging 184.839 ns/day, 0.00093487 sec/step with standard deviation 2.74767e-05
ENERGY:  315000       413.6744      1155.4631      1116.2086        70.6107        -114278.1645      9862.4420         0.0000         0.0000     18515.3829         -83144.3828       301.0019   -101659.7657    -82927.0099       302.4077             56.7446        52.0818    299242.6219         2.8550         2.7380

TIMING: 320000  CPU: 296.758, 0.000922296/step  Wall: 299.296, 0.000928396/step, 186.128 ns/days, 0.0464198 hours remaining, 0.000000 MB of memory in use.
PERFORMANCE: 320000  averaging 184.859 ns/day, 0.000934768 sec/step with standard deviation 2.72698e-05
ENERGY:  320000       423.3738      1179.8908      1129.2237        59.9104        -114028.4388      9904.0667         0.0000         0.0000     18759.4609         -82572.5123       304.9699   -101331.9732    -82910.7827       302.5473            211.3440       212.5893    299504.6608        21.1026        21.2287

TIMING: 325000  CPU: 301.26, 0.000900386/step  Wall: 303.827, 0.000906215/step, 190.683 ns/days, 0.0440521 hours remaining, 0.000000 MB of memory in use.
PERFORMANCE: 325000  averaging 184.946 ns/day, 0.000934329 sec/step with standard deviation 2.72867e-05
ENERGY:  325000       428.1884      1088.6836      1108.4668        68.6614        -114266.2528      9839.2547         0.0000         0.0000     18574.3208         -83158.6772       301.9601   -101732.9980    -82919.8673       302.5067            186.3698       185.4913    300214.0414        29.9598        30.0431

TIMING: 330000  CPU: 305.871, 0.000922263/step  Wall: 308.468, 0.000928279/step, 186.151 ns/days, 0.0438354 hours remaining, 0.000000 MB of memory in use.
PERFORMANCE: 330000  averaging 184.964 ns/day, 0.000934238 sec/step with standard deviation 2.70863e-05
ENERGY:  330000       432.2596      1127.0475      1106.4849        84.7026        -114041.6524      9824.2360         0.0000         0.0000     18663.2108         -82803.7111       303.4052   -101466.9218    -82915.7050       302.5708              8.5672        13.3555    301287.1172        21.5951        22.0718

TIMING: 335000  CPU: 310.733, 0.000972426/step  Wall: 313.364, 0.000979083/step, 176.492 ns/days, 0.0448746 hours remaining, 0.000000 MB of memory in use.
PERFORMANCE: 335000  averaging 184.831 ns/day, 0.000934907 sec/step with standard deviation 2.74329e-05
ENERGY:  335000       420.0911      1103.5629      1125.8594        75.1858        -114164.9895      9892.6474         0.0000         0.0000     18742.0010         -82805.6418       304.6860   -101547.6428    -82915.7688       302.6118            187.4252       190.7036    299479.9872        33.6832        34.3155

TIMING: 340000  CPU: 315.228, 0.000898907/step  Wall: 317.892, 0.000905544/step, 190.825 ns/days, 0.0402464 hours remaining, 0.000000 MB of memory in use.
PERFORMANCE: 340000  averaging 184.917 ns/day, 0.000934475 sec/step with standard deviation 2.74593e-05
ENERGY:  340000       431.9466      1080.9563      1105.5094        70.2415        -114025.3213      9639.7021         0.0000         0.0000     18417.7476         -83279.2179       299.4147   -101696.9655    -82932.9843       302.4997           -295.4144      -292.2635    301730.7249        29.6267        30.4745

TIMING: 345000  CPU: 319.87, 0.000928375/step  Wall: 322.573, 0.000936231/step, 184.57 ns/days, 0.0403099 hours remaining, 0.000000 MB of memory in use.
PERFORMANCE: 345000  averaging 184.912 ns/day, 0.000934501 sec/step with standard deviation 2.72574e-05
ENERGY:  345000       416.5658      1159.5967      1118.2559        81.1745        -113850.6410      9751.7031         0.0000         0.0000     18539.8901         -82783.4549       301.4003   -101323.3450    -82913.4859       302.5035            -14.7489       -12.5313    302249.6190        29.8295        31.0175

TIMING: 350000  CPU: 324.651, 0.000956356/step  Wall: 327.39, 0.000963496/step, 179.347 ns/days, 0.0401457 hours remaining, 0.000000 MB of memory in use.
PERFORMANCE: 350000  averaging 184.83 ns/day, 0.000934915 sec/step with standard deviation 2.72802e-05
ETITLE:      TS           BOND          ANGLE          DIHED          IMPRP               ELECT            VDW       BOUNDARY           MISC        KINETIC               TOTAL           TEMP      POTENTIAL       TOTALAVG        TEMPAVG            PRESSURE      GPRESSURE         VOLUME       PRESSAVG      GPRESSAVG

ENERGY:  350000       452.4831      1123.6395      1111.0005        73.5804        -113825.9999      9792.7903         0.0000         0.0000     18605.3833         -82667.1228       302.4651   -101272.5061    -82895.3349       302.4945           -165.7250      -169.5014    301870.8678        23.0180        24.1548

TIMING: 355000  CPU: 329.197, 0.000909161/step  Wall: 331.965, 0.000914888/step, 188.876 ns/days, 0.0368497 hours remaining, 0.000000 MB of memory in use.
PERFORMANCE: 355000  averaging 184.885 ns/day, 0.000934633 sec/step with standard deviation 2.71888e-05
ENERGY:  355000       416.8258      1121.7852      1115.7611        63.0918        -114012.2486      9698.5685         0.0000         0.0000     18422.1068         -83174.1094       299.4856   -101596.2162    -82910.1310       302.2667             68.0619        70.6773    300020.8338        24.8185        25.9778

TIMING: 360000  CPU: 333.767, 0.000913982/step  Wall: 336.564, 0.000919852/step, 187.856 ns/days, 0.035772 hours remaining, 0.000000 MB of memory in use.
PERFORMANCE: 360000  averaging 184.926 ns/day, 0.000934427 sec/step with standard deviation 2.70527e-05
ENERGY:  360000       426.1886      1115.8660      1108.1202        71.7321        -114450.5629      9921.4841         0.0000         0.0000     18556.4508         -83250.7212       301.6696   -101807.1720    -82923.3428       302.2538            160.9932       163.1392    300189.0750        34.4260        35.5407

TIMING: 365000  CPU: 338.525, 0.000951544/step  Wall: 341.356, 0.00095851/step, 180.28 ns/days, 0.0359441 hours remaining, 0.000000 MB of memory in use.
PERFORMANCE: 365000  averaging 184.861 ns/day, 0.000934757 sec/step with standard deviation 2.70117e-05
ENERGY:  365000       419.7519      1177.5229      1088.1673        68.5503        -113803.8966      9577.1382         0.0000         0.0000     18931.9662         -82540.7997       307.7743   -101472.7659    -82896.3668       302.5338           -143.2235      -148.6280    301721.9265        22.3078        22.8481

TIMING: 370000  CPU: 343.013, 0.000897684/step  Wall: 345.874, 0.0009035/step, 191.256 ns/days, 0.0326264 hours remaining, 0.000000 MB of memory in use.
PERFORMANCE: 370000  averaging 184.944 ns/day, 0.000934335 sec/step with standard deviation 2.7071e-05
ENERGY:  370000       417.4754      1128.1539      1117.7036        69.1988        -114192.8055      9863.1708         0.0000         0.0000     18621.8050         -82975.2982       302.7320   -101597.1031    -82896.5857       302.6151            185.2435       178.9445    300830.7375        21.0515        21.3543

TIMING: 375000  CPU: 347.576, 0.00091262/step  Wall: 350.472, 0.000919652/step, 187.897 ns/days, 0.0319324 hours remaining, 0.000000 MB of memory in use.
PERFORMANCE: 375000  averaging 184.983 ns/day, 0.000934139 sec/step with standard deviation 2.69409e-05
ENERGY:  375000       429.3459      1151.1102      1135.7063        68.7849        -114189.8538      9896.9102         0.0000         0.0000     18678.3195         -82829.6767       303.6508   -101507.9962    -82905.6727       302.5605            317.3888       313.3771    299190.2748        30.8959        31.1357

TIMING: 380000  CPU: 352.345, 0.000953811/step  Wall: 355.273, 0.000960065/step, 179.988 ns/days, 0.0320022 hours remaining, 0.000000 MB of memory in use.
PERFORMANCE: 380000  averaging 184.916 ns/day, 0.00093448 sec/step with standard deviation 2.69254e-05
ENERGY:  380000       391.3502      1147.9966      1117.0616        69.0864        -114087.9192      9815.0250         0.0000         0.0000     18463.8185         -83083.5809       300.1637   -101547.3994    -82901.4021       302.5847            -73.6630       -73.8704    301002.1014        23.1587        23.2523

TIMING: 385000  CPU: 356.959, 0.000922751/step  Wall: 359.916, 0.000928651/step, 186.076 ns/days, 0.0296652 hours remaining, 0.000000 MB of memory in use.
PERFORMANCE: 385000  averaging 184.931 ns/day, 0.000934405 sec/step with standard deviation 2.67559e-05
ENERGY:  385000       441.3271      1095.7287      1131.5906        67.2163        -113981.5289      9815.0931         0.0000         0.0000     18593.9660         -82836.6072       302.2795   -101430.5731    -82912.7985       302.4230             59.7381        55.0073    299651.5546        38.6369        38.1625

TIMING: 390000  CPU: 361.458, 0.000899778/step  Wall: 364.442, 0.000905294/step, 190.877 ns/days, 0.0276618 hours remaining, 0.000000 MB of memory in use.
PERFORMANCE: 390000  averaging 185.004 ns/day, 0.000934031 sec/step with standard deviation 2.67852e-05
ENERGY:  390000       414.8222      1068.7788      1140.2391        68.0621        -113899.4055      9648.2549         0.0000         0.0000     18523.2347         -83036.0136       301.1296   -101559.2483    -82919.0091       302.3434           -196.8544      -195.2850    301069.6916        11.2716        10.7751

TIMING: 395000  CPU: 366.368, 0.000982037/step  Wall: 369.389, 0.000989407/step, 174.65 ns/days, 0.0288577 hours remaining, 0.000000 MB of memory in use.
PERFORMANCE: 395000  averaging 184.866 ns/day, 0.000934732 sec/step with standard deviation 2.73325e-05
ENERGY:  395000       442.1529      1173.7743      1121.9670        75.3679        -113926.8277      9755.1424         0.0000         0.0000     18668.7228         -82689.7006       303.4948   -101358.4234    -82904.4111       302.4310            -36.3938       -38.2406    300505.8378        -3.0957        -3.5972

TIMING: 400000  CPU: 371.042, 0.000934686/step  Wall: 374.092, 0.000940497/step, 183.733 ns/days, 0.0261249 hours remaining, 0.000000 MB of memory in use.
PERFORMANCE: 400000  averaging 184.852 ns/day, 0.000934804 sec/step with standard deviation 2.71666e-05
ETITLE:      TS           BOND          ANGLE          DIHED          IMPRP               ELECT            VDW       BOUNDARY           MISC        KINETIC               TOTAL           TEMP      POTENTIAL       TOTALAVG        TEMPAVG            PRESSURE      GPRESSURE         VOLUME       PRESSAVG      GPRESSAVG

ENERGY:  400000       434.3924      1177.6650      1122.5601        65.7226        -114049.2932     10082.9273         0.0000         0.0000     18483.9684         -82682.0575       300.4912   -101166.0259    -82906.5567       302.3096            293.9556       290.8895    301625.1053        21.2901        20.5986

TIMING: 405000  CPU: 375.523, 0.000896198/step  Wall: 378.601, 0.000901813/step, 191.614 ns/days, 0.0237978 hours remaining, 0.000000 MB of memory in use.
PERFORMANCE: 405000  averaging 184.932 ns/day, 0.000934397 sec/step with standard deviation 2.7244e-05
ENERGY:  405000       432.3457      1057.2394      1132.3915        76.6226        -113956.1764      9897.7598         0.0000         0.0000     18762.1777         -82597.6397       305.0140   -101359.8174    -82891.1460       302.4482            135.3331       136.2494    301756.2848        36.7997        36.1135

TIMING: 410000  CPU: 380.13, 0.000921561/step  Wall: 383.244, 0.000928605/step, 186.085 ns/days, 0.0232151 hours remaining, 0.000000 MB of memory in use.
PERFORMANCE: 410000  averaging 184.946 ns/day, 0.000934326 sec/step with standard deviation 2.70829e-05
ENERGY:  410000       431.7211      1141.6656      1129.1507        75.7990        -113956.7119      9737.7661         0.0000         0.0000     18454.9706         -82985.6388       300.0198   -101440.6094    -82894.8282       302.3604            -12.3216        -8.8925    301168.6674        46.6410        46.1647

TIMING: 415000  CPU: 384.898, 0.000953616/step  Wall: 388.046, 0.000960401/step, 179.925 ns/days, 0.0226761 hours remaining, 0.000000 MB of memory in use.
PERFORMANCE: 415000  averaging 184.884 ns/day, 0.000934641 sec/step with standard deviation 2.70689e-05
ENERGY:  415000       445.3020      1088.0722      1117.6096        62.8087        -114143.1397      9817.5325         0.0000         0.0000     18548.5767         -83063.2381       301.5416   -101611.8147    -82890.7710       302.3874            -23.8339       -22.3591    300886.7597        42.6121        42.4426

TIMING: 420000  CPU: 389.442, 0.000908746/step  Wall: 392.617, 0.00091429/step, 188.999 ns/days, 0.0203176 hours remaining, 0.000000 MB of memory in use.
PERFORMANCE: 420000  averaging 184.932 ns/day, 0.000934398 sec/step with standard deviation 2.69968e-05
ENERGY:  420000       435.8649      1096.8034      1111.1477        70.3774        -114046.8921      9753.8163         0.0000         0.0000     18635.1387         -82943.7437       302.9488   -101578.8823    -82909.3325       302.2863             62.4740        59.8969    300030.6179        35.1686        34.8080

TIMING: 425000  CPU: 394.039, 0.000919379/step  Wall: 397.242, 0.000924909/step, 186.829 ns/days, 0.0192689 hours remaining, 0.000000 MB of memory in use.
PERFORMANCE: 425000  averaging 184.954 ns/day, 0.000934287 sec/step with standard deviation 2.68554e-05
ENERGY:  425000       441.0021      1137.7372      1124.5245        66.5929        -113724.6578      9813.0464         0.0000         0.0000     18600.8121         -82540.9425       302.3907   -101141.7546    -82878.4458       302.3079            220.8759       217.6919    300964.9268        36.8939        36.4180

TIMING: 430000  CPU: 398.798, 0.000951741/step  Wall: 402.031, 0.000957892/step, 180.396 ns/days, 0.0186257 hours remaining, 0.000000 MB of memory in use.
PERFORMANCE: 430000  averaging 184.9 ns/day, 0.000934561 sec/step with standard deviation 2.6818e-05
ENERGY:  430000       461.4639      1110.9248      1132.6387        63.7142        -114149.5428      9848.1383         0.0000         0.0000     18733.5048         -82799.1582       304.5479   -101532.6630    -82878.2182       302.3650             25.0975        28.2906    300333.2751        37.7204        37.1648

TIMING: 435000  CPU: 403.278, 0.000895991/step  Wall: 406.539, 0.000901459/step, 191.689 ns/days, 0.0162763 hours remaining, 0.000000 MB of memory in use.
PERFORMANCE: 435000  averaging 184.975 ns/day, 0.000934181 sec/step with standard deviation 2.68968e-05
ENERGY:  435000       466.5771      1141.0391      1126.9710        79.8242        -113899.1995      9660.4960         0.0000         0.0000     18580.2453         -82844.0466       302.0564   -101424.2920    -82880.1384       302.2335           -169.4299      -165.5268    299745.1252        19.8777        19.3533

TIMING: 440000  CPU: 407.776, 0.000899627/step  Wall: 411.158, 0.000923954/step, 187.022 ns/days, 0.0153992 hours remaining, 0.000000 MB of memory in use.
PERFORMANCE: 440000  averaging 184.998 ns/day, 0.000934064 sec/step with standard deviation 2.6764e-05
ENERGY:  440000       476.5884      1137.8263      1127.1179        63.2795        -113895.9252      9753.6738         0.0000         0.0000     18738.4298         -82599.0096       304.6280   -101337.4393    -82846.1280       302.4942             35.6855        34.8946    300632.5619        36.4327        35.7112

TIMING: 445000  CPU: 412.524, 0.000949646/step  Wall: 415.94, 0.000956271/step, 180.702 ns/days, 0.0146097 hours remaining, 0.000000 MB of memory in use.
PERFORMANCE: 445000  averaging 184.949 ns/day, 0.000934314 sec/step with standard deviation 2.67154e-05
ENERGY:  445000       424.7281      1110.9171      1125.7299        81.6206        -113903.6744      9622.0586         0.0000         0.0000     18643.1578         -82895.4623       303.0792   -101538.6201    -82851.7284       302.5781           -153.8118      -158.1491    299525.2934        29.4795        28.4303

TIMING: 450000  CPU: 417.028, 0.000900711/step  Wall: 420.473, 0.000906652/step, 190.591 ns/days, 0.0125924 hours remaining, 0.000000 MB of memory in use.
PERFORMANCE: 450000  averaging 185.009 ns/day, 0.000934007 sec/step with standard deviation 2.67244e-05
ETITLE:      TS           BOND          ANGLE          DIHED          IMPRP               ELECT            VDW       BOUNDARY           MISC        KINETIC               TOTAL           TEMP      POTENTIAL       TOTALAVG        TEMPAVG            PRESSURE      GPRESSURE         VOLUME       PRESSAVG      GPRESSAVG

ENERGY:  450000       447.1643      1143.5175      1133.8651        65.0267        -113672.2403      9614.5766         0.0000         0.0000     18484.4994         -82783.5906       300.4999   -101268.0899    -82857.5517       302.4799           -158.6053      -159.8665    300320.4940        29.8355        28.9120

TIMING: 455000  CPU: 421.637, 0.000921878/step  Wall: 425.117, 0.000928773/step, 186.052 ns/days, 0.0116097 hours remaining, 0.000000 MB of memory in use.
PERFORMANCE: 455000  averaging 185.021 ns/day, 0.000933949 sec/step with standard deviation 2.65812e-05
ENERGY:  455000       418.1189      1115.8782      1101.1609        75.3378        -114068.4763      9792.5262         0.0000         0.0000     18465.8792         -83099.5751       300.1972   -101565.4543    -82853.8250       302.5154              7.8666        12.6352    300720.9411        26.8257        26.0099

TIMING: 460000  CPU: 426.236, 0.000919756/step  Wall: 429.792, 0.000934947/step, 184.823 ns/days, 0.0103883 hours remaining, 0.000000 MB of memory in use.
PERFORMANCE: 460000  averaging 185.019 ns/day, 0.00093396 sec/step with standard deviation 2.6435e-05
ENERGY:  460000       427.5320      1158.7497      1112.2422        67.5382        -113603.7286      9473.8657         0.0000         0.0000     18539.0773         -82824.7234       301.3871   -101363.8007    -82832.5251       302.5013           -353.7656      -354.6396    301246.4352         1.0878         0.1210

TIMING: 465000  CPU: 430.806, 0.000913957/step  Wall: 434.4, 0.000921764/step, 187.467 ns/days, 0.0089616 hours remaining, 0.000000 MB of memory in use.
PERFORMANCE: 465000  averaging 185.045 ns/day, 0.000933829 sec/step with standard deviation 2.63213e-05
ENERGY:  465000       436.1620      1076.5719      1113.5328        72.4306        -113806.5878      9526.4174         0.0000         0.0000     18618.8369         -82962.6363       302.6838   -101581.4732    -82853.6170       302.2468           -293.6655      -292.8122    300308.5267        -6.4343        -7.0882

TIMING: 470000  CPU: 435.298, 0.000898484/step  Wall: 438.927, 0.000905383/step, 190.858 ns/days, 0.00754486 hours remaining, 0.000000 MB of memory in use.
PERFORMANCE: 470000  averaging 185.105 ns/day, 0.000933526 sec/step with standard deviation 2.63433e-05
ENERGY:  470000       466.3716      1149.8553      1110.9339        73.9751        -114081.2551      9697.5725         0.0000         0.0000     18541.6528         -83040.8939       301.4290   -101582.5467    -82856.8968       302.1816           -276.6238      -277.2972    300686.4739       -29.5277       -29.9003

TIMING: 475000  CPU: 439.905, 0.000921312/step  Wall: 443.566, 0.000927822/step, 186.243 ns/days, 0.00644321 hours remaining, 0.000000 MB of memory in use.
PERFORMANCE: 475000  averaging 185.117 ns/day, 0.000933466 sec/step with standard deviation 2.62093e-05
ENERGY:  475000       426.4895      1117.2080      1139.6653        65.1442        -114290.3898      9905.7797         0.0000         0.0000     18576.4278         -83059.6754       301.9943   -101636.1032    -82868.3967       302.0988           -148.9073      -148.7788    301744.2916       -52.8425       -53.0081

TIMING: 480000  CPU: 444.661, 0.000951208/step  Wall: 448.366, 0.000960001/step, 180 ns/days, 0.00533334 hours remaining, 0.000000 MB of memory in use.
PERFORMANCE: 480000  averaging 185.062 ns/day, 0.000933743 sec/step with standard deviation 2.62113e-05
ENERGY:  480000       414.1371      1102.9018      1118.5431        63.7434        -113996.6582      9753.9089         0.0000         0.0000     18434.0164         -83109.4074       299.6792   -101543.4238    -82869.6880       302.0746            -41.6159       -44.5401    300494.9683       -51.2401       -51.5416

TIMING: 485000  CPU: 449.186, 0.000905038/step  Wall: 452.924, 0.000911527/step, 189.572 ns/days, 0.00379803 hours remaining, 0.000000 MB of memory in use.
PERFORMANCE: 485000  averaging 185.107 ns/day, 0.000933514 sec/step with standard deviation 2.61718e-05
ENERGY:  485000       412.6316      1107.7245      1103.6869        79.9169        -114142.1743      9699.1671         0.0000         0.0000     18802.0034         -82937.0439       305.6615   -101739.0473    -82874.7098       302.2437            -92.4177       -84.5030    300144.0568       -58.8479       -58.5171

TIMING: 490000  CPU: 453.797, 0.000922223/step  Wall: 457.578, 0.000930872/step, 185.632 ns/days, 0.00258575 hours remaining, 0.000000 MB of memory in use.
PERFORMANCE: 490000  averaging 185.112 ns/day, 0.000933487 sec/step with standard deviation 2.60379e-05
ENERGY:  490000       430.8805      1144.3794      1124.2208        72.4577        -114412.9317      9945.6222         0.0000         0.0000     18577.5465         -83117.8248       302.0125   -101695.3712    -82878.8004       302.2878            245.8650       249.1828    299325.4626       -36.7119       -36.2937

TIMING: 495000  CPU: 458.534, 0.000947478/step  Wall: 462.36, 0.000956352/step, 180.687 ns/days, 0.00132827 hours remaining, 0.000000 MB of memory in use.
PERFORMANCE: 495000  averaging 185.067 ns/day, 0.000933718 sec/step with standard deviation 2.60065e-05
ENERGY:  495000       448.1271      1195.4346      1107.2724        69.5687        -114298.3066      9904.4686         0.0000         0.0000     18723.9067         -82849.5285       304.3919   -101573.4352    -82886.7918       302.3327             94.6415        84.7547    299873.8016       -30.1602       -30.1440

TIMING: 500000  CPU: 463.054, 0.000904022/step  Wall: 466.909, 0.00090971/step, 189.951 ns/days, 0 hours remaining, 0.000000 MB of memory in use.
PERFORMANCE: 500000  averaging 185.114 ns/day, 0.000933477 sec/step with standard deviation 2.5986e-05
ETITLE:      TS           BOND          ANGLE          DIHED          IMPRP               ELECT            VDW       BOUNDARY           MISC        KINETIC               TOTAL           TEMP      POTENTIAL       TOTALAVG        TEMPAVG            PRESSURE      GPRESSURE         VOLUME       PRESSAVG      GPRESSAVG

ENERGY:  500000       473.6584      1154.6585      1119.6570        67.9292        -113874.3524      9525.0646         0.0000         0.0000     18767.2729         -82766.1118       305.0969   -101533.3846    -82890.9945       302.5630           -422.6286      -420.1517    301181.4718       -65.9894       -65.6960

WRITING EXTENDED SYSTEM TO OUTPUT FILE AT STEP 500000
WRITING COORDINATES TO OUTPUT FILE AT STEP 500000
The last position output (seq=-2) takes 0.057 seconds, 0.000 MB of memory in use
WRITING VELOCITIES TO OUTPUT FILE AT STEP 500000
The last velocity output (seq=-2) takes 0.039 seconds, 0.000 MB of memory in use
====================================================

WallClock: 467.423584  CPUTime: 455.646637  Memory: 0.000000 MB
[Partition 0][Node 0] End of program
