Charm++> Running on MPI library: Open MPI v4.1.5a1, package: Open MPI software@d001.sol.rc.asu.edu Distribution, ident: 4.1.5a1, repo rev: v4.1.4-32-g5abd86cc8c, Unreleased developer copy (MPI standard: 3.1)
Charm++> Level of thread support used: MPI_THREAD_FUNNELED (desired: MPI_THREAD_FUNNELED)
Charm++> Running in SMP mode: 1 processes, 45 worker threads (PEs) + 1 comm threads per process, 45 PEs total
Charm++> The comm. thread both sends and receives messages
Charm++> Using recursive bisection (scheme 3) for topology aware partitions
Converse/Charm++ Commit ID: v8.0.1-devel-35-gf310838d5
Charm++ communication thread will sleep due to single-process run.
CharmLB> Load balancer assumes all CPUs are same.
Charm++> cpu affinity enabled. 
Charm++> Running on 1 hosts (2 sockets x 24 cores x 1 PUs = 48-way SMP)
Charm++> cpu topology info is gathered in 0.003 seconds.
Info: Built with CUDA version 12090
Pe 4 physical rank 4 will use CUDA device of pe 32
Pe 5 physical rank 5 will use CUDA device of pe 32
Pe 1 physical rank 1 will use CUDA device of pe 32
Pe 2 physical rank 2 will use CUDA device of pe 32
Pe 3 physical rank 3 will use CUDA device of pe 32
Pe 22 physical rank 22 will use CUDA device of pe 32
Pe 18 physical rank 18 will use CUDA device of pe 32
Pe 21 physical rank 21 will use CUDA device of pe 32
Pe 20 physical rank 20 will use CUDA device of pe 32
Pe 19 physical rank 19 will use CUDA device of pe 32
Pe 10 physical rank 10 will use CUDA device of pe 32
Pe 7 physical rank 7 will use CUDA device of pe 32
Pe 8 physical rank 8 will use CUDA device of pe 32
Pe 11 physical rank 11 will use CUDA device of pe 32
Pe 6 physical rank 6 will use CUDA device of pe 32
Pe 9 physical rank 9 will use CUDA device of pe 32
Pe 42 physical rank 42 will use CUDA device of pe 32
Pe 43 physical rank 43 will use CUDA device of pe 32
Pe 40 physical rank 40 will use CUDA device of pe 32
Pe 41 physical rank 41 will use CUDA device of pe 32
Pe 44 physical rank 44 will use CUDA device of pe 32
Pe 17 physical rank 17 will use CUDA device of pe 32
Pe 16 physical rank 16 will use CUDA device of pe 32
Pe 14 physical rank 14 will use CUDA device of pe 32
Pe 15 physical rank 15 will use CUDA device of pe 32
Pe 29 physical rank 29 will use CUDA device of pe 32
Pe 34 physical rank 34 will use CUDA device of pe 32
Pe 30 physical rank 30 will use CUDA device of pe 32
Pe 33 physical rank 33 will use CUDA device of pe 32
Pe 31 physical rank 31 will use CUDA device of pe 32
Pe 26 physical rank 26 will use CUDA device of pe 32
Pe 27 physical rank 27 will use CUDA device of pe 32
Pe 28 physical rank 28 will use CUDA device of pe 32
Pe 23 physical rank 23 will use CUDA device of pe 32
Pe 24 physical rank 24 will use CUDA device of pe 32
Pe 32 physical rank 32 binding to CUDA device 0 on sg044: 'NVIDIA A100-SXM4-80GB'  Mem: 81152MB  Rev: 8.0  PCI: 0:1:0
Pe 0 physical rank 0 will use CUDA device of pe 32
Pe 35 physical rank 35 will use CUDA device of pe 32
Pe 36 physical rank 36 will use CUDA device of pe 32
Pe 25 physical rank 25 will use CUDA device of pe 32
Pe 37 physical rank 37 will use CUDA device of pe 32
Pe 13 physical rank 13 will use CUDA device of pe 32
Pe 12 physical rank 12 will use CUDA device of pe 32
Pe 38 physical rank 38 will use CUDA device of pe 32
Pe 39 physical rank 39 will use CUDA device of pe 32
CharmLB> Load balancing instrumentation for communication is off.
Info: NAMD 3.1alpha4pre for Linux-x86_64-MPI-smp-CUDA
Info: 
Info: Please visit http://www.ks.uiuc.edu/Research/namd/
Info: for updates, documentation, and support information.
Info: 
Info: Please cite Phillips et al., J. Chem. Phys. 153:044130 (2020) doi:10.1063/5.0014475
Info: in all publications reporting results obtained with NAMD.
Info: 
Info: Based on Charm++/Converse 80001 for mpi-linux-x86_64
Info: Built Fri Apr 17 06:27:28 MST 2026 by athiru12 on sg013
Info: Source code at Git commit ID 0de8a9017a5e517ce3382a552ac4a3debb0beccb
Info: 1 NAMD  3.1alpha4pre  Linux-x86_64-MPI-smp-CUDA  45    sg044  athiru12
Info: Running on 45 processors, 1 nodes, 1 physical nodes.
Info: CPU topology information available.
Info: Charm++/Converse parallel runtime startup completed at 2.98694 s
CkLoopLib is used in SMP with simple dynamic scheduling (converse-level notification)
Info: 0 MB of memory in use based on /proc/self/stat
Info: Configuration file is input/step5_streaming_streaming_run_2.inp
Info: Changed directory to input
TCL: Suspending until startup complete.
Warning: Option "1-4scaling" has been deprecated. Instead use "oneFourScaling".
Info: EXTENDED SYSTEM FILE   ../output/vanilla/performance/equil/1-0-40/run-1/step4_equilibration.xsc
Info: Tuning parameters to improve GPU-resident performance
Info: Setting margin to 4
Warning: The Langevin gamma parameters differ over the particles,
Warning: requiring extra work per step to constrain rigid bonds.
Info: Enabling PMEOffload because PMEInterpOrder > 4.
Info: Running with GPU-resident mode
Warning: Always using force tables for GPU nonbonded kernel due to unsupported config parameters.
Info: SIMULATION PARAMETERS:
Info: TIMESTEP               2
Info: NUMBER OF STEPS        500000
Info: STEPS PER CYCLE        20
Info: PERIODIC CELL BASIS 1  69 0 0
Info: PERIODIC CELL BASIS 2  0 69 0
Info: PERIODIC CELL BASIS 3  0 0 69
Info: PERIODIC CELL CENTER   0 0 0
Info: WRAPPING WATERS AROUND PERIODIC BOUNDARIES ON OUTPUT.
Info: WRAPPING ALL CLUSTERS AROUND PERIODIC BOUNDARIES ON OUTPUT.
Info: LOAD BALANCER  Centralized
Info: LOAD BALANCING STRATEGY  New Load Balancers -- DEFAULT
Info: LDB PERIOD             4000 steps
Info: FIRST LDB TIMESTEP     100
Info: LAST LDB TIMESTEP     -1
Info: LDB BACKGROUND SCALING 1
Info: HOM BACKGROUND SCALING 1
Info: PME BACKGROUND SCALING 1
Warning: OVERRIDING NOPATCH SETTING. Not supported with GPUresident on
Info: MIN ATOMS PER PATCH    40
Info: EMPTY PATCH LOAD       40 ATOMS
Info: VELOCITY FILE          ../output/vanilla/performance/equil/1-0-40/run-1/step4_equilibration.vel
Info: CENTER OF MASS MOVING INITIALLY? NO
Info: DIELECTRIC             1
Info: EXCLUDE                SCALED ONE-FOUR
Info: 1-4 ELECTROSTATICS SCALED BY 1
Info: MODIFIED 1-4 VDW PARAMETERS WILL BE USED
Info: NO DCD TRAJECTORY OUTPUT
Info: NO EXTENDED SYSTEM TRAJECTORY OUTPUT
Info: NO VELOCITY DCD OUTPUT
Info: NO FORCE DCD OUTPUT
Info: OUTPUT FILENAME        ../output/streaming/performance/prod/1-1-45/frequency-5000/run-2/step5_streaming
Info: BINARY OUTPUT FILES WILL BE USED
Info: NO RESTART FILE
Info: NAMD will save positions and velocities to ../output/streaming/performance/prod/1-1-45/frequency-5000/run-2/step5_streaming.crash.csv when  atoms are moving too fast.
Info: SWITCHING ACTIVE
Info: VDW FORCE SWITCHING ACTIVE
Info: SWITCHING ON           10
Info: SWITCHING OFF          12
Info: PAIRLIST DISTANCE      16
Info: PAIRLIST SHRINK RATE   0.01
Info: PAIRLIST GROW RATE     0.01
Info: PAIRLIST TRIGGER       0.3
Info: PAIRLISTS PER CYCLE    2
Info: PAIRLISTS ENABLED
Info: MARGIN                 4
Info: HYDROGEN GROUP CUTOFF  2.5
Info: PATCH DIMENSION        22.5
Info: ENERGY OUTPUT STEPS    5000
Info: ENERGY EVALUATION STEPS    5000
Info: OUTPUT ENERGY PRECISION 4
Info: CROSSTERM ENERGY INCLUDED IN DIHEDRAL
Info: TIMING OUTPUT STEPS    5000
Info: INTERACTIVE MD ACTIVE
Info: INTERACTIVE MD VERSION    3
Info: INTERACTIVE MD PORT    8889
Info: INTERACTIVE MD FREQ    5000
Info: WILL AWAIT INTERACTIVE MD CONNECTION
Info: INTERACTIVE MD WILL SEND THE FOLLOWING:
Info: WRAPPED COORDINATES
Info: LANGEVIN DYNAMICS ACTIVE
Info: LANGEVIN TEMPERATURE   303.15
Info: LANGEVIN USING BBK INTEGRATOR
Info: LANGEVIN DAMPING COEFFICIENT IS 1 INVERSE PS
Info: LANGEVIN DYNAMICS NOT APPLIED TO HYDROGENS
Info: LANGEVIN PISTON PRESSURE CONTROL ACTIVE
Info:        TARGET PRESSURE IS 1.01325 BAR
Info:     OSCILLATION PERIOD IS 50 FS
Info:             DECAY TIME IS 25 FS
Info:     PISTON TEMPERATURE IS 303.15 K
Info:       PRESSURE CONTROL IS GROUP-BASED
Info:    INITIAL STRAIN RATE IS 0 0 0
Info:       CELL FLUCTUATION IS ISOTROPIC
Info: PARTICLE MESH EWALD (PME) ACTIVE
Info: PME TOLERANCE               1e-06
Info: PME EWALD COEFFICIENT       0.257952
Info: PME INTERPOLATION ORDER     6
Info: PME GRID DIMENSIONS         72 72 72
Info: PME MAXIMUM GRID SPACING    1
Info: PME RECIPROCAL SUM OFFLOADED TO GPU
Info: PME CALCULATION WILL BE PERFORMED ON GPU
Info: FULL ELECTROSTATIC EVALUATION FREQUENCY      1
Info: USING VERLET I (r-RESPA) MTS SCHEME.
Info: C1 SPLITTING OF LONG RANGE ELECTROSTATICS
Info: PLACING ATOMS IN PATCHES BY HYDROGEN GROUPS
Info: RIGID BONDS TO HYDROGEN : ALL
Info:         ERROR TOLERANCE : 1e-08
Info:          MAX ITERATIONS : 100
Info: RIGID WATER USING SETTLE ALGORITHM
Info: RANDOM NUMBER SEED     1776750255
Info: USE HYDROGEN BONDS?    NO
Info: COORDINATE PDB         step3_input.pdb
Info: STRUCTURE FILE         step3_input.psf
Info: PARAMETER file: CHARMM format! 
Info: PARAMETERS             toppar/par_all36m_prot.prm
Info: PARAMETERS             toppar/par_all36_na.prm
Info: PARAMETERS             toppar/par_all36_carb.prm
Info: PARAMETERS             toppar/par_all36_lipid.prm
Info: PARAMETERS             toppar/par_all36_cgenff.prm
Info: PARAMETERS             toppar/par_interface.prm
Info: PARAMETERS             toppar/toppar_all36_moreions.str
Info: PARAMETERS             toppar/toppar_all36_nano_lig.str
Info: PARAMETERS             toppar/toppar_all36_nano_lig_patch.str
Info: PARAMETERS             toppar/toppar_all36_synthetic_polymer.str
Info: PARAMETERS             toppar/toppar_all36_synthetic_polymer_patch.str
Info: PARAMETERS             toppar/toppar_all36_polymer_solvent.str
Info: PARAMETERS             toppar/toppar_water_ions.str
Info: PARAMETERS             toppar/toppar_dum_noble_gases.str
Info: PARAMETERS             toppar/toppar_ions_won.str
Info: PARAMETERS             toppar/cam.str
Info: PARAMETERS             toppar/toppar_all36_prot_arg0.str
Info: PARAMETERS             toppar/toppar_all36_prot_c36m_d_aminoacids.str
Info: PARAMETERS             toppar/toppar_all36_prot_fluoro_alkanes.str
Info: PARAMETERS             toppar/toppar_all36_prot_heme.str
Info: PARAMETERS             toppar/toppar_all36_prot_na_combined.str
Info: PARAMETERS             toppar/toppar_all36_prot_retinol.str
Info: PARAMETERS             toppar/toppar_all36_prot_model.str
Info: PARAMETERS             toppar/toppar_all36_prot_modify_res.str
Info: PARAMETERS             toppar/toppar_all36_na_nad_ppi.str
Info: PARAMETERS             toppar/toppar_all36_na_rna_modified.str
Info: PARAMETERS             toppar/toppar_all36_lipid_sphingo.str
Info: PARAMETERS             toppar/toppar_all36_lipid_archaeal.str
Info: PARAMETERS             toppar/toppar_all36_lipid_bacterial.str
Info: PARAMETERS             toppar/toppar_all36_lipid_cardiolipin.str
Info: PARAMETERS             toppar/toppar_all36_lipid_cholesterol.str
Info: PARAMETERS             toppar/toppar_all36_lipid_dag.str
Info: PARAMETERS             toppar/toppar_all36_lipid_inositol.str
Info: PARAMETERS             toppar/toppar_all36_lipid_lnp.str
Info: PARAMETERS             toppar/toppar_all36_lipid_lps.str
Info: PARAMETERS             toppar/toppar_all36_lipid_mycobacterial.str
Info: PARAMETERS             toppar/toppar_all36_lipid_miscellaneous.str
Info: PARAMETERS             toppar/toppar_all36_lipid_model.str
Info: PARAMETERS             toppar/toppar_all36_lipid_prot.str
Info: PARAMETERS             toppar/toppar_all36_lipid_tag.str
Info: PARAMETERS             toppar/toppar_all36_lipid_yeast.str
Info: PARAMETERS             toppar/toppar_all36_lipid_hmmm.str
Info: PARAMETERS             toppar/toppar_all36_lipid_detergent.str
Info: PARAMETERS             toppar/toppar_all36_lipid_ether.str
Info: PARAMETERS             toppar/toppar_all36_lipid_oxidized.str
Info: PARAMETERS             toppar/toppar_all36_carb_glycolipid.str
Info: PARAMETERS             toppar/toppar_all36_carb_glycopeptide.str
Info: PARAMETERS             toppar/toppar_all36_carb_imlab.str
Info: PARAMETERS             toppar/toppar_all36_label_spin.str
Info: PARAMETERS             toppar/toppar_all36_label_fluorophore.str
Info: USING ARITHMETIC MEAN TO COMBINE L-J SIGMA PARAMETERS
Info: BINARY COORDINATES     ../output/vanilla/performance/equil/1-0-40/run-1/step4_equilibration.coor
Warning: SKIPPING PART OF PARAMETER FILE AFTER RETURN STATEMENT

Warning: DUPLICATE DIHEDRAL ENTRY FOR HAL1-CTO1-C-NHL
PREVIOUS VALUES MULTIPLICITY: 1
  k=0  n=1  delta=0INCREASING MULTIPLICITY TO: 2
  k=0  n=3  delta=0

Warning: DUPLICATE DIHEDRAL ENTRY FOR HAL1-CTO1-C-O
PREVIOUS VALUES MULTIPLICITY: 1
  k=0  n=1  delta=0INCREASING MULTIPLICITY TO: 2
  k=0  n=2  delta=3.14159
Warning: SKIPPING PART OF PARAMETER FILE AFTER RETURN STATEMENT

Warning: DUPLICATE DIHEDRAL ENTRY FOR CTL2-CG2O5-CTL1-CTL3
PREVIOUS VALUES MULTIPLICITY: 1
  k=0.75  n=1  delta=0  k=0.18  n=2  delta=3.14159INCREASING MULTIPLICITY TO: 3
  k=0.065  n=3  delta=0

Warning: DUPLICATE BOND ENTRY FOR CEL1-CL
PREVIOUS VALUES  k=440  x0=1.489
   USING VALUES  k=300  x0=1.48
Info: SUMMARY OF PARAMETERS:
Info: 1988 BONDS
Info: 6776 ANGLES
Info: 19939 DIHEDRAL
Info: 430 IMPROPER
Info: 28 CROSSTERM
Info: 751 VDW
Info: 122 VDW_PAIRS
Info: 0 NBTHOLE_PAIRS
Warning: Ignored 9467 bonds with zero force constants.
Warning: Will get H-H distance in rigid H2O from H-O-H angle.
Info: No lone pairs detected in waters
Info: TIME FOR READING PSF FILE: 0.0664316
Info: Reading pdb file step3_input.pdb
Info: TIME FOR READING PDB FILE: 0.0291666
Info: 
Info: ****************************
Info: STRUCTURE SUMMARY:
Info: 30423 ATOMS
Info: 20918 BONDS
Info: 13014 ANGLES
Info: 5187 DIHEDRALS
Info: 373 IMPROPERS
Info: 127 CROSSTERMS
Info: 0 EXCLUSIONS
Info: 29360 RIGID BONDS
Info: 61909 DEGREES OF FREEDOM
Info: 10530 HYDROGEN GROUPS
Info: 4 ATOMS IN LARGEST HYDROGEN GROUP
Info: 10530 MIGRATION GROUPS
Info: 4 ATOMS IN LARGEST MIGRATION GROUP
Info: TOTAL MASS = 186727 amu
Info: TOTAL CHARGE = 1.31875e-06 e
Info: MASS DENSITY = 0.943883 g/cm^3
Info: ATOM DENSITY = 0.0926093 atoms/A^3
Info: *****************************
Info: Reading from binary file ../output/vanilla/performance/equil/1-0-40/run-1/step4_equilibration.coor
Info: 
Info: Entering startup at 3.23768 s, 0 MB of memory in use
Info: Startup phase 0 took 0.000967879 s, 0 MB of memory in use
Info: ADDED 39038 IMPLICIT EXCLUSIONS
Info: Startup phase 1 took 0.00670849 s, 0 MB of memory in use
Info: NONBONDED TABLE R-SQUARED SPACING: 0.0625
Info: NONBONDED TABLE SIZE: 769 POINTS
Info: INCONSISTENCY IN FAST TABLE ENERGY VS FORCE: 0.000325096 AT 11.9556
Info: INCONSISTENCY IN SCOR TABLE ENERGY VS FORCE: 0.000324844 AT 11.9556
Info: INCONSISTENCY IN VDWA TABLE ENERGY VS FORCE: 0.0040507 AT 0.251946
Info: INCONSISTENCY IN VDWB TABLE ENERGY VS FORCE: 0.00150189 AT 0.251946
Info: Startup phase 2 took 0.0290754 s, 0 MB of memory in use
Info: Startup phase 3 took 0.000182364 s, 0 MB of memory in use
Info: Startup phase 4 took 0.00143675 s, 0 MB of memory in use
Info: Startup phase 5 took 0.000173808 s, 0 MB of memory in use
Info: REDUCING NUMBER OF PATCHES TO IMPROVE LOAD BALANCE
Info: PATCH GRID IS 5 (PERIODIC) BY 3 (PERIODIC) BY 3 (PERIODIC)
Info: PATCH GRID IS 2-AWAY BY 1-AWAY BY 1-AWAY
Info: Reading from binary file ../output/vanilla/performance/equil/1-0-40/run-1/step4_equilibration.vel
Info: REMOVING COM VELOCITY -0.0158458 -0.019888 0.00968242
Info: LARGEST PATCH (22) HAS 800 ATOMS
Info: TORUS A SIZE 1 USING 0
Info: TORUS B SIZE 1 USING 0
Info: TORUS C SIZE 1 USING 0
Info: TORUS MINIMAL MESH SIZE IS 1 BY 1 BY 1
Info: Placed 100% of base nodes on same physical node as patch
Info: Startup phase 6 took 0.0285331 s, 0 MB of memory in use
Info: Use 3D box decompostion in PME FFT.
Info: PME using 1 x 1 x 1 pencil grid for FFT and reciprocal sum.
Info: Startup phase 7 took 0.000940797 s, 0 MB of memory in use
Info: Updated CUDA force table with 4096 elements.
Info: Updated CUDA LJ table with 751 x 751 elements.
Info: Startup phase 8 took 0.00599707 s, 0 MB of memory in use
Info: Startup phase 9 took 0.000185511 s, 0 MB of memory in use
Info: Startup phase 10 took 0.000156265 s, 0 MB of memory in use
Info: Startup phase 11 took 0.0126545 s, 0 MB of memory in use
LDB: Central LB being created...
Info: Startup phase 12 took 0.0557574 s, 0 MB of memory in use
Info: Startup phase 13 took 0.000188376 s, 0 MB of memory in use
Info: Startup phase 14 took 0.00265394 s, 0 MB of memory in use
Info: Startup phase 15 took 0.000167507 s, 0 MB of memory in use
Info: CREATING 1755 COMPUTE OBJECTS
Info: Interactive MD listening on port 8889.
Info: Found 268 unique exclusion lists needing 4316 bytes
Info: Startup phase 16 took 0.0750079 s, 0 MB of memory in use
Info: useSync: 0 useProxySync: 0
Info: Startup phase 17 took 0.000181724 s, 0 MB of memory in use
Info: Startup phase 18 took 4.8131e-05 s, 0 MB of memory in use
Info: Finished startup at 3.45869 s, 0 MB of memory in use

TCL: Original numsteps 500000 will be ignored.
TCL: Running for 500000 steps
Info: INTERACTIVE MD AWAITING CONNECTION
Warning: IMD protocol version 3 detected
Info: IMD connection opened
ETITLE:      TS           BOND          ANGLE          DIHED          IMPRP               ELECT            VDW       BOUNDARY           MISC        KINETIC               TOTAL           TEMP      POTENTIAL       TOTALAVG        TEMPAVG            PRESSURE      GPRESSURE         VOLUME       PRESSAVG      GPRESSAVG

ENERGY:       0       390.0165      1067.9379      1155.8548        69.8147        -111518.5693      9145.1384         0.0000         0.0000     18338.1923         -81351.6148       298.1214    -99689.8070    -81351.6148       298.1214          -1454.3547     -1453.0519    328509.0000     -1454.3547     -1453.0519

Info: Initial time: 45 CPUs 0.0015061 s/step 114.734 ns/day 0 MB memory
Info: Initial time: 45 CPUs 0.00117738 s/step 146.767 ns/day 0 MB memory
Info: Initial time: 45 CPUs 0.00106556 s/step 162.169 ns/day 0 MB memory
Info: Benchmark time: 45 CPUs 0.00112314 s/step 153.854 ns/day 0 MB memory
Info: Benchmark time: 45 CPUs 0.00111376 s/step 155.15 ns/day 0 MB memory
Info: Benchmark time: 45 CPUs 0.00200117 s/step 86.3496 ns/day 0 MB memory
Info: Benchmark time: 45 CPUs 0.00135899 s/step 127.153 ns/day 0 MB memory
Info: Benchmark time: 45 CPUs 0.000985185 s/step 175.399 ns/day 0 MB memory
Info: Benchmark time: 45 CPUs 0.000986704 s/step 175.129 ns/day 0 MB memory
TIMING: 5000  CPU: 11.4327, 0.00101901/step  Wall: 11.3356, 0.00103751/step, 166.553 ns/days, 0.142657 hours remaining, 0.000000 MB of memory in use.
PERFORMANCE: 5000  averaging 166.553 ns/day, 0.00103751 sec/step with standard deviation 0
ENERGY:    5000       422.5734      1144.4893      1133.3095        70.5062        -113826.2762      9571.5200         0.0000         0.0000     18536.6101         -82947.2675       301.3470   -101483.8777    -82149.4411       299.7342           -254.4243      -255.3287    301319.7775      -854.3895      -854.1903

The last position output (seq=5000) takes 0.001 seconds, 0.000 MB of memory in use
TIMING: 10000  CPU: 16.3624, 0.000985937/step  Wall: 16.341, 0.0010011/step, 172.611 ns/days, 0.13626 hours remaining, 0.000000 MB of memory in use.
PERFORMANCE: 10000  averaging 169.528 ns/day, 0.0010193 sec/step with standard deviation 2.57468e-05
ENERGY:   10000       435.3527      1121.9419      1128.0820        73.4139        -114010.6133      9748.2103         0.0000         0.0000     18633.1316         -82870.4810       302.9162   -101503.6126    -82389.7877       300.7949           -168.5265      -161.9585    300660.5155      -625.7685      -623.4464

The last position output (seq=10000) takes 0.001 seconds, 0.000 MB of memory in use
TIMING: 15000  CPU: 21.3344, 0.000994401/step  Wall: 21.3895, 0.0010097/step, 171.14 ns/days, 0.136029 hours remaining, 0.000000 MB of memory in use.
PERFORMANCE: 15000  averaging 170.062 ns/day, 0.0010161 sec/step with standard deviation 1.90311e-05
ENERGY:   15000       430.3860      1110.5381      1119.8677        69.1346        -114304.2166      9843.4459         0.0000         0.0000     18695.9014         -83034.9431       303.9366   -101730.8445    -82551.0766       301.5803              0.6215        -2.2401    300094.8446      -469.1710      -468.1448

The last position output (seq=15000) takes 0.001 seconds, 0.000 MB of memory in use
TIMING: 20000  CPU: 26.3113, 0.000995374/step  Wall: 26.4433, 0.00101075/step, 170.963 ns/days, 0.134766 hours remaining, 0.000000 MB of memory in use.
PERFORMANCE: 20000  averaging 170.286 ns/day, 0.00101476 sec/step with standard deviation 1.57678e-05
ENERGY:   20000       394.0247      1097.3856      1134.2915        70.9211        -113939.6662      9703.2060         0.0000         0.0000     18603.0521         -82936.7852       302.4272   -101539.8373    -82628.2183       301.7497            164.3560       169.2550    300150.9315      -342.4656      -340.6649

The last position output (seq=20000) takes 0.001 seconds, 0.000 MB of memory in use
TIMING: 25000  CPU: 31.2222, 0.000982185/step  Wall: 31.4294, 0.000997234/step, 173.279 ns/days, 0.131579 hours remaining, 0.000000 MB of memory in use.
PERFORMANCE: 25000  averaging 170.877 ns/day, 0.00101126 sec/step with standard deviation 1.57452e-05
ENERGY:   25000       432.9880      1107.3563      1144.0621        70.8066        -114222.7211      9867.3915         0.0000         0.0000     18606.4727         -82993.6438       302.4828   -101600.1165    -82689.1225       301.8719             30.1320        30.8671    300065.0392      -280.3660      -278.7429

The last position output (seq=25000) takes 0.001 seconds, 0.000 MB of memory in use
TIMING: 30000  CPU: 36.2297, 0.0010015/step  Wall: 36.5117, 0.00101645/step, 170.003 ns/days, 0.132704 hours remaining, 0.000000 MB of memory in use.
PERFORMANCE: 30000  averaging 170.73 ns/day, 0.00101212 sec/step with standard deviation 1.4242e-05
ENERGY:   30000       422.1184      1115.4447      1142.8529        69.2184        -113836.1070      9727.5929         0.0000         0.0000     18506.3356         -82852.5441       300.8549   -101358.8797    -82712.4685       301.7266             10.4742         9.4352    300964.7365      -238.8174      -237.5746

The last position output (seq=30000) takes 0.001 seconds, 0.000 MB of memory in use
TIMING: 35000  CPU: 41.2096, 0.00099598/step  Wall: 41.5677, 0.00101119/step, 170.888 ns/days, 0.130612 hours remaining, 0.000000 MB of memory in use.
PERFORMANCE: 35000  averaging 170.753 ns/day, 0.00101199 sec/step with standard deviation 1.30059e-05
ENERGY:   35000       439.9606      1120.5105      1118.3883        62.5514        -114363.8726      9888.8544         0.0000         0.0000     18522.5250         -83211.0825       301.1180   -101733.6075    -82774.7952       301.6505            -11.7573       -13.3967    300837.0792      -210.4349      -209.5523

The last position output (seq=35000) takes 0.001 seconds, 0.000 MB of memory in use
TIMING: 40000  CPU: 46.1216, 0.000982409/step  Wall: 46.5553, 0.00099752/step, 173.23 ns/days, 0.127461 hours remaining, 0.000000 MB of memory in use.
PERFORMANCE: 40000  averaging 171.059 ns/day, 0.00101018 sec/step with standard deviation 1.30827e-05
ENERGY:   40000       446.7174      1188.6286      1145.7179        70.4121        -113991.1264      9601.7087         0.0000         0.0000     18600.6722         -82937.2695       302.3885   -101537.9417    -82792.8479       301.7325           -219.7047      -219.0838    302249.2874      -211.4649      -210.6114

The last position output (seq=40000) takes 0.001 seconds, 0.000 MB of memory in use
TIMING: 45000  CPU: 51.18, 0.00101167/step  Wall: 51.6877, 0.00102649/step, 168.341 ns/days, 0.129736 hours remaining, 0.000000 MB of memory in use.
PERFORMANCE: 45000  averaging 170.752 ns/day, 0.00101199 sec/step with standard deviation 1.33904e-05
ENERGY:   45000       397.7069      1094.8806      1127.2304        85.8712        -114046.3875      9710.8716         0.0000         0.0000     18377.4655         -83252.3612       298.7598   -101629.8267    -82838.7992       301.4352            114.8971       114.2942    299352.1221      -178.8287      -178.1208

The last position output (seq=45000) takes 0.001 seconds, 0.000 MB of memory in use
TIMING: 50000  CPU: 56.1775, 0.000999505/step  Wall: 56.7615, 0.00101476/step, 170.286 ns/days, 0.126845 hours remaining, 0.000000 MB of memory in use.
PERFORMANCE: 50000  averaging 170.706 ns/day, 0.00101227 sec/step with standard deviation 1.2655e-05
ETITLE:      TS           BOND          ANGLE          DIHED          IMPRP               ELECT            VDW       BOUNDARY           MISC        KINETIC               TOTAL           TEMP      POTENTIAL       TOTALAVG        TEMPAVG            PRESSURE      GPRESSURE         VOLUME       PRESSAVG      GPRESSAVG

ENERGY:   50000       421.7883      1120.9141      1122.3854        69.6038        -114032.5197      9782.9485         0.0000         0.0000     18466.2524         -83048.6272       300.2032   -101514.8796    -82857.8745       301.3232            -18.1683       -14.7642    300429.6656      -164.2232      -163.2702

The last position output (seq=50000) takes 0.001 seconds, 0.000 MB of memory in use
TIMING: 55000  CPU: 61.0276, 0.000970025/step  Wall: 61.6858, 0.000984858/step, 175.457 ns/days, 0.121739 hours remaining, 0.000000 MB of memory in use.
PERFORMANCE: 55000  averaging 171.127 ns/day, 0.00100978 sec/step with standard deviation 1.45754e-05
ENERGY:   55000       412.4016      1152.3864      1110.2772        80.0532        -114189.0636      9836.0319         0.0000         0.0000     18635.7313         -82962.1821       302.9584   -101597.9133    -82866.5668       301.4595             53.1553        56.0188    299519.3685      -146.1083      -144.9961

TIMING: 60000  CPU: 66.0196, 0.000998402/step  Wall: 66.7523, 0.00101329/step, 170.533 ns/days, 0.123847 hours remaining, 0.000000 MB of memory in use.
PERFORMANCE: 60000  averaging 171.077 ns/day, 0.00101007 sec/step with standard deviation 1.39341e-05
ENERGY:   60000       423.0816      1127.2000      1123.5220        71.9426        -113807.3848      9715.1192         0.0000         0.0000     18685.3357         -82661.1837       303.7648   -101346.5194    -82850.7681       301.6368             50.3806        50.7314    301722.9907      -130.9938      -129.9402

TIMING: 65000  CPU: 70.9945, 0.000994963/step  Wall: 71.8046, 0.00101046/step, 171.011 ns/days, 0.122098 hours remaining, 0.000000 MB of memory in use.
PERFORMANCE: 65000  averaging 171.072 ns/day, 0.0010101 sec/step with standard deviation 1.33414e-05
ENERGY:   65000       421.2727      1115.3240      1123.7872        70.0985        -114306.8317     10071.3879         0.0000         0.0000     18642.1981         -82862.7633       303.0636   -101504.9614    -82851.6249       301.7387            296.4606       301.5788    301099.7858      -100.4613       -99.1174

TIMING: 70000  CPU: 75.8828, 0.000977666/step  Wall: 76.7661, 0.000992314/step, 174.138 ns/days, 0.118526 hours remaining, 0.000000 MB of memory in use.
PERFORMANCE: 70000  averaging 171.287 ns/day, 0.00100883 sec/step with standard deviation 1.3671e-05
ENERGY:   70000       433.6050      1151.4246      1132.0774        78.8028        -113946.3038      9698.7226         0.0000         0.0000     18442.2998         -83009.3716       299.8138   -101451.6714    -82862.1414       301.6104           -149.1529      -148.5447    301553.8801      -103.7074      -102.4125

TIMING: 75000  CPU: 80.8847, 0.00100037/step  Wall: 81.8448, 0.00101573/step, 170.124 ns/days, 0.119912 hours remaining, 0.000000 MB of memory in use.
PERFORMANCE: 75000  averaging 171.209 ns/day, 0.00100929 sec/step with standard deviation 1.32936e-05
ENERGY:   75000       427.3855      1134.8781      1152.1372        75.2486        -114039.1433      9756.6584         0.0000         0.0000     18618.7382         -82874.0974       302.6822   -101492.8356    -82862.8886       301.6774            -86.0169       -87.5404    301971.8902      -102.6018      -101.4830

TIMING: 80000  CPU: 85.8743, 0.000997926/step  Wall: 86.9103, 0.0010131/step, 170.566 ns/days, 0.118195 hours remaining, 0.000000 MB of memory in use.
PERFORMANCE: 80000  averaging 171.169 ns/day, 0.00100953 sec/step with standard deviation 1.2878e-05
ENERGY:   80000       423.3930      1128.9089      1132.8395        74.7141        -114159.8047      9928.4852         0.0000         0.0000     18618.0912         -82853.3728       302.6717   -101471.4640    -82862.3289       301.7359            143.7712       144.9729    300473.8087       -88.1092       -86.9856

TIMING: 85000  CPU: 90.7578, 0.000976711/step  Wall: 91.8687, 0.000991684/step, 174.249 ns/days, 0.114319 hours remaining, 0.000000 MB of memory in use.
PERFORMANCE: 85000  averaging 171.347 ns/day, 0.00100848 sec/step with standard deviation 1.31988e-05
ENERGY:   85000       446.1365      1104.7682      1123.1119        74.4657        -114257.2954      9859.1404         0.0000         0.0000     18583.1942         -83066.4784       302.1043   -101649.6726    -82873.6705       301.7564              5.7723         8.0964    299156.8363       -82.8936       -81.7033

TIMING: 90000  CPU: 95.8823, 0.0010249/step  Wall: 97.0707, 0.00104039/step, 166.091 ns/days, 0.118489 hours remaining, 0.000000 MB of memory in use.
PERFORMANCE: 90000  averaging 171.047 ns/day, 0.00101025 sec/step with standard deviation 1.48507e-05
ENERGY:   90000       440.1612      1091.4755      1123.9349        64.4944        -114189.2596      9681.0505         0.0000         0.0000     18524.9006         -83263.2424       301.1567   -101788.1430    -82894.1743       301.7248             -2.4996        -0.8416    300028.3637       -78.6623       -77.4474

TIMING: 95000  CPU: 100.709, 0.000965298/step  Wall: 101.973, 0.0009804/step, 176.255 ns/days, 0.110295 hours remaining, 0.000000 MB of memory in use.
PERFORMANCE: 95000  averaging 171.313 ns/day, 0.00100868 sec/step with standard deviation 1.59748e-05
ENERGY:   95000       442.1973      1108.1464      1123.6568        63.1333        -113717.9898      9622.0342         0.0000         0.0000     18606.3797         -82752.4421       302.4813   -101358.8218    -82887.0877       301.7626           -302.2934      -299.1815    300874.3467       -89.8439       -88.5341

TIMING: 100000  CPU: 105.567, 0.000971574/step  Wall: 106.902, 0.000985968/step, 175.259 ns/days, 0.109552 hours remaining, 0.000000 MB of memory in use.
PERFORMANCE: 100000  averaging 171.506 ns/day, 0.00100754 sec/step with standard deviation 1.63571e-05
ETITLE:      TS           BOND          ANGLE          DIHED          IMPRP               ELECT            VDW       BOUNDARY           MISC        KINETIC               TOTAL           TEMP      POTENTIAL       TOTALAVG        TEMPAVG            PRESSURE      GPRESSURE         VOLUME       PRESSAVG      GPRESSAVG

ENERGY:  100000       453.9279      1137.3782      1134.8352        71.2914        -114110.8427      9818.7785         0.0000         0.0000     18588.8083         -82905.8232       302.1956   -101494.6315    -82964.7981       301.9663            -23.2790       -21.9961    300567.9404       -18.2901       -16.9813

TIMING: 105000  CPU: 110.677, 0.00102202/step  Wall: 112.089, 0.00103721/step, 166.601 ns/days, 0.113805 hours remaining, 0.000000 MB of memory in use.
PERFORMANCE: 105000  averaging 171.266 ns/day, 0.00100896 sec/step with standard deviation 1.72069e-05
ENERGY:  105000       442.8891      1162.3431      1120.7081        69.7499        -114012.1904      9720.6414         0.0000         0.0000     18530.7999         -82965.0588       301.2526   -101495.8588    -82965.6877       301.9616           -129.9152      -128.8918    300309.9263       -12.0646       -10.6595

TIMING: 110000  CPU: 115.553, 0.000975271/step  Wall: 117.039, 0.000990068/step, 174.534 ns/days, 0.107257 hours remaining, 0.000000 MB of memory in use.
PERFORMANCE: 110000  averaging 171.412 ns/day, 0.0010081 sec/step with standard deviation 1.72684e-05
ENERGY:  110000       446.5923      1118.3721      1110.4742        64.8630        -114183.1339      9870.0950         0.0000         0.0000     18516.8249         -83055.9124       301.0254   -101572.7374    -82974.9592       301.8671              8.0917         9.0199    300197.7862        -3.2337        -2.1106

TIMING: 115000  CPU: 120.449, 0.000979104/step  Wall: 122.011, 0.000994332/step, 173.785 ns/days, 0.106338 hours remaining, 0.000000 MB of memory in use.
PERFORMANCE: 115000  averaging 171.514 ns/day, 0.0010075 sec/step with standard deviation 1.71138e-05
ENERGY:  115000       437.4689      1138.9121      1141.6868        69.1585        -114439.1948      9950.3363         0.0000         0.0000     18581.8518         -83119.7803       302.0825   -101701.6321    -82979.2011       301.7744             80.6097        83.4914    299806.8209         0.7657         2.1760

TIMING: 120000  CPU: 125.592, 0.00102869/step  Wall: 127.228, 0.00104352/step, 165.593 ns/days, 0.11015 hours remaining, 0.000000 MB of memory in use.
PERFORMANCE: 120000  averaging 171.258 ns/day, 0.001009 sec/step with standard deviation 1.82817e-05
ENERGY:  120000       444.4696      1119.3733      1148.3989        66.6669        -113454.9245      9391.9014         0.0000         0.0000     18589.4192         -82694.6952       302.2055   -101284.1144    -82967.0966       301.7633           -228.6243      -228.4013    301242.7531       -18.8833       -17.7068

TIMING: 125000  CPU: 130.473, 0.000976196/step  Wall: 132.184, 0.000991086/step, 174.354 ns/days, 0.103238 hours remaining, 0.000000 MB of memory in use.
PERFORMANCE: 125000  averaging 171.38 ns/day, 0.00100828 sec/step with standard deviation 1.82519e-05
ENERGY:  125000       419.5041      1091.8093      1148.5456        76.7279        -114486.3581     10192.4483         0.0000         0.0000     18519.8381         -83037.4849       301.0744   -101557.3230    -82969.2887       301.6929            231.4324       232.4197    301359.5823        -8.8183        -7.6292

TIMING: 130000  CPU: 135.386, 0.000982623/step  Wall: 137.172, 0.0009977/step, 173.198 ns/days, 0.102541 hours remaining, 0.000000 MB of memory in use.
PERFORMANCE: 130000  averaging 171.449 ns/day, 0.00100788 sec/step with standard deviation 1.80032e-05
ENERGY:  130000       415.5397      1126.4244      1125.2807        81.6463        -113724.9055      9573.1583         0.0000         0.0000     18590.3970         -82812.4590       302.2214   -101402.8561    -82967.2844       301.7612           -297.5970      -296.3479    301835.2307       -24.2219       -22.9183

TIMING: 135000  CPU: 140.512, 0.00102525/step  Wall: 142.377, 0.00104102/step, 165.991 ns/days, 0.105548 hours remaining, 0.000000 MB of memory in use.
PERFORMANCE: 135000  averaging 171.241 ns/day, 0.0010091 sec/step with standard deviation 1.87705e-05
ENERGY:  135000       430.8545      1135.0928      1106.2072        87.9927        -114197.1929      9822.9798         0.0000         0.0000     18464.4627         -83149.6031       300.1741   -101614.0658    -82964.2104       301.7140            -62.8088       -62.0415    300545.3885       -26.7745       -25.3506

TIMING: 140000  CPU: 145.391, 0.000975808/step  Wall: 147.331, 0.000990831/step, 174.399 ns/days, 0.0990831 hours remaining, 0.000000 MB of memory in use.
PERFORMANCE: 140000  averaging 171.352 ns/day, 0.00100845 sec/step with standard deviation 1.87406e-05
ENERGY:  140000       436.4963      1123.5335      1156.1127        81.2409        -114143.8912      9941.5226         0.0000         0.0000     18572.5115         -82832.4738       301.9307   -101404.9853    -82958.9707       301.6911            154.6837       153.1781    300962.8869        -8.0550        -6.7375

TIMING: 145000  CPU: 150.262, 0.000974069/step  Wall: 152.276, 0.000988887/step, 174.742 ns/days, 0.0975153 hours remaining, 0.000000 MB of memory in use.
PERFORMANCE: 145000  averaging 171.466 ns/day, 0.00100778 sec/step with standard deviation 1.87581e-05
ENERGY:  145000       438.9778      1160.9395      1126.0059        64.5699        -113977.8003      9735.1100         0.0000         0.0000     18617.2147         -82834.9826       302.6574   -101452.1973    -82938.1017       301.8860             -5.0464        -5.4932    301240.6334       -14.0522       -12.7268

TIMING: 150000  CPU: 155.37, 0.00102158/step  Wall: 157.46, 0.00103679/step, 166.668 ns/days, 0.100799 hours remaining, 0.000000 MB of memory in use.
PERFORMANCE: 150000  averaging 171.302 ns/day, 0.00100874 sec/step with standard deviation 1.9178e-05
ETITLE:      TS           BOND          ANGLE          DIHED          IMPRP               ELECT            VDW       BOUNDARY           MISC        KINETIC               TOTAL           TEMP      POTENTIAL       TOTALAVG        TEMPAVG            PRESSURE      GPRESSURE         VOLUME       PRESSAVG      GPRESSAVG

ENERGY:  150000       415.4708      1131.5966      1123.6393        73.1628        -114205.0555      9958.9327         0.0000         0.0000     18673.9685         -82828.2847       303.5800   -101502.2532    -82927.0846       302.0548            229.7588       234.7333    300420.1243        -1.6559        -0.2520

TIMING: 155000  CPU: 160.221, 0.000970266/step  Wall: 162.386, 0.000985217/step, 175.393 ns/days, 0.0944167 hours remaining, 0.000000 MB of memory in use.
PERFORMANCE: 155000  averaging 171.431 ns/day, 0.00100799 sec/step with standard deviation 1.93234e-05
ENERGY:  155000       425.4314      1134.7760      1115.6973        73.8056        -113858.7260      9683.4960         0.0000         0.0000     18673.1918         -82752.3280       303.5674   -101425.5197    -82916.5919       302.0853            -39.9973       -43.1289    301616.2301        -6.3135        -5.2093

TIMING: 160000  CPU: 165.147, 0.000985204/step  Wall: 167.388, 0.00100043/step, 172.725 ns/days, 0.0944853 hours remaining, 0.000000 MB of memory in use.
PERFORMANCE: 160000  averaging 171.471 ns/day, 0.00100775 sec/step with standard deviation 1.9056e-05
ENERGY:  160000       410.2140      1127.7089      1108.4545        78.1904        -114337.3738      9830.4664         0.0000         0.0000     18629.6714         -83152.6683       302.8599   -101782.3396    -82941.1661       302.0400             21.2042        20.8612    300369.3524        -7.7723        -6.7029

TIMING: 165000  CPU: 170.261, 0.0010227/step  Wall: 172.579, 0.00103824/step, 166.435 ns/days, 0.0966142 hours remaining, 0.000000 MB of memory in use.
PERFORMANCE: 165000  averaging 171.314 ns/day, 0.00100867 sec/step with standard deviation 1.94926e-05
ENERGY:  165000       439.3436      1107.7247      1121.8394        78.5899        -113803.6398      9604.3835         0.0000         0.0000     18768.2889         -82683.4698       305.1134   -101451.7587    -82932.2014       302.1425             54.6665        51.6710    298941.7834       -19.8620       -19.1982

TIMING: 170000  CPU: 175.185, 0.000984962/step  Wall: 177.579, 0.000999999/step, 172.8 ns/days, 0.0916666 hours remaining, 0.000000 MB of memory in use.
PERFORMANCE: 170000  averaging 171.357 ns/day, 0.00100842 sec/step with standard deviation 1.92525e-05
ENERGY:  170000       429.3690      1139.2300      1097.9025        77.8563        -114084.7170      9823.6252         0.0000         0.0000     18691.7200         -82825.0139       303.8686   -101516.7339    -82922.9836       302.3453             -2.1259         0.9780    300258.2134       -12.5107       -11.7221

TIMING: 175000  CPU: 180.055, 0.000973842/step  Wall: 182.522, 0.000988582/step, 174.796 ns/days, 0.089247 hours remaining, 0.000000 MB of memory in use.
PERFORMANCE: 175000  averaging 171.454 ns/day, 0.00100785 sec/step with standard deviation 1.92614e-05
ENERGY:  175000       429.0213      1128.4633      1120.0075        67.8340        -114182.2666      9698.0354         0.0000         0.0000     18681.6213         -83057.2836       303.7045   -101738.9049    -82932.1429       302.3964             25.4548        24.4625    299527.8120        -6.9371        -6.1220

TIMING: 180000  CPU: 185.174, 0.00102389/step  Wall: 187.718, 0.00103914/step, 166.291 ns/days, 0.0923683 hours remaining, 0.000000 MB of memory in use.
PERFORMANCE: 180000  averaging 171.306 ns/day, 0.00100872 sec/step with standard deviation 1.96875e-05
ENERGY:  180000       441.8635      1109.3530      1146.5343        89.0591        -114151.9625      9919.8394         0.0000         0.0000     18536.7839         -82908.5293       301.3499   -101445.3133    -82934.9007       302.3303             52.2310        48.8590    301241.2966       -11.5141       -10.9277

TIMING: 185000  CPU: 190.026, 0.000970321/step  Wall: 192.646, 0.00098563/step, 175.319 ns/days, 0.0862426 hours remaining, 0.000000 MB of memory in use.
PERFORMANCE: 185000  averaging 171.412 ns/day, 0.0010081 sec/step with standard deviation 1.97799e-05
ENERGY:  185000       429.9852      1163.3688      1126.3564        69.9275        -114424.0560      9903.0001         0.0000         0.0000     18641.0390         -83090.3790       303.0447   -101731.4180    -82936.0957       302.3773              4.6143        -0.3470    300164.4468       -11.5720       -11.3498

TIMING: 190000  CPU: 194.898, 0.000974532/step  Wall: 197.596, 0.000989993/step, 174.547 ns/days, 0.0852494 hours remaining, 0.000000 MB of memory in use.
PERFORMANCE: 190000  averaging 171.493 ns/day, 0.00100762 sec/step with standard deviation 1.97305e-05
ENERGY:  190000       455.1520      1057.2579      1122.1342        76.9614        -114153.1732      9869.7045         0.0000         0.0000     18432.5473         -83139.4158       299.6553   -101571.9631    -82929.9044       302.3022            -99.0959       -99.8926    301011.3262       -16.4018       -16.3024

TIMING: 195000  CPU: 200.06, 0.00103242/step  Wall: 202.833, 0.00104747/step, 164.97 ns/days, 0.0887436 hours remaining, 0.000000 MB of memory in use.
PERFORMANCE: 195000  averaging 171.319 ns/day, 0.00100864 sec/step with standard deviation 2.0488e-05
ENERGY:  195000       428.8793      1136.6774      1131.5657        61.2181        -114425.1451      9903.7876         0.0000         0.0000     18556.6810         -83206.3360       301.6733   -101763.0170    -82952.5991       302.2618            121.2522       120.3768    301543.6716         4.7755         4.6755

TIMING: 200000  CPU: 204.958, 0.00097959/step  Wall: 207.806, 0.000994623/step, 173.734 ns/days, 0.0828853 hours remaining, 0.000000 MB of memory in use.
PERFORMANCE: 200000  averaging 171.379 ns/day, 0.00100829 sec/step with standard deviation 2.03447e-05
ETITLE:      TS           BOND          ANGLE          DIHED          IMPRP               ELECT            VDW       BOUNDARY           MISC        KINETIC               TOTAL           TEMP      POTENTIAL       TOTALAVG        TEMPAVG            PRESSURE      GPRESSURE         VOLUME       PRESSAVG      GPRESSAVG

ENERGY:  200000       433.3833      1155.1361      1114.1805        74.3355        -113760.8793      9527.3018         0.0000         0.0000     18583.1308         -82873.4113       302.1033   -101456.5421    -82950.9785       302.2572           -381.0288      -376.3213    302333.1270       -13.1120       -13.0407

TIMING: 205000  CPU: 209.87, 0.000982292/step  Wall: 212.795, 0.000997737/step, 173.192 ns/days, 0.081759 hours remaining, 0.000000 MB of memory in use.
PERFORMANCE: 205000  averaging 171.423 ns/day, 0.00100803 sec/step with standard deviation 2.01563e-05
ENERGY:  205000       429.5393      1168.9015      1110.4951        68.7369        -113938.2388      9523.3881         0.0000         0.0000     18477.5835         -83159.5944       300.3874   -101637.1779    -82960.7053       302.2140           -285.9990      -286.9993    300119.4150       -20.9162       -20.9461

TIMING: 210000  CPU: 214.96, 0.00101812/step  Wall: 217.962, 0.00103334/step, 167.225 ns/days, 0.0832411 hours remaining, 0.000000 MB of memory in use.
PERFORMANCE: 210000  averaging 171.32 ns/day, 0.00100864 sec/step with standard deviation 2.02883e-05
ENERGY:  210000       428.4493      1112.8921      1114.9548        67.0832        -113858.2119      9652.6499         0.0000         0.0000     18642.8225         -82839.3601       303.0737   -101482.1827    -82949.8777       302.3164           -106.4896      -104.9051    300225.2128       -26.6453       -26.6424

TIMING: 215000  CPU: 219.81, 0.000969902/step  Wall: 222.889, 0.000985367/step, 175.366 ns/days, 0.0780082 hours remaining, 0.000000 MB of memory in use.
PERFORMANCE: 215000  averaging 171.412 ns/day, 0.0010081 sec/step with standard deviation 2.0357e-05
ENERGY:  215000       423.2197      1182.5243      1093.2893        61.0802        -114337.9889      9906.2606         0.0000         0.0000     18466.0815         -83205.5335       300.2005   -101671.6150    -82954.1653       302.2223              5.4897         8.5829    300993.1828       -30.4013       -30.3878

TIMING: 220000  CPU: 224.712, 0.000980433/step  Wall: 227.865, 0.00099532/step, 173.612 ns/days, 0.0774138 hours remaining, 0.000000 MB of memory in use.
PERFORMANCE: 220000  averaging 171.462 ns/day, 0.00100781 sec/step with standard deviation 2.02108e-05
ENERGY:  220000       452.2178      1121.5382      1122.8540        72.1671        -114199.9227      9864.8998         0.0000         0.0000     18572.5979         -82993.6478       301.9321   -101566.2458    -82969.1129       302.2086            -24.3310       -24.8599    300807.0867       -20.1866       -20.2107

TIMING: 225000  CPU: 229.824, 0.00102236/step  Wall: 233.052, 0.00103741/step, 166.568 ns/days, 0.0792469 hours remaining, 0.000000 MB of memory in use.
PERFORMANCE: 225000  averaging 171.35 ns/day, 0.00100846 sec/step with standard deviation 2.04616e-05
ENERGY:  225000       425.3820      1176.1095      1126.3026        70.5245        -114042.1377      9600.5150         0.0000         0.0000     18635.8057         -83007.4985       302.9596   -101643.3042    -82967.6136       302.3029           -160.4035      -162.6815    301356.0092       -39.7784       -39.9658

TIMING: 230000  CPU: 234.716, 0.000978366/step  Wall: 238.02, 0.000993481/step, 173.934 ns/days, 0.0745111 hours remaining, 0.000000 MB of memory in use.
PERFORMANCE: 230000  averaging 171.405 ns/day, 0.00100814 sec/step with standard deviation 2.03532e-05
ENERGY:  230000       441.8031      1119.6586      1115.5406        73.4264        -113833.9968      9688.3832         0.0000         0.0000     18636.4376         -82758.7473       302.9699   -101395.1849    -82964.9280       302.3403            -98.2210       -97.8125    301513.7185       -29.8096       -30.0390

TIMING: 235000  CPU: 239.611, 0.000978981/step  Wall: 242.991, 0.000994189/step, 173.81 ns/days, 0.0731834 hours remaining, 0.000000 MB of memory in use.
PERFORMANCE: 235000  averaging 171.456 ns/day, 0.00100784 sec/step with standard deviation 2.02333e-05
ENERGY:  235000       414.1973      1147.0119      1120.9640        78.3104        -113357.1218      9370.0775         0.0000         0.0000     18449.8111         -82776.7495       299.9359   -101226.5606    -82946.2854       302.3284           -226.2235      -222.0588    299658.1237       -37.9803       -38.0399

TIMING: 240000  CPU: 244.757, 0.00102918/step  Wall: 248.211, 0.00104401/step, 165.515 ns/days, 0.0754009 hours remaining, 0.000000 MB of memory in use.
PERFORMANCE: 240000  averaging 171.328 ns/day, 0.00100859 sec/step with standard deviation 2.06866e-05
ENERGY:  240000       420.6821      1097.4135      1100.2016        75.1715        -114435.0031      9977.7955         0.0000         0.0000     18457.9787         -83305.7601       300.0687   -101763.7388    -82969.9497       302.2353            222.3408       220.7716    299195.2484       -34.5975       -34.6602

TIMING: 245000  CPU: 249.596, 0.000967965/step  Wall: 253.123, 0.000982404/step, 175.895 ns/days, 0.0695869 hours remaining, 0.000000 MB of memory in use.
PERFORMANCE: 245000  averaging 171.418 ns/day, 0.00100806 sec/step with standard deviation 2.08091e-05
ENERGY:  245000       455.8115      1097.2402      1112.8738        76.7743        -114141.3739      9923.6878         0.0000         0.0000     18686.2988         -82788.6876       303.7805   -101474.9863    -82967.6349       302.2914            160.0754       155.6677    300668.1781       -26.3414       -26.6021

TIMING: 250000  CPU: 254.464, 0.000973612/step  Wall: 258.065, 0.00098837/step, 174.833 ns/days, 0.0686368 hours remaining, 0.000000 MB of memory in use.
PERFORMANCE: 250000  averaging 171.485 ns/day, 0.00100767 sec/step with standard deviation 2.0783e-05
ETITLE:      TS           BOND          ANGLE          DIHED          IMPRP               ELECT            VDW       BOUNDARY           MISC        KINETIC               TOTAL           TEMP      POTENTIAL       TOTALAVG        TEMPAVG            PRESSURE      GPRESSURE         VOLUME       PRESSAVG      GPRESSAVG

ENERGY:  250000       432.4207      1170.9859      1098.5268        77.3243        -114342.3326      9885.1076         0.0000         0.0000     18706.2618         -82971.7054       304.1050   -101677.9672    -82974.8060       302.3177              2.4541         4.0757    300059.6140       -37.7066       -38.1350

TIMING: 255000  CPU: 259.605, 0.00102811/step  Wall: 263.282, 0.00104349/step, 165.598 ns/days, 0.0710152 hours remaining, 0.000000 MB of memory in use.
PERFORMANCE: 255000  averaging 171.366 ns/day, 0.00100837 sec/step with standard deviation 2.11768e-05
ENERGY:  255000       452.3943      1126.6765      1121.3606        76.2194        -113813.9752      9501.8180         0.0000         0.0000     18659.4246         -82876.0818       303.3436   -101535.5064    -82980.9937       302.3065           -313.6054      -316.5694    300626.5791       -51.3870       -51.8070

TIMING: 260000  CPU: 264.468, 0.000972501/step  Wall: 268.218, 0.00098714/step, 175.051 ns/days, 0.0658093 hours remaining, 0.000000 MB of memory in use.
PERFORMANCE: 260000  averaging 171.435 ns/day, 0.00100796 sec/step with standard deviation 2.11738e-05
ENERGY:  260000       435.3850      1136.8007      1104.3960        71.0425        -114238.7856     10002.1218         0.0000         0.0000     18676.6813         -82812.3585       303.6241   -101489.0398    -82963.9782       302.3447            317.3309       315.6483    300561.9684       -36.5807       -37.0677

TIMING: 265000  CPU: 269.378, 0.000982094/step  Wall: 273.204, 0.000997214/step, 173.283 ns/days, 0.0650959 hours remaining, 0.000000 MB of memory in use.
PERFORMANCE: 265000  averaging 171.47 ns/day, 0.00100776 sec/step with standard deviation 2.10211e-05
ENERGY:  265000       430.6147      1133.8201      1124.1645        78.6152        -114276.3099      9835.8591         0.0000         0.0000     18645.1926         -83028.0436       303.1122   -101673.2363    -82981.2069       302.2446             35.0612        31.0153    299631.3976       -37.5609       -38.1005

TIMING: 270000  CPU: 274.517, 0.00102776/step  Wall: 278.421, 0.0010434/step, 165.612 ns/days, 0.0666619 hours remaining, 0.000000 MB of memory in use.
PERFORMANCE: 270000  averaging 171.358 ns/day, 0.00100842 sec/step with standard deviation 2.13794e-05
ENERGY:  270000       438.2692      1159.5873      1117.2875        71.3197        -114379.1585      9877.7736         0.0000         0.0000     18716.2543         -82998.6668       304.2675   -101714.9211    -82989.8895       302.2646             35.9281        32.9874    299830.6199       -35.6583       -36.5000

TIMING: 275000  CPU: 279.365, 0.000969625/step  Wall: 283.345, 0.000984805/step, 175.466 ns/days, 0.0615503 hours remaining, 0.000000 MB of memory in use.
PERFORMANCE: 275000  averaging 171.431 ns/day, 0.00100799 sec/step with standard deviation 2.14185e-05
ENERGY:  275000       429.3159      1176.7369      1105.1268        73.9421        -114044.0546      9717.7383         0.0000         0.0000     18582.6239         -82958.5708       302.0951   -101541.1947    -82984.9539       302.1841             50.1905        47.2170    299918.2330       -34.4215       -35.3623

TIMING: 280000  CPU: 284.256, 0.000978259/step  Wall: 288.312, 0.000993503/step, 173.93 ns/days, 0.0607141 hours remaining, 0.000000 MB of memory in use.
PERFORMANCE: 280000  averaging 171.475 ns/day, 0.00100773 sec/step with standard deviation 2.1311e-05
ENERGY:  280000       445.9626      1117.6507      1122.9007        80.0999        -114489.9479      9868.5544         0.0000         0.0000     18551.2205         -83303.5592       301.5845   -101854.7796    -83004.7053       302.1959            160.2526       154.6382    298580.2571       -29.0204       -30.0733

TIMING: 285000  CPU: 289.43, 0.0010348/step  Wall: 293.563, 0.00105018/step, 164.544 ns/days, 0.0627188 hours remaining, 0.000000 MB of memory in use.
PERFORMANCE: 285000  averaging 171.348 ns/day, 0.00100847 sec/step with standard deviation 2.18553e-05
ENERGY:  285000       410.8002      1117.7191      1125.5863        70.8594        -113786.2540      9719.8570         0.0000         0.0000     18431.3172         -82910.1148       299.6353   -101341.4320    -82995.6921       302.0254            -92.5847       -92.9967    301264.0319       -33.8803       -34.7058

TIMING: 290000  CPU: 294.342, 0.00098228/step  Wall: 298.55, 0.000997388/step, 173.253 ns/days, 0.0581809 hours remaining, 0.000000 MB of memory in use.
PERFORMANCE: 290000  averaging 171.38 ns/day, 0.00100828 sec/step with standard deviation 2.17116e-05
ENERGY:  290000       419.4373      1071.7936      1114.3382        68.1301        -113714.0128      9561.8843         0.0000         0.0000     18666.2798         -82812.1494       303.4550   -101478.4292    -82979.3288       302.2154           -141.2930      -143.8180    299270.3804       -35.9902       -36.9021

TIMING: 295000  CPU: 299.255, 0.00098274/step  Wall: 303.538, 0.000997598/step, 173.216 ns/days, 0.0568077 hours remaining, 0.000000 MB of memory in use.
PERFORMANCE: 295000  averaging 171.411 ns/day, 0.0010081 sec/step with standard deviation 2.15686e-05
ENERGY:  295000       407.6685      1113.9166      1131.0391        67.2855        -114061.2906      9764.2908         0.0000         0.0000     18705.3953         -82871.6949       304.0909   -101577.0901    -82962.5968       302.3363            -82.7400       -86.5085    300538.8679       -46.1898       -47.2463

TIMING: 300000  CPU: 304.351, 0.00101922/step  Wall: 308.71, 0.00103442/step, 167.05 ns/days, 0.0574678 hours remaining, 0.000000 MB of memory in use.
PERFORMANCE: 300000  averaging 171.337 ns/day, 0.00100854 sec/step with standard deviation 2.16532e-05
ETITLE:      TS           BOND          ANGLE          DIHED          IMPRP               ELECT            VDW       BOUNDARY           MISC        KINETIC               TOTAL           TEMP      POTENTIAL       TOTALAVG        TEMPAVG            PRESSURE      GPRESSURE         VOLUME       PRESSAVG      GPRESSAVG

ENERGY:  300000       453.9548      1139.0729      1112.5876        69.9536        -113866.8177      9692.5741         0.0000         0.0000     18711.1133         -82687.5615       304.1839   -101398.6748    -82953.3043       302.4403           -190.3011      -194.7655    302788.9687       -36.6534       -38.1686

TIMING: 305000  CPU: 309.188, 0.000967267/step  Wall: 313.621, 0.000982141/step, 175.942 ns/days, 0.0531993 hours remaining, 0.000000 MB of memory in use.
PERFORMANCE: 305000  averaging 171.41 ns/day, 0.00100811 sec/step with standard deviation 2.17365e-05
ENERGY:  305000       408.6672      1100.6342      1123.9220        70.9507        -113586.4429      9617.8296         0.0000         0.0000     18523.2470         -82741.1923       301.1298   -101264.4393    -82932.3842       302.4774             -9.5653        -9.7636    300888.7941       -22.8317       -24.3068

TIMING: 310000  CPU: 314.107, 0.000983769/step  Wall: 318.616, 0.000999081/step, 172.959 ns/days, 0.0527293 hours remaining, 0.000000 MB of memory in use.
PERFORMANCE: 310000  averaging 171.435 ns/day, 0.00100796 sec/step with standard deviation 2.1588e-05
ENERGY:  310000       414.0184      1153.5113      1105.3854        78.4693        -113583.3857      9576.0015         0.0000         0.0000     18434.9201         -82821.0797       299.6939   -101255.9999    -82931.4702       302.3084           -102.1256      -106.7349    301452.4006       -22.6135       -24.3983

TIMING: 315000  CPU: 319.141, 0.00100689/step  Wall: 323.725, 0.00102171/step, 169.128 ns/days, 0.0525047 hours remaining, 0.000000 MB of memory in use.
PERFORMANCE: 315000  averaging 171.398 ns/day, 0.00100818 sec/step with standard deviation 2.14832e-05
ENERGY:  315000       442.6436      1115.3688      1111.7341        79.7042        -114317.9383      9985.5409         0.0000         0.0000     18650.1541         -82932.7926       303.1929   -101582.9467    -82917.8331       302.4580             77.5823        76.8012    301263.2165       -19.0089       -20.9873

TIMING: 320000  CPU: 323.994, 0.000970688/step  Wall: 328.655, 0.000985942/step, 175.264 ns/days, 0.0492971 hours remaining, 0.000000 MB of memory in use.
PERFORMANCE: 320000  averaging 171.457 ns/day, 0.00100783 sec/step with standard deviation 2.14925e-05
ENERGY:  320000       426.2314      1117.5501      1105.3460        70.1752        -114078.0100      9750.4544         0.0000         0.0000     18736.5736         -82871.6794       304.5978   -101608.2529    -82911.7347       302.5913            -49.0502       -53.1414    300580.3435       -20.2449       -22.4014

TIMING: 325000  CPU: 328.845, 0.000970176/step  Wall: 333.581, 0.00098531/step, 175.376 ns/days, 0.047897 hours remaining, 0.000000 MB of memory in use.
PERFORMANCE: 325000  averaging 171.516 ns/day, 0.00100749 sec/step with standard deviation 2.15062e-05
ENERGY:  325000       415.4551      1135.1751      1086.6322        69.1168        -113924.3922      9840.3401         0.0000         0.0000     18460.7099         -82916.9629       300.1131   -101377.6729    -82907.2079       302.4490             88.3503        84.2954    300268.4187        -7.8072       -10.0526

TIMING: 330000  CPU: 333.931, 0.0010172/step  Wall: 338.741, 0.00103199/step, 167.443 ns/days, 0.048733 hours remaining, 0.000000 MB of memory in use.
PERFORMANCE: 330000  averaging 171.453 ns/day, 0.00100786 sec/step with standard deviation 2.15523e-05
ENERGY:  330000       422.7031      1129.7202      1119.7076        64.6783        -114400.7117      9920.4931         0.0000         0.0000     18689.0523         -83054.3572       303.8253   -101743.4095    -82921.9884       302.4918            252.1413       249.9704    299859.5419         9.7109         7.3366

TIMING: 335000  CPU: 338.782, 0.000970099/step  Wall: 343.667, 0.000985101/step, 175.414 ns/days, 0.0451504 hours remaining, 0.000000 MB of memory in use.
PERFORMANCE: 335000  averaging 171.511 ns/day, 0.00100752 sec/step with standard deviation 2.15683e-05
ENERGY:  335000       392.6640      1139.5135      1133.9163        87.8427        -114427.5260     10050.7515         0.0000         0.0000     18565.1880         -83057.6501       301.8116   -101622.8381    -82936.0334       302.5855            207.0359       207.0220    300733.4011        31.3739        28.7906

TIMING: 340000  CPU: 343.681, 0.000979872/step  Wall: 348.642, 0.000995099/step, 173.651 ns/days, 0.0442266 hours remaining, 0.000000 MB of memory in use.
PERFORMANCE: 340000  averaging 171.542 ns/day, 0.00100734 sec/step with standard deviation 2.14596e-05
ENERGY:  340000       441.2837      1128.9788      1106.0923        70.7294        -113985.8205      9736.3525         0.0000         0.0000     18491.8245         -83010.5592       300.6190   -101502.3837    -82921.2734       302.6131           -171.0734      -170.9430    300964.9361        11.7032         9.2049

TIMING: 345000  CPU: 348.774, 0.00101852/step  Wall: 353.811, 0.00103376/step, 167.157 ns/days, 0.0445091 hours remaining, 0.000000 MB of memory in use.
PERFORMANCE: 345000  averaging 171.476 ns/day, 0.00100772 sec/step with standard deviation 2.15375e-05
ENERGY:  345000       424.4022      1139.7652      1129.5134        65.4636        -113943.6625      9826.2788         0.0000         0.0000     18644.0587         -82714.1805       303.0938   -101358.2392    -82917.5480       302.5787             22.3837        24.3301    301028.4546         4.8186         2.6380

TIMING: 350000  CPU: 353.664, 0.000978046/step  Wall: 358.775, 0.000992792/step, 174.055 ns/days, 0.0413663 hours remaining, 0.000000 MB of memory in use.
PERFORMANCE: 350000  averaging 171.513 ns/day, 0.00100751 sec/step with standard deviation 2.14552e-05
ETITLE:      TS           BOND          ANGLE          DIHED          IMPRP               ELECT            VDW       BOUNDARY           MISC        KINETIC               TOTAL           TEMP      POTENTIAL       TOTALAVG        TEMPAVG            PRESSURE      GPRESSURE         VOLUME       PRESSAVG      GPRESSAVG

ENERGY:  350000       421.9122      1138.2847      1138.3705        64.7951        -114115.8829      9816.7706         0.0000         0.0000     18549.6759         -82986.0738       301.5594   -101535.7497    -82918.2664       302.4514            -12.5220       -10.9387    301405.9747         4.0698         1.8873

TIMING: 355000  CPU: 358.528, 0.000972849/step  Wall: 363.713, 0.000987618/step, 174.966 ns/days, 0.0397791 hours remaining, 0.000000 MB of memory in use.
PERFORMANCE: 355000  averaging 171.56 ns/day, 0.00100723 sec/step with standard deviation 2.14317e-05
ENERGY:  355000       432.7479      1108.2583      1123.2189        64.6250        -113928.9956      9696.8901         0.0000         0.0000     18600.5136         -82902.7417       302.3859   -101503.2554    -82919.5994       302.4036            -87.5714       -89.3945    300085.8943        15.3715        13.2460

TIMING: 360000  CPU: 363.631, 0.00102064/step  Wall: 368.892, 0.00103586/step, 166.817 ns/days, 0.0402836 hours remaining, 0.000000 MB of memory in use.
PERFORMANCE: 360000  averaging 171.493 ns/day, 0.00100762 sec/step with standard deviation 2.15462e-05
ENERGY:  360000       440.7196      1145.4423      1104.6384        65.6334        -113849.9689      9586.7535         0.0000         0.0000     18558.1141         -82948.6677       301.6966   -101506.7818    -82926.4149       302.3072           -286.4824      -283.0116    300652.7193       -14.8192       -16.6870

TIMING: 365000  CPU: 368.486, 0.000970832/step  Wall: 373.822, 0.000985872/step, 175.276 ns/days, 0.0369702 hours remaining, 0.000000 MB of memory in use.
PERFORMANCE: 365000  averaging 171.543 ns/day, 0.00100733 sec/step with standard deviation 2.1547e-05
ENERGY:  365000       423.7143      1108.2741      1099.7277        72.3082        -114035.4536      9600.4061         0.0000         0.0000     18536.8304         -83194.1928       301.3506   -101731.0232    -82934.7224       302.2191           -211.1617      -208.2152    300959.3708       -27.1303       -28.6485

TIMING: 370000  CPU: 373.34, 0.000970885/step  Wall: 378.752, 0.000985992/step, 175.255 ns/days, 0.0356053 hours remaining, 0.000000 MB of memory in use.
PERFORMANCE: 370000  averaging 171.593 ns/day, 0.00100704 sec/step with standard deviation 2.15421e-05
ENERGY:  370000       425.7138      1160.6300      1117.9963        81.0124        -113952.6356      9686.7903         0.0000         0.0000     18655.9901         -82824.5026       303.2878   -101480.4927    -82926.0142       302.1701            -89.9236       -92.5306    301022.5469       -33.4229       -34.9244

TIMING: 375000  CPU: 378.406, 0.00101321/step  Wall: 383.895, 0.00102875/step, 167.971 ns/days, 0.0357205 hours remaining, 0.000000 MB of memory in use.
PERFORMANCE: 375000  averaging 171.543 ns/day, 0.00100733 sec/step with standard deviation 2.15425e-05
ENERGY:  375000       400.9057      1145.7741      1127.6055        74.9533        -113920.9796      9685.5723         0.0000         0.0000     18444.8316         -83041.3372       299.8550   -101486.1688    -82930.1525       302.0581           -164.7177      -167.2332    301784.0989       -44.1683       -45.6469

TIMING: 380000  CPU: 383.26, 0.000970859/step  Wall: 388.825, 0.000985825/step, 175.285 ns/days, 0.0328608 hours remaining, 0.000000 MB of memory in use.
PERFORMANCE: 380000  averaging 171.591 ns/day, 0.00100704 sec/step with standard deviation 2.15401e-05
ENERGY:  380000       436.3634      1145.8148      1107.5802        76.2603        -114054.0974      9769.1554         0.0000         0.0000     18580.9992         -82937.9241       302.0687   -101518.9233    -82911.8707       302.0823             65.8769        66.9306    300893.6160       -48.8871       -50.0323

TIMING: 385000  CPU: 388.136, 0.000975195/step  Wall: 393.777, 0.000990416/step, 174.472 ns/days, 0.0316383 hours remaining, 0.000000 MB of memory in use.
PERFORMANCE: 385000  averaging 171.628 ns/day, 0.00100683 sec/step with standard deviation 2.14816e-05
ENERGY:  385000       414.8873      1095.9600      1105.9295        73.3288        -113985.7119      9844.1986         0.0000         0.0000     18587.6038         -82863.8039       302.1760   -101451.4077    -82909.5552       302.2093              5.6167         7.7781    301614.4425       -43.9770       -44.9935

TIMING: 390000  CPU: 393.277, 0.0010281/step  Wall: 398.994, 0.00104344/step, 165.607 ns/days, 0.0318827 hours remaining, 0.000000 MB of memory in use.
PERFORMANCE: 390000  averaging 171.548 ns/day, 0.0010073 sec/step with standard deviation 2.17405e-05
ENERGY:  390000       417.1389      1136.8820      1133.2945        79.9581        -113891.2874      9671.8226         0.0000         0.0000     18588.9650         -82863.2262       302.1982   -101452.1912    -82912.1090       302.1465            -63.2512       -62.6810    300720.6165       -40.0749       -40.9367

TIMING: 395000  CPU: 398.12, 0.000968597/step  Wall: 403.911, 0.000983381/step, 175.72 ns/days, 0.0286819 hours remaining, 0.000000 MB of memory in use.
PERFORMANCE: 395000  averaging 171.6 ns/day, 0.00100699 sec/step with standard deviation 2.17676e-05
ENERGY:  395000       455.8246      1109.2774      1147.9417        81.5029        -113980.7265      9661.5239         0.0000         0.0000     18783.7976         -82740.8585       305.3655   -101524.6561    -82905.5672       302.2102           -189.6478      -192.5967    301369.2181       -45.4203       -46.2411

TIMING: 400000  CPU: 403.019, 0.000979863/step  Wall: 408.884, 0.000994637/step, 173.732 ns/days, 0.0276288 hours remaining, 0.000000 MB of memory in use.
PERFORMANCE: 400000  averaging 171.626 ns/day, 0.00100684 sec/step with standard deviation 2.16735e-05
ETITLE:      TS           BOND          ANGLE          DIHED          IMPRP               ELECT            VDW       BOUNDARY           MISC        KINETIC               TOTAL           TEMP      POTENTIAL       TOTALAVG        TEMPAVG            PRESSURE      GPRESSURE         VOLUME       PRESSAVG      GPRESSAVG

ENERGY:  400000       408.9077      1164.7910      1145.0843        91.1789        -113934.4954      9772.7125         0.0000         0.0000     18635.9712         -82715.8498       302.9623   -101351.8210    -82906.9816       302.1492            -45.8252       -48.4069    301286.0022       -38.1965       -38.9232

TIMING: 405000  CPU: 408.123, 0.00102078/step  Wall: 414.066, 0.00103634/step, 166.74 ns/days, 0.0273479 hours remaining, 0.000000 MB of memory in use.
PERFORMANCE: 405000  averaging 171.564 ns/day, 0.0010072 sec/step with standard deviation 2.17856e-05
ENERGY:  405000       421.8314      1103.3398      1127.1273        90.5891        -114548.7455     10138.3051         0.0000         0.0000     18543.0231         -83124.5296       301.4513   -101667.5527    -82926.1485       302.1652            168.8641       175.2952    300192.1310       -29.2750       -29.6702

TIMING: 410000  CPU: 412.975, 0.000970428/step  Wall: 418.991, 0.000985018/step, 175.428 ns/days, 0.0246254 hours remaining, 0.000000 MB of memory in use.
PERFORMANCE: 410000  averaging 171.61 ns/day, 0.00100693 sec/step with standard deviation 2.17889e-05
ENERGY:  410000       398.4737      1159.4180      1108.9900        81.4857        -114242.3254      9795.5170         0.0000         0.0000     18609.9035         -83088.5375       302.5385   -101698.4409    -82939.5214       302.3075            133.7197       132.8524    299785.0414       -17.4828       -17.6909

TIMING: 415000  CPU: 417.857, 0.000976346/step  Wall: 423.947, 0.000991239/step, 174.327 ns/days, 0.0234043 hours remaining, 0.000000 MB of memory in use.
PERFORMANCE: 415000  averaging 171.642 ns/day, 0.00100674 sec/step with standard deviation 2.1724e-05
ENERGY:  415000       420.3407      1116.3997      1126.4025        69.8424        -114632.7920     10065.1912         0.0000         0.0000     18498.0791         -83336.5364       300.7206   -101834.6155    -82959.7086       302.1839             94.9724        93.4659    301087.5303       -16.6133       -16.8576

TIMING: 420000  CPU: 422.958, 0.00102032/step  Wall: 429.124, 0.00103548/step, 166.879 ns/days, 0.0230107 hours remaining, 0.000000 MB of memory in use.
PERFORMANCE: 420000  averaging 171.584 ns/day, 0.00100709 sec/step with standard deviation 2.18192e-05
ENERGY:  420000       430.5798      1129.7591      1101.0894        68.9142        -114224.7508      9885.3164         0.0000         0.0000     18595.5192         -83013.5727       302.3047   -101609.0919    -82966.8032       302.0692            140.0133       143.7658    299632.4229        -7.1601        -7.0123

TIMING: 425000  CPU: 427.817, 0.000971711/step  Wall: 434.057, 0.000986522/step, 175.161 ns/days, 0.0205525 hours remaining, 0.000000 MB of memory in use.
PERFORMANCE: 425000  averaging 171.625 ns/day, 0.00100684 sec/step with standard deviation 2.18034e-05
ENERGY:  425000       397.5017      1123.2832      1127.0905        75.8909        -114152.4683      9943.6012         0.0000         0.0000     18843.3686         -82641.7323       306.3340   -101485.1008    -82953.0417       302.3802            290.0890       288.3782    299789.0144         2.9268         3.1919

TIMING: 430000  CPU: 432.717, 0.000979939/step  Wall: 439.032, 0.000995021/step, 173.665 ns/days, 0.0193476 hours remaining, 0.000000 MB of memory in use.
PERFORMANCE: 430000  averaging 171.649 ns/day, 0.00100671 sec/step with standard deviation 2.17122e-05
ENERGY:  430000       412.4962      1140.5186      1136.9660        73.8271        -114275.9724      9854.7964         0.0000         0.0000     18534.9718         -83122.3964       301.3204   -101657.3681    -82956.4437       302.2550            163.3166       160.0848    299801.8821        -1.5144        -1.3024

TIMING: 435000  CPU: 437.841, 0.00102479/step  Wall: 444.232, 0.00104005/step, 166.146 ns/days, 0.0187787 hours remaining, 0.000000 MB of memory in use.
PERFORMANCE: 435000  averaging 171.583 ns/day, 0.00100709 sec/step with standard deviation 2.18796e-05
ENERGY:  435000       428.6101      1078.2012      1132.9482        74.2961        -113784.5525      9767.1745         0.0000         0.0000     18721.7988         -82581.5236       304.3576   -101303.3224    -82932.6373       302.3823             17.4124        14.7567    299994.8678       -10.9956       -10.9157

TIMING: 440000  CPU: 442.713, 0.000974411/step  Wall: 449.179, 0.00098931/step, 174.667 ns/days, 0.0164885 hours remaining, 0.000000 MB of memory in use.
PERFORMANCE: 440000  averaging 171.618 ns/day, 0.00100689 sec/step with standard deviation 2.18359e-05
ENERGY:  440000       446.5768      1130.2538      1128.3258        65.8235        -114011.4929      9597.4450         0.0000         0.0000     18608.9284         -83034.1396       302.5227   -101643.0680    -82933.8164       302.4775            -84.6071       -82.6629    299839.0362        -6.6723        -6.5017

TIMING: 445000  CPU: 447.599, 0.0009772/step  Wall: 454.139, 0.000992037/step, 174.187 ns/days, 0.0151561 hours remaining, 0.000000 MB of memory in use.
PERFORMANCE: 445000  averaging 171.646 ns/day, 0.00100672 sec/step with standard deviation 2.17685e-05
ENERGY:  445000       413.2489      1153.2251      1117.7184        67.6235        -114003.2949      9726.0949         0.0000         0.0000     18613.0396         -82912.3446       302.5895   -101525.3842    -82943.7246       302.4523            -25.5279       -24.4943    300223.3526        -9.0678        -8.9429

TIMING: 450000  CPU: 452.73, 0.00102625/step  Wall: 459.348, 0.00104173/step, 165.878 ns/days, 0.0144684 hours remaining, 0.000000 MB of memory in use.
PERFORMANCE: 450000  averaging 171.58 ns/day, 0.00100711 sec/step with standard deviation 2.19581e-05
ETITLE:      TS           BOND          ANGLE          DIHED          IMPRP               ELECT            VDW       BOUNDARY           MISC        KINETIC               TOTAL           TEMP      POTENTIAL       TOTALAVG        TEMPAVG            PRESSURE      GPRESSURE         VOLUME       PRESSAVG      GPRESSAVG

ENERGY:  450000       403.4537      1074.8776      1116.6915        81.6229        -113873.8377      9638.9952         0.0000         0.0000     18638.2298         -82919.9671       302.9990   -101558.1969    -82940.4192       302.5242           -219.3340      -223.1827    300625.1512       -19.4084       -19.5551

TIMING: 455000  CPU: 457.583, 0.000970499/step  Wall: 464.271, 0.000984672/step, 175.49 ns/days, 0.0123084 hours remaining, 0.000000 MB of memory in use.
PERFORMANCE: 455000  averaging 171.622 ns/day, 0.00100686 sec/step with standard deviation 2.19621e-05
ENERGY:  455000       414.7975      1136.6333      1097.8826        77.8906        -114146.4454      9818.5684         0.0000         0.0000     18608.6610         -82992.0120       302.5183   -101600.6730    -82944.8827       302.5309              7.4816         5.5537    300942.9456       -14.6558       -14.8077

TIMING: 460000  CPU: 462.488, 0.000981086/step  Wall: 469.251, 0.000995991/step, 173.496 ns/days, 0.0110666 hours remaining, 0.000000 MB of memory in use.
PERFORMANCE: 460000  averaging 171.642 ns/day, 0.00100675 sec/step with standard deviation 2.18705e-05
ENERGY:  460000       424.4112      1156.3256      1116.1128        76.0157        -114176.9063      9918.6755         0.0000         0.0000     18658.4024         -82826.9630       303.3270   -101485.3654    -82938.7975       302.6124            160.6240       161.8072    300418.2184         7.6995         7.4332

TIMING: 465000  CPU: 467.601, 0.00102262/step  Wall: 474.439, 0.00103765/step, 166.53 ns/days, 0.0100883 hours remaining, 0.000000 MB of memory in use.
PERFORMANCE: 465000  averaging 171.586 ns/day, 0.00100708 sec/step with standard deviation 2.19861e-05
ENERGY:  465000       456.5456      1120.4472      1121.9393        65.1796        -114590.0910      9963.6383         0.0000         0.0000     18737.6249         -83124.7161       304.6149   -101862.3410    -82935.3237       302.7756            108.5236       110.8293    298886.4714        23.6838        23.3855

TIMING: 470000  CPU: 472.467, 0.000973251/step  Wall: 479.38, 0.000988076/step, 174.885 ns/days, 0.00823397 hours remaining, 0.000000 MB of memory in use.
PERFORMANCE: 470000  averaging 171.62 ns/day, 0.00100688 sec/step with standard deviation 2.19552e-05
ENERGY:  470000       451.4380      1077.5770      1124.5808        72.1155        -114140.5889      9713.5892         0.0000         0.0000     18685.2311         -83016.0572       303.7631   -101701.2884    -82944.9014       302.7994           -197.0128      -197.4245    299322.0932        18.3293        18.1408

TIMING: 475000  CPU: 477.373, 0.000981102/step  Wall: 484.359, 0.000995897/step, 173.512 ns/days, 0.00691595 hours remaining, 0.000000 MB of memory in use.
PERFORMANCE: 475000  averaging 171.64 ns/day, 0.00100676 sec/step with standard deviation 2.18672e-05
ENERGY:  475000       442.0052      1103.5989      1116.5428        65.2018        -114142.1159      9928.5073         0.0000         0.0000     18604.9591         -82881.3008       302.4582   -101486.2599    -82936.8996       302.9295            -59.7451       -62.5454    302610.5914        23.5780        23.3752

TIMING: 480000  CPU: 482.475, 0.00102043/step  Wall: 489.538, 0.00103573/step, 166.839 ns/days, 0.00575405 hours remaining, 0.000000 MB of memory in use.
PERFORMANCE: 480000  averaging 171.588 ns/day, 0.00100706 sec/step with standard deviation 2.19518e-05
ENERGY:  480000       419.0042      1087.6041      1114.0938        74.4235        -114193.5368      9705.4330         0.0000         0.0000     18524.4382         -83268.5399       301.1491   -101792.9782    -82953.4304       302.8836            -85.2585       -84.1960    300822.0671        16.0212        15.8188

TIMING: 485000  CPU: 487.31, 0.000966928/step  Wall: 494.447, 0.000981799/step, 176.003 ns/days, 0.00409083 hours remaining, 0.000000 MB of memory in use.
PERFORMANCE: 485000  averaging 171.633 ns/day, 0.0010068 sec/step with standard deviation 2.19873e-05
ENERGY:  485000       400.8092      1128.0449      1124.8650        78.7610        -114293.4026      9910.7708         0.0000         0.0000     18340.5742         -83309.5774       298.1601   -101650.1516    -82975.7190       302.6828            188.8365       191.5513    300787.3647        25.1822        25.0075

TIMING: 490000  CPU: 492.197, 0.000977484/step  Wall: 499.407, 0.000992065/step, 174.182 ns/days, 0.00275574 hours remaining, 0.000000 MB of memory in use.
PERFORMANCE: 490000  averaging 171.658 ns/day, 0.00100665 sec/step with standard deviation 2.19242e-05
ENERGY:  490000       436.9336      1099.5728      1124.1502        76.4386        -114069.9530      9897.0262         0.0000         0.0000     18778.8201         -82657.0116       305.2846   -101435.8317    -82965.4083       302.8371            149.3009       147.9532    300254.3702        35.8098        35.5392

TIMING: 495000  CPU: 497.411, 0.00104274/step  Wall: 504.698, 0.0010582/step, 163.296 ns/days, 0.00146972 hours remaining, 0.000000 MB of memory in use.
PERFORMANCE: 495000  averaging 171.57 ns/day, 0.00100717 sec/step with standard deviation 2.2419e-05
ENERGY:  495000       439.4212      1093.4546      1129.5459        74.1414        -114106.3671      9883.5124         0.0000         0.0000     18611.5840         -82874.7076       302.5659   -101486.2916    -82972.1008       302.6971             50.2826        41.6117    301481.0244        47.8063        47.2496

TIMING: 500000  CPU: 502.27, 0.000971923/step  Wall: 509.632, 0.00098676/step, 175.119 ns/days, 0 hours remaining, 0.000000 MB of memory in use.
PERFORMANCE: 500000  averaging 171.604 ns/day, 0.00100697 sec/step with standard deviation 2.23987e-05
ETITLE:      TS           BOND          ANGLE          DIHED          IMPRP               ELECT            VDW       BOUNDARY           MISC        KINETIC               TOTAL           TEMP      POTENTIAL       TOTALAVG        TEMPAVG            PRESSURE      GPRESSURE         VOLUME       PRESSAVG      GPRESSAVG

ENERGY:  500000       399.3652      1125.8350      1123.2624        78.7390        -114037.7555      9883.3617         0.0000         0.0000     18611.7515         -82815.4406       302.5686   -101427.1921    -82977.0803       302.6774            190.1970       188.8321    302287.8905        59.6074        59.1116

WRITING EXTENDED SYSTEM TO OUTPUT FILE AT STEP 500000
WRITING COORDINATES TO OUTPUT FILE AT STEP 500000
WRITING VELOCITIES TO OUTPUT FILE AT STEP 500000
The last velocity output (seq=-2) takes 0.125 seconds, 0.000 MB of memory in use
====================================================

WallClock: 512.892090  CPUTime: 489.099457  Memory: 0.000000 MB
[Partition 0][Node 0] End of program
