Charm++> Running on MPI library: Open MPI v4.1.5a1, package: Open MPI software@d001.sol.rc.asu.edu Distribution, ident: 4.1.5a1, repo rev: v4.1.4-32-g5abd86cc8c, Unreleased developer copy (MPI standard: 3.1)
Charm++> Level of thread support used: MPI_THREAD_FUNNELED (desired: MPI_THREAD_FUNNELED)
Charm++> Running in SMP mode: 1 processes, 45 worker threads (PEs) + 1 comm threads per process, 45 PEs total
Charm++> The comm. thread both sends and receives messages
Charm++> Using recursive bisection (scheme 3) for topology aware partitions
Converse/Charm++ Commit ID: v8.0.1-devel-35-gf310838d5
Charm++ communication thread will sleep due to single-process run.
CharmLB> Load balancer assumes all CPUs are same.
Charm++> cpu affinity enabled. 
Charm++> Running on 1 hosts (2 sockets x 24 cores x 1 PUs = 48-way SMP)
Charm++> cpu topology info is gathered in 0.004 seconds.
Info: Built with CUDA version 12090
Pe 15 physical rank 15 will use CUDA device of pe 32
Pe 40 physical rank 40 will use CUDA device of pe 32
Pe 41 physical rank 41 will use CUDA device of pe 32
Pe 42 physical rank 42 will use CUDA device of pe 32
Pe 17 physical rank 17 will use CUDA device of pe 32
Pe 1 physical rank 1 will use CUDA device of pe 32
Pe 43 physical rank 43 will use CUDA device of pe 32
Pe 31 physical rank 31 will use CUDA device of pe 32
Pe 30 physical rank 30 will use CUDA device of pe 32
Pe 0 physical rank 0 will use CUDA device of pe 32
Pe 6 physical rank 6 will use CUDA device of pe 32
Pe 36 physical rank 36 will use CUDA device of pe 32
Pe 2 physical rank 2 will use CUDA device of pe 32
Pe 26 physical rank 26 will use CUDA device of pe 32
Pe 28 physical rank 28 will use CUDA device of pe 32
Pe 44 physical rank 44 will use CUDA device of pe 32
Pe 16 physical rank 16 will use CUDA device of pe 32
Pe 5 physical rank 5 will use CUDA device of pe 32
Pe 22 physical rank 22 will use CUDA device of pe 32
Pe 14 physical rank 14 will use CUDA device of pe 32
Pe 8 physical rank 8 will use CUDA device of pe 32
Pe 4 physical rank 4 will use CUDA device of pe 32
Pe 3 physical rank 3 will use CUDA device of pe 32
Pe 7 physical rank 7 will use CUDA device of pe 32
Pe 10 physical rank 10 will use CUDA device of pe 32
Pe 11 physical rank 11 will use CUDA device of pe 32
Pe 9 physical rank 9 will use CUDA device of pe 32
Pe 37 physical rank 37 will use CUDA device of pe 32
Pe 35 physical rank 35 will use CUDA device of pe 32
Pe 24 physical rank 24 will use CUDA device of pe 32
Pe 27 physical rank 27 will use CUDA device of pe 32
Pe 23 physical rank 23 will use CUDA device of pe 32
Pe 25 physical rank 25 will use CUDA device of pe 32
Pe 13 physical rank 13 will use CUDA device of pe 32
Pe 33 physical rank 33 will use CUDA device of pe 32
Pe 32 physical rank 32 binding to CUDA device 0 on sg238: 'NVIDIA A100-SXM4-80GB'  Mem: 81152MB  Rev: 8.0  PCI: 0:1:0
Pe 29 physical rank 29 will use CUDA device of pe 32
Pe 34 physical rank 34 will use CUDA device of pe 32
Pe 12 physical rank 12 will use CUDA device of pe 32
Pe 38 physical rank 38 will use CUDA device of pe 32
Pe 39 physical rank 39 will use CUDA device of pe 32
Pe 19 physical rank 19 will use CUDA device of pe 32
Pe 18 physical rank 18 will use CUDA device of pe 32
Pe 21 physical rank 21 will use CUDA device of pe 32
Pe 20 physical rank 20 will use CUDA device of pe 32
CharmLB> Load balancing instrumentation for communication is off.
Info: NAMD 3.1alpha4pre for Linux-x86_64-MPI-smp-CUDA
Info: 
Info: Please visit http://www.ks.uiuc.edu/Research/namd/
Info: for updates, documentation, and support information.
Info: 
Info: Please cite Phillips et al., J. Chem. Phys. 153:044130 (2020) doi:10.1063/5.0014475
Info: in all publications reporting results obtained with NAMD.
Info: 
Info: Based on Charm++/Converse 80001 for mpi-linux-x86_64
Info: Built Fri Apr 17 06:27:28 MST 2026 by athiru12 on sg013
Info: Source code at Git commit ID 0de8a9017a5e517ce3382a552ac4a3debb0beccb
Info: 1 NAMD  3.1alpha4pre  Linux-x86_64-MPI-smp-CUDA  45    sg238  athiru12
Info: Running on 45 processors, 1 nodes, 1 physical nodes.
Info: CPU topology information available.
Info: Charm++/Converse parallel runtime startup completed at 2.88495 s
CkLoopLib is used in SMP with simple dynamic scheduling (converse-level notification)
Info: 0 MB of memory in use based on /proc/self/stat
Info: Configuration file is input/step5_streaming_streaming-3_run_2.inp
Info: Changed directory to input
TCL: Suspending until startup complete.
Warning: Option "1-4scaling" has been deprecated. Instead use "oneFourScaling".
Info: EXTENDED SYSTEM FILE   ../output/vanilla/performance/equil/1-0-40/run-1/step4_equilibration.xsc
Info: Tuning parameters to improve GPU-resident performance
Info: Setting margin to 4
Warning: The Langevin gamma parameters differ over the particles,
Warning: requiring extra work per step to constrain rigid bonds.
Info: Enabling PMEOffload because PMEInterpOrder > 4.
Info: Running with GPU-resident mode
Warning: Always using force tables for GPU nonbonded kernel due to unsupported config parameters.
Info: SIMULATION PARAMETERS:
Info: TIMESTEP               2
Info: NUMBER OF STEPS        500000
Info: STEPS PER CYCLE        20
Info: PERIODIC CELL BASIS 1  69 0 0
Info: PERIODIC CELL BASIS 2  0 69 0
Info: PERIODIC CELL BASIS 3  0 0 69
Info: PERIODIC CELL CENTER   0 0 0
Info: WRAPPING WATERS AROUND PERIODIC BOUNDARIES ON OUTPUT.
Info: WRAPPING ALL CLUSTERS AROUND PERIODIC BOUNDARIES ON OUTPUT.
Info: LOAD BALANCER  Centralized
Info: LOAD BALANCING STRATEGY  New Load Balancers -- DEFAULT
Info: LDB PERIOD             4000 steps
Info: FIRST LDB TIMESTEP     100
Info: LAST LDB TIMESTEP     -1
Info: LDB BACKGROUND SCALING 1
Info: HOM BACKGROUND SCALING 1
Info: PME BACKGROUND SCALING 1
Warning: OVERRIDING NOPATCH SETTING. Not supported with GPUresident on
Info: MIN ATOMS PER PATCH    40
Info: EMPTY PATCH LOAD       40 ATOMS
Info: VELOCITY FILE          ../output/vanilla/performance/equil/1-0-40/run-1/step4_equilibration.vel
Info: CENTER OF MASS MOVING INITIALLY? NO
Info: DIELECTRIC             1
Info: EXCLUDE                SCALED ONE-FOUR
Info: 1-4 ELECTROSTATICS SCALED BY 1
Info: MODIFIED 1-4 VDW PARAMETERS WILL BE USED
Info: NO DCD TRAJECTORY OUTPUT
Info: NO EXTENDED SYSTEM TRAJECTORY OUTPUT
Info: NO VELOCITY DCD OUTPUT
Info: NO FORCE DCD OUTPUT
Info: OUTPUT FILENAME        ../output/streaming-3/performance/prod/1-1-45/frequency-8/run-2/step5_streaming
Info: BINARY OUTPUT FILES WILL BE USED
Info: NO RESTART FILE
Info: NAMD will save positions and velocities to ../output/streaming-3/performance/prod/1-1-45/frequency-8/run-2/step5_streaming.crash.csv when  atoms are moving too fast.
Info: SWITCHING ACTIVE
Info: VDW FORCE SWITCHING ACTIVE
Info: SWITCHING ON           10
Info: SWITCHING OFF          12
Info: PAIRLIST DISTANCE      16
Info: PAIRLIST SHRINK RATE   0.01
Info: PAIRLIST GROW RATE     0.01
Info: PAIRLIST TRIGGER       0.3
Info: PAIRLISTS PER CYCLE    2
Info: PAIRLISTS ENABLED
Info: MARGIN                 4
Info: HYDROGEN GROUP CUTOFF  2.5
Info: PATCH DIMENSION        22.5
Info: ENERGY OUTPUT STEPS    5000
Info: ENERGY EVALUATION STEPS    5000
Info: OUTPUT ENERGY PRECISION 4
Info: CROSSTERM ENERGY INCLUDED IN DIHEDRAL
Info: TIMING OUTPUT STEPS    5000
Info: INTERACTIVE MD ACTIVE
Info: INTERACTIVE MD VERSION    3
Info: INTERACTIVE MD PORT    8889
Info: INTERACTIVE MD FREQ    8
Info: WILL AWAIT INTERACTIVE MD CONNECTION
Info: INTERACTIVE MD WILL SEND THE FOLLOWING:
Info: WRAPPED COORDINATES
Info: VELOCITIES
Info: FORCES
Info: LANGEVIN DYNAMICS ACTIVE
Info: LANGEVIN TEMPERATURE   303.15
Info: LANGEVIN USING BBK INTEGRATOR
Info: LANGEVIN DAMPING COEFFICIENT IS 1 INVERSE PS
Info: LANGEVIN DYNAMICS NOT APPLIED TO HYDROGENS
Info: LANGEVIN PISTON PRESSURE CONTROL ACTIVE
Info:        TARGET PRESSURE IS 1.01325 BAR
Info:     OSCILLATION PERIOD IS 50 FS
Info:             DECAY TIME IS 25 FS
Info:     PISTON TEMPERATURE IS 303.15 K
Info:       PRESSURE CONTROL IS GROUP-BASED
Info:    INITIAL STRAIN RATE IS 0 0 0
Info:       CELL FLUCTUATION IS ISOTROPIC
Info: PARTICLE MESH EWALD (PME) ACTIVE
Info: PME TOLERANCE               1e-06
Info: PME EWALD COEFFICIENT       0.257952
Info: PME INTERPOLATION ORDER     6
Info: PME GRID DIMENSIONS         72 72 72
Info: PME MAXIMUM GRID SPACING    1
Info: PME RECIPROCAL SUM OFFLOADED TO GPU
Info: PME CALCULATION WILL BE PERFORMED ON GPU
Info: FULL ELECTROSTATIC EVALUATION FREQUENCY      1
Info: USING VERLET I (r-RESPA) MTS SCHEME.
Info: C1 SPLITTING OF LONG RANGE ELECTROSTATICS
Info: PLACING ATOMS IN PATCHES BY HYDROGEN GROUPS
Info: RIGID BONDS TO HYDROGEN : ALL
Info:         ERROR TOLERANCE : 1e-08
Info:          MAX ITERATIONS : 100
Info: RIGID WATER USING SETTLE ALGORITHM
Info: RANDOM NUMBER SEED     1776865659
Info: USE HYDROGEN BONDS?    NO
Info: COORDINATE PDB         step3_input.pdb
Info: STRUCTURE FILE         step3_input.psf
Info: PARAMETER file: CHARMM format! 
Info: PARAMETERS             toppar/par_all36m_prot.prm
Info: PARAMETERS             toppar/par_all36_na.prm
Info: PARAMETERS             toppar/par_all36_carb.prm
Info: PARAMETERS             toppar/par_all36_lipid.prm
Info: PARAMETERS             toppar/par_all36_cgenff.prm
Info: PARAMETERS             toppar/par_interface.prm
Info: PARAMETERS             toppar/toppar_all36_moreions.str
Info: PARAMETERS             toppar/toppar_all36_nano_lig.str
Info: PARAMETERS             toppar/toppar_all36_nano_lig_patch.str
Info: PARAMETERS             toppar/toppar_all36_synthetic_polymer.str
Info: PARAMETERS             toppar/toppar_all36_synthetic_polymer_patch.str
Info: PARAMETERS             toppar/toppar_all36_polymer_solvent.str
Info: PARAMETERS             toppar/toppar_water_ions.str
Info: PARAMETERS             toppar/toppar_dum_noble_gases.str
Info: PARAMETERS             toppar/toppar_ions_won.str
Info: PARAMETERS             toppar/cam.str
Info: PARAMETERS             toppar/toppar_all36_prot_arg0.str
Info: PARAMETERS             toppar/toppar_all36_prot_c36m_d_aminoacids.str
Info: PARAMETERS             toppar/toppar_all36_prot_fluoro_alkanes.str
Info: PARAMETERS             toppar/toppar_all36_prot_heme.str
Info: PARAMETERS             toppar/toppar_all36_prot_na_combined.str
Info: PARAMETERS             toppar/toppar_all36_prot_retinol.str
Info: PARAMETERS             toppar/toppar_all36_prot_model.str
Info: PARAMETERS             toppar/toppar_all36_prot_modify_res.str
Info: PARAMETERS             toppar/toppar_all36_na_nad_ppi.str
Info: PARAMETERS             toppar/toppar_all36_na_rna_modified.str
Info: PARAMETERS             toppar/toppar_all36_lipid_sphingo.str
Info: PARAMETERS             toppar/toppar_all36_lipid_archaeal.str
Info: PARAMETERS             toppar/toppar_all36_lipid_bacterial.str
Info: PARAMETERS             toppar/toppar_all36_lipid_cardiolipin.str
Info: PARAMETERS             toppar/toppar_all36_lipid_cholesterol.str
Info: PARAMETERS             toppar/toppar_all36_lipid_dag.str
Info: PARAMETERS             toppar/toppar_all36_lipid_inositol.str
Info: PARAMETERS             toppar/toppar_all36_lipid_lnp.str
Info: PARAMETERS             toppar/toppar_all36_lipid_lps.str
Info: PARAMETERS             toppar/toppar_all36_lipid_mycobacterial.str
Info: PARAMETERS             toppar/toppar_all36_lipid_miscellaneous.str
Info: PARAMETERS             toppar/toppar_all36_lipid_model.str
Info: PARAMETERS             toppar/toppar_all36_lipid_prot.str
Info: PARAMETERS             toppar/toppar_all36_lipid_tag.str
Info: PARAMETERS             toppar/toppar_all36_lipid_yeast.str
Info: PARAMETERS             toppar/toppar_all36_lipid_hmmm.str
Info: PARAMETERS             toppar/toppar_all36_lipid_detergent.str
Info: PARAMETERS             toppar/toppar_all36_lipid_ether.str
Info: PARAMETERS             toppar/toppar_all36_lipid_oxidized.str
Info: PARAMETERS             toppar/toppar_all36_carb_glycolipid.str
Info: PARAMETERS             toppar/toppar_all36_carb_glycopeptide.str
Info: PARAMETERS             toppar/toppar_all36_carb_imlab.str
Info: PARAMETERS             toppar/toppar_all36_label_spin.str
Info: PARAMETERS             toppar/toppar_all36_label_fluorophore.str
Info: USING ARITHMETIC MEAN TO COMBINE L-J SIGMA PARAMETERS
Info: BINARY COORDINATES     ../output/vanilla/performance/equil/1-0-40/run-1/step4_equilibration.coor
Warning: SKIPPING PART OF PARAMETER FILE AFTER RETURN STATEMENT

Warning: DUPLICATE DIHEDRAL ENTRY FOR HAL1-CTO1-C-NHL
PREVIOUS VALUES MULTIPLICITY: 1
  k=0  n=1  delta=0INCREASING MULTIPLICITY TO: 2
  k=0  n=3  delta=0

Warning: DUPLICATE DIHEDRAL ENTRY FOR HAL1-CTO1-C-O
PREVIOUS VALUES MULTIPLICITY: 1
  k=0  n=1  delta=0INCREASING MULTIPLICITY TO: 2
  k=0  n=2  delta=3.14159
Warning: SKIPPING PART OF PARAMETER FILE AFTER RETURN STATEMENT

Warning: DUPLICATE DIHEDRAL ENTRY FOR CTL2-CG2O5-CTL1-CTL3
PREVIOUS VALUES MULTIPLICITY: 1
  k=0.75  n=1  delta=0  k=0.18  n=2  delta=3.14159INCREASING MULTIPLICITY TO: 3
  k=0.065  n=3  delta=0

Warning: DUPLICATE BOND ENTRY FOR CEL1-CL
PREVIOUS VALUES  k=440  x0=1.489
   USING VALUES  k=300  x0=1.48
Info: SUMMARY OF PARAMETERS:
Info: 1988 BONDS
Info: 6776 ANGLES
Info: 19939 DIHEDRAL
Info: 430 IMPROPER
Info: 28 CROSSTERM
Info: 751 VDW
Info: 122 VDW_PAIRS
Info: 0 NBTHOLE_PAIRS
Warning: Ignored 9467 bonds with zero force constants.
Warning: Will get H-H distance in rigid H2O from H-O-H angle.
Info: No lone pairs detected in waters
Info: TIME FOR READING PSF FILE: 0.164657
Info: Reading pdb file step3_input.pdb
Info: TIME FOR READING PDB FILE: 0.0469537
Info: 
Info: ****************************
Info: STRUCTURE SUMMARY:
Info: 30423 ATOMS
Info: 20918 BONDS
Info: 13014 ANGLES
Info: 5187 DIHEDRALS
Info: 373 IMPROPERS
Info: 127 CROSSTERMS
Info: 0 EXCLUSIONS
Info: 29360 RIGID BONDS
Info: 61909 DEGREES OF FREEDOM
Info: 10530 HYDROGEN GROUPS
Info: 4 ATOMS IN LARGEST HYDROGEN GROUP
Info: 10530 MIGRATION GROUPS
Info: 4 ATOMS IN LARGEST MIGRATION GROUP
Info: TOTAL MASS = 186727 amu
Info: TOTAL CHARGE = 1.31875e-06 e
Info: MASS DENSITY = 0.943883 g/cm^3
Info: ATOM DENSITY = 0.0926093 atoms/A^3
Info: *****************************
Info: Reading from binary file ../output/vanilla/performance/equil/1-0-40/run-1/step4_equilibration.coor
Info: 
Info: Entering startup at 4.08932 s, 0 MB of memory in use
Info: Startup phase 0 took 0.000649664 s, 0 MB of memory in use
Info: ADDED 39038 IMPLICIT EXCLUSIONS
Info: Startup phase 1 took 0.00663957 s, 0 MB of memory in use
Info: NONBONDED TABLE R-SQUARED SPACING: 0.0625
Info: NONBONDED TABLE SIZE: 769 POINTS
Info: INCONSISTENCY IN FAST TABLE ENERGY VS FORCE: 0.000325096 AT 11.9556
Info: INCONSISTENCY IN SCOR TABLE ENERGY VS FORCE: 0.000324844 AT 11.9556
Info: INCONSISTENCY IN VDWA TABLE ENERGY VS FORCE: 0.0040507 AT 0.251946
Info: INCONSISTENCY IN VDWB TABLE ENERGY VS FORCE: 0.00150189 AT 0.251946
Info: Startup phase 2 took 0.0153082 s, 0 MB of memory in use
Info: Startup phase 3 took 0.000175471 s, 0 MB of memory in use
Info: Startup phase 4 took 0.00139914 s, 0 MB of memory in use
Info: Startup phase 5 took 0.00021722 s, 0 MB of memory in use
Info: REDUCING NUMBER OF PATCHES TO IMPROVE LOAD BALANCE
Info: PATCH GRID IS 5 (PERIODIC) BY 3 (PERIODIC) BY 3 (PERIODIC)
Info: PATCH GRID IS 2-AWAY BY 1-AWAY BY 1-AWAY
Info: Reading from binary file ../output/vanilla/performance/equil/1-0-40/run-1/step4_equilibration.vel
Info: REMOVING COM VELOCITY -0.0158458 -0.019888 0.00968242
Info: LARGEST PATCH (22) HAS 800 ATOMS
Info: TORUS A SIZE 1 USING 0
Info: TORUS B SIZE 1 USING 0
Info: TORUS C SIZE 1 USING 0
Info: TORUS MINIMAL MESH SIZE IS 1 BY 1 BY 1
Info: Placed 100% of base nodes on same physical node as patch
Info: Startup phase 6 took 0.0458537 s, 0 MB of memory in use
Info: Use 3D box decompostion in PME FFT.
Info: PME using 1 x 1 x 1 pencil grid for FFT and reciprocal sum.
Info: Startup phase 7 took 0.00126205 s, 0 MB of memory in use
Info: Updated CUDA force table with 4096 elements.
Info: Updated CUDA LJ table with 751 x 751 elements.
Info: Startup phase 8 took 0.00646107 s, 0 MB of memory in use
Info: Startup phase 9 took 0.000206569 s, 0 MB of memory in use
Info: Startup phase 10 took 0.000156866 s, 0 MB of memory in use
Info: Startup phase 11 took 0.0132326 s, 0 MB of memory in use
LDB: Central LB being created...
Info: Startup phase 12 took 0.239669 s, 0 MB of memory in use
Info: Startup phase 13 took 0.000177795 s, 0 MB of memory in use
Info: Startup phase 14 took 0.00289906 s, 0 MB of memory in use
Info: Startup phase 15 took 0.000165703 s, 0 MB of memory in use
Info: CREATING 1755 COMPUTE OBJECTS
Info: Interactive MD listening on port 8889.
Info: Found 268 unique exclusion lists needing 4316 bytes
Info: Startup phase 16 took 0.126012 s, 0 MB of memory in use
Info: useSync: 0 useProxySync: 0
Info: Startup phase 17 took 0.000180861 s, 0 MB of memory in use
Info: Startup phase 18 took 6.0113e-05 s, 0 MB of memory in use
Info: Finished startup at 4.55004 s, 0 MB of memory in use

TCL: Original numsteps 500000 will be ignored.
TCL: Running for 500000 steps
Info: INTERACTIVE MD AWAITING CONNECTION
Warning: IMD protocol version 3 detected
Info: IMD connection opened
ETITLE:      TS           BOND          ANGLE          DIHED          IMPRP               ELECT            VDW       BOUNDARY           MISC        KINETIC               TOTAL           TEMP      POTENTIAL       TOTALAVG        TEMPAVG            PRESSURE      GPRESSURE         VOLUME       PRESSAVG      GPRESSAVG

ENERGY:       0       390.0165      1067.9379      1155.8548        69.8147        -111518.5693      9145.1384         0.0000         0.0000     18338.1923         -81351.6147       298.1214    -99689.8070    -81351.6147       298.1214          -1454.3548     -1453.0521    328509.0000     -1454.3548     -1453.0521

The last position output (seq=8) takes 0.001 seconds, 0.000 MB of memory in use
The last velocity output (seq=8) takes 0.001 seconds, 0.000 MB of memory in use
The last force output (seq=8) takes 0.000 seconds, 0.000 MB of memory in use
The last position output (seq=16) takes 0.001 seconds, 0.000 MB of memory in use
The last velocity output (seq=16) takes 0.000 seconds, 0.000 MB of memory in use
The last force output (seq=16) takes 0.000 seconds, 0.000 MB of memory in use
The last position output (seq=24) takes 0.001 seconds, 0.000 MB of memory in use
The last velocity output (seq=24) takes 0.012 seconds, 0.000 MB of memory in use
The last force output (seq=24) takes 0.000 seconds, 0.000 MB of memory in use
The last position output (seq=32) takes 0.001 seconds, 0.000 MB of memory in use
The last velocity output (seq=32) takes 0.050 seconds, 0.000 MB of memory in use
The last force output (seq=32) takes 0.000 seconds, 0.000 MB of memory in use
The last position output (seq=40) takes 0.001 seconds, 0.000 MB of memory in use
The last velocity output (seq=40) takes 0.000 seconds, 0.000 MB of memory in use
The last force output (seq=40) takes 0.000 seconds, 0.000 MB of memory in use
The last position output (seq=48) takes 0.001 seconds, 0.000 MB of memory in use
The last position output (seq=56) takes 0.001 seconds, 0.000 MB of memory in use
The last position output (seq=64) takes 0.001 seconds, 0.000 MB of memory in use
The last position output (seq=72) takes 0.001 seconds, 0.000 MB of memory in use
The last position output (seq=80) takes 0.001 seconds, 0.000 MB of memory in use
Info: Initial time: 45 CPUs 0.00592578 s/step 29.1607 ns/day 0 MB memory
Info: Initial time: 45 CPUs 0.00205889 s/step 83.9286 ns/day 0 MB memory
Info: Initial time: 45 CPUs 0.00198593 s/step 87.0123 ns/day 0 MB memory
Info: Benchmark time: 45 CPUs 0.00200719 s/step 86.0903 ns/day 0 MB memory
Info: Benchmark time: 45 CPUs 0.00198904 s/step 86.8762 ns/day 0 MB memory
Info: Benchmark time: 45 CPUs 0.00197848 s/step 87.3398 ns/day 0 MB memory
Info: Benchmark time: 45 CPUs 0.00201484 s/step 85.7636 ns/day 0 MB memory
Info: Benchmark time: 45 CPUs 0.00195336 s/step 88.4628 ns/day 0 MB memory
Info: Benchmark time: 45 CPUs 0.00190172 s/step 90.8653 ns/day 0 MB memory
TIMING: 5000  CPU: 15.3368, 0.00189316/step  Wall: 15.654, 0.00217409/step, 79.4815 ns/days, 0.298938 hours remaining, 0.000000 MB of memory in use.
PERFORMANCE: 5000  averaging 79.4815 ns/day, 0.00217409 sec/step with standard deviation 0
ENERGY:    5000       411.8718      1169.8452      1118.7254        68.1261        -114081.8081      9927.7324         0.0000         0.0000     18491.5098         -82893.9975       300.6138   -101385.5072    -82122.8061       299.3676             75.6576        76.5945    300022.8548      -689.3486      -688.2288

TIMING: 10000  CPU: 24.4325, 0.00181913/step  Wall: 25.7152, 0.00201224/step, 85.8744 ns/days, 0.273888 hours remaining, 0.000000 MB of memory in use.
PERFORMANCE: 10000  averaging 82.5543 ns/day, 0.00209317 sec/step with standard deviation 0.000114445
ENERGY:   10000       417.5794      1139.9746      1137.8282        74.9441        -114190.6055      9958.8078         0.0000         0.0000     18540.4431         -82921.0283       301.4093   -101461.4714    -82388.8802       300.0482            172.7453       173.7294    300266.0780      -401.9840      -400.9094

TIMING: 15000  CPU: 33.975, 0.00190851/step  Wall: 36.2661, 0.00211018/step, 81.8888 ns/days, 0.284288 hours remaining, 0.000000 MB of memory in use.
PERFORMANCE: 15000  averaging 82.3313 ns/day, 0.00209884 sec/step with standard deviation 8.15187e-05
ENERGY:   15000       413.9317      1117.2389      1133.0942        64.8577        -113956.6238      9782.2638         0.0000         0.0000     18603.4551         -82841.7825       302.4337   -101445.2376    -82502.1058       300.6446            145.6101       146.1334    300924.5608      -265.0855      -264.1487

TIMING: 20000  CPU: 43.5733, 0.00191966/step  Wall: 46.9255, 0.00213188/step, 81.0552 ns/days, 0.284251 hours remaining, 0.000000 MB of memory in use.
PERFORMANCE: 20000  averaging 82.0085 ns/day, 0.0021071 sec/step with standard deviation 6.85797e-05
ENERGY:   20000       402.5526      1124.8781      1107.3814        61.5330        -114287.8994      9853.9984         0.0000         0.0000     18767.2352         -82970.3209       305.0963   -101737.5560    -82595.7488       301.5349            183.8522       185.3233    299807.4323      -175.2979      -174.2543

TIMING: 25000  CPU: 52.6201, 0.00180935/step  Wall: 56.9492, 0.00200475/step, 86.1955 ns/days, 0.264515 hours remaining, 0.000000 MB of memory in use.
PERFORMANCE: 25000  averaging 82.813 ns/day, 0.00208663 sec/step with standard deviation 7.49841e-05
ENERGY:   25000       390.5414      1153.6043      1134.9012        78.3086        -113936.5411      9900.3504         0.0000         0.0000     18494.6274         -82784.2078       300.6645   -101278.8352    -82627.1586       301.3898            290.7820       290.2054    301785.0618       -97.6179       -96.8443

TIMING: 30000  CPU: 62.3594, 0.00194786/step  Wall: 67.706, 0.00215136/step, 80.3213 ns/days, 0.280872 hours remaining, 0.000000 MB of memory in use.
PERFORMANCE: 30000  averaging 82.3871 ns/day, 0.00209742 sec/step with standard deviation 7.20864e-05
ENERGY:   30000       456.7521      1140.2214      1133.7239        68.1938        -113755.8961      9506.1682         0.0000         0.0000     18735.5298         -82715.3068       304.5808   -101450.8366    -82639.7512       301.8457           -237.3115      -236.1442    301698.1713      -117.5742      -116.7443

TIMING: 35000  CPU: 72.0826, 0.00194464/step  Wall: 78.417, 0.00214219/step, 80.665 ns/days, 0.2767 hours remaining, 0.000000 MB of memory in use.
PERFORMANCE: 35000  averaging 82.1366 ns/day, 0.00210381 sec/step with standard deviation 6.7947e-05
ENERGY:   35000       436.2185      1137.9770      1105.4941        68.6790        -114586.3401     10092.2220         0.0000         0.0000     18565.7635         -83179.9858       301.8210   -101745.7493    -82707.2805       301.8426            171.9889       164.7300    300430.0941       -81.3788       -81.5600

TIMING: 40000  CPU: 81.7186, 0.00192721/step  Wall: 89.0551, 0.00212763/step, 81.217 ns/days, 0.271864 hours remaining, 0.000000 MB of memory in use.
PERFORMANCE: 40000  averaging 82.0205 ns/day, 0.00210679 sec/step with standard deviation 6.34679e-05
ENERGY:   40000       448.9747      1171.7748      1125.8256        63.3923        -113816.6433      9512.2665         0.0000         0.0000     18686.7522         -82807.6572       303.7879   -101494.4094    -82718.4335       302.0587            -72.6440       -73.8078    300229.4912       -80.4082       -80.6987

TIMING: 45000  CPU: 91.6413, 0.00198453/step  Wall: 99.9693, 0.00218283/step, 79.1633 ns/days, 0.275885 hours remaining, 0.000000 MB of memory in use.
PERFORMANCE: 45000  averaging 81.6929 ns/day, 0.00211524 sec/step with standard deviation 6.4553e-05
ENERGY:   45000       439.8119      1119.2986      1130.2960        67.4388        -114115.9371      9809.9962         0.0000         0.0000     18736.6027         -82812.4929       304.5983   -101549.0956    -82727.8394       302.3127             82.1775        84.9142    299529.1638       -64.1497       -64.1374

TIMING: 50000  CPU: 101.256, 0.00192289/step  Wall: 110.606, 0.00212737/step, 81.2271 ns/days, 0.265921 hours remaining, 0.000000 MB of memory in use.
PERFORMANCE: 50000  averaging 81.6461 ns/day, 0.00211645 sec/step with standard deviation 6.09819e-05
ETITLE:      TS           BOND          ANGLE          DIHED          IMPRP               ELECT            VDW       BOUNDARY           MISC        KINETIC               TOTAL           TEMP      POTENTIAL       TOTALAVG        TEMPAVG            PRESSURE      GPRESSURE         VOLUME       PRESSAVG      GPRESSAVG

ENERGY:   50000       431.0995      1154.0580      1099.6636        74.5195        -114652.2007     10193.8206         0.0000         0.0000     18592.9611         -83106.0784       302.2631   -101699.0395    -82762.2248       302.3082            251.2605       255.0965    301646.0852       -35.4760       -35.1161

TIMING: 55000  CPU: 110.77, 0.00190276/step  Wall: 121.127, 0.00210414/step, 82.1239 ns/days, 0.260095 hours remaining, 0.000000 MB of memory in use.
PERFORMANCE: 55000  averaging 81.6893 ns/day, 0.00211533 sec/step with standard deviation 5.79715e-05
ENERGY:   55000       443.6634      1124.7771      1146.1185        62.4613        -114506.9856      9943.8744         0.0000         0.0000     18655.5493         -83130.5417       303.2806   -101786.0909    -82792.9179       302.3892            226.2766       231.2669    298584.4955       -13.6633       -12.9175

TIMING: 60000  CPU: 119.799, 0.00180586/step  Wall: 131.128, 0.0020003/step, 86.387 ns/days, 0.244481 hours remaining, 0.000000 MB of memory in use.
PERFORMANCE: 60000  averaging 82.0611 ns/day, 0.00210575 sec/step with standard deviation 6.44817e-05
ENERGY:   60000       433.4996      1119.1453      1128.0251        73.2229        -114118.9143      9919.8568         0.0000         0.0000     18667.9982         -82777.1664       303.4830   -101445.1646    -82791.7062       302.4734             43.9557        43.4753    300525.3578        -9.2311        -8.5796

TIMING: 65000  CPU: 129.28, 0.00189626/step  Wall: 141.693, 0.00211292/step, 81.7827 ns/days, 0.255311 hours remaining, 0.000000 MB of memory in use.
PERFORMANCE: 65000  averaging 82.0397 ns/day, 0.0021063 sec/step with standard deviation 6.17685e-05
ENERGY:   65000       435.9942      1177.4317      1120.4060        74.3246        -114142.0744      9709.6695         0.0000         0.0000     18843.0846         -82781.1639       306.3293   -101624.2485    -82790.9532       302.7488             71.0609        72.5331    300183.6043        -3.4959        -2.7859

TIMING: 70000  CPU: 138.701, 0.00188415/step  Wall: 152.106, 0.00208261/step, 82.9727 ns/days, 0.248757 hours remaining, 0.000000 MB of memory in use.
PERFORMANCE: 70000  averaging 82.1056 ns/day, 0.00210461 sec/step with standard deviation 5.96819e-05
ENERGY:   70000       435.6505      1117.2287      1124.1350        64.2558        -113835.0681      9748.3004         0.0000         0.0000     18826.9791         -82518.5186       306.0675   -101345.4977    -82772.7909       302.9700             22.8371        22.0558    301791.6053        -1.7404        -1.1298

TIMING: 75000  CPU: 147.885, 0.00183688/step  Wall: 162.262, 0.0020313/step, 85.0689 ns/days, 0.239806 hours remaining, 0.000000 MB of memory in use.
PERFORMANCE: 75000  averaging 82.2967 ns/day, 0.00209972 sec/step with standard deviation 6.05459e-05
ENERGY:   75000       420.6126      1107.7693      1139.0637        71.7809        -114388.9793      9881.9488         0.0000         0.0000     18474.5464         -83293.2577       300.3381   -101767.8041    -82805.3201       302.8055             18.4784        21.3352    300878.3007        -0.4767         0.2743

TIMING: 80000  CPU: 157.252, 0.0018734/step  Wall: 172.648, 0.00207709/step, 83.1932 ns/days, 0.242327 hours remaining, 0.000000 MB of memory in use.
PERFORMANCE: 80000  averaging 82.3522 ns/day, 0.00209831 sec/step with standard deviation 5.87658e-05
ENERGY:   80000       477.9353      1118.0273      1110.6944        69.1562        -114365.2071      9765.6662         0.0000         0.0000     18618.5463         -83205.1815       302.6791   -101823.7278    -82828.8413       302.7981            -50.1544       -48.8336    298847.5871        -3.3989        -2.6144

TIMING: 85000  CPU: 166.687, 0.00188684/step  Wall: 183.105, 0.00209135/step, 82.6262 ns/days, 0.241086 hours remaining, 0.000000 MB of memory in use.
PERFORMANCE: 85000  averaging 82.3682 ns/day, 0.0020979 sec/step with standard deviation 5.69248e-05
ENERGY:   85000       443.1068      1146.6934      1118.8082        76.4203        -114352.2702      9877.0384         0.0000         0.0000     18808.3606         -82881.8426       305.7648   -101690.2031    -82831.7858       302.9629            -34.0564       -31.6270    300221.8369        -5.1021        -4.2262

TIMING: 90000  CPU: 176.407, 0.00194405/step  Wall: 193.908, 0.00216057/step, 79.9788 ns/days, 0.246065 hours remaining, 0.000000 MB of memory in use.
PERFORMANCE: 90000  averaging 82.2318 ns/day, 0.00210138 sec/step with standard deviation 5.71669e-05
ENERGY:   90000       418.3638      1114.0331      1110.3777        66.3417        -113964.4618      9641.4882         0.0000         0.0000     18501.2402         -83112.6171       300.7720   -101613.8573    -82846.5664       302.8476            -74.5246       -75.6635    300669.6665        -8.7559        -7.9861

TIMING: 95000  CPU: 185.493, 0.00181717/step  Wall: 203.979, 0.00201424/step, 85.7891 ns/days, 0.226602 hours remaining, 0.000000 MB of memory in use.
PERFORMANCE: 95000  averaging 82.4116 ns/day, 0.00209679 sec/step with standard deviation 5.90434e-05
ENERGY:   95000       440.4857      1137.3195      1130.5710        75.1893        -114265.8111      9899.0068         0.0000         0.0000     18489.8471         -83093.3916       300.5868   -101583.2387    -82858.9077       302.7346            118.6894       121.1218    300237.0745        -2.3837        -1.5307

TIMING: 100000  CPU: 195.236, 0.00194872/step  Wall: 214.794, 0.00216305/step, 79.8872 ns/days, 0.240339 hours remaining, 0.000000 MB of memory in use.
PERFORMANCE: 100000  averaging 82.2816 ns/day, 0.0021001 sec/step with standard deviation 5.93478e-05
ETITLE:      TS           BOND          ANGLE          DIHED          IMPRP               ELECT            VDW       BOUNDARY           MISC        KINETIC               TOTAL           TEMP      POTENTIAL       TOTALAVG        TEMPAVG            PRESSURE      GPRESSURE         VOLUME       PRESSAVG      GPRESSAVG

ENERGY:  100000       447.3176      1131.9636      1111.6968        78.9494        -114010.5501      9747.1577         0.0000         0.0000     18492.6290         -83000.8360       300.6320   -101493.4650    -82941.3688       302.8601            -74.7133       -75.7380    300607.7742        66.5984        67.3350

TIMING: 105000  CPU: 204.885, 0.00192971/step  Wall: 225.39, 0.00211926/step, 81.5379 ns/days, 0.23253 hours remaining, 0.000000 MB of memory in use.
PERFORMANCE: 105000  averaging 82.2459 ns/day, 0.00210102 sec/step with standard deviation 5.79959e-05
ENERGY:  105000       414.5896      1168.8993      1126.6936        67.5796        -113756.5862      9784.5369         0.0000         0.0000     18622.0541         -82572.2330       302.7361   -101194.2871    -82925.2805       302.9662             12.5484        11.4450    301506.6815        63.4429        64.0776

TIMING: 110000  CPU: 215.7, 0.00216295/step  Wall: 237.226, 0.00236715/step, 72.9992 ns/days, 0.256441 hours remaining, 0.000000 MB of memory in use.
PERFORMANCE: 110000  averaging 81.7751 ns/day, 0.00211311 sec/step with standard deviation 8.01422e-05
ENERGY:  110000       423.3531      1103.9186      1149.7485        79.3398        -114206.6134      9840.6437         0.0000         0.0000     18588.3894         -83021.2203       302.1888   -101609.6097    -82930.2901       303.0052            159.9712       155.0747    299429.5820        62.8042        63.1448

TIMING: 115000  CPU: 225.315, 0.00192305/step  Wall: 247.883, 0.00213143/step, 81.0722 ns/days, 0.227945 hours remaining, 0.000000 MB of memory in use.
PERFORMANCE: 115000  averaging 81.7442 ns/day, 0.00211391 sec/step with standard deviation 7.83927e-05
ENERGY:  115000       386.2662      1135.3081      1108.6521        76.8020        -113585.2765      9456.5705         0.0000         0.0000     18679.1610         -82742.5166       303.6645   -101421.6776    -82925.3268       303.0667           -141.4869      -136.6400    300713.6873        48.4494        49.0061

TIMING: 120000  CPU: 234.871, 0.00191129/step  Wall: 258.498, 0.00212296/step, 81.3959 ns/days, 0.22409 hours remaining, 0.000000 MB of memory in use.
PERFORMANCE: 120000  averaging 81.7297 ns/day, 0.00211429 sec/step with standard deviation 7.66918e-05
ENERGY:  120000       428.9173      1126.3781      1123.0383        65.5065        -114136.3230      9850.1254         0.0000         0.0000     18334.8059         -83207.5516       298.0663   -101542.3575    -82937.1884       302.7152             26.7855        31.7974    299720.0675        40.5961        41.3299

TIMING: 125000  CPU: 244.471, 0.00192/step  Wall: 269.091, 0.00211852/step, 81.5664 ns/days, 0.220679 hours remaining, 0.000000 MB of memory in use.
PERFORMANCE: 125000  averaging 81.7231 ns/day, 0.00211446 sec/step with standard deviation 7.50818e-05
ENERGY:  125000       425.7245      1121.0723      1117.3863        71.7327        -113805.0003      9744.6329         0.0000         0.0000     18592.7487         -82731.7029       302.2597   -101324.4516    -82934.5631       302.7950             38.7204        34.0529    299706.2957        27.9930        28.5222

TIMING: 130000  CPU: 253.612, 0.00182807/step  Wall: 279.263, 0.00203452/step, 84.9341 ns/days, 0.209103 hours remaining, 0.000000 MB of memory in use.
PERFORMANCE: 130000  averaging 81.8421 ns/day, 0.00211138 sec/step with standard deviation 7.52168e-05
ENERGY:  130000       414.2797      1141.1444      1103.3296        81.1195        -114147.2300      9675.5182         0.0000         0.0000     18845.1852         -82886.6533       306.3635   -101731.8385    -82943.1305       302.8841            -18.7897       -15.6468    300272.9052        38.9191        39.5471

TIMING: 135000  CPU: 263.37, 0.00195161/step  Wall: 290.026, 0.00215266/step, 80.273 ns/days, 0.218255 hours remaining, 0.000000 MB of memory in use.
PERFORMANCE: 135000  averaging 81.7829 ns/day, 0.00211291 sec/step with standard deviation 7.41826e-05
ENERGY:  135000       424.6557      1087.9581      1119.6750        65.7539        -114298.0673      9812.3934         0.0000         0.0000     18620.3992         -83167.2320       302.7092   -101787.6312    -82942.4928       302.9285             14.0701        17.2961    299731.0464        31.0231        32.1754

TIMING: 140000  CPU: 272.955, 0.00191706/step  Wall: 300.684, 0.00213152/step, 81.0688 ns/days, 0.213152 hours remaining, 0.000000 MB of memory in use.
PERFORMANCE: 140000  averaging 81.7572 ns/day, 0.00211358 sec/step with standard deviation 7.28808e-05
ENERGY:  140000       414.7139      1140.4098      1120.5663        75.2921        -114351.0691      9981.0568         0.0000         0.0000     18663.0842         -82955.9461       303.4031   -101619.0302    -82949.9072       302.9093            272.4278       273.6624    300077.0813        48.2767        49.5489

TIMING: 145000  CPU: 281.975, 0.00180398/step  Wall: 310.741, 0.00201141/step, 85.91 ns/days, 0.198347 hours remaining, 0.000000 MB of memory in use.
PERFORMANCE: 145000  averaging 81.8937 ns/day, 0.00211005 sec/step with standard deviation 7.40395e-05
ENERGY:  145000       392.6165      1116.4590      1141.3368        64.5274        -113916.7916      9764.1628         0.0000         0.0000     18541.5434         -82896.1456       301.4272   -101437.6890    -82954.0898       302.7507            246.7262       245.3731    300065.5089        56.5041        57.5718

TIMING: 150000  CPU: 291.599, 0.0019249/step  Wall: 321.456, 0.00214295/step, 80.6364 ns/days, 0.208343 hours remaining, 0.000000 MB of memory in use.
PERFORMANCE: 150000  averaging 81.8512 ns/day, 0.00211115 sec/step with standard deviation 7.29994e-05
ETITLE:      TS           BOND          ANGLE          DIHED          IMPRP               ELECT            VDW       BOUNDARY           MISC        KINETIC               TOTAL           TEMP      POTENTIAL       TOTALAVG        TEMPAVG            PRESSURE      GPRESSURE         VOLUME       PRESSAVG      GPRESSAVG

ENERGY:  150000       459.6794      1185.3876      1132.5384        68.9619        -114068.7932      9705.6841         0.0000         0.0000     18722.7980         -82793.7438       304.3739   -101516.5419    -82938.4731       302.8563           -106.0627      -105.6467    300968.7862        38.6380        39.5347

TIMING: 155000  CPU: 301.121, 0.00190433/step  Wall: 332.072, 0.00212315/step, 81.3883 ns/days, 0.203469 hours remaining, 0.000000 MB of memory in use.
PERFORMANCE: 155000  averaging 81.8362 ns/day, 0.00211154 sec/step with standard deviation 7.18048e-05
ENERGY:  155000       418.4149      1115.4194      1126.2191        73.5680        -113893.6359      9656.8755         0.0000         0.0000     18565.7910         -82937.3481       301.8214   -101503.1392    -82928.8134       302.7833             64.5584        63.0264    300288.2874        30.5521        31.1227

TIMING: 160000  CPU: 310.196, 0.00181496/step  Wall: 342.22, 0.00202968/step, 85.1368 ns/days, 0.191692 hours remaining, 0.000000 MB of memory in use.
PERFORMANCE: 160000  averaging 81.9354 ns/day, 0.00210898 sec/step with standard deviation 7.21042e-05
ENERGY:  160000       406.5979      1097.5809      1127.2217        71.4220        -114116.0347      9714.3362         0.0000         0.0000     18615.2963         -83083.5797       302.6262   -101698.8759    -82944.1341       302.7405           -143.0439      -143.1758    302275.6289        21.2021        21.7901

TIMING: 165000  CPU: 319.699, 0.00190055/step  Wall: 352.734, 0.00210271/step, 82.1795 ns/days, 0.195669 hours remaining, 0.000000 MB of memory in use.
PERFORMANCE: 165000  averaging 81.9428 ns/day, 0.00210879 sec/step with standard deviation 7.0977e-05
ENERGY:  165000       425.1343      1112.4535      1134.4166        67.5799        -114308.6853      9891.2245         0.0000         0.0000     18585.5988         -83092.2777       302.1434   -101677.8766    -82959.6898       302.5312             67.2486        69.1861    301169.2824        21.0115        21.6228

TIMING: 170000  CPU: 329.278, 0.00191595/step  Wall: 363.337, 0.00212065/step, 81.4844 ns/days, 0.194393 hours remaining, 0.000000 MB of memory in use.
PERFORMANCE: 170000  averaging 81.9292 ns/day, 0.00210914 sec/step with standard deviation 6.9923e-05
ENERGY:  170000       420.3504      1130.0504      1127.6626        78.1479        -114326.3495      9939.3763         0.0000         0.0000     18501.6416         -83129.1204       300.7785   -101630.7620    -82990.2199       302.2667            127.1662       124.4468    300737.5617        26.2279        26.7423

TIMING: 175000  CPU: 338.931, 0.00193059/step  Wall: 374.053, 0.00214315/step, 80.6291 ns/days, 0.193478 hours remaining, 0.000000 MB of memory in use.
PERFORMANCE: 175000  averaging 81.8915 ns/day, 0.00211011 sec/step with standard deviation 6.91264e-05
ENERGY:  175000       421.7738      1139.7310      1142.8256        65.2013        -114079.1085      9833.6907         0.0000         0.0000     18585.5014         -82890.3847       302.1418   -101475.8862    -82970.0762       302.3569            230.2812       229.9527    299712.2298        36.8181        37.1732

TIMING: 180000  CPU: 347.946, 0.00180304/step  Wall: 384.095, 0.00200839/step, 86.0391 ns/days, 0.178523 hours remaining, 0.000000 MB of memory in use.
PERFORMANCE: 180000  averaging 82.0013 ns/day, 0.00210728 sec/step with standard deviation 7.02093e-05
ENERGY:  180000       436.4490      1110.3972      1117.6028        67.9993        -113990.8812      9610.9042         0.0000         0.0000     18429.9698         -83217.5589       299.6134   -101647.5287    -82970.6951       302.2036           -180.3496      -180.6871    300656.9286        30.3083        30.5805

TIMING: 185000  CPU: 357.491, 0.00190896/step  Wall: 394.747, 0.00213041/step, 81.1112 ns/days, 0.186411 hours remaining, 0.000000 MB of memory in use.
PERFORMANCE: 185000  averaging 81.977 ns/day, 0.00210791 sec/step with standard deviation 6.93317e-05
ENERGY:  185000       406.0011      1102.5424      1105.9303        66.7651        -113978.2873      9782.7330         0.0000         0.0000     18512.5760         -83001.7393       300.9563   -101514.3153    -82976.6899       301.9632              1.1458         8.3108    301284.4403        32.0684        32.5774

TIMING: 190000  CPU: 367.026, 0.00190696/step  Wall: 405.307, 0.00211201/step, 81.8177 ns/days, 0.181868 hours remaining, 0.000000 MB of memory in use.
PERFORMANCE: 190000  averaging 81.9728 ns/day, 0.00210802 sec/step with standard deviation 6.83916e-05
ENERGY:  190000       450.7968      1093.9735      1130.8404        73.0281        -113924.2144      9713.1804         0.0000         0.0000     18670.7417         -82791.6535       303.5276   -101462.3952    -82960.6418       302.1010            -91.8670       -96.4721    301686.5426        31.2013        31.5370

TIMING: 195000  CPU: 376.109, 0.00181663/step  Wall: 415.403, 0.00201928/step, 85.575 ns/days, 0.171078 hours remaining, 0.000000 MB of memory in use.
PERFORMANCE: 195000  averaging 82.0614 ns/day, 0.00210574 sec/step with standard deviation 6.89653e-05
ENERGY:  195000       448.4895      1144.9450      1111.3443        74.5894        -113759.1155      9614.1994         0.0000         0.0000     18654.9047         -82710.6432       303.2701   -101365.5479    -82941.5043       302.2352           -173.1281      -171.2825    301515.8875        16.6104        16.9168

TIMING: 200000  CPU: 385.668, 0.00191176/step  Wall: 426.04, 0.00212745/step, 81.2241 ns/days, 0.177287 hours remaining, 0.000000 MB of memory in use.
PERFORMANCE: 200000  averaging 82.0402 ns/day, 0.00210628 sec/step with standard deviation 6.81619e-05
ETITLE:      TS           BOND          ANGLE          DIHED          IMPRP               ELECT            VDW       BOUNDARY           MISC        KINETIC               TOTAL           TEMP      POTENTIAL       TOTALAVG        TEMPAVG            PRESSURE      GPRESSURE         VOLUME       PRESSAVG      GPRESSAVG

ENERGY:  200000       454.0731      1135.2791      1120.9094        81.5368        -113974.5959      9776.2426         0.0000         0.0000     18806.7474         -82599.8077       305.7386   -101406.5550    -82921.4529       302.4905           -131.5754      -133.3113    302847.3340        13.7673        14.0381

TIMING: 205000  CPU: 395.287, 0.00192373/step  Wall: 436.73, 0.00213803/step, 80.8221 ns/days, 0.1752 hours remaining, 0.000000 MB of memory in use.
PERFORMANCE: 205000  averaging 82.0101 ns/day, 0.00210706 sec/step with standard deviation 6.74868e-05
ENERGY:  205000       408.9800      1110.3696      1100.0719        80.0642        -113985.4263      9785.1338         0.0000         0.0000     18682.6527         -82818.1540       303.7212   -101500.8068    -82933.7490       302.5397             20.4850        20.9470    301313.0700        14.1641        14.5132

TIMING: 210000  CPU: 404.293, 0.00180131/step  Wall: 446.731, 0.00200003/step, 86.3987 ns/days, 0.161114 hours remaining, 0.000000 MB of memory in use.
PERFORMANCE: 210000  averaging 82.1094 ns/day, 0.00210451 sec/step with standard deviation 6.8674e-05
ENERGY:  210000       440.8612      1149.4019      1124.7413        63.5911        -114292.9971      9796.0403         0.0000         0.0000     18694.0047         -83024.3566       303.9058   -101718.3613    -82933.9058       302.6256             52.0623        50.6981    300034.8869         8.7687         9.2944

TIMING: 215000  CPU: 413.992, 0.00193973/step  Wall: 457.606, 0.00217499/step, 79.4487 ns/days, 0.172187 hours remaining, 0.000000 MB of memory in use.
PERFORMANCE: 215000  averaging 82.0455 ns/day, 0.00210615 sec/step with standard deviation 6.86975e-05
ENERGY:  215000       413.9361      1127.0990      1120.9137        79.6140        -114167.8786      9755.2856         0.0000         0.0000     18602.2625         -83068.7677       302.4143   -101671.0302    -82950.2183       302.5631            -39.4627       -39.7955    299483.1821        13.8699        14.1366

TIMING: 220000  CPU: 423.583, 0.00191827/step  Wall: 468.231, 0.00212519/step, 81.3106 ns/days, 0.165292 hours remaining, 0.000000 MB of memory in use.
PERFORMANCE: 220000  averaging 82.0286 ns/day, 0.00210658 sec/step with standard deviation 6.79546e-05
ENERGY:  220000       455.0075      1143.2308      1111.4094        68.4079        -114050.6954      9889.5612         0.0000         0.0000     18610.2975         -82772.7811       302.5450   -101383.0785    -82928.4798       302.7870            229.7257       229.0894    300264.2525        24.0169        24.0012

TIMING: 225000  CPU: 433.139, 0.00191107/step  Wall: 478.794, 0.00211253/step, 81.7977 ns/days, 0.161374 hours remaining, 0.000000 MB of memory in use.
PERFORMANCE: 225000  averaging 82.0235 ns/day, 0.00210671 sec/step with standard deviation 6.71838e-05
ENERGY:  225000       421.6420      1139.2114      1110.8374        69.2950        -113894.1093      9637.5162         0.0000         0.0000     18582.1012         -82933.5061       302.0866   -101515.6073    -82938.5700       302.7784           -176.9298      -178.6840    300308.0789        13.2344        13.3643

TIMING: 230000  CPU: 442.247, 0.00182162/step  Wall: 488.905, 0.0020221/step, 85.4559 ns/days, 0.151657 hours remaining, 0.000000 MB of memory in use.
PERFORMANCE: 230000  averaging 82.0952 ns/day, 0.00210487 sec/step with standard deviation 6.75945e-05
ENERGY:  230000       443.9120      1137.0363      1121.1953        66.2531        -114412.9844      9958.5840         0.0000         0.0000     18802.5235         -82883.4802       305.6699   -101686.0037    -82938.4113       302.7437            237.6459       233.8504    298620.3797        26.0562        25.8392

TIMING: 235000  CPU: 451.883, 0.00192735/step  Wall: 499.596, 0.00213827/step, 80.8128 ns/days, 0.157401 hours remaining, 0.000000 MB of memory in use.
PERFORMANCE: 235000  averaging 82.0675 ns/day, 0.00210558 sec/step with standard deviation 6.7033e-05
ENERGY:  235000       381.3992      1074.1411      1135.0998        61.9709        -114225.2675      9943.6395         0.0000         0.0000     18537.8839         -83091.1331       301.3677   -101629.0170    -82934.6064       302.6766            133.6640       134.7217    301083.9102        32.0359        31.7105

TIMING: 240000  CPU: 461.363, 0.00189591/step  Wall: 510.108, 0.00210232/step, 82.195 ns/days, 0.151834 hours remaining, 0.000000 MB of memory in use.
PERFORMANCE: 240000  averaging 82.0701 ns/day, 0.00210552 sec/step with standard deviation 6.63178e-05
ENERGY:  240000       397.1043      1105.8407      1126.5684        78.0530        -114234.9439      9828.3229         0.0000         0.0000     18727.8667         -82971.1878       304.4563   -101699.0545    -82935.3685       302.7293             -8.1186        -2.8651    300747.5207        18.0086        17.8841

TIMING: 245000  CPU: 470.455, 0.00181833/step  Wall: 520.272, 0.00203288/step, 85.0025 ns/days, 0.143996 hours remaining, 0.000000 MB of memory in use.
PERFORMANCE: 245000  averaging 82.1279 ns/day, 0.00210403 sec/step with standard deviation 6.64386e-05
ENERGY:  245000       447.4084      1104.8086      1126.7869        65.9528        -114124.8191      9712.9981         0.0000         0.0000     18530.9277         -83135.9366       301.2546   -101666.8643    -82947.3580       302.7206           -132.4108      -131.5950    299496.0713        -0.9483        -0.9643

TIMING: 250000  CPU: 479.986, 0.00190623/step  Wall: 530.859, 0.00211751/step, 81.6052 ns/days, 0.14705 hours remaining, 0.000000 MB of memory in use.
PERFORMANCE: 250000  averaging 82.1174 ns/day, 0.0021043 sec/step with standard deviation 6.57848e-05
ETITLE:      TS           BOND          ANGLE          DIHED          IMPRP               ELECT            VDW       BOUNDARY           MISC        KINETIC               TOTAL           TEMP      POTENTIAL       TOTALAVG        TEMPAVG            PRESSURE      GPRESSURE         VOLUME       PRESSAVG      GPRESSAVG

ENERGY:  250000       444.6281      1081.2858      1091.2969        68.8685        -113844.6730      9672.7133         0.0000         0.0000     18512.6752         -82973.2050       300.9579   -101485.8802    -82956.3311       302.5498           -196.2538      -194.0148    301676.7600        -5.4578        -5.3827

TIMING: 255000  CPU: 489.502, 0.00190316/step  Wall: 541.385, 0.0021052/step, 82.0825 ns/days, 0.143271 hours remaining, 0.000000 MB of memory in use.
PERFORMANCE: 255000  averaging 82.1167 ns/day, 0.00210432 sec/step with standard deviation 6.51238e-05
ENERGY:  255000       428.8569      1128.7530      1106.4367        80.3193        -114140.9471      9656.1959         0.0000         0.0000     18744.5423         -82995.8432       304.7274   -101740.3854    -82959.2558       302.6951           -255.6416      -253.9206    300089.8620       -21.4678       -21.2300

TIMING: 260000  CPU: 498.476, 0.00179482/step  Wall: 551.354, 0.00199361/step, 86.6769 ns/days, 0.132907 hours remaining, 0.000000 MB of memory in use.
PERFORMANCE: 260000  averaging 82.1999 ns/day, 0.00210219 sec/step with standard deviation 6.62847e-05
ENERGY:  260000       399.6192      1113.6396      1111.5683        66.8583        -113918.0929      9843.4983         0.0000         0.0000     18717.9560         -82664.9533       304.2951   -101382.9093    -82938.3245       302.7786            162.6140       161.7151    301038.5081        -6.1849        -5.9855

TIMING: 265000  CPU: 508.139, 0.00193267/step  Wall: 562.057, 0.00214063/step, 80.724 ns/days, 0.139735 hours remaining, 0.000000 MB of memory in use.
PERFORMANCE: 265000  averaging 82.1716 ns/day, 0.00210292 sec/step with standard deviation 6.58562e-05
ENERGY:  265000       421.7757      1108.6866      1128.3284        80.0736        -113973.5370      9663.8112         0.0000         0.0000     18722.4574         -82848.4040       304.3683   -101570.8615    -82926.1308       302.8898           -199.1808      -199.3791    300634.3460       -19.5064       -19.4137

TIMING: 270000  CPU: 517.643, 0.0019008/step  Wall: 572.676, 0.00212388/step, 81.3605 ns/days, 0.135692 hours remaining, 0.000000 MB of memory in use.
PERFORMANCE: 270000  averaging 82.1564 ns/day, 0.00210331 sec/step with standard deviation 6.52943e-05
ENERGY:  270000       446.8890      1086.0527      1115.5533        76.9368        -114341.9396     10081.1837         0.0000         0.0000     18581.3367         -82953.9874       302.0741   -101535.3242    -82917.3742       302.9546            292.3846       289.8142    300516.5781       -11.2455       -11.1454

TIMING: 275000  CPU: 527.216, 0.00191464/step  Wall: 583.293, 0.00212342/step, 81.3783 ns/days, 0.132714 hours remaining, 0.000000 MB of memory in use.
PERFORMANCE: 275000  averaging 82.1421 ns/day, 0.00210367 sec/step with standard deviation 6.47437e-05
ENERGY:  275000       438.6613      1091.2086      1086.5309        83.3269        -114231.6980      9902.9322         0.0000         0.0000     18648.9375         -82980.1005       303.1731   -101629.0380    -82921.8600       303.0062             -2.0776        -0.9527    300753.9107       -22.8634       -22.6906

TIMING: 280000  CPU: 536.419, 0.00184057/step  Wall: 593.489, 0.00203924/step, 84.7375 ns/days, 0.12462 hours remaining, 0.000000 MB of memory in use.
PERFORMANCE: 280000  averaging 82.1871 ns/day, 0.00210252 sec/step with standard deviation 6.47277e-05
ENERGY:  280000       417.8891      1144.9836      1113.2087        70.6324        -114175.6100      9825.2638         0.0000         0.0000     18624.1492         -82979.4832       302.7701   -101603.6324    -82909.9562       303.1640             16.7991        19.1758    300701.7147       -13.0060       -12.6975

TIMING: 285000  CPU: 546.458, 0.00200778/step  Wall: 604.62, 0.00222617/step, 77.6222 ns/days, 0.132952 hours remaining, 0.000000 MB of memory in use.
PERFORMANCE: 285000  averaging 82.1023 ns/day, 0.00210469 sec/step with standard deviation 6.62048e-05
ENERGY:  285000       421.7409      1148.6616      1124.0124        70.0773        -113846.8373      9703.2106         0.0000         0.0000     18746.9857         -82632.1489       304.7671   -101379.1346    -82891.4767       303.3545             49.0709        48.5892    300018.4629       -10.6097       -10.6836

TIMING: 290000  CPU: 556.012, 0.0019108/step  Wall: 615.214, 0.00211884/step, 81.5541 ns/days, 0.123599 hours remaining, 0.000000 MB of memory in use.
PERFORMANCE: 290000  averaging 82.0928 ns/day, 0.00210493 sec/step with standard deviation 6.56478e-05
ENERGY:  290000       427.0440      1149.5679      1116.7288        67.6367        -113870.9563      9619.5714         0.0000         0.0000     18642.3085         -82848.0989       303.0654   -101490.4075    -82894.2989       303.3314           -142.4151      -133.3717    300830.9194       -13.1371       -12.5286

TIMING: 295000  CPU: 565.09, 0.00181551/step  Wall: 625.285, 0.0020142/step, 85.7908 ns/days, 0.114698 hours remaining, 0.000000 MB of memory in use.
PERFORMANCE: 295000  averaging 82.1529 ns/day, 0.0021034 sec/step with standard deviation 6.61427e-05
ENERGY:  295000       392.6043      1098.5454      1111.7687        66.5572        -114214.8550     10096.7513         0.0000         0.0000     18713.3384         -82735.2897       304.2201   -101448.6281    -82895.5313       303.3789            353.7015       352.0086    300613.6007        13.2043        13.6360

TIMING: 300000  CPU: 574.942, 0.00197054/step  Wall: 636.206, 0.00218405/step, 79.119 ns/days, 0.121336 hours remaining, 0.000000 MB of memory in use.
PERFORMANCE: 300000  averaging 82.1004 ns/day, 0.00210474 sec/step with standard deviation 6.64013e-05
ETITLE:      TS           BOND          ANGLE          DIHED          IMPRP               ELECT            VDW       BOUNDARY           MISC        KINETIC               TOTAL           TEMP      POTENTIAL       TOTALAVG        TEMPAVG            PRESSURE      GPRESSURE         VOLUME       PRESSAVG      GPRESSAVG

ENERGY:  300000       423.5524      1106.6520      1117.3001        63.1662        -114351.6951      9929.0508         0.0000         0.0000     18636.3215         -83075.6522       302.9680   -101711.9736    -82919.3235       303.2404            129.2975       130.9575    300353.9069        26.2480        26.8494

TIMING: 305000  CPU: 584.546, 0.00192075/step  Wall: 646.894, 0.0021377/step, 80.8346 ns/days, 0.115792 hours remaining, 0.000000 MB of memory in use.
PERFORMANCE: 305000  averaging 82.0793 ns/day, 0.00210528 sec/step with standard deviation 6.59807e-05
ENERGY:  305000       404.8321      1141.9836      1143.4551        66.7118        -114039.3591      9781.2785         0.0000         0.0000     18570.2230         -82930.8749       301.8935   -101501.0979    -82924.9595       303.1490             50.3024        49.0082    301337.1304        27.7389        28.2525

TIMING: 310000  CPU: 593.722, 0.00183529/step  Wall: 657.083, 0.00203776/step, 84.7991 ns/days, 0.107548 hours remaining, 0.000000 MB of memory in use.
PERFORMANCE: 310000  averaging 82.1218 ns/day, 0.00210419 sec/step with standard deviation 6.59972e-05
ENERGY:  310000       422.5933      1104.7085      1116.2379        86.2221        -114100.4584      9670.7662         0.0000         0.0000     18647.5637         -83052.3668       303.1508   -101699.9304    -82926.3600       303.1113             -2.2083        -1.2342    300340.0252        25.0253        25.6559

TIMING: 315000  CPU: 603.275, 0.0019105/step  Wall: 667.734, 0.0021303/step, 81.1151 ns/days, 0.109474 hours remaining, 0.000000 MB of memory in use.
PERFORMANCE: 315000  averaging 82.1056 ns/day, 0.00210461 sec/step with standard deviation 6.55454e-05
ENERGY:  315000       411.0947      1151.3061      1122.1454        81.0548        -113971.9097      9613.4051         0.0000         0.0000     18495.9515         -83096.9520       300.6860   -101592.9035    -82927.7692       303.0249           -209.8085      -205.0582    300743.0816        16.5080        17.3927

TIMING: 320000  CPU: 613.186, 0.00198212/step  Wall: 678.81, 0.00221504/step, 78.0123 ns/days, 0.110752 hours remaining, 0.000000 MB of memory in use.
PERFORMANCE: 320000  averaging 82.0384 ns/day, 0.00210633 sec/step with standard deviation 6.64722e-05
ENERGY:  320000       437.8433      1115.4861      1126.3223        74.2835        -114031.9735      9889.8887         0.0000         0.0000     18408.9019         -82979.2475       299.2709   -101388.1495    -82938.0926       302.8611            183.4672       180.9994    299817.1054        14.1951        14.9882

TIMING: 325000  CPU: 622.609, 0.00188462/step  Wall: 689.219, 0.00208177/step, 83.0062 ns/days, 0.101197 hours remaining, 0.000000 MB of memory in use.
PERFORMANCE: 325000  averaging 82.0531 ns/day, 0.00210595 sec/step with standard deviation 6.60211e-05
ENERGY:  325000       438.5383      1132.0556      1123.7163        64.8417        -113845.9960      9762.1149         0.0000         0.0000     18616.3489         -82708.3802       302.6433   -101324.7291    -82926.8363       302.8890            217.5672       212.7870    300230.4528        33.9200        34.5618

TIMING: 330000  CPU: 631.729, 0.00182409/step  Wall: 699.355, 0.00202722/step, 85.2401 ns/days, 0.0957296 hours remaining, 0.000000 MB of memory in use.
PERFORMANCE: 330000  averaging 82.0996 ns/day, 0.00210476 sec/step with standard deviation 6.62244e-05
ENERGY:  330000       465.6331      1130.7239      1112.3966        76.8842        -113904.3912      9725.6263         0.0000         0.0000     18351.6821         -83041.4449       298.3407   -101393.1270    -82934.7345       302.5225           -230.2332      -229.9038    302396.4408        10.5260        11.3741

TIMING: 335000  CPU: 641.437, 0.00194159/step  Wall: 710.085, 0.002146/step, 80.5217 ns/days, 0.0983585 hours remaining, 0.000000 MB of memory in use.
PERFORMANCE: 335000  averaging 82.0756 ns/day, 0.00210538 sec/step with standard deviation 6.59136e-05
ENERGY:  335000       414.9472      1145.7503      1127.7521        84.7225        -114113.3326      9711.5515         0.0000         0.0000     18722.6175         -82905.9915       304.3709   -101628.6090    -82925.4774       302.6727           -200.8799      -201.9081    300800.9290        -6.2012        -5.4574

TIMING: 340000  CPU: 650.883, 0.00188922/step  Wall: 720.551, 0.00209338/step, 82.5461 ns/days, 0.093039 hours remaining, 0.000000 MB of memory in use.
PERFORMANCE: 340000  averaging 82.0825 ns/day, 0.0021052 sec/step with standard deviation 6.5436e-05
ENERGY:  340000       476.8227      1132.7786      1125.5036        70.9785        -114182.0934      9865.8167         0.0000         0.0000     18452.6473         -83057.5460       299.9821   -101510.1934    -82929.7953       302.4490             97.1634        94.4458    300995.8230        -0.9371        -0.5919

TIMING: 345000  CPU: 659.89, 0.00180128/step  Wall: 730.562, 0.00200217/step, 86.3063 ns/days, 0.0862046 hours remaining, 0.000000 MB of memory in use.
PERFORMANCE: 345000  averaging 82.1407 ns/day, 0.00210371 sec/step with standard deviation 6.61267e-05
ENERGY:  345000       438.0692      1124.6418      1126.0381        75.1878        -114324.3465      9867.9619         0.0000         0.0000     18511.1588         -83181.2890       300.9333   -101692.4477    -82932.0630       302.4329              7.9649         2.8669    299935.2080         6.0817         6.1312

TIMING: 350000  CPU: 669.501, 0.0019222/step  Wall: 741.242, 0.00213599/step, 80.8992 ns/days, 0.0889996 hours remaining, 0.000000 MB of memory in use.
PERFORMANCE: 350000  averaging 82.1227 ns/day, 0.00210417 sec/step with standard deviation 6.57591e-05
ETITLE:      TS           BOND          ANGLE          DIHED          IMPRP               ELECT            VDW       BOUNDARY           MISC        KINETIC               TOTAL           TEMP      POTENTIAL       TOTALAVG        TEMPAVG            PRESSURE      GPRESSURE         VOLUME       PRESSAVG      GPRESSAVG

ENERGY:  350000       409.6076      1117.7934      1136.9177        67.5995        -113821.6286      9728.7665         0.0000         0.0000     18594.4384         -82766.5055       302.2871   -101360.9439    -82921.7280       302.4994              8.0697         9.6590    300799.4479        16.2979        16.3149

TIMING: 355000  CPU: 678.978, 0.00189558/step  Wall: 751.726, 0.00209674/step, 82.4136 ns/days, 0.0844521 hours remaining, 0.000000 MB of memory in use.
PERFORMANCE: 355000  averaging 82.1268 ns/day, 0.00210406 sec/step with standard deviation 6.52937e-05
ENERGY:  355000       429.4666      1127.5516      1119.6274        83.1768        -113989.8964      9717.8547         0.0000         0.0000     18610.8152         -82901.4041       302.5534   -101512.2193    -82917.0060       302.3907           -141.7094      -137.1044    301385.5873        21.9945        22.1557

TIMING: 360000  CPU: 688.145, 0.00183329/step  Wall: 761.918, 0.00203835/step, 84.7743 ns/days, 0.0792693 hours remaining, 0.000000 MB of memory in use.
PERFORMANCE: 360000  averaging 82.1624 ns/day, 0.00210315 sec/step with standard deviation 6.52931e-05
ENERGY:  360000       426.4098      1172.2294      1101.4418        65.2624        -114333.9098     10031.7619         0.0000         0.0000     18653.3455         -82883.4589       303.2448   -101536.8044    -82927.9313       302.3381            143.5553       144.9164    301573.8338        21.0416        21.3158

TIMING: 365000  CPU: 697.773, 0.00192566/step  Wall: 772.569, 0.00213016/step, 81.1208 ns/days, 0.0798809 hours remaining, 0.000000 MB of memory in use.
PERFORMANCE: 365000  averaging 82.148 ns/day, 0.00210352 sec/step with standard deviation 6.49151e-05
ENERGY:  365000       449.3251      1149.0295      1113.6649        74.5136        -114450.8616     10082.2476         0.0000         0.0000     18748.4725         -82833.6086       304.7912   -101582.0811    -82927.1915       302.3593             76.3396        81.2272    301673.3305        34.8176        35.3461

TIMING: 370000  CPU: 707.443, 0.00193403/step  Wall: 783.288, 0.0021438/step, 80.6046 ns/days, 0.0774149 hours remaining, 0.000000 MB of memory in use.
PERFORMANCE: 370000  averaging 82.1267 ns/day, 0.00210406 sec/step with standard deviation 6.46387e-05
ENERGY:  370000       425.4545      1128.1480      1115.6728        67.5937        -114223.5067      9856.6546         0.0000         0.0000     18827.2937         -82802.6894       306.0726   -101629.9831    -82919.6266       302.5592             54.4618        52.9743    300176.6092        22.9214        23.5041

TIMING: 375000  CPU: 716.952, 0.00190178/step  Wall: 793.854, 0.00211329/step, 81.7682 ns/days, 0.0733782 hours remaining, 0.000000 MB of memory in use.
PERFORMANCE: 375000  averaging 82.1219 ns/day, 0.00210419 sec/step with standard deviation 6.42093e-05
ENERGY:  375000       410.8152      1102.7124      1118.6682        75.2792        -114170.4407      9966.5483         0.0000         0.0000     18490.4030         -83006.0145       300.5958   -101496.4175    -82920.9223       302.4304            218.7254       218.5061    300184.1068        33.9616        34.4771

TIMING: 380000  CPU: 726.042, 0.00181784/step  Wall: 803.941, 0.00201738/step, 85.6555 ns/days, 0.0672461 hours remaining, 0.000000 MB of memory in use.
PERFORMANCE: 380000  averaging 82.1665 ns/day, 0.00210305 sec/step with standard deviation 6.45524e-05
ENERGY:  380000       432.6155      1110.6401      1125.8035        65.1282        -113767.2328      9595.9011         0.0000         0.0000     18478.9203         -82958.2242       300.4092   -101437.1444    -82919.8594       302.3123           -114.4079      -115.8792    301114.2836        27.4012        27.7243

TIMING: 385000  CPU: 735.691, 0.00192993/step  Wall: 814.636, 0.0021391/step, 80.7815 ns/days, 0.0683325 hours remaining, 0.000000 MB of memory in use.
PERFORMANCE: 385000  averaging 82.1482 ns/day, 0.00210351 sec/step with standard deviation 6.42578e-05
ENERGY:  385000       447.9304      1109.4464      1149.1993        78.0188        -113923.0272      9531.3033         0.0000         0.0000     18564.5691         -83042.5599       301.8016   -101607.1290    -82940.3799       302.1640           -156.5829      -153.8227    300388.8813        17.1185        17.6037

TIMING: 390000  CPU: 745.317, 0.00192511/step  Wall: 825.282, 0.00212917/step, 81.1585 ns/days, 0.0650578 hours remaining, 0.000000 MB of memory in use.
PERFORMANCE: 390000  averaging 82.1354 ns/day, 0.00210384 sec/step with standard deviation 6.39053e-05
ENERGY:  390000       422.0287      1123.5452      1137.9563        82.3960        -113995.8690      9591.1497         0.0000         0.0000     18741.1027         -82897.6904       304.6714   -101638.7931    -82942.8595       302.2443           -181.3494      -179.5526    300472.1977        15.1718        15.2947

TIMING: 395000  CPU: 754.372, 0.00181112/step  Wall: 835.331, 0.00200965/step, 85.9853 ns/days, 0.0586147 hours remaining, 0.000000 MB of memory in use.
PERFORMANCE: 395000  averaging 82.182 ns/day, 0.00210265 sec/step with standard deviation 6.43727e-05
ENERGY:  395000       442.8459      1129.2756      1138.4592        85.3089        -114060.7726      9770.6688         0.0000         0.0000     18597.4698         -82896.7444       302.3364   -101494.2142    -82950.9322       302.1502              2.1610         0.6250    301189.3123        -2.4052        -2.2745

TIMING: 400000  CPU: 763.973, 0.0019202/step  Wall: 845.953, 0.00212457/step, 81.3339 ns/days, 0.059016 hours remaining, 0.000000 MB of memory in use.
PERFORMANCE: 400000  averaging 82.1713 ns/day, 0.00210292 sec/step with standard deviation 6.40109e-05
ETITLE:      TS           BOND          ANGLE          DIHED          IMPRP               ELECT            VDW       BOUNDARY           MISC        KINETIC               TOTAL           TEMP      POTENTIAL       TOTALAVG        TEMPAVG            PRESSURE      GPRESSURE         VOLUME       PRESSAVG      GPRESSAVG

ENERGY:  400000       470.1969      1102.3912      1128.5735        77.2792        -114211.1418      9849.0211         0.0000         0.0000     18683.7310         -82899.9488       303.7387   -101583.6798    -82942.1471       302.1887            -22.5296       -21.6429    299787.6091        -9.9965        -9.9045

TIMING: 405000  CPU: 773.606, 0.00192658/step  Wall: 856.619, 0.00213303/step, 81.0115 ns/days, 0.0562883 hours remaining, 0.000000 MB of memory in use.
PERFORMANCE: 405000  averaging 82.1568 ns/day, 0.0021033 sec/step with standard deviation 6.36975e-05
ENERGY:  405000       408.0216      1109.9283      1139.6215        70.4750        -114322.6768      9929.7209         0.0000         0.0000     18216.8644         -83448.0452       296.1490   -101664.9096    -82968.0056       301.9015             54.0741        53.9698    300670.8859        -9.8080        -9.6565

TIMING: 410000  CPU: 782.636, 0.00180592/step  Wall: 866.646, 0.00200539/step, 86.1676 ns/days, 0.0501348 hours remaining, 0.000000 MB of memory in use.
PERFORMANCE: 410000  averaging 82.2034 ns/day, 0.0021021 sec/step with standard deviation 6.42197e-05
ENERGY:  410000       413.3155      1103.1630      1130.2664        79.4321        -114445.9734      9927.6824         0.0000         0.0000     18672.0395         -83120.0744       303.5487   -101792.1139    -82971.3910       301.9214            170.0541       170.3450    300038.9469        -1.1948        -1.0775

TIMING: 415000  CPU: 792.336, 0.00194012/step  Wall: 877.391, 0.00214909/step, 80.406 ns/days, 0.0507425 hours remaining, 0.000000 MB of memory in use.
PERFORMANCE: 415000  averaging 82.1813 ns/day, 0.00210267 sec/step with standard deviation 6.4035e-05
ENERGY:  415000       441.2330      1142.6258      1118.1648        79.9624        -114062.2607      9737.0306         0.0000         0.0000     18692.3538         -82850.8904       303.8789   -101543.2442    -82959.0879       302.0810            107.3526       104.0324    299726.4683        14.6632        14.3770

TIMING: 420000  CPU: 801.841, 0.00190094/step  Wall: 888.003, 0.00212241/step, 81.4168 ns/days, 0.0471647 hours remaining, 0.000000 MB of memory in use.
PERFORMANCE: 420000  averaging 82.1721 ns/day, 0.0021029 sec/step with standard deviation 6.36845e-05
ENERGY:  420000       421.9278      1181.2770      1102.9967        69.0953        -114246.8561      9832.7546         0.0000         0.0000     18558.5699         -83080.2348       301.7040   -101638.8048    -82964.1373       302.2027             77.8473        74.0175    300467.3260         9.3822         9.0279

TIMING: 425000  CPU: 811.242, 0.00188025/step  Wall: 898.518, 0.00210301/step, 82.1678 ns/days, 0.0438128 hours remaining, 0.000000 MB of memory in use.
PERFORMANCE: 425000  averaging 82.172 ns/day, 0.0021029 sec/step with standard deviation 6.33043e-05
ENERGY:  425000       445.9762      1123.2911      1124.6205        70.0701        -114156.9320      9605.2830         0.0000         0.0000     18672.0718         -83115.6193       303.5492   -101787.6911    -82984.4992       302.2480           -163.9957      -158.6570    300797.2779        -9.6959        -9.5443

TIMING: 430000  CPU: 820.217, 0.001795/step  Wall: 908.501, 0.00199667/step, 86.5442 ns/days, 0.0388241 hours remaining, 0.000000 MB of memory in use.
PERFORMANCE: 430000  averaging 82.2203 ns/day, 0.00210167 sec/step with standard deviation 6.3965e-05
ENERGY:  430000       423.5110      1125.0467      1093.7414        62.6045        -113696.1519      9551.7811         0.0000         0.0000     18566.6511         -82872.8161       301.8354   -101439.4672    -82976.0678       302.4227           -151.1146      -147.2983    301389.1790        -5.7400        -5.4140

TIMING: 435000  CPU: 829.763, 0.00190913/step  Wall: 919.09, 0.00211778/step, 81.5947 ns/days, 0.0382378 hours remaining, 0.000000 MB of memory in use.
PERFORMANCE: 435000  averaging 82.2131 ns/day, 0.00210185 sec/step with standard deviation 6.36155e-05
ENERGY:  435000       403.5990      1139.8892      1114.7679        79.5969        -113910.1512      9517.4814         0.0000         0.0000     18539.7754         -83115.0415       301.3985   -101654.8169    -82986.5203       302.2741           -373.1914      -376.0515    301792.3674       -14.3556       -14.1212

TIMING: 440000  CPU: 839.093, 0.001866/step  Wall: 929.507, 0.00208333/step, 82.9442 ns/days, 0.0347221 hours remaining, 0.000000 MB of memory in use.
PERFORMANCE: 440000  averaging 82.2213 ns/day, 0.00210164 sec/step with standard deviation 6.32797e-05
ENERGY:  440000       431.1702      1129.2865      1120.6048        74.3402        -114211.6965      9863.4470         0.0000         0.0000     18602.8573         -82989.9906       302.4240   -101592.8479    -82983.1425       302.3962            264.9112       270.3050    299171.6345        -5.9682        -5.3282

TIMING: 445000  CPU: 848.152, 0.00181186/step  Wall: 939.586, 0.00201576/step, 85.7243 ns/days, 0.0307964 hours remaining, 0.000000 MB of memory in use.
PERFORMANCE: 445000  averaging 82.2591 ns/day, 0.00210068 sec/step with standard deviation 6.35742e-05
ENERGY:  445000       415.2055      1147.8926      1097.5298        86.0705        -113875.2026      9720.0161         0.0000         0.0000     18605.4326         -82803.0555       302.4659   -101408.4882    -82964.2308       302.4728            -52.9241       -51.9037    300854.8905        -9.0126        -8.0667

TIMING: 450000  CPU: 857.569, 0.00188333/step  Wall: 950.145, 0.00211186/step, 81.8237 ns/days, 0.0293314 hours remaining, 0.000000 MB of memory in use.
PERFORMANCE: 450000  averaging 82.2542 ns/day, 0.0021008 sec/step with standard deviation 6.3227e-05
ETITLE:      TS           BOND          ANGLE          DIHED          IMPRP               ELECT            VDW       BOUNDARY           MISC        KINETIC               TOTAL           TEMP      POTENTIAL       TOTALAVG        TEMPAVG            PRESSURE      GPRESSURE         VOLUME       PRESSAVG      GPRESSAVG

ENERGY:  450000       411.6083      1118.4787      1103.1845        70.5039        -114078.6158      9829.8410         0.0000         0.0000     18762.7095         -82782.2899       305.0227   -101544.9994    -82965.0200       302.6096            123.6220       123.0150    300557.8616        -3.2350        -2.3989

TIMING: 455000  CPU: 866.888, 0.00186388/step  Wall: 960.553, 0.00208167/step, 83.0101 ns/days, 0.0260209 hours remaining, 0.000000 MB of memory in use.
PERFORMANCE: 455000  averaging 82.2625 ns/day, 0.00210059 sec/step with standard deviation 6.29068e-05
ENERGY:  455000       398.9092      1134.2836      1109.7664        67.1962        -114128.8085      9835.6397         0.0000         0.0000     18828.1613         -82754.8520       306.0867   -101583.0133    -82957.6924       302.7862            103.1559       102.3675    300097.0147         9.0082         9.5747

TIMING: 460000  CPU: 875.865, 0.0017953/step  Wall: 970.562, 0.00200177/step, 86.3234 ns/days, 0.0222419 hours remaining, 0.000000 MB of memory in use.
PERFORMANCE: 460000  averaging 82.3046 ns/day, 0.00209952 sec/step with standard deviation 6.34028e-05
ENERGY:  460000       417.4976      1190.0222      1110.9622        80.8014        -113948.1065      9795.6702         0.0000         0.0000     18728.1900         -82624.9629       304.4615   -101353.1530    -82944.7676       302.8471             74.3215        73.7449    300073.6519         5.5466         6.0161

TIMING: 465000  CPU: 885.218, 0.0018707/step  Wall: 981.167, 0.00212092/step, 81.4741 ns/days, 0.02062 hours remaining, 0.000000 MB of memory in use.
PERFORMANCE: 465000  averaging 82.2955 ns/day, 0.00209975 sec/step with standard deviation 6.30963e-05
ENERGY:  465000       414.6260      1117.6382      1141.5365        73.6917        -114172.7441      9714.9834         0.0000         0.0000     18713.5158         -82996.7524       304.2230   -101710.2682    -82952.9248       302.8187            -12.2637       -12.8373    299957.2496         1.1164         1.3129

TIMING: 470000  CPU: 894.582, 0.0018727/step  Wall: 991.608, 0.00208817/step, 82.7519 ns/days, 0.0174014 hours remaining, 0.000000 MB of memory in use.
PERFORMANCE: 470000  averaging 82.3004 ns/day, 0.00209963 sec/step with standard deviation 6.27676e-05
ENERGY:  470000       465.4993      1165.9321      1099.7360        65.4105        -114131.1071      9873.1045         0.0000         0.0000     18579.7304         -82881.6942       302.0480   -101461.4247    -82956.8751       302.6174             44.2701        39.5000    300653.2488         0.6068         0.6392

TIMING: 475000  CPU: 903.571, 0.00179791/step  Wall: 1001.6, 0.00199901/step, 86.4427 ns/days, 0.013882 hours remaining, 0.000000 MB of memory in use.
PERFORMANCE: 475000  averaging 82.3419 ns/day, 0.00209857 sec/step with standard deviation 6.32805e-05
ENERGY:  475000       431.6290      1121.7607      1133.8306        66.6670        -114241.1575      9718.9881         0.0000         0.0000     18460.0487         -83308.2335       300.1024   -101768.2822    -82971.9860       302.5928             -1.0560         0.5963    299824.8866       -10.3823       -10.2563

TIMING: 480000  CPU: 913.241, 0.00193398/step  Wall: 1012.3, 0.00213898/step, 80.7862 ns/days, 0.0118832 hours remaining, 0.000000 MB of memory in use.
PERFORMANCE: 480000  averaging 82.3254 ns/day, 0.00209899 sec/step with standard deviation 6.30815e-05
ENERGY:  480000       423.5191      1087.1908      1119.6186        78.1350        -114265.2673      9845.6153         0.0000         0.0000     18643.8087         -83067.3798       303.0897   -101711.1885    -82977.4438       302.7268            154.8284       153.5995    299309.6356         3.0795         3.2176

TIMING: 485000  CPU: 922.711, 0.00189391/step  Wall: 1022.78, 0.00209705/step, 82.4014 ns/days, 0.00873771 hours remaining, 0.000000 MB of memory in use.
PERFORMANCE: 485000  averaging 82.3262 ns/day, 0.00209897 sec/step with standard deviation 6.27524e-05
ENERGY:  485000       399.9552      1115.0049      1114.6986        56.5672        -114201.5411      9974.1413         0.0000         0.0000     18660.2142         -82880.9596       303.3564   -101541.1738    -82969.3638       302.8045            343.3906       345.0608    299857.2271        28.0782        28.1618

TIMING: 490000  CPU: 931.846, 0.00182697/step  Wall: 1032.93, 0.00203024/step, 85.1132 ns/days, 0.00563955 hours remaining, 0.000000 MB of memory in use.
PERFORMANCE: 490000  averaging 82.3537 ns/day, 0.00209827 sec/step with standard deviation 6.2813e-05
ENERGY:  490000       416.3295      1124.6134      1112.8577        73.1249        -114216.5775      9731.9309         0.0000         0.0000     18659.9093         -83097.8118       303.3515   -101757.7211    -82979.3699       302.7385           -129.8732      -126.8951    300207.6974        30.6520        30.7946

TIMING: 495000  CPU: 941.167, 0.00186419/step  Wall: 1043.34, 0.0020802/step, 83.0688 ns/days, 0.00288917 hours remaining, 0.000000 MB of memory in use.
PERFORMANCE: 495000  averaging 82.3608 ns/day, 0.00209808 sec/step with standard deviation 6.2518e-05
ENERGY:  495000       452.8536      1127.9808      1120.7514        64.1021        -113984.8597      9725.2130         0.0000         0.0000     18706.5665         -82787.3923       304.1100   -101493.9588    -82973.9023       302.8272             65.0851        67.0657    299747.3041        33.7982        34.1167

TIMING: 500000  CPU: 950.728, 0.00191225/step  Wall: 1053.94, 0.00212129/step, 81.4599 ns/days, 0 hours remaining, 0.000000 MB of memory in use.
PERFORMANCE: 500000  averaging 82.3517 ns/day, 0.00209832 sec/step with standard deviation 6.22447e-05
ETITLE:      TS           BOND          ANGLE          DIHED          IMPRP               ELECT            VDW       BOUNDARY           MISC        KINETIC               TOTAL           TEMP      POTENTIAL       TOTALAVG        TEMPAVG            PRESSURE      GPRESSURE         VOLUME       PRESSAVG      GPRESSAVG

ENERGY:  500000       399.7944      1119.3573      1119.4616        68.0017        -113838.1850      9810.1867         0.0000         0.0000     18785.4099         -82535.9734       305.3917   -101321.3833    -82955.7035       302.9099             76.9010        76.3004    301878.7433        38.7698        39.0138

WRITING EXTENDED SYSTEM TO OUTPUT FILE AT STEP 500000
WRITING COORDINATES TO OUTPUT FILE AT STEP 500000
WRITING VELOCITIES TO OUTPUT FILE AT STEP 500000
====================================================

WallClock: 1058.205933  CPUTime: 944.860168  Memory: 0.000000 MB
[Partition 0][Node 0] End of program
