Charm++> Running on MPI library: Open MPI v4.1.5a1, package: Open MPI software@d001.sol.rc.asu.edu Distribution, ident: 4.1.5a1, repo rev: v4.1.4-32-g5abd86cc8c, Unreleased developer copy (MPI standard: 3.1)
Charm++> Level of thread support used: MPI_THREAD_FUNNELED (desired: MPI_THREAD_FUNNELED)
Charm++> Running in SMP mode: 1 processes, 45 worker threads (PEs) + 1 comm threads per process, 45 PEs total
Charm++> The comm. thread both sends and receives messages
Charm++> Using recursive bisection (scheme 3) for topology aware partitions
Converse/Charm++ Commit ID: v8.0.1-devel-35-gf310838d5
Charm++ communication thread will sleep due to single-process run.
CharmLB> Load balancer assumes all CPUs are same.
Charm++> cpu affinity enabled. 
Charm++> Running on 1 hosts (2 sockets x 24 cores x 1 PUs = 48-way SMP)
Charm++> cpu topology info is gathered in 0.049 seconds.
Info: Built with CUDA version 12090
Pe 4 physical rank 4 will use CUDA device of pe 32
Pe 1 physical rank 1 will use CUDA device of pe 32
Pe 2 physical rank 2 will use CUDA device of pe 32
Pe 3 physical rank 3 will use CUDA device of pe 32
Pe 6 physical rank 6 will use CUDA device of pe 32
Pe 22 physical rank 22 will use CUDA device of pe 32
Pe 18 physical rank 18 will use CUDA device of pe 32
Pe 21 physical rank 21 will use CUDA device of pe 32
Pe 20 physical rank 20 will use CUDA device of pe 32
Pe 5 physical rank 5 will use CUDA device of pe 32
Pe 19 physical rank 19 will use CUDA device of pe 32
Pe 29 physical rank 29 will use CUDA device of pe 32
Pe 30 physical rank 30 will use CUDA device of pe 32
Pe 34 physical rank 34 will use CUDA device of pe 32
Pe 31 physical rank 31 will use CUDA device of pe 32
Pe 8 physical rank 8 will use CUDA device of pe 32
Pe 9 physical rank 9 will use CUDA device of pe 32
Pe 13 physical rank 13 will use CUDA device of pe 32
Pe 16 physical rank 16 will use CUDA device of pe 32
Pe 14 physical rank 14 will use CUDA device of pe 32
Pe 35 physical rank 35 will use CUDA device of pe 32
Pe 39 physical rank 39 will use CUDA device of pe 32
Pe 37 physical rank 37 will use CUDA device of pe 32
Pe 38 physical rank 38 will use CUDA device of pe 32
Pe 36 physical rank 36 will use CUDA device of pe 32
Pe 27 physical rank 27 will use CUDA device of pe 32
Pe 25 physical rank 25 will use CUDA device of pe 32
Pe 28 physical rank 28 will use CUDA device of pe 32
Pe 43 physical rank 43 will use CUDA device of pe 32
Pe 32 physical rank 32 binding to CUDA device 0 on sg044: 'NVIDIA A100-SXM4-80GB'  Mem: 81152MB  Rev: 8.0  PCI: 0:1:0
Pe 44 physical rank 44 will use CUDA device of pe 32
Pe 40 physical rank 40 will use CUDA device of pe 32
Pe 42 physical rank 42 will use CUDA device of pe 32
Pe 41 physical rank 41 will use CUDA device of pe 32
Pe 11 physical rank 11 will use CUDA device of pe 32
Pe 7 physical rank 7 will use CUDA device of pe 32
Pe 10 physical rank 10 will use CUDA device of pe 32
Pe 0 physical rank 0 will use CUDA device of pe 32
Pe 17 physical rank 17 will use CUDA device of pe 32
Pe 12 physical rank 12 will use CUDA device of pe 32
Pe 15 physical rank 15 will use CUDA device of pe 32
Pe 33 physical rank 33 will use CUDA device of pe 32
Pe 23 physical rank 23 will use CUDA device of pe 32
Pe 24 physical rank 24 will use CUDA device of pe 32
Pe 26 physical rank 26 will use CUDA device of pe 32
CharmLB> Load balancing instrumentation for communication is off.
Info: NAMD 3.1alpha4pre for Linux-x86_64-MPI-smp-CUDA
Info: 
Info: Please visit http://www.ks.uiuc.edu/Research/namd/
Info: for updates, documentation, and support information.
Info: 
Info: Please cite Phillips et al., J. Chem. Phys. 153:044130 (2020) doi:10.1063/5.0014475
Info: in all publications reporting results obtained with NAMD.
Info: 
Info: Based on Charm++/Converse 80001 for mpi-linux-x86_64
Info: Built Fri Apr 17 06:27:28 MST 2026 by athiru12 on sg013
Info: Source code at Git commit ID 0de8a9017a5e517ce3382a552ac4a3debb0beccb
Info: 1 NAMD  3.1alpha4pre  Linux-x86_64-MPI-smp-CUDA  45    sg044  athiru12
Info: Running on 45 processors, 1 nodes, 1 physical nodes.
Info: CPU topology information available.
Info: Charm++/Converse parallel runtime startup completed at 2.94056 s
CkLoopLib is used in SMP with simple dynamic scheduling (converse-level notification)
Info: 0 MB of memory in use based on /proc/self/stat
Info: Configuration file is input/step5_streaming_streaming-3_run_3.inp
Info: Changed directory to input
TCL: Suspending until startup complete.
Warning: Option "1-4scaling" has been deprecated. Instead use "oneFourScaling".
Info: EXTENDED SYSTEM FILE   ../output/vanilla/performance/equil/1-0-40/run-1/step4_equilibration.xsc
Info: Tuning parameters to improve GPU-resident performance
Info: Setting margin to 4
Warning: The Langevin gamma parameters differ over the particles,
Warning: requiring extra work per step to constrain rigid bonds.
Info: Enabling PMEOffload because PMEInterpOrder > 4.
Info: Running with GPU-resident mode
Warning: Always using force tables for GPU nonbonded kernel due to unsupported config parameters.
Info: SIMULATION PARAMETERS:
Info: TIMESTEP               2
Info: NUMBER OF STEPS        500000
Info: STEPS PER CYCLE        20
Info: PERIODIC CELL BASIS 1  69 0 0
Info: PERIODIC CELL BASIS 2  0 69 0
Info: PERIODIC CELL BASIS 3  0 0 69
Info: PERIODIC CELL CENTER   0 0 0
Info: WRAPPING WATERS AROUND PERIODIC BOUNDARIES ON OUTPUT.
Info: WRAPPING ALL CLUSTERS AROUND PERIODIC BOUNDARIES ON OUTPUT.
Info: LOAD BALANCER  Centralized
Info: LOAD BALANCING STRATEGY  New Load Balancers -- DEFAULT
Info: LDB PERIOD             4000 steps
Info: FIRST LDB TIMESTEP     100
Info: LAST LDB TIMESTEP     -1
Info: LDB BACKGROUND SCALING 1
Info: HOM BACKGROUND SCALING 1
Info: PME BACKGROUND SCALING 1
Warning: OVERRIDING NOPATCH SETTING. Not supported with GPUresident on
Info: MIN ATOMS PER PATCH    40
Info: EMPTY PATCH LOAD       40 ATOMS
Info: VELOCITY FILE          ../output/vanilla/performance/equil/1-0-40/run-1/step4_equilibration.vel
Info: CENTER OF MASS MOVING INITIALLY? NO
Info: DIELECTRIC             1
Info: EXCLUDE                SCALED ONE-FOUR
Info: 1-4 ELECTROSTATICS SCALED BY 1
Info: MODIFIED 1-4 VDW PARAMETERS WILL BE USED
Info: NO DCD TRAJECTORY OUTPUT
Info: NO EXTENDED SYSTEM TRAJECTORY OUTPUT
Info: NO VELOCITY DCD OUTPUT
Info: NO FORCE DCD OUTPUT
Info: OUTPUT FILENAME        ../output/streaming-3/performance/prod/1-1-45/frequency-5000/run-3/step5_streaming
Info: BINARY OUTPUT FILES WILL BE USED
Info: NO RESTART FILE
Info: NAMD will save positions and velocities to ../output/streaming-3/performance/prod/1-1-45/frequency-5000/run-3/step5_streaming.crash.csv when  atoms are moving too fast.
Info: SWITCHING ACTIVE
Info: VDW FORCE SWITCHING ACTIVE
Info: SWITCHING ON           10
Info: SWITCHING OFF          12
Info: PAIRLIST DISTANCE      16
Info: PAIRLIST SHRINK RATE   0.01
Info: PAIRLIST GROW RATE     0.01
Info: PAIRLIST TRIGGER       0.3
Info: PAIRLISTS PER CYCLE    2
Info: PAIRLISTS ENABLED
Info: MARGIN                 4
Info: HYDROGEN GROUP CUTOFF  2.5
Info: PATCH DIMENSION        22.5
Info: ENERGY OUTPUT STEPS    5000
Info: ENERGY EVALUATION STEPS    5000
Info: OUTPUT ENERGY PRECISION 4
Info: CROSSTERM ENERGY INCLUDED IN DIHEDRAL
Info: TIMING OUTPUT STEPS    5000
Info: INTERACTIVE MD ACTIVE
Info: INTERACTIVE MD VERSION    3
Info: INTERACTIVE MD PORT    8889
Info: INTERACTIVE MD FREQ    5000
Info: WILL AWAIT INTERACTIVE MD CONNECTION
Info: INTERACTIVE MD WILL SEND THE FOLLOWING:
Info: WRAPPED COORDINATES
Info: VELOCITIES
Info: FORCES
Info: LANGEVIN DYNAMICS ACTIVE
Info: LANGEVIN TEMPERATURE   303.15
Info: LANGEVIN USING BBK INTEGRATOR
Info: LANGEVIN DAMPING COEFFICIENT IS 1 INVERSE PS
Info: LANGEVIN DYNAMICS NOT APPLIED TO HYDROGENS
Info: LANGEVIN PISTON PRESSURE CONTROL ACTIVE
Info:        TARGET PRESSURE IS 1.01325 BAR
Info:     OSCILLATION PERIOD IS 50 FS
Info:             DECAY TIME IS 25 FS
Info:     PISTON TEMPERATURE IS 303.15 K
Info:       PRESSURE CONTROL IS GROUP-BASED
Info:    INITIAL STRAIN RATE IS 0 0 0
Info:       CELL FLUCTUATION IS ISOTROPIC
Info: PARTICLE MESH EWALD (PME) ACTIVE
Info: PME TOLERANCE               1e-06
Info: PME EWALD COEFFICIENT       0.257952
Info: PME INTERPOLATION ORDER     6
Info: PME GRID DIMENSIONS         72 72 72
Info: PME MAXIMUM GRID SPACING    1
Info: PME RECIPROCAL SUM OFFLOADED TO GPU
Info: PME CALCULATION WILL BE PERFORMED ON GPU
Info: FULL ELECTROSTATIC EVALUATION FREQUENCY      1
Info: USING VERLET I (r-RESPA) MTS SCHEME.
Info: C1 SPLITTING OF LONG RANGE ELECTROSTATICS
Info: PLACING ATOMS IN PATCHES BY HYDROGEN GROUPS
Info: RIGID BONDS TO HYDROGEN : ALL
Info:         ERROR TOLERANCE : 1e-08
Info:          MAX ITERATIONS : 100
Info: RIGID WATER USING SETTLE ALGORITHM
Info: RANDOM NUMBER SEED     1776753412
Info: USE HYDROGEN BONDS?    NO
Info: COORDINATE PDB         step3_input.pdb
Info: STRUCTURE FILE         step3_input.psf
Info: PARAMETER file: CHARMM format! 
Info: PARAMETERS             toppar/par_all36m_prot.prm
Info: PARAMETERS             toppar/par_all36_na.prm
Info: PARAMETERS             toppar/par_all36_carb.prm
Info: PARAMETERS             toppar/par_all36_lipid.prm
Info: PARAMETERS             toppar/par_all36_cgenff.prm
Info: PARAMETERS             toppar/par_interface.prm
Info: PARAMETERS             toppar/toppar_all36_moreions.str
Info: PARAMETERS             toppar/toppar_all36_nano_lig.str
Info: PARAMETERS             toppar/toppar_all36_nano_lig_patch.str
Info: PARAMETERS             toppar/toppar_all36_synthetic_polymer.str
Info: PARAMETERS             toppar/toppar_all36_synthetic_polymer_patch.str
Info: PARAMETERS             toppar/toppar_all36_polymer_solvent.str
Info: PARAMETERS             toppar/toppar_water_ions.str
Info: PARAMETERS             toppar/toppar_dum_noble_gases.str
Info: PARAMETERS             toppar/toppar_ions_won.str
Info: PARAMETERS             toppar/cam.str
Info: PARAMETERS             toppar/toppar_all36_prot_arg0.str
Info: PARAMETERS             toppar/toppar_all36_prot_c36m_d_aminoacids.str
Info: PARAMETERS             toppar/toppar_all36_prot_fluoro_alkanes.str
Info: PARAMETERS             toppar/toppar_all36_prot_heme.str
Info: PARAMETERS             toppar/toppar_all36_prot_na_combined.str
Info: PARAMETERS             toppar/toppar_all36_prot_retinol.str
Info: PARAMETERS             toppar/toppar_all36_prot_model.str
Info: PARAMETERS             toppar/toppar_all36_prot_modify_res.str
Info: PARAMETERS             toppar/toppar_all36_na_nad_ppi.str
Info: PARAMETERS             toppar/toppar_all36_na_rna_modified.str
Info: PARAMETERS             toppar/toppar_all36_lipid_sphingo.str
Info: PARAMETERS             toppar/toppar_all36_lipid_archaeal.str
Info: PARAMETERS             toppar/toppar_all36_lipid_bacterial.str
Info: PARAMETERS             toppar/toppar_all36_lipid_cardiolipin.str
Info: PARAMETERS             toppar/toppar_all36_lipid_cholesterol.str
Info: PARAMETERS             toppar/toppar_all36_lipid_dag.str
Info: PARAMETERS             toppar/toppar_all36_lipid_inositol.str
Info: PARAMETERS             toppar/toppar_all36_lipid_lnp.str
Info: PARAMETERS             toppar/toppar_all36_lipid_lps.str
Info: PARAMETERS             toppar/toppar_all36_lipid_mycobacterial.str
Info: PARAMETERS             toppar/toppar_all36_lipid_miscellaneous.str
Info: PARAMETERS             toppar/toppar_all36_lipid_model.str
Info: PARAMETERS             toppar/toppar_all36_lipid_prot.str
Info: PARAMETERS             toppar/toppar_all36_lipid_tag.str
Info: PARAMETERS             toppar/toppar_all36_lipid_yeast.str
Info: PARAMETERS             toppar/toppar_all36_lipid_hmmm.str
Info: PARAMETERS             toppar/toppar_all36_lipid_detergent.str
Info: PARAMETERS             toppar/toppar_all36_lipid_ether.str
Info: PARAMETERS             toppar/toppar_all36_lipid_oxidized.str
Info: PARAMETERS             toppar/toppar_all36_carb_glycolipid.str
Info: PARAMETERS             toppar/toppar_all36_carb_glycopeptide.str
Info: PARAMETERS             toppar/toppar_all36_carb_imlab.str
Info: PARAMETERS             toppar/toppar_all36_label_spin.str
Info: PARAMETERS             toppar/toppar_all36_label_fluorophore.str
Info: USING ARITHMETIC MEAN TO COMBINE L-J SIGMA PARAMETERS
Info: BINARY COORDINATES     ../output/vanilla/performance/equil/1-0-40/run-1/step4_equilibration.coor
Warning: SKIPPING PART OF PARAMETER FILE AFTER RETURN STATEMENT

Warning: DUPLICATE DIHEDRAL ENTRY FOR HAL1-CTO1-C-NHL
PREVIOUS VALUES MULTIPLICITY: 1
  k=0  n=1  delta=0INCREASING MULTIPLICITY TO: 2
  k=0  n=3  delta=0

Warning: DUPLICATE DIHEDRAL ENTRY FOR HAL1-CTO1-C-O
PREVIOUS VALUES MULTIPLICITY: 1
  k=0  n=1  delta=0INCREASING MULTIPLICITY TO: 2
  k=0  n=2  delta=3.14159
Warning: SKIPPING PART OF PARAMETER FILE AFTER RETURN STATEMENT

Warning: DUPLICATE DIHEDRAL ENTRY FOR CTL2-CG2O5-CTL1-CTL3
PREVIOUS VALUES MULTIPLICITY: 1
  k=0.75  n=1  delta=0  k=0.18  n=2  delta=3.14159INCREASING MULTIPLICITY TO: 3
  k=0.065  n=3  delta=0

Warning: DUPLICATE BOND ENTRY FOR CEL1-CL
PREVIOUS VALUES  k=440  x0=1.489
   USING VALUES  k=300  x0=1.48
Info: SUMMARY OF PARAMETERS:
Info: 1988 BONDS
Info: 6776 ANGLES
Info: 19939 DIHEDRAL
Info: 430 IMPROPER
Info: 28 CROSSTERM
Info: 751 VDW
Info: 122 VDW_PAIRS
Info: 0 NBTHOLE_PAIRS
Warning: Ignored 9467 bonds with zero force constants.
Warning: Will get H-H distance in rigid H2O from H-O-H angle.
Info: No lone pairs detected in waters
Info: TIME FOR READING PSF FILE: 0.0651403
Info: Reading pdb file step3_input.pdb
Info: TIME FOR READING PDB FILE: 0.0288613
Info: 
Info: ****************************
Info: STRUCTURE SUMMARY:
Info: 30423 ATOMS
Info: 20918 BONDS
Info: 13014 ANGLES
Info: 5187 DIHEDRALS
Info: 373 IMPROPERS
Info: 127 CROSSTERMS
Info: 0 EXCLUSIONS
Info: 29360 RIGID BONDS
Info: 61909 DEGREES OF FREEDOM
Info: 10530 HYDROGEN GROUPS
Info: 4 ATOMS IN LARGEST HYDROGEN GROUP
Info: 10530 MIGRATION GROUPS
Info: 4 ATOMS IN LARGEST MIGRATION GROUP
Info: TOTAL MASS = 186727 amu
Info: TOTAL CHARGE = 1.31875e-06 e
Info: MASS DENSITY = 0.943883 g/cm^3
Info: ATOM DENSITY = 0.0926093 atoms/A^3
Info: *****************************
Info: Reading from binary file ../output/vanilla/performance/equil/1-0-40/run-1/step4_equilibration.coor
Info: 
Info: Entering startup at 3.27112 s, 0 MB of memory in use
Info: Startup phase 0 took 0.000467493 s, 0 MB of memory in use
Info: ADDED 39038 IMPLICIT EXCLUSIONS
Info: Startup phase 1 took 0.00659374 s, 0 MB of memory in use
Info: NONBONDED TABLE R-SQUARED SPACING: 0.0625
Info: NONBONDED TABLE SIZE: 769 POINTS
Info: INCONSISTENCY IN FAST TABLE ENERGY VS FORCE: 0.000325096 AT 11.9556
Info: INCONSISTENCY IN SCOR TABLE ENERGY VS FORCE: 0.000324844 AT 11.9556
Info: INCONSISTENCY IN VDWA TABLE ENERGY VS FORCE: 0.0040507 AT 0.251946
Info: INCONSISTENCY IN VDWB TABLE ENERGY VS FORCE: 0.00150189 AT 0.251946
Info: Startup phase 2 took 0.0143027 s, 0 MB of memory in use
Info: Startup phase 3 took 0.000182535 s, 0 MB of memory in use
Info: Startup phase 4 took 0.00146086 s, 0 MB of memory in use
Info: Startup phase 5 took 0.000175331 s, 0 MB of memory in use
Info: REDUCING NUMBER OF PATCHES TO IMPROVE LOAD BALANCE
Info: PATCH GRID IS 5 (PERIODIC) BY 3 (PERIODIC) BY 3 (PERIODIC)
Info: PATCH GRID IS 2-AWAY BY 1-AWAY BY 1-AWAY
Info: Reading from binary file ../output/vanilla/performance/equil/1-0-40/run-1/step4_equilibration.vel
Info: REMOVING COM VELOCITY -0.0158458 -0.019888 0.00968242
Info: LARGEST PATCH (22) HAS 800 ATOMS
Info: TORUS A SIZE 1 USING 0
Info: TORUS B SIZE 1 USING 0
Info: TORUS C SIZE 1 USING 0
Info: TORUS MINIMAL MESH SIZE IS 1 BY 1 BY 1
Info: Placed 100% of base nodes on same physical node as patch
Info: Startup phase 6 took 0.0146299 s, 0 MB of memory in use
Info: Use 3D box decompostion in PME FFT.
Info: PME using 1 x 1 x 1 pencil grid for FFT and reciprocal sum.
Info: Startup phase 7 took 0.000929306 s, 0 MB of memory in use
Info: Updated CUDA force table with 4096 elements.
Info: Updated CUDA LJ table with 751 x 751 elements.
Info: Startup phase 8 took 0.00596308 s, 0 MB of memory in use
Info: Startup phase 9 took 0.000187996 s, 0 MB of memory in use
Info: Startup phase 10 took 0.00023854 s, 0 MB of memory in use
Info: Startup phase 11 took 0.0136672 s, 0 MB of memory in use
LDB: Central LB being created...
Info: Startup phase 12 took 0.0648124 s, 0 MB of memory in use
Info: Startup phase 13 took 0.000170752 s, 0 MB of memory in use
Info: Startup phase 14 took 0.00286241 s, 0 MB of memory in use
Info: Startup phase 15 took 0.000165503 s, 0 MB of memory in use
Info: CREATING 1755 COMPUTE OBJECTS
Info: Interactive MD listening on port 8889.
Info: Found 268 unique exclusion lists needing 4316 bytes
Info: useSync: 0 useProxySync: 0
Info: Startup phase 16 took 0.145391 s, 0 MB of memory in use
Info: Startup phase 17 took 0.000223563 s, 0 MB of memory in use
Info: Startup phase 18 took 7.5663e-05 s, 0 MB of memory in use
Info: Finished startup at 3.54362 s, 0 MB of memory in use

TCL: Original numsteps 500000 will be ignored.
TCL: Running for 500000 steps
Info: INTERACTIVE MD AWAITING CONNECTION
Warning: IMD protocol version 3 detected
Info: IMD connection opened
ETITLE:      TS           BOND          ANGLE          DIHED          IMPRP               ELECT            VDW       BOUNDARY           MISC        KINETIC               TOTAL           TEMP      POTENTIAL       TOTALAVG        TEMPAVG            PRESSURE      GPRESSURE         VOLUME       PRESSAVG      GPRESSAVG

ENERGY:       0       390.0165      1067.9379      1155.8548        69.8147        -111518.5693      9145.1384         0.0000         0.0000     18338.1923         -81351.6148       298.1214    -99689.8070    -81351.6148       298.1214          -1454.3553     -1453.0525    328509.0000     -1454.3553     -1453.0525

Info: Initial time: 45 CPUs 0.00172553 s/step 100.143 ns/day 0 MB memory
Info: Initial time: 45 CPUs 0.00108587 s/step 159.135 ns/day 0 MB memory
Info: Initial time: 45 CPUs 0.00111069 s/step 155.578 ns/day 0 MB memory
Info: Benchmark time: 45 CPUs 0.0010398 s/step 166.187 ns/day 0 MB memory
Info: Benchmark time: 45 CPUs 0.00110529 s/step 156.339 ns/day 0 MB memory
Info: Benchmark time: 45 CPUs 0.000977995 s/step 176.688 ns/day 0 MB memory
Info: Benchmark time: 45 CPUs 0.000968197 s/step 178.476 ns/day 0 MB memory
Info: Benchmark time: 45 CPUs 0.000973575 s/step 177.49 ns/day 0 MB memory
Info: Benchmark time: 45 CPUs 0.000980375 s/step 176.259 ns/day 0 MB memory
TIMING: 5000  CPU: 12.0754, 0.00100425/step  Wall: 12.0028, 0.00103159/step, 167.508 ns/days, 0.141844 hours remaining, 0.000000 MB of memory in use.
PERFORMANCE: 5000  averaging 167.508 ns/day, 0.00103159 sec/step with standard deviation 0
ENERGY:    5000       455.4401      1114.4101      1125.9684        64.9123        -114171.5337      9899.2836         0.0000         0.0000     18770.7479         -82740.7714       305.1534   -101511.5193    -82046.1931       301.6374             33.3586        35.0713    301605.2228      -710.4983      -708.9906

The last position output (seq=5000) takes 0.001 seconds, 0.000 MB of memory in use
The last velocity output (seq=5000) takes 0.000 seconds, 0.000 MB of memory in use
The last force output (seq=5000) takes 0.000 seconds, 0.000 MB of memory in use
TIMING: 10000  CPU: 17.2851, 0.00104195/step  Wall: 17.2907, 0.00105758/step, 163.391 ns/days, 0.143949 hours remaining, 0.000000 MB of memory in use.
PERFORMANCE: 10000  averaging 165.424 ns/day, 0.00104459 sec/step with standard deviation 1.83778e-05
ENERGY:   10000       445.9251      1115.9957      1166.3690        68.4228        -113972.1091      9621.0731         0.0000         0.0000     18588.4554         -82965.8678       302.1899   -101554.3233    -82352.7513       301.8215            -48.9185       -46.6356    300679.1191      -489.9717      -488.2056

The last position output (seq=10000) takes 0.001 seconds, 0.000 MB of memory in use
The last velocity output (seq=10000) takes 0.000 seconds, 0.000 MB of memory in use
The last force output (seq=10000) takes 0.000 seconds, 0.000 MB of memory in use
TIMING: 15000  CPU: 22.2322, 0.000989416/step  Wall: 22.3125, 0.00100437/step, 172.048 ns/days, 0.135311 hours remaining, 0.000000 MB of memory in use.
PERFORMANCE: 15000  averaging 167.575 ns/day, 0.00103118 sec/step with standard deviation 2.66091e-05
ENERGY:   15000       410.3330      1115.3954      1118.0457        63.9734        -113820.2247      9763.6463         0.0000         0.0000     18440.0798         -82908.7512       299.7777   -101348.8310    -82491.7513       301.3106            -43.8569       -41.1122    301003.2098      -378.4430      -376.4323

The last position output (seq=15000) takes 0.001 seconds, 0.000 MB of memory in use
The last velocity output (seq=15000) takes 0.000 seconds, 0.000 MB of memory in use
The last force output (seq=15000) takes 0.000 seconds, 0.000 MB of memory in use
TIMING: 20000  CPU: 27.1938, 0.00099232/step  Wall: 27.3499, 0.00100747/step, 171.519 ns/days, 0.134329 hours remaining, 0.000000 MB of memory in use.
PERFORMANCE: 20000  averaging 168.544 ns/day, 0.00102525 sec/step with standard deviation 2.47512e-05
ENERGY:   20000       420.4277      1089.7198      1128.3320        66.3398        -113675.6585      9518.8241         0.0000         0.0000     18587.3405         -82864.6746       302.1717   -101452.0151    -82566.3359       301.4828           -267.1816      -266.3166    301282.8689      -356.1907      -354.4091

The last position output (seq=20000) takes 0.001 seconds, 0.000 MB of memory in use
The last velocity output (seq=20000) takes 0.001 seconds, 0.000 MB of memory in use
The last force output (seq=20000) takes 0.000 seconds, 0.000 MB of memory in use
TIMING: 25000  CPU: 32.3977, 0.00104078/step  Wall: 32.6324, 0.0010565/step, 163.559 ns/days, 0.139399 hours remaining, 0.000000 MB of memory in use.
PERFORMANCE: 25000  averaging 167.523 ns/day, 0.0010315 sec/step with standard deviation 2.55869e-05
ENERGY:   25000       416.8877      1131.8178      1122.7663        88.6578        -113857.0954      9599.9447         0.0000         0.0000     18555.1118         -82941.9092       301.6478   -101497.0210    -82628.9315       301.5103           -162.5510      -163.3986    302185.1748      -323.9174      -322.5740

The last position output (seq=25000) takes 0.001 seconds, 0.000 MB of memory in use
The last velocity output (seq=25000) takes 0.000 seconds, 0.000 MB of memory in use
The last force output (seq=25000) takes 0.000 seconds, 0.000 MB of memory in use
TIMING: 30000  CPU: 37.2806, 0.000976586/step  Wall: 37.5916, 0.000991854/step, 174.219 ns/days, 0.129492 hours remaining, 0.000000 MB of memory in use.
PERFORMANCE: 30000  averaging 168.603 ns/day, 0.00102489 sec/step with standard deviation 2.80313e-05
ENERGY:   30000       425.5262      1104.9034      1126.0171        69.0974        -114160.7657      9776.2001         0.0000         0.0000     18633.5494         -83025.4722       302.9230   -101659.0216    -82685.5802       301.7121            156.0514       158.8914    300967.1050      -255.3505      -253.7933

The last position output (seq=30000) takes 0.001 seconds, 0.000 MB of memory in use
TIMING: 35000  CPU: 42.2295, 0.000989779/step  Wall: 42.614, 0.00100447/step, 172.031 ns/days, 0.129744 hours remaining, 0.000000 MB of memory in use.
PERFORMANCE: 35000  averaging 169.084 ns/day, 0.00102198 sec/step with standard deviation 2.67277e-05
ENERGY:   35000       407.1283      1153.3659      1134.4798        64.2217        -113941.8081      9624.5022         0.0000         0.0000     18561.6029         -82996.5072       301.7533   -101558.1101    -82724.4460       301.7173           -292.3525      -290.7806    301440.3763      -259.9757      -258.4167

The last position output (seq=35000) takes 0.001 seconds, 0.000 MB of memory in use
TIMING: 40000  CPU: 47.3955, 0.0010332/step  Wall: 47.8577, 0.00104874/step, 164.769 ns/days, 0.134006 hours remaining, 0.000000 MB of memory in use.
PERFORMANCE: 40000  averaging 168.532 ns/day, 0.00102532 sec/step with standard deviation 2.64929e-05
ENERGY:   40000       418.3344      1130.2152      1116.4564        64.1909        -114103.8496     10003.7320         0.0000         0.0000     18558.5517         -82812.3691       301.7037   -101370.9208    -82734.2153       301.7158            210.6668       209.9875    301265.6771      -207.6821      -206.3718

The last position output (seq=40000) takes 0.001 seconds, 0.000 MB of memory in use
TIMING: 45000  CPU: 52.2665, 0.000974186/step  Wall: 52.8039, 0.000989232/step, 174.681 ns/days, 0.125028 hours remaining, 0.000000 MB of memory in use.
PERFORMANCE: 45000  averaging 169.194 ns/day, 0.00102131 sec/step with standard deviation 2.75475e-05
ENERGY:   45000       429.1401      1122.5999      1129.1462        67.9489        -114327.9554     10019.9143         0.0000         0.0000     18703.6956         -82855.5104       304.0633   -101559.2060    -82746.3448       301.9505            251.4536       253.6231    299386.5052      -161.7685      -160.3723

The last position output (seq=45000) takes 0.001 seconds, 0.000 MB of memory in use
TIMING: 50000  CPU: 57.1714, 0.000980985/step  Wall: 57.7857, 0.000996364/step, 173.431 ns/days, 0.124546 hours remaining, 0.000000 MB of memory in use.
PERFORMANCE: 50000  averaging 169.608 ns/day, 0.00101882 sec/step with standard deviation 2.71438e-05
ETITLE:      TS           BOND          ANGLE          DIHED          IMPRP               ELECT            VDW       BOUNDARY           MISC        KINETIC               TOTAL           TEMP      POTENTIAL       TOTALAVG        TEMPAVG            PRESSURE      GPRESSURE         VOLUME       PRESSAVG      GPRESSAVG

ENERGY:   50000       418.8301      1105.4401      1150.4652        72.2089        -113794.1158      9751.5084         0.0000         0.0000     18634.6799         -82660.9832       302.9413   -101295.6631    -82738.5846       302.0406            106.0868       102.3952    300642.9672      -137.4181      -136.4843

The last position output (seq=50000) takes 0.001 seconds, 0.000 MB of memory in use
TIMING: 55000  CPU: 62.332, 0.00103212/step  Wall: 63.0269, 0.00104824/step, 164.848 ns/days, 0.129574 hours remaining, 0.000000 MB of memory in use.
PERFORMANCE: 55000  averaging 169.164 ns/day, 0.00102149 sec/step with standard deviation 2.72361e-05
ENERGY:   55000       440.0449      1132.2431      1145.0566        78.3973        -114017.7699      9715.8393         0.0000         0.0000     18602.7047         -82903.4839       302.4215   -101506.1886    -82752.3262       302.0723            -91.0522       -90.9973    301136.9886      -133.5542      -132.6937

TIMING: 60000  CPU: 67.3383, 0.00100126/step  Wall: 68.114, 0.00101743/step, 169.84 ns/days, 0.124352 hours remaining, 0.000000 MB of memory in use.
PERFORMANCE: 60000  averaging 169.22 ns/day, 0.00102115 sec/step with standard deviation 2.59951e-05
ENERGY:   60000       461.4173      1150.0034      1145.7778        72.5455        -113740.5896      9534.3804         0.0000         0.0000     18518.4975         -82857.9676       301.0526   -101376.4651    -82760.4525       301.9939           -323.2789      -322.0017    301305.8545      -148.1484      -147.2559

TIMING: 65000  CPU: 72.2721, 0.00098676/step  Wall: 73.124, 0.001002/step, 172.454 ns/days, 0.121075 hours remaining, 0.000000 MB of memory in use.
PERFORMANCE: 65000  averaging 169.465 ns/day, 0.00101968 sec/step with standard deviation 2.54488e-05
ENERGY:   65000       430.1992      1132.2257      1112.2643        74.0654        -114023.9711      9766.6902         0.0000         0.0000     18638.2374         -82870.2889       302.9992   -101508.5264    -82768.2980       302.0657           -109.3016      -105.9250    301780.3977      -145.3737      -144.3037

TIMING: 70000  CPU: 77.4084, 0.00102726/step  Wall: 78.339, 0.001043/step, 165.677 ns/days, 0.12458 hours remaining, 0.000000 MB of memory in use.
PERFORMANCE: 70000  averaging 169.189 ns/day, 0.00102135 sec/step with standard deviation 2.5232e-05
ENERGY:   70000       425.8198      1172.4714      1141.2699        62.4480        -114382.9457      9908.5220         0.0000         0.0000     18336.7082         -83335.7064       298.0972   -101672.4145    -82806.1252       301.8011            205.5148       204.2266    299087.6702      -121.9811      -121.0683

TIMING: 75000  CPU: 82.3776, 0.000993836/step  Wall: 83.3856, 0.00100931/step, 171.206 ns/days, 0.119154 hours remaining, 0.000000 MB of memory in use.
PERFORMANCE: 75000  averaging 169.322 ns/day, 0.00102054 sec/step with standard deviation 2.4512e-05
ENERGY:   75000       431.1751      1169.4030      1132.0845        71.4895        -114246.6339      9727.6564         0.0000         0.0000     18383.1530         -83331.6725       298.8523   -101714.8254    -82838.9719       301.6168           -167.0663      -168.2316    299579.8097      -124.7989      -124.0160

TIMING: 80000  CPU: 87.2799, 0.000980469/step  Wall: 88.3652, 0.000995924/step, 173.507 ns/days, 0.116191 hours remaining, 0.000000 MB of memory in use.
PERFORMANCE: 80000  averaging 169.577 ns/day, 0.001019 sec/step with standard deviation 2.44676e-05
ENERGY:   80000       417.8281      1143.0930      1125.8734        76.1864        -114085.8512      9616.9344         0.0000         0.0000     18666.8439         -83039.0919       303.4642   -101705.9358    -82850.7437       301.7255           -189.2011      -190.0963    301913.2503      -128.5873      -127.9031

TIMING: 85000  CPU: 92.4257, 0.00102914/step  Wall: 93.5892, 0.00104481/step, 165.389 ns/days, 0.120443 hours remaining, 0.000000 MB of memory in use.
PERFORMANCE: 85000  averaging 169.325 ns/day, 0.00102052 sec/step with standard deviation 2.45033e-05
ENERGY:   85000       476.2529      1079.5711      1151.7164        87.9782        -113684.3650      9605.8565         0.0000         0.0000     18669.0899         -82613.9001       303.5007   -101282.9900    -82837.5857       301.8241           -386.5332      -387.9541    301696.4640      -142.9176      -142.3504

TIMING: 90000  CPU: 97.4133, 0.000997533/step  Wall: 98.6535, 0.00101285/step, 170.608 ns/days, 0.115352 hours remaining, 0.000000 MB of memory in use.
PERFORMANCE: 90000  averaging 169.396 ns/day, 0.0010201 sec/step with standard deviation 2.38404e-05
ENERGY:   90000       402.6176      1173.1295      1132.9948        72.5392        -114547.8502      9795.5468         0.0000         0.0000     18684.7329         -83286.2894       303.7550   -101971.0223    -82861.2017       301.9258             51.0686        50.1426    300125.3826      -132.7078      -132.2192

TIMING: 95000  CPU: 102.486, 0.00101457/step  Wall: 103.803, 0.00102996/step, 167.774 ns/days, 0.11587 hours remaining, 0.000000 MB of memory in use.
PERFORMANCE: 95000  averaging 169.31 ns/day, 0.00102062 sec/step with standard deviation 2.32789e-05
ENERGY:   95000       406.4769      1100.9626      1131.6842        71.3024        -113898.1420      9717.8744         0.0000         0.0000     18635.0261         -82834.8154       302.9470   -101469.8415    -82859.8823       301.9768             43.3723        45.1724    300999.3380      -123.9038      -123.3496

TIMING: 100000  CPU: 107.534, 0.00100954/step  Wall: 108.927, 0.00102473/step, 168.629 ns/days, 0.113859 hours remaining, 0.000000 MB of memory in use.
PERFORMANCE: 100000  averaging 169.276 ns/day, 0.00102082 sec/step with standard deviation 2.26767e-05
ETITLE:      TS           BOND          ANGLE          DIHED          IMPRP               ELECT            VDW       BOUNDARY           MISC        KINETIC               TOTAL           TEMP      POTENTIAL       TOTALAVG        TEMPAVG            PRESSURE      GPRESSURE         VOLUME       PRESSAVG      GPRESSAVG

ENERGY:  100000       403.5336      1084.0957      1118.9344        71.2650        -114152.6734      9896.8017         0.0000         0.0000     18501.6588         -83076.3841       300.7788   -101578.0429    -82946.1208       302.1097            112.7003       113.0113    300903.7601       -45.5510       -45.0464

TIMING: 105000  CPU: 112.468, 0.000986752/step  Wall: 113.938, 0.00100227/step, 172.408 ns/days, 0.109972 hours remaining, 0.000000 MB of memory in use.
PERFORMANCE: 105000  averaging 169.422 ns/day, 0.00101994 sec/step with standard deviation 2.247e-05
ENERGY:  105000       430.8484      1097.8796      1145.4858        72.9661        -114165.8540      9749.0358         0.0000         0.0000     18515.9312         -83153.7072       301.0109   -101669.6384    -82966.7676       301.9026           -117.6271      -120.2230    300920.3509       -53.1003       -52.8111

TIMING: 110000  CPU: 117.493, 0.00100501/step  Wall: 119.037, 0.00101981/step, 169.443 ns/days, 0.11048 hours remaining, 0.000000 MB of memory in use.
PERFORMANCE: 110000  averaging 169.423 ns/day, 0.00101993 sec/step with standard deviation 2.19285e-05
ENERGY:  110000       443.6563      1129.3030      1160.1457        70.2190        -114346.0534      9831.9443         0.0000         0.0000     18502.9233         -83207.8619       300.7994   -101710.7852    -82978.8673       301.8330            -96.5150      -100.1423    300698.2180       -55.4801       -55.4865

TIMING: 115000  CPU: 122.504, 0.00100224/step  Wall: 124.127, 0.00101796/step, 169.751 ns/days, 0.108865 hours remaining, 0.000000 MB of memory in use.
PERFORMANCE: 115000  averaging 169.437 ns/day, 0.00101985 sec/step with standard deviation 2.14282e-05
ENERGY:  115000       431.5525      1139.2892      1149.5878        80.7772        -114384.0905     10060.0505         0.0000         0.0000     18525.5069         -82997.3264       301.1665   -101522.8334    -82983.2961       301.9025            207.7273       208.0069    299943.0783       -42.9009       -43.0305

TIMING: 120000  CPU: 127.379, 0.000974964/step  Wall: 129.079, 0.000990295/step, 174.493 ns/days, 0.104531 hours remaining, 0.000000 MB of memory in use.
PERFORMANCE: 120000  averaging 169.642 ns/day, 0.00101862 sec/step with standard deviation 2.18081e-05
ENERGY:  120000       404.8710      1155.9393      1120.3951        67.4775        -114856.6111     10179.3556         0.0000         0.0000     18575.4666         -83353.1060       301.9787   -101928.5726    -83007.7176       301.8928            235.8129       237.4040    299814.3693       -17.7512       -17.8445

TIMING: 125000  CPU: 132.404, 0.00100501/step  Wall: 134.179, 0.00102006/step, 169.401 ns/days, 0.106257 hours remaining, 0.000000 MB of memory in use.
PERFORMANCE: 125000  averaging 169.632 ns/day, 0.00101867 sec/step with standard deviation 2.13509e-05
ENERGY:  125000       429.9492      1117.2357      1122.3986        77.1923        -113874.0097      9583.6317         0.0000         0.0000     18590.3569         -82953.2454       302.2208   -101543.6023    -83008.2845       301.9215             -9.0439        -5.4067    299677.2869       -10.0759        -9.9449

TIMING: 130000  CPU: 137.45, 0.0010093/step  Wall: 139.303, 0.00102473/step, 168.63 ns/days, 0.105319 hours remaining, 0.000000 MB of memory in use.
PERFORMANCE: 130000  averaging 169.594 ns/day, 0.00101891 sec/step with standard deviation 2.09532e-05
ENERGY:  130000       445.4325      1130.0623      1107.3880        66.0922        -114326.6393     10012.0963         0.0000         0.0000     18661.5165         -82904.0516       303.3776   -101565.5681    -83002.2134       301.9442            262.5954       262.5428    300213.4963        -4.7487        -4.7623

TIMING: 135000  CPU: 142.363, 0.000982628/step  Wall: 144.292, 0.000997848/step, 173.173 ns/days, 0.101171 hours remaining, 0.000000 MB of memory in use.
PERFORMANCE: 135000  averaging 169.724 ns/day, 0.00101813 sec/step with standard deviation 2.09421e-05
ENERGY:  135000       410.7915      1121.8227      1122.0821        78.9589        -113969.8440      9683.6134         0.0000         0.0000     18510.3420         -83042.2333       300.9200   -101552.5753    -83004.4997       301.9025             39.2543        40.7278    299908.5450        11.8317        11.8131

TIMING: 140000  CPU: 147.397, 0.00100663/step  Wall: 149.402, 0.00102208/step, 169.067 ns/days, 0.102208 hours remaining, 0.000000 MB of memory in use.
PERFORMANCE: 140000  averaging 169.7 ns/day, 0.00101827 sec/step with standard deviation 2.05642e-05
ENERGY:  140000       449.9151      1132.0309      1127.9882        70.7477        -114220.4803      9878.8083         0.0000         0.0000     18709.9248         -82851.0652       304.1646   -101560.9901    -83006.4345       302.0256            -76.1746       -75.3479    302306.2755        -2.5104        -2.4537

TIMING: 145000  CPU: 152.383, 0.000997242/step  Wall: 154.468, 0.00101322/step, 170.546 ns/days, 0.0999145 hours remaining, 0.000000 MB of memory in use.
PERFORMANCE: 145000  averaging 169.729 ns/day, 0.00101809 sec/step with standard deviation 2.02155e-05
ENERGY:  145000       430.2161      1127.0219      1107.0086        68.6201        -114130.3911      9860.2964         0.0000         0.0000     18555.1371         -82982.0909       301.6482   -101537.2280    -83012.7636       301.9048             77.6949        79.0037    300980.4887       -11.1983       -11.1846

TIMING: 150000  CPU: 157.275, 0.000978467/step  Wall: 159.438, 0.000993905/step, 173.86 ns/days, 0.0966296 hours remaining, 0.000000 MB of memory in use.
PERFORMANCE: 150000  averaging 169.864 ns/day, 0.00101729 sec/step with standard deviation 2.03488e-05
ETITLE:      TS           BOND          ANGLE          DIHED          IMPRP               ELECT            VDW       BOUNDARY           MISC        KINETIC               TOTAL           TEMP      POTENTIAL       TOTALAVG        TEMPAVG            PRESSURE      GPRESSURE         VOLUME       PRESSAVG      GPRESSAVG

ENERGY:  150000       414.7358      1063.2240      1112.9228        66.6523        -114550.9183     10188.2537         0.0000         0.0000     18557.9656         -83147.1641       301.6942   -101705.1297    -83037.0726       301.8425            374.8346       374.5905    300820.0253         2.2391         2.4251

TIMING: 155000  CPU: 162.309, 0.00100683/step  Wall: 164.553, 0.00102305/step, 168.906 ns/days, 0.0980426 hours remaining, 0.000000 MB of memory in use.
PERFORMANCE: 155000  averaging 169.833 ns/day, 0.00101747 sec/step with standard deviation 2.00336e-05
ENERGY:  155000       451.4023      1100.2112      1123.7499        63.6998        -114488.8439     10021.7288         0.0000         0.0000     18625.7831         -83102.2688       302.7967   -101728.0519    -83047.0119       301.8612            132.2743       133.4919    299893.4377        13.4054        13.6496

TIMING: 160000  CPU: 167.312, 0.00100059/step  Wall: 169.634, 0.00101626/step, 170.036 ns/days, 0.0959798 hours remaining, 0.000000 MB of memory in use.
PERFORMANCE: 160000  averaging 169.839 ns/day, 0.00101743 sec/step with standard deviation 1.9709e-05
ENERGY:  160000       421.4575      1132.9073      1116.0790        71.0371        -114117.0904      9646.0243         0.0000         0.0000     18503.4415         -83226.1435       300.8078   -101729.5850    -83065.4207       301.8490            -71.5927       -68.5628    300490.2402        25.9897        26.3215

TIMING: 165000  CPU: 172.206, 0.000978813/step  Wall: 174.645, 0.00100215/step, 172.429 ns/days, 0.0932556 hours remaining, 0.000000 MB of memory in use.
PERFORMANCE: 165000  averaging 169.916 ns/day, 0.00101697 sec/step with standard deviation 1.95802e-05
ENERGY:  165000       398.6106      1076.0999      1141.6458        73.5023        -114435.2018      9879.6815         0.0000         0.0000     18635.7307         -83229.9310       302.9584   -101865.6617    -83083.4028       301.8470             -2.8044        -6.1414    299477.0366        31.3146        31.3107

TIMING: 170000  CPU: 177.306, 0.00101989/step  Wall: 179.825, 0.00103596/step, 166.801 ns/days, 0.0949632 hours remaining, 0.000000 MB of memory in use.
PERFORMANCE: 170000  averaging 169.823 ns/day, 0.00101753 sec/step with standard deviation 1.95544e-05
ENERGY:  170000       437.0379      1189.2371      1137.7011        70.0892        -114060.5130      9705.9289         0.0000         0.0000     18529.7157         -82990.8031       301.2349   -101520.5188    -83066.1576       302.0038            -46.6646       -42.9739    300437.0699        18.7056        18.9507

TIMING: 175000  CPU: 182.277, 0.000994277/step  Wall: 184.875, 0.00100992/step, 171.103 ns/days, 0.0911733 hours remaining, 0.000000 MB of memory in use.
PERFORMANCE: 175000  averaging 169.859 ns/day, 0.00101731 sec/step with standard deviation 1.93076e-05
ENERGY:  175000       424.6278      1133.1655      1119.7124        80.3480        -114001.2184      9747.6173         0.0000         0.0000     18542.0271         -82953.7203       301.4351   -101495.7474    -83047.2600       302.1330            -87.5437       -86.9801    300622.2596        22.6817        23.0133

TIMING: 180000  CPU: 187.185, 0.00098161/step  Wall: 189.86, 0.00099702/step, 173.316 ns/days, 0.088624 hours remaining, 0.000000 MB of memory in use.
PERFORMANCE: 180000  averaging 169.953 ns/day, 0.00101675 sec/step with standard deviation 1.9328e-05
ENERGY:  180000       440.1152      1147.8786      1121.0583        68.9213        -114435.4086      9866.3273         0.0000         0.0000     18464.9097         -83326.1982       300.1814   -101791.1079    -83061.6153       301.9688            -28.8120       -30.6745    299943.6991        30.7012        30.9844

TIMING: 185000  CPU: 192.209, 0.00100484/step  Wall: 194.96, 0.00102008/step, 169.398 ns/days, 0.0892574 hours remaining, 0.000000 MB of memory in use.
PERFORMANCE: 185000  averaging 169.938 ns/day, 0.00101684 sec/step with standard deviation 1.90656e-05
ENERGY:  185000       429.8075      1160.1430      1123.4854        81.6075        -114090.6122      9728.7251         0.0000         0.0000     18642.3947         -82924.4490       303.0668   -101566.8437    -83077.1427       301.9471             38.8483        36.7158    301146.1682        51.9703        52.2179

TIMING: 190000  CPU: 197.277, 0.00101347/step  Wall: 200.104, 0.00102889/step, 167.948 ns/days, 0.0885987 hours remaining, 0.000000 MB of memory in use.
PERFORMANCE: 190000  averaging 169.885 ns/day, 0.00101716 sec/step with standard deviation 1.89075e-05
ENERGY:  190000       440.9735      1154.5237      1138.6405        70.1858        -114255.5451      9881.7501         0.0000         0.0000     18646.0314         -82923.4401       303.1259   -101569.4714    -83059.0003       301.9157            154.4091       156.8510    299695.4868        57.1373        57.5533

TIMING: 195000  CPU: 202.194, 0.000983419/step  Wall: 205.097, 0.000998521/step, 173.056 ns/days, 0.0845969 hours remaining, 0.000000 MB of memory in use.
PERFORMANCE: 195000  averaging 169.965 ns/day, 0.00101668 sec/step with standard deviation 1.88942e-05
ENERGY:  195000       404.5896      1091.0361      1103.0494        66.2420        -114416.1250      9870.8041         0.0000         0.0000     18619.8178         -83260.5861       302.6997   -101880.4038    -83080.2888       301.9033            135.7409       134.4464    299657.5050        61.7557        62.0170

TIMING: 200000  CPU: 207.345, 0.00103031/step  Wall: 210.325, 0.00104553/step, 165.276 ns/days, 0.0871271 hours remaining, 0.000000 MB of memory in use.
PERFORMANCE: 200000  averaging 169.845 ns/day, 0.0010174 sec/step with standard deviation 1.92e-05
ETITLE:      TS           BOND          ANGLE          DIHED          IMPRP               ELECT            VDW       BOUNDARY           MISC        KINETIC               TOTAL           TEMP      POTENTIAL       TOTALAVG        TEMPAVG            PRESSURE      GPRESSURE         VOLUME       PRESSAVG      GPRESSAVG

ENERGY:  200000       395.4882      1166.7190      1127.5241        71.7124        -114072.6321      9674.3039         0.0000         0.0000     18596.2414         -83040.6430       302.3164   -101636.8845    -83078.5018       301.9802             34.1770        33.0637    299803.6086        57.8295        58.0196

TIMING: 205000  CPU: 212.212, 0.00097343/step  Wall: 215.268, 0.000988606/step, 174.792 ns/days, 0.0810108 hours remaining, 0.000000 MB of memory in use.
PERFORMANCE: 205000  averaging 169.962 ns/day, 0.0010167 sec/step with standard deviation 1.94845e-05
ENERGY:  205000       452.8504      1142.4265      1108.6132        70.6361        -114154.9883      9880.8105         0.0000         0.0000     18456.6777         -83042.9738       300.0476   -101499.6515    -83072.9651       301.9320             32.3848        38.1165    300463.5028        65.3301        65.9366

TIMING: 210000  CPU: 217.11, 0.000979579/step  Wall: 220.244, 0.000995318/step, 173.613 ns/days, 0.0801784 hours remaining, 0.000000 MB of memory in use.
PERFORMANCE: 210000  averaging 170.047 ns/day, 0.00101619 sec/step with standard deviation 1.95261e-05
ENERGY:  210000       451.5735      1167.5253      1142.2347        82.1605        -113825.9958      9804.3193         0.0000         0.0000     18572.9735         -82605.2090       301.9382   -101178.1824    -83042.8324       301.9890            134.8465       133.0434    299643.2486        76.8982        77.5959

TIMING: 215000  CPU: 222.268, 0.00103143/step  Wall: 225.488, 0.00104868/step, 164.779 ns/days, 0.0830202 hours remaining, 0.000000 MB of memory in use.
PERFORMANCE: 215000  averaging 169.921 ns/day, 0.00101694 sec/step with standard deviation 1.99182e-05
ENERGY:  215000       439.2119      1093.3801      1138.3717        79.2684        -114322.4580      9866.3437         0.0000         0.0000     18659.9961         -83045.8862       303.3529   -101705.8823    -83045.2604       302.0983             30.3016        34.7997    299903.1417        68.0269        68.9355

TIMING: 220000  CPU: 227.14, 0.000974446/step  Wall: 230.438, 0.000990003/step, 174.545 ns/days, 0.0770002 hours remaining, 0.000000 MB of memory in use.
PERFORMANCE: 220000  averaging 170.023 ns/day, 0.00101633 sec/step with standard deviation 2.00999e-05
ENERGY:  220000       397.3362      1164.9543      1137.4722        70.1980        -113987.1701      9631.7700         0.0000         0.0000     18411.7820         -83173.6575       299.3177   -101585.4394    -83036.2880       301.9652           -221.1146      -220.9389    300943.4691        45.1806        46.0183

TIMING: 225000  CPU: 232.081, 0.000988208/step  Wall: 235.46, 0.00100437/step, 172.047 ns/days, 0.0767231 hours remaining, 0.000000 MB of memory in use.
PERFORMANCE: 225000  averaging 170.068 ns/day, 0.00101607 sec/step with standard deviation 1.995e-05
ENERGY:  225000       462.9990      1125.9405      1149.0200        68.9273        -114072.4715      9721.6488         0.0000         0.0000     18645.1858         -82898.7502       303.1121   -101543.9360    -83033.5632       302.0098           -221.4359      -218.2576    300919.8014        34.5610        35.3758

TIMING: 230000  CPU: 237.296, 0.00104301/step  Wall: 240.751, 0.00105836/step, 163.272 ns/days, 0.0793768 hours remaining, 0.000000 MB of memory in use.
PERFORMANCE: 230000  averaging 169.914 ns/day, 0.00101699 sec/step with standard deviation 2.06891e-05
ENERGY:  230000       420.3901      1138.2802      1129.6739        63.2723        -113792.2673      9654.4807         0.0000         0.0000     18588.8011         -82797.3690       302.1955   -101386.1701    -83028.2291       301.9507             60.8762        65.3189    300529.2877        24.4750        25.5146

TIMING: 235000  CPU: 242.157, 0.000972303/step  Wall: 245.688, 0.000987368/step, 175.011 ns/days, 0.0726812 hours remaining, 0.000000 MB of memory in use.
PERFORMANCE: 235000  averaging 170.019 ns/day, 0.00101636 sec/step with standard deviation 2.09141e-05
ENERGY:  235000       455.8243      1076.4699      1121.4255        74.3580        -114259.8677      9903.1148         0.0000         0.0000     18707.5950         -82921.0803       304.1267   -101628.6753    -83022.1715       302.1110             82.1461        85.0320    300215.7847        26.6196        27.7298

TIMING: 240000  CPU: 247.047, 0.000977844/step  Wall: 250.655, 0.0009933/step, 173.966 ns/days, 0.0717383 hours remaining, 0.000000 MB of memory in use.
PERFORMANCE: 240000  averaging 170.1 ns/day, 0.00101587 sec/step with standard deviation 2.09563e-05
ENERGY:  240000       414.8600      1125.8792      1114.3154        71.4398        -113924.7132      9762.7128         0.0000         0.0000     18691.2561         -82744.2499       303.8611   -101435.5060    -83016.8307       302.0959            -33.3139       -33.1568    302052.1238        28.7626        29.8394

TIMING: 245000  CPU: 252.176, 0.0010258/step  Wall: 255.862, 0.00104147/step, 165.919 ns/days, 0.0737707 hours remaining, 0.000000 MB of memory in use.
PERFORMANCE: 245000  averaging 170.012 ns/day, 0.0010164 sec/step with standard deviation 2.10567e-05
ENERGY:  245000       414.7101      1137.9173      1134.9668        73.1054        -114309.0449      9892.8253         0.0000         0.0000     18567.4974         -83088.0227       301.8492   -101655.5201    -83022.1273       302.1059            185.0468       182.6803    300069.2232        34.1302        35.0232

TIMING: 250000  CPU: 257.106, 0.000986007/step  Wall: 260.871, 0.00100175/step, 172.499 ns/days, 0.0695657 hours remaining, 0.000000 MB of memory in use.
PERFORMANCE: 250000  averaging 170.061 ns/day, 0.0010161 sec/step with standard deviation 2.09435e-05
ETITLE:      TS           BOND          ANGLE          DIHED          IMPRP               ELECT            VDW       BOUNDARY           MISC        KINETIC               TOTAL           TEMP      POTENTIAL       TOTALAVG        TEMPAVG            PRESSURE      GPRESSURE         VOLUME       PRESSAVG      GPRESSAVG

ENERGY:  250000       462.2260      1187.3494      1131.3749        66.6197        -113905.4470      9613.1894         0.0000         0.0000     18556.6984         -82887.9893       301.6736   -101444.6877    -83009.1686       302.1049            -96.4291       -98.0599    300785.8326        10.5670        11.3907

TIMING: 255000  CPU: 262.057, 0.00099037/step  Wall: 265.905, 0.00100682/step, 171.629 ns/days, 0.06852 hours remaining, 0.000000 MB of memory in use.
PERFORMANCE: 255000  averaging 170.092 ns/day, 0.00101592 sec/step with standard deviation 2.07737e-05
ENERGY:  255000       404.4986      1112.7255      1113.3709        70.7412        -113909.0244      9706.1038         0.0000         0.0000     18657.5883         -82843.9961       303.3138   -101501.5844    -82996.2549       302.1307            -77.6142       -78.1407    300475.4111         0.0726         0.8091

TIMING: 260000  CPU: 267.224, 0.00103328/step  Wall: 271.15, 0.00104902/step, 164.725 ns/days, 0.0699349 hours remaining, 0.000000 MB of memory in use.
PERFORMANCE: 260000  averaging 169.985 ns/day, 0.00101656 sec/step with standard deviation 2.1075e-05
ENERGY:  260000       439.3664      1118.9964      1105.7302        71.7404        -114377.0584      9746.9788         0.0000         0.0000     18583.8112         -83310.4351       302.1144   -101894.2463    -83000.4695       302.1961           -284.3877      -285.8989    301179.6445       -10.5671       -10.0578

TIMING: 265000  CPU: 272.127, 0.000980598/step  Wall: 276.127, 0.000995465/step, 173.587 ns/days, 0.0649817 hours remaining, 0.000000 MB of memory in use.
PERFORMANCE: 265000  averaging 170.052 ns/day, 0.00101616 sec/step with standard deviation 2.10715e-05
ENERGY:  265000       465.0074      1121.0680      1117.1938        66.3022        -114083.3097      9735.2156         0.0000         0.0000     18714.8679         -82863.6548       304.2449   -101578.5227    -82982.1557       302.2604            -18.2546       -15.1406    300527.2657       -11.3397       -10.5077

TIMING: 270000  CPU: 277.053, 0.000985229/step  Wall: 281.132, 0.00100086/step, 172.652 ns/days, 0.0639436 hours remaining, 0.000000 MB of memory in use.
PERFORMANCE: 270000  averaging 170.099 ns/day, 0.00101588 sec/step with standard deviation 2.09754e-05
ENERGY:  270000       423.3061      1147.9618      1127.7180        70.7746        -114349.6329      9887.6330         0.0000         0.0000     18528.9587         -83163.2807       301.2226   -101692.2394    -82990.7796       302.2598             96.8046        88.8003    299478.2026        -4.1662        -3.9190

TIMING: 275000  CPU: 282.233, 0.00103592/step  Wall: 286.391, 0.00105195/step, 164.266 ns/days, 0.0657469 hours remaining, 0.000000 MB of memory in use.
PERFORMANCE: 275000  averaging 169.99 ns/day, 0.00101653 sec/step with standard deviation 2.1342e-05
ENERGY:  275000       413.7681      1123.7744      1115.8119        79.3812        -113763.2451      9632.0902         0.0000         0.0000     18800.8277         -82597.5916       305.6424   -101398.4193    -82972.9731       302.4701            -57.5504       -59.5045    300708.0098        -2.6665        -2.5452

TIMING: 280000  CPU: 287.117, 0.000976937/step  Wall: 291.353, 0.000992218/step, 174.155 ns/days, 0.0606355 hours remaining, 0.000000 MB of memory in use.
PERFORMANCE: 280000  averaging 170.062 ns/day, 0.0010161 sec/step with standard deviation 2.13952e-05
ENERGY:  280000       388.2659      1124.7552      1132.0664        73.7771        -114345.4633      9870.5230         0.0000         0.0000     18816.8114         -82939.2643       305.9022   -101756.0757    -82953.6264       302.7562             31.1305        34.1666    301242.0839         0.3306         0.6968

TIMING: 285000  CPU: 292.078, 0.000992131/step  Wall: 296.393, 0.0010081/step, 171.411 ns/days, 0.060206 hours remaining, 0.000000 MB of memory in use.
PERFORMANCE: 285000  averaging 170.086 ns/day, 0.00101596 sec/step with standard deviation 2.12298e-05
ENERGY:  285000       427.4081      1093.6007      1142.2597        74.1204        -114614.1613     10066.6720         0.0000         0.0000     18809.7882         -83000.3120       305.7880   -101810.1002    -82957.4196       302.8922            156.0751       160.2449    299910.9567         6.1919         6.8733

TIMING: 290000  CPU: 297.262, 0.00103681/step  Wall: 301.657, 0.00105288/step, 164.121 ns/days, 0.0614181 hours remaining, 0.000000 MB of memory in use.
PERFORMANCE: 290000  averaging 169.979 ns/day, 0.0010166 sec/step with standard deviation 2.1594e-05
ENERGY:  290000       411.8115      1117.4398      1108.5677        63.0228        -113855.0676      9693.3180         0.0000         0.0000     18704.3051         -82756.6027       304.0732   -101460.9078    -82949.0777       302.9396             48.7036        47.7637    299760.4295         0.9067         1.4189

TIMING: 295000  CPU: 302.142, 0.000975987/step  Wall: 306.615, 0.000991614/step, 174.261 ns/days, 0.0564669 hours remaining, 0.000000 MB of memory in use.
PERFORMANCE: 295000  averaging 170.05 ns/day, 0.00101617 sec/step with standard deviation 2.16527e-05
ENERGY:  295000       442.2727      1121.7073      1131.5911        73.9348        -113877.8680      9734.8210         0.0000         0.0000     18665.5713         -82707.9698       303.4435   -101373.5411    -82921.4469       302.9768            110.6290       109.5177    300305.4517        -0.3489         0.1725

TIMING: 300000  CPU: 307.068, 0.000985125/step  Wall: 311.62, 0.0010009/step, 172.645 ns/days, 0.0556054 hours remaining, 0.000000 MB of memory in use.
PERFORMANCE: 300000  averaging 170.093 ns/day, 0.00101592 sec/step with standard deviation 2.15588e-05
ETITLE:      TS           BOND          ANGLE          DIHED          IMPRP               ELECT            VDW       BOUNDARY           MISC        KINETIC               TOTAL           TEMP      POTENTIAL       TOTALAVG        TEMPAVG            PRESSURE      GPRESSURE         VOLUME       PRESSAVG      GPRESSAVG

ENERGY:  300000       425.9425      1137.1830      1105.1800        71.9322        -114092.2393      9858.7520         0.0000         0.0000     18716.3863         -82776.8633       304.2696   -101493.2496    -82908.2579       303.0745            142.3584       141.1514    299935.0765         5.0601         5.5769

TIMING: 305000  CPU: 312.22, 0.00103041/step  Wall: 316.852, 0.00104643/step, 165.133 ns/days, 0.0566815 hours remaining, 0.000000 MB of memory in use.
PERFORMANCE: 305000  averaging 170.009 ns/day, 0.00101642 sec/step with standard deviation 2.17324e-05
ENERGY:  305000       413.5915      1141.8400      1109.2586        81.3546        -113869.4816      9664.1947         0.0000         0.0000     18665.8996         -82793.3426       303.4489   -101459.2422    -82895.7764       303.2445            -70.7441       -73.7306    301317.5104        -0.0963        -0.0155

TIMING: 310000  CPU: 317.149, 0.000985913/step  Wall: 321.859, 0.00100129/step, 172.577 ns/days, 0.0528459 hours remaining, 0.000000 MB of memory in use.
PERFORMANCE: 310000  averaging 170.05 ns/day, 0.00101617 sec/step with standard deviation 2.16389e-05
ENERGY:  310000       418.4013      1179.4853      1131.7912        74.7270        -114417.5993      9829.5075         0.0000         0.0000     18589.0650         -83194.6220       302.1998   -101783.6870    -82925.2470       303.2576            -10.5853        -9.2142    300057.8274        -7.3679        -7.1284

TIMING: 315000  CPU: 322.037, 0.000977469/step  Wall: 326.822, 0.000992647/step, 174.08 ns/days, 0.051011 hours remaining, 0.000000 MB of memory in use.
PERFORMANCE: 315000  averaging 170.112 ns/day, 0.0010158 sec/step with standard deviation 2.16674e-05
ENERGY:  315000       425.6870      1121.7239      1140.5960        78.4517        -113647.8333      9487.7097         0.0000         0.0000     18449.9727         -82943.6923       299.9386   -101393.6650    -82920.1373       303.0869           -143.9628      -146.4365    300871.0172       -16.0811       -16.1902

TIMING: 320000  CPU: 327.176, 0.00102787/step  Wall: 332.04, 0.0010436/step, 165.58 ns/days, 0.0521802 hours remaining, 0.000000 MB of memory in use.
PERFORMANCE: 320000  averaging 170.04 ns/day, 0.00101623 sec/step with standard deviation 2.17739e-05
ENERGY:  320000       424.5223      1105.8143      1129.6927        69.9995        -113893.9072      9680.5594         0.0000         0.0000     18671.0043         -82812.3147       303.5319   -101483.3190    -82902.0702       303.2976            -42.6009       -44.8484    301881.8432        -7.1554        -7.3856

TIMING: 325000  CPU: 332.028, 0.000970327/step  Wall: 336.965, 0.000985105/step, 175.413 ns/days, 0.0478871 hours remaining, 0.000000 MB of memory in use.
PERFORMANCE: 325000  averaging 170.12 ns/day, 0.00101576 sec/step with standard deviation 2.19455e-05
ENERGY:  325000       432.9097      1119.9698      1143.1687        67.1782        -114110.7562      9863.5764         0.0000         0.0000     18699.1548         -82784.7986       303.9895   -101483.9534    -82896.3726       303.3415             87.0352        89.2340    301004.8334         8.2681         7.9889

TIMING: 330000  CPU: 336.925, 0.000979532/step  Wall: 341.938, 0.000994589/step, 173.74 ns/days, 0.0469667 hours remaining, 0.000000 MB of memory in use.
PERFORMANCE: 330000  averaging 170.173 ns/day, 0.00101543 sec/step with standard deviation 2.19313e-05
ENERGY:  330000       403.7783      1122.6978      1133.8214        75.6444        -113824.0796      9594.2157         0.0000         0.0000     18427.6527         -83066.2694       299.5757   -101493.9221    -82909.8176       303.2105           -118.9128      -119.3648    301023.1458        -0.7213        -1.2452

TIMING: 335000  CPU: 342.089, 0.00103286/step  Wall: 347.181, 0.0010485/step, 164.806 ns/days, 0.0480564 hours remaining, 0.000000 MB of memory in use.
PERFORMANCE: 335000  averaging 170.091 ns/day, 0.00101593 sec/step with standard deviation 2.21363e-05
ENERGY:  335000       418.9359      1124.1739      1122.2634        77.2923        -113979.5635      9820.8814         0.0000         0.0000     18591.9587         -82824.0579       302.2468   -101416.0167    -82904.9665       303.1165             34.7585        30.4924    301055.5349        -3.0907        -3.9722

TIMING: 340000  CPU: 346.97, 0.000976013/step  Wall: 352.139, 0.000991557/step, 174.271 ns/days, 0.0440692 hours remaining, 0.000000 MB of memory in use.
PERFORMANCE: 340000  averaging 170.151 ns/day, 0.00101557 sec/step with standard deviation 2.21684e-05
ENERGY:  340000       399.0368      1094.7755      1127.4885        69.9829        -114099.4662      9810.7567         0.0000         0.0000     18683.2907         -82914.1352       303.7316   -101597.4258    -82913.4608       303.1100             18.2004        17.2343    299961.0844        -0.5150        -1.4527

TIMING: 345000  CPU: 351.912, 0.000988513/step  Wall: 357.161, 0.00100446/step, 172.032 ns/days, 0.0432477 hours remaining, 0.000000 MB of memory in use.
PERFORMANCE: 345000  averaging 170.178 ns/day, 0.00101541 sec/step with standard deviation 2.20454e-05
ENERGY:  345000       439.8993      1107.1168      1118.6409        68.3459        -113784.2920      9659.7143         0.0000         0.0000     18670.0145         -82720.5602       303.5158   -101390.5748    -82895.0876       303.1933           -126.8971      -122.5824    301222.0081       -16.1122       -16.7158

TIMING: 350000  CPU: 357.007, 0.00101895/step  Wall: 362.337, 0.00103514/step, 166.933 ns/days, 0.043131 hours remaining, 0.000000 MB of memory in use.
PERFORMANCE: 350000  averaging 170.13 ns/day, 0.00101569 sec/step with standard deviation 2.20118e-05
ETITLE:      TS           BOND          ANGLE          DIHED          IMPRP               ELECT            VDW       BOUNDARY           MISC        KINETIC               TOTAL           TEMP      POTENTIAL       TOTALAVG        TEMPAVG            PRESSURE      GPRESSURE         VOLUME       PRESSAVG      GPRESSAVG

ENERGY:  350000       427.5316      1107.5114      1121.6655        72.4017        -114542.3974      9994.7870         0.0000         0.0000     18640.0743         -83178.4259       303.0290   -101818.5002    -82909.6095       303.2611            140.5152       138.9823    300646.9861        -4.2650        -4.8637

TIMING: 355000  CPU: 361.9, 0.000978575/step  Wall: 367.31, 0.000994606/step, 173.737 ns/days, 0.0400605 hours remaining, 0.000000 MB of memory in use.
PERFORMANCE: 355000  averaging 170.18 ns/day, 0.00101539 sec/step with standard deviation 2.19968e-05
ENERGY:  355000       447.4361      1133.8721      1102.8829        72.2373        -113763.4247      9576.3500         0.0000         0.0000     18659.4724         -82771.1738       303.3444   -101430.6462    -82905.9683       303.2626           -355.8908      -357.3542    302063.2306       -18.1788       -18.8244

TIMING: 360000  CPU: 366.946, 0.00100919/step  Wall: 372.431, 0.00102433/step, 168.695 ns/days, 0.0398352 hours remaining, 0.000000 MB of memory in use.
PERFORMANCE: 360000  averaging 170.159 ns/day, 0.00101552 sec/step with standard deviation 2.18668e-05
ENERGY:  360000       436.3282      1109.7227      1139.1789        79.2331        -114331.4502     10055.8966         0.0000         0.0000     18692.6161         -82818.4746       303.8832   -101511.0907    -82881.3703       303.3511            250.8955       247.8201    301002.9307         8.5854         7.8616

TIMING: 365000  CPU: 372.116, 0.00103405/step  Wall: 377.678, 0.00104943/step, 164.662 ns/days, 0.0393535 hours remaining, 0.000000 MB of memory in use.
PERFORMANCE: 365000  averaging 170.082 ns/day, 0.00101598 sec/step with standard deviation 2.20741e-05
ENERGY:  365000       414.4708      1107.0374      1116.0931        60.3092        -113805.2702      9748.7133         0.0000         0.0000     18473.6476         -82884.9987       300.3235   -101358.6464    -82882.4375       303.1550              4.0650        -1.5499    300849.3185         9.7013         8.5411

TIMING: 370000  CPU: 377.063, 0.000989401/step  Wall: 382.705, 0.00100521/step, 171.904 ns/days, 0.0362993 hours remaining, 0.000000 MB of memory in use.
PERFORMANCE: 370000  averaging 170.106 ns/day, 0.00101584 sec/step with standard deviation 2.19581e-05
ENERGY:  370000       408.4090      1100.9299      1134.0044        65.9412        -114396.5305     10102.1257         0.0000         0.0000     18432.0441         -83153.0761       299.6471   -101585.1203    -82881.9273       303.0762            282.0718       279.2317    300315.9333        18.9647        18.0627

TIMING: 375000  CPU: 382.009, 0.000989149/step  Wall: 387.728, 0.00100469/step, 171.993 ns/days, 0.0348851 hours remaining, 0.000000 MB of memory in use.
PERFORMANCE: 375000  averaging 170.131 ns/day, 0.00101569 sec/step with standard deviation 2.18471e-05
ENERGY:  375000       433.0277      1155.9168      1098.5431        72.9566        -113711.2607      9704.9767         0.0000         0.0000     18650.3261         -82595.5136       303.1957   -101245.8397    -82881.8234       302.9539            -44.3541       -42.1847    302526.5857        19.6245        18.9287

TIMING: 380000  CPU: 387.156, 0.00102948/step  Wall: 392.953, 0.00104507/step, 165.348 ns/days, 0.0348356 hours remaining, 0.000000 MB of memory in use.
PERFORMANCE: 380000  averaging 170.066 ns/day, 0.00101608 sec/step with standard deviation 2.19612e-05
ENERGY:  380000       429.2992      1143.8458      1096.8858        68.7419        -113927.7924      9500.2131         0.0000         0.0000     18704.6731         -82984.1335       304.0792   -101688.8066    -82884.0669       302.8627           -245.7409      -249.7389    301300.7017         5.7809         4.7334

TIMING: 385000  CPU: 392.003, 0.000969452/step  Wall: 397.877, 0.000984758/step, 175.475 ns/days, 0.0314576 hours remaining, 0.000000 MB of memory in use.
PERFORMANCE: 385000  averaging 170.134 ns/day, 0.00101567 sec/step with standard deviation 2.21062e-05
ENERGY:  385000       445.5126      1096.4566      1136.1832        80.8323        -114115.6822      9652.4624         0.0000         0.0000     18579.6044         -83124.6306       302.0460   -101704.2350    -82890.2828       302.6756           -180.9156      -180.5340    300572.7993       -11.0686       -12.3056

TIMING: 390000  CPU: 396.95, 0.000989323/step  Wall: 402.903, 0.00100522/step, 171.903 ns/days, 0.0307151 hours remaining, 0.000000 MB of memory in use.
PERFORMANCE: 390000  averaging 170.157 ns/day, 0.00101553 sec/step with standard deviation 2.1994e-05
ENERGY:  390000       418.0735      1174.3245      1110.2481        69.0107        -113982.0559      9821.7937         0.0000         0.0000     18691.1354         -82697.4700       303.8591   -101388.6054    -82887.3261       302.6649            -21.9006       -25.1582    302970.5885       -14.5988       -15.9517

TIMING: 395000  CPU: 402.169, 0.00104373/step  Wall: 408.202, 0.00105979/step, 163.051 ns/days, 0.0309106 hours remaining, 0.000000 MB of memory in use.
PERFORMANCE: 395000  averaging 170.063 ns/day, 0.00101609 sec/step with standard deviation 2.24127e-05
ENERGY:  395000       486.1305      1122.4217      1112.7654        73.0473        -114192.6329      9722.6109         0.0000         0.0000     18543.7717         -83131.8855       301.4635   -101675.6571    -82908.5219       302.5659           -268.3517      -263.1986    301255.3370       -33.5478       -34.5875

TIMING: 400000  CPU: 407.117, 0.000989647/step  Wall: 413.227, 0.00100501/step, 171.938 ns/days, 0.027917 hours remaining, 0.000000 MB of memory in use.
PERFORMANCE: 400000  averaging 170.086 ns/day, 0.00101596 sec/step with standard deviation 2.23048e-05
ETITLE:      TS           BOND          ANGLE          DIHED          IMPRP               ELECT            VDW       BOUNDARY           MISC        KINETIC               TOTAL           TEMP      POTENTIAL       TOTALAVG        TEMPAVG            PRESSURE      GPRESSURE         VOLUME       PRESSAVG      GPRESSAVG

ENERGY:  400000       409.6058      1165.4918      1115.5699        70.6512        -113650.2889      9441.2129         0.0000         0.0000     18526.2356         -82921.5217       301.1784   -101447.7573    -82915.7548       302.4114           -181.5900      -183.5493    299680.1243       -49.7453       -50.8225

TIMING: 405000  CPU: 411.99, 0.000974615/step  Wall: 418.179, 0.000990271/step, 174.498 ns/days, 0.0261321 hours remaining, 0.000000 MB of memory in use.
PERFORMANCE: 405000  averaging 170.139 ns/day, 0.00101564 sec/step with standard deviation 2.2348e-05
ENERGY:  405000       442.9208      1064.1651      1123.9880        60.5468        -113996.9096      9823.7547         0.0000         0.0000     18702.3091         -82779.2251       304.0408   -101481.5342    -82915.0490       302.4410             41.0279        44.3535    299508.3062       -44.1566       -44.9183

TIMING: 410000  CPU: 417.094, 0.00102083/step  Wall: 423.361, 0.00103643/step, 166.726 ns/days, 0.0259108 hours remaining, 0.000000 MB of memory in use.
PERFORMANCE: 410000  averaging 170.097 ns/day, 0.00101589 sec/step with standard deviation 2.2328e-05
ENERGY:  410000       424.7597      1127.8713      1135.4338        64.0920        -114092.0574      9736.5556         0.0000         0.0000     18686.6291         -82916.7160       303.7859   -101603.3451    -82901.1537       302.5203            -35.7320       -35.8236    299301.8284       -45.4140       -46.2488

TIMING: 415000  CPU: 421.987, 0.000978606/step  Wall: 428.332, 0.000994291/step, 173.792 ns/days, 0.0234763 hours remaining, 0.000000 MB of memory in use.
PERFORMANCE: 415000  averaging 170.14 ns/day, 0.00101563 sec/step with standard deviation 2.23177e-05
ENERGY:  415000       448.1016      1137.2559      1135.7282        74.5865        -114093.1337      9722.9428         0.0000         0.0000     18702.6894         -82871.8293       304.0470   -101574.5187    -82897.5605       302.7257            -24.5866       -20.2543    299725.7398       -39.4452       -39.9397

TIMING: 420000  CPU: 426.875, 0.000977656/step  Wall: 433.299, 0.000993348/step, 173.957 ns/days, 0.0220744 hours remaining, 0.000000 MB of memory in use.
PERFORMANCE: 420000  averaging 170.185 ns/day, 0.00101537 sec/step with standard deviation 2.23157e-05
ENERGY:  420000       416.3074      1151.0764      1114.6204        76.8267        -114269.8058      9738.4846         0.0000         0.0000     18594.2111         -83178.2792       302.2834   -101772.4903    -82915.8588       302.6633            -48.1258       -45.5087    299688.7750       -39.7214       -39.9727

TIMING: 425000  CPU: 432.003, 0.0010256/step  Wall: 438.505, 0.00104126/step, 165.953 ns/days, 0.0216929 hours remaining, 0.000000 MB of memory in use.
PERFORMANCE: 425000  averaging 170.134 ns/day, 0.00101567 sec/step with standard deviation 2.23596e-05
ENERGY:  425000       413.3601      1136.8534      1138.3519        76.7174        -114319.7560      9833.1315         0.0000         0.0000     18595.1665         -83126.1753       302.2990   -101721.3417    -82932.9276       302.5787             74.5999        73.1998    300064.3054       -40.3432       -40.7744

TIMING: 430000  CPU: 436.931, 0.000985569/step  Wall: 443.512, 0.00100132/step, 172.572 ns/days, 0.0194701 hours remaining, 0.000000 MB of memory in use.
PERFORMANCE: 430000  averaging 170.162 ns/day, 0.0010155 sec/step with standard deviation 2.22815e-05
ENERGY:  430000       425.3538      1099.1391      1140.2150        70.0287        -114320.6382      9885.2419         0.0000         0.0000     18391.5182         -83309.1415       298.9883   -101700.6597    -82945.0712       302.5494              4.7318         6.2257    300021.6529       -34.1610       -34.4949

TIMING: 435000  CPU: 441.999, 0.00101358/step  Wall: 448.659, 0.00102933/step, 167.876 ns/days, 0.0185852 hours remaining, 0.000000 MB of memory in use.
PERFORMANCE: 435000  averaging 170.135 ns/day, 0.00101566 sec/step with standard deviation 2.22011e-05
ENERGY:  435000       425.0783      1133.3129      1120.6135        67.6026        -114404.1238      9963.8893         0.0000         0.0000     18730.3791         -82963.2482       304.4971   -101693.6273    -82952.0307       302.6619             73.9983        69.0965    301549.9006       -32.1990       -32.5647

TIMING: 440000  CPU: 446.951, 0.000990367/step  Wall: 453.688, 0.00100584/step, 171.797 ns/days, 0.016764 hours remaining, 0.000000 MB of memory in use.
PERFORMANCE: 440000  averaging 170.154 ns/day, 0.00101555 sec/step with standard deviation 2.2098e-05
ENERGY:  440000       444.0256      1158.4756      1121.1658        69.8070        -114186.3549      9774.6999         0.0000         0.0000     18643.3364         -82974.8447       303.0821   -101618.1811    -82955.0662       302.6294              3.7795         1.1933    300361.2544       -32.9200       -33.3667

TIMING: 445000  CPU: 451.819, 0.000973705/step  Wall: 458.634, 0.000989202/step, 174.686 ns/days, 0.0151128 hours remaining, 0.000000 MB of memory in use.
PERFORMANCE: 445000  averaging 170.203 ns/day, 0.00101526 sec/step with standard deviation 2.21489e-05
ENERGY:  445000       440.7676      1104.0092      1125.4888        57.6726        -114114.5750      9653.1527         0.0000         0.0000     18735.9088         -82997.5753       304.5870   -101733.4841    -82968.9169       302.6830           -100.3278      -100.0288    299383.0231       -31.5916       -32.2390

TIMING: 450000  CPU: 456.86, 0.00100817/step  Wall: 463.754, 0.001024/step, 168.751 ns/days, 0.0142222 hours remaining, 0.000000 MB of memory in use.
PERFORMANCE: 450000  averaging 170.187 ns/day, 0.00101535 sec/step with standard deviation 2.20434e-05
ETITLE:      TS           BOND          ANGLE          DIHED          IMPRP               ELECT            VDW       BOUNDARY           MISC        KINETIC               TOTAL           TEMP      POTENTIAL       TOTALAVG        TEMPAVG            PRESSURE      GPRESSURE         VOLUME       PRESSAVG      GPRESSAVG

ENERGY:  450000       412.6877      1147.7664      1132.4344        69.0409        -113653.4197      9426.9064         0.0000         0.0000     18546.7675         -82917.8164       301.5122   -101464.5839    -82955.8865       302.6071           -477.2623      -478.5411    301098.2286       -62.4804       -63.1152

TIMING: 455000  CPU: 461.833, 0.000994507/step  Wall: 468.806, 0.00101045/step, 171.013 ns/days, 0.0126306 hours remaining, 0.000000 MB of memory in use.
PERFORMANCE: 455000  averaging 170.196 ns/day, 0.0010153 sec/step with standard deviation 2.19266e-05
ENERGY:  455000       441.5420      1135.0570      1130.3159        71.7433        -114096.6350      9760.1192         0.0000         0.0000     18582.9057         -82974.9519       302.0996   -101557.8577    -82966.0754       302.5449             80.6502        74.9577    300049.7067       -40.6534       -41.4996

TIMING: 460000  CPU: 466.784, 0.000990255/step  Wall: 473.833, 0.00100535/step, 171.88 ns/days, 0.0111706 hours remaining, 0.000000 MB of memory in use.
PERFORMANCE: 460000  averaging 170.214 ns/day, 0.00101519 sec/step with standard deviation 2.18304e-05
ENERGY:  460000       428.7841      1116.8453      1103.5288        66.8643        -113821.5695      9503.9973         0.0000         0.0000     18602.7669         -82998.7827       302.4225   -101601.5496    -82975.0908       302.4719           -297.4363      -296.0941    301415.8110       -68.0700       -68.6953

TIMING: 465000  CPU: 471.82, 0.00100709/step  Wall: 478.946, 0.00102265/step, 168.973 ns/days, 0.00994239 hours remaining, 0.000000 MB of memory in use.
PERFORMANCE: 465000  averaging 170.201 ns/day, 0.00101527 sec/step with standard deviation 2.17252e-05
ENERGY:  465000       444.6315      1135.3174      1114.6428        69.1219        -114207.8870      9884.3236         0.0000         0.0000     18391.4190         -83168.4308       298.9867   -101559.8498    -82989.2624       302.4050            108.9235       107.7098    300737.8170       -62.8270       -63.2323

TIMING: 470000  CPU: 476.793, 0.000994619/step  Wall: 483.995, 0.00100982/step, 171.12 ns/days, 0.00841513 hours remaining, 0.000000 MB of memory in use.
PERFORMANCE: 470000  averaging 170.211 ns/day, 0.00101521 sec/step with standard deviation 2.16154e-05
ENERGY:  470000       401.2983      1099.0182      1136.3020        71.1478        -114329.9745      9974.3574         0.0000         0.0000     18602.5697         -83045.2811       302.4193   -101647.8508    -82983.8726       302.5436            226.7176       223.1555    300459.0456       -65.5948       -66.0361

TIMING: 475000  CPU: 481.665, 0.000974405/step  Wall: 488.946, 0.000990159/step, 174.517 ns/days, 0.00687611 hours remaining, 0.000000 MB of memory in use.
PERFORMANCE: 475000  averaging 170.255 ns/day, 0.00101495 sec/step with standard deviation 2.16533e-05
ENERGY:  475000       416.2316      1130.9680      1128.3151        68.2854        -114283.2364      9817.0538         0.0000         0.0000     18690.7382         -83031.6443       303.8527   -101722.3825    -83005.6792       302.5765             35.8242        37.0407    299954.6211       -61.5858       -62.0749

TIMING: 480000  CPU: 486.7, 0.00100711/step  Wall: 494.062, 0.00102316/step, 168.889 ns/days, 0.00568422 hours remaining, 0.000000 MB of memory in use.
PERFORMANCE: 480000  averaging 170.24 ns/day, 0.00101504 sec/step with standard deviation 2.15553e-05
ENERGY:  480000       418.0196      1143.2656      1103.9003        74.1356        -114135.1363      9782.4112         0.0000         0.0000     18591.0160         -83022.3880       302.2315   -101613.4040    -83007.5919       302.4841           -126.7453      -133.2444    301604.0180       -55.6361       -56.2501

TIMING: 485000  CPU: 491.712, 0.00100229/step  Wall: 499.154, 0.00101838/step, 169.681 ns/days, 0.00424327 hours remaining, 0.000000 MB of memory in use.
PERFORMANCE: 485000  averaging 170.235 ns/day, 0.00101507 sec/step with standard deviation 2.14454e-05
ENERGY:  485000       421.9799      1138.9122      1127.5521        76.8065        -113747.2856      9544.9330         0.0000         0.0000     18605.6096         -82831.4923       302.4687   -101437.1020    -82992.9350       302.5052           -214.2407      -218.0319    302166.2559       -57.3023       -58.1250

TIMING: 490000  CPU: 496.642, 0.000986069/step  Wall: 504.161, 0.00100159/step, 172.526 ns/days, 0.00278219 hours remaining, 0.000000 MB of memory in use.
PERFORMANCE: 490000  averaging 170.258 ns/day, 0.00101493 sec/step with standard deviation 2.1378e-05
ENERGY:  490000       390.8043      1147.5035      1126.7894        72.9301        -114182.1269      9840.2329         0.0000         0.0000     18828.7876         -82775.0791       306.0969   -101603.8667    -82996.8154       302.6171            113.2988       118.6553    300038.1643       -50.5423       -50.9344

TIMING: 495000  CPU: 501.673, 0.00100627/step  Wall: 509.272, 0.00102219/step, 169.049 ns/days, 0.00141971 hours remaining, 0.000000 MB of memory in use.
PERFORMANCE: 495000  averaging 170.245 ns/day, 0.00101501 sec/step with standard deviation 2.12812e-05
ENERGY:  495000       446.1841      1142.1609      1125.7719        66.5022        -114281.1801      9985.9052         0.0000         0.0000     18499.7017         -83014.9541       300.7470   -101514.6557    -82990.9689       302.5813            143.7059       139.5731    300647.1106       -29.9395       -30.7958

TIMING: 500000  CPU: 506.618, 0.000988949/step  Wall: 514.294, 0.00100441/step, 172.041 ns/days, 0 hours remaining, 0.000000 MB of memory in use.
PERFORMANCE: 500000  averaging 170.263 ns/day, 0.0010149 sec/step with standard deviation 2.11999e-05
ETITLE:      TS           BOND          ANGLE          DIHED          IMPRP               ELECT            VDW       BOUNDARY           MISC        KINETIC               TOTAL           TEMP      POTENTIAL       TOTALAVG        TEMPAVG            PRESSURE      GPRESSURE         VOLUME       PRESSAVG      GPRESSAVG

ENERGY:  500000       416.0605      1102.9644      1113.4787        64.9364        -113740.9224      9619.5849         0.0000         0.0000     18605.6013         -82818.2962       302.4686   -101423.8975    -82985.8076       302.6458           -155.8192      -152.2688    300515.7204       -28.6509       -29.2317

WRITING EXTENDED SYSTEM TO OUTPUT FILE AT STEP 500000
WRITING COORDINATES TO OUTPUT FILE AT STEP 500000
WRITING VELOCITIES TO OUTPUT FILE AT STEP 500000
====================================================

WallClock: 517.521423  CPUTime: 491.700134  Memory: 0.000000 MB
[Partition 0][Node 0] End of program
